[2026-05-10 03:13:43.307] [info]  setup plugin alembic.autogenerate.schemas

[2026-05-10 03:13:43.309] [info]  setup plugin alembic.autogenerate.tables
setup plugin alembic.autogenerate.types
setup plugin alembic.autogenerate.constraints
setup plugin alembic.autogenerate.defaults
setup plugin alembic.autogenerate.comments

[2026-05-10 03:13:43.819] [info]  Adding extra search path custom_nodes C:\Users\runneradmin\Documents\ComfyUI\custom_nodes

[2026-05-10 03:13:43.820] [info]  Adding extra search path download_model_base C:\Users\runneradmin\Documents\ComfyUI\models
Adding extra search path custom_nodes C:\Users\runneradmin\.comfy-test-cache\desktop\ComfyUI\resources\ComfyUI\custom_nodes
Setting output directory to: C:\Users\runneradmin\Documents\ComfyUI\output
Setting input directory to: C:\Users\runneradmin\Documents\ComfyUI\input
Setting user directory to: C:\Users\runneradmin\Documents\ComfyUI\user

[2026-05-10 03:13:45.489] [info]  [START] Security scan
[DONE] Security scan
** ComfyUI startup time: 
[2026-05-10 03:13:45.491] [info]  2026-05-10 03:13:45.489
** Platform: Windows
** Python version: 3.12.11 (main, Aug 18 2025, 19:17:54) [MSC v.1944 64 bit (AMD64)]
** Python executable: C:\Users\runneradmin\Documents\ComfyUI\.venv\Scripts\python.exe
** ComfyUI Path: C:\Users\runneradmin\.comfy-test-cache\desktop\ComfyUI\resources\ComfyUI
** ComfyUI Base Folder Path: C:\Users\runneradmin\.comfy-test-cache\desktop\ComfyUI\resources\ComfyUI

[2026-05-10 03:13:45.492] [info]  ** User directory: C:\Users\runneradmin\Documents\ComfyUI\user
** ComfyUI-Manager config path: C:\Users\runneradmin\Documents\ComfyUI\user\__manager\config.ini
** Log path: C:\Users\runneradmin\Documents\ComfyUI\user\comfyui.log

[2026-05-10 03:13:46.833] [info]  [ComfyUI-Manager] Skipped fixing the 'comfyui-frontend-package' dependency because the ComfyUI is outdated.

[2026-05-10 03:13:46.835] [info]  [PRE] ComfyUI-Manager

[2026-05-10 03:13:47.210] [error] [comfy-env] comfyui-motioncapture: 1 isolation env(s):
[2026-05-10 03:13:47.212] [error] 
[comfy-env]   nodes -> C:\Users\runneradmin\Documents\ComfyUI\custom_nodes\comfyui-motioncapture\nodes
[comfy-env] prestartup complete

[2026-05-10 03:13:50.248] [info]  Found comfy_kitchen backend eager: {'available': True, 'disabled': False, 'unavailable_reason': None, 'capabilities': ['apply_rope', 'apply_rope1', 'dequantize_mxfp8', 'dequantize_nvfp4', 'dequantize_per_tensor_fp8', 'quantize_mxfp8', 'quantize_nvfp4', 'quantize_per_tensor_fp8', 'scaled_mm_mxfp8', 'scaled_mm_nvfp4']}

[2026-05-10 03:13:50.250] [info]  Found comfy_kitchen backend cuda: {'available': False, 'disabled': True, 'unavailable_reason': 'CUDA not available on this system', 'capabilities': []}
Found comfy_kitchen backend triton: {'available': False, 'disabled': True, 'unavailable_reason': "ImportError: No module named 'triton'", 'capabilities': []}

[2026-05-10 03:13:50.256] [info]  Checkpoint files will always be loaded safely.

[2026-05-10 03:13:50.274] [info]  Total VRAM 16379 MB, total RAM 16379 MB

[2026-05-10 03:13:50.276] [info]  pytorch version: 2.10.0+cpu

[2026-05-10 03:13:50.277] [info]  Set vram state to: DISABLED
Device: cpu

[2026-05-10 03:13:50.614] [info]  Using sub quadratic optimization for attention, if you have memory or speed issues try using: --use-split-cross-attention

[2026-05-10 03:13:53.724] [info]  Python version: 3.12.11 (main, Aug 18 2025, 19:17:54) [MSC v.1944 64 bit (AMD64)]

[2026-05-10 03:13:53.726] [info]  ComfyUI version: 0.20.1
comfy-aimdo version: 0.2.14

[2026-05-10 03:13:53.729] [info]  comfy-kitchen version: 0.2.8

[2026-05-10 03:13:53.731] [info]  [Prompt Server] web root: C:\Users\runneradmin\.comfy-test-cache\desktop\ComfyUI\resources\ComfyUI\web_custom_versions\desktop_app

[2026-05-10 03:13:53.733] [info]  Asset seeder disabled

[2026-05-10 03:13:53.734] [info]  [START] ComfyUI-Manager

[2026-05-10 03:13:53.882] [info]  [ComfyUI-Manager] Using GitPython backend

[2026-05-10 03:13:53.957] [info]  [ComfyUI-Manager] network_mode: public

[2026-05-10 03:13:53.965] [info]  [ComfyUI-Manager] The matrix sharing feature has been disabled because the `matrix-nio` dependency is not installed.
	To use this feature, please run the following command:
	C:\Users\runneradmin\Documents\ComfyUI\.venv\Scripts\python.exe -m pip install matrix-nio


[2026-05-10 03:13:56.973] [info]  loading...

[2026-05-10 03:13:56.974] [info]  calling register_nodes

[2026-05-10 03:13:56.978] [error] [comfy-env] Version: 0.3.78
[2026-05-10 03:13:56.980] [error] 

[2026-05-10 03:13:59.858] [error] [comfy-env] register_nodes: comfyui-motioncapture
[2026-05-10 03:13:59.859] [error] 

[2026-05-10 03:13:59.863] [error] [comfy-env] ComfyUI source dir: C:\Users\runneradmin\.comfy-test-cache\desktop\ComfyUI\resources\ComfyUI
[2026-05-10 03:13:59.864] [error] 

[2026-05-10 03:13:59.867] [error] [comfy-env] Scanning nodes metadata (isolation root)...
[2026-05-10 03:13:59.869] [error] 

[2026-05-10 03:13:59.886] [error] [comfy-env] Cache hit for nodes: 22 nodes
[2026-05-10 03:13:59.888] [error] 

[2026-05-10 03:13:59.889] [error] [comfy-env] Scanned nodes root: 22 nodes (0.0s)
[2026-05-10 03:13:59.891] [error] 

[2026-05-10 03:13:59.893] [error] [comfy-env] Imported nodes root: 22 nodes (isolation)
[2026-05-10 03:13:59.896] [error] 

[2026-05-10 03:13:59.899] [error] [comfy-env] Registered 22 total nodes
[2026-05-10 03:13:59.900] [error] 

[2026-05-10 03:13:59.990] [info]  
Import times for custom nodes:

[2026-05-10 03:13:59.992] [info]     0.0 seconds: C:\Users\runneradmin\.comfy-test-cache\desktop\ComfyUI\resources\ComfyUI\custom_nodes\websocket_image_save.py
   0.0 seconds: C:\Users\runneradmin\Documents\ComfyUI\custom_nodes\ComfyUI-CameraPack
   0.1 seconds: C:\Users\runneradmin\Documents\ComfyUI\custom_nodes\ComfyUI-VideoHelperSuite
   1.0 seconds: C:\Users\runneradmin\Documents\ComfyUI\custom_nodes\ComfyUI-HyMotion
   2.9 seconds: C:\Users\runneradmin\Documents\ComfyUI\custom_nodes\comfyui-motioncapture


[2026-05-10 03:13:59.995] [info]  Context impl SQLiteImpl.

[2026-05-10 03:13:59.997] [info]  Will assume non-transactional DDL.

[2026-05-10 03:14:00.032] [error] Failed to initialize database. Please ensure you have installed the latest requirements. If the error persists, please report this as in future the database will be required: Could not acquire lock on database 'C:/Users/runneradmin/Documents/ComfyUI/user/comfyui.db'. Another ComfyUI process may already be using it. Use --database-url to specify a separate database file.

[2026-05-10 03:14:00.171] [info]  Starting server

To see the GUI go to: http://127.0.0.1:8001

[2026-05-10 03:14:02.338] [info]  [ComfyUI-Manager] The ComfyRegistry cache update is still in progress, so an outdated cache is being used.

[2026-05-10 03:14:02.531] [info]  FETCH DATA from: C:\Users\runneradmin\Documents\ComfyUI\.venv\Lib\site-packages\comfyui_manager\custom-node-list.json
[2026-05-10 03:14:02.573] [info]   [DONE]

[2026-05-10 03:14:02.665] [info]  [DEPRECATION WARNING] Detected import of deprecated legacy API: /extensions/core/widgetInputs.js. This is likely caused by a custom node extension using outdated APIs. Please update your extensions or contact the extension author for an updated version.

[2026-05-10 03:14:06.784] [info]  [ComfyUI-Manager] The ComfyRegistry cache update is still in progress, so an outdated cache is being used.

[2026-05-10 03:14:06.999] [info]  FETCH DATA from: C:\Users\runneradmin\Documents\ComfyUI\.venv\Lib\site-packages\comfyui_manager\custom-node-list.json
[2026-05-10 03:14:07.022] [info]   [DONE]

[2026-05-10 03:14:27.655] [info]  got prompt

[2026-05-10 03:14:27.676] [info]  [comfyui-motioncapture] python: C:\Users\runneradmin\Documents\ComfyUI\.ce\.pixi\envs\motioncapture-nodes\python.exe
[2026-05-10 03:14:27.678] [info]  
[comfyui-motioncapture] sys_path sent to worker: ['C:\\Users\\runneradmin\\.comfy-test-cache\\desktop\\ComfyUI\\resources\\ComfyUI', 'C:\\Users\\runneradmin\\Documents\\ComfyUI\\custom_nodes\\comfyui-motioncapture', 'C:\\Users\\runneradmin\\Documents\\ComfyUI\\.ce\\.pixi\\envs\\motioncapture-nodes\\Lib\\site-packages', 'C:\\Users\\runneradmin\\Documents\\ComfyUI\\custom_nodes\\comfyui-motioncapture']

[2026-05-10 03:14:33.305] [error] [worker:comfyui-motioncapture] INFO: [GVHMRInference] DPVO not installed - only SimpleVO will be available

[2026-05-10 03:14:33.312] [error] [05/10 03:14:33][INFO] [GVHMRInference] DPVO not installed - only SimpleVO will be available

[2026-05-10 03:14:33.954] [error] [worker:comfyui-motioncapture] INFO: Selected: C:\Users\runneradmin\Documents\ComfyUI\input\smpl_params_tennis.npz

[2026-05-10 03:14:33.958] [error] [05/10 03:14:33][INFO] Selected: C:\Users\runneradmin\Documents\ComfyUI\input\smpl_params_tennis.npz

[2026-05-10 03:14:33.976] [error] [comfyui-motioncapture] Health check: ping (timeout=5.0s)...
[2026-05-10 03:14:33.978] [error] 

[2026-05-10 03:14:33.984] [error] [comfyui-motioncapture] Health check: ok

[2026-05-10 03:14:34.098] [error] [worker:comfyui-motioncapture] INFO: [SMPLtoBVH] Converting SMPL to BVH format...

[2026-05-10 03:14:34.102] [error] [05/10 03:14:34][INFO] [SMPLtoBVH] Converting SMPL to BVH format...

[2026-05-10 03:14:34.103] [error] [worker:comfyui-motioncapture] INFO: [SMPLtoBVH] Loading SMPL parameters from: C:\Users\runneradmin\Documents\ComfyUI\input\smpl_params_tennis.npz

[2026-05-10 03:14:34.107] [error] [05/10 03:14:34][INFO] [SMPLtoBVH] Loading SMPL parameters from: C:\Users\runneradmin\Documents\ComfyUI\input\smpl_params_tennis.npz

[2026-05-10 03:14:34.116] [error] [worker:comfyui-motioncapture] INFO: [SMPLtoBVH] Detected 21-joint SMPL variant (63 parameters)

[2026-05-10 03:14:34.120] [error] [05/10 03:14:34][INFO] [SMPLtoBVH] Detected 21-joint SMPL variant (63 parameters)

[2026-05-10 03:14:34.125] [error] [worker:comfyui-motioncapture] INFO: [SMPLtoBVH] Using 21-joint skeleton (GVHMR variant, no hands)

[2026-05-10 03:14:34.131] [error] [05/10 03:14:34][INFO] [SMPLtoBVH] Using 21-joint skeleton (GVHMR variant, no hands)

[2026-05-10 03:14:34.995] [error] [worker:comfyui-motioncapture] INFO: [SMPLtoBVH] Rotation ranges (degrees):

[2026-05-10 03:14:35.001] [error] [05/10 03:14:34][INFO] [SMPLtoBVH] Rotation ranges (degrees):

[2026-05-10 03:14:35.002] [error] [worker:comfyui-motioncapture] INFO:   Z: [-174.0, 169.8]

[2026-05-10 03:14:35.010] [error] [05/10 03:14:35][INFO]   Z: [-174.0, 169.8]

[2026-05-10 03:14:35.012] [error] [worker:comfyui-motioncapture] INFO:   X: [-73.5, 88.9]

[2026-05-10 03:14:35.017] [error] [05/10 03:14:35][INFO]   X: [-73.5, 88.9]

[2026-05-10 03:14:35.018] [error] [worker:comfyui-motioncapture] INFO:   Y: [-179.7, 177.9]

[2026-05-10 03:14:35.022] [error] [05/10 03:14:35][INFO]   Y: [-179.7, 177.9]

[2026-05-10 03:14:35.055] [error] [worker:comfyui-motioncapture] INFO: [SMPLtoBVH] Converted 312 frames to C:\Users\runneradmin\Documents\ComfyUI\output\output\motion.bvh

[2026-05-10 03:14:35.063] [error] [05/10 03:14:35][INFO] [SMPLtoBVH] Converted 312 frames to C:\Users\runneradmin\Documents\ComfyUI\output\output\motion.bvh

[2026-05-10 03:14:35.114] [error] [comfyui-motioncapture] Health check: ping (timeout=5.0s)...
[2026-05-10 03:14:35.116] [error] 
[comfyui-motioncapture] Health check: ok

[2026-05-10 03:14:35.224] [error] [worker:comfyui-motioncapture] INFO: [BVHViewer] Loading BVH for visualization...

[2026-05-10 03:14:35.235] [error] [05/10 03:14:35][INFO] [BVHViewer] Loading BVH for visualization...

[2026-05-10 03:14:35.236] [error] [worker:comfyui-motioncapture] INFO: [BVHViewer DEBUG] BVH file path: C:\Users\runneradmin\Documents\ComfyUI\output\output\motion.bvh

[2026-05-10 03:14:35.240] [error] [05/10 03:14:35][INFO] [BVHViewer DEBUG] BVH file path: C:\Users\runneradmin\Documents\ComfyUI\output\output\motion.bvh

[2026-05-10 03:14:35.241] [error] [worker:comfyui-motioncapture] INFO: [BVHViewer DEBUG] Num frames: 312, FPS: 30

[2026-05-10 03:14:35.247] [error] [05/10 03:14:35][INFO] [BVHViewer DEBUG] Num frames: 312, FPS: 30

[2026-05-10 03:14:35.250] [error] [worker:comfyui-motioncapture] INFO: [BVHViewer DEBUG] File exists: True

[2026-05-10 03:14:35.252] [error] [05/10 03:14:35][INFO] [BVHViewer DEBUG] File exists: True

[2026-05-10 03:14:35.254] [error] [worker:comfyui-motioncapture] INFO: [BVHViewer DEBUG] BVH content length: 214444 bytes

[2026-05-10 03:14:35.259] [error] [05/10 03:14:35][INFO] [BVHViewer DEBUG] BVH content length: 214444 bytes

[2026-05-10 03:14:35.260] [error] [worker:comfyui-motioncapture] INFO: [BVHViewer DEBUG] First 200 chars: HIERARCHY
ROOT Pelvis
{
  OFFSET 0.000000 0.000000 0.000000
  CHANNELS 6 Xposition Yposition Zposition Zrotation Xrotation Yrotation
  JOINT L_Hip
  {
    OFFSET 0.100000 -0.040000 0.000000
    CHANNE

[2026-05-10 03:14:35.266] [error] [05/10 03:14:35][INFO] [BVHViewer DEBUG] First 200 chars: HIERARCHY
ROOT Pelvis
{
  OFFSET 0.000000 0.000000 0.000000
  CHANNELS 6 Xposition Yposition Zposition Zrotation Xrotation Yrotation
  JOINT L_Hip
  {
    OFFSET 0.100000 -0.040000 0.000000
    CHANNE

[2026-05-10 03:14:35.267] [error] [worker:comfyui-motioncapture] INFO: [BVHViewer DEBUG] Stored bvh_content (214444 bytes) and bvh_info for frontend

[2026-05-10 03:14:35.271] [error] [05/10 03:14:35][INFO] [BVHViewer DEBUG] Stored bvh_content (214444 bytes) and bvh_info for frontend

[2026-05-10 03:14:35.273] [error] [worker:comfyui-motioncapture] INFO: [BVHViewer DEBUG] bvh_info: {'num_frames': 312, 'fps': 30, 'file_path': 'C:\\Users\\runneradmin\\Documents\\ComfyUI\\output\\output\\motion.bvh'}

[2026-05-10 03:14:35.277] [error] [05/10 03:14:35][INFO] [BVHViewer DEBUG] bvh_info: {'num_frames': 312, 'fps': 30, 'file_path': 'C:\\Users\\runneradmin\\Documents\\ComfyUI\\output\\output\\motion.bvh'}

[2026-05-10 03:14:35.279] [error] [worker:comfyui-motioncapture] INFO: [BVHViewer] Loaded BVH with 312 frames

[2026-05-10 03:14:35.285] [error] [05/10 03:14:35][INFO] [BVHViewer] Loaded BVH with 312 frames

[2026-05-10 03:14:35.306] [info]  Prompt executed in 7.65 seconds

