[2026-05-10 03:05:35.568] [info]  setup plugin alembic.autogenerate.schemas

[2026-05-10 03:05:35.570] [info]  setup plugin alembic.autogenerate.tables
setup plugin alembic.autogenerate.types
setup plugin alembic.autogenerate.constraints
setup plugin alembic.autogenerate.defaults
setup plugin alembic.autogenerate.comments

[2026-05-10 03:05:36.591] [info]  Adding extra search path custom_nodes C:\Users\runneradmin\Documents\ComfyUI\custom_nodes
Adding extra search path download_model_base C:\Users\runneradmin\Documents\ComfyUI\models

[2026-05-10 03:05:36.593] [info]  Adding extra search path custom_nodes C:\Users\runneradmin\.comfy-test-cache\desktop\ComfyUI\resources\ComfyUI\custom_nodes
Setting output directory to: C:\Users\runneradmin\Documents\ComfyUI\output
Setting input directory to: C:\Users\runneradmin\Documents\ComfyUI\input
Setting user directory to: C:\Users\runneradmin\Documents\ComfyUI\user

[2026-05-10 03:05:39.242] [info]  [START] Security scan
[DONE] Security scan
** ComfyUI startup time: 2026-05-10 03:05:39.241
[2026-05-10 03:05:39.244] [info]  
** Platform: Windows
** Python version: 3.12.11 (main, Aug 18 2025, 19:17:54) [MSC v.1944 64 bit (AMD64)]
** Python executable: C:\Users\runneradmin\Documents\ComfyUI\.venv\Scripts\python.exe
** ComfyUI Path: C:\Users\runneradmin\.comfy-test-cache\desktop\ComfyUI\resources\ComfyUI
** ComfyUI Base Folder Path: C:\Users\runneradmin\.comfy-test-cache\desktop\ComfyUI\resources\ComfyUI

[2026-05-10 03:05:39.245] [info]  ** User directory: C:\Users\runneradmin\Documents\ComfyUI\user
** ComfyUI-Manager config path: C:\Users\runneradmin\Documents\ComfyUI\user\__manager\config.ini

[2026-05-10 03:05:39.247] [info]  ** Log path: C:\Users\runneradmin\Documents\ComfyUI\user\comfyui.log

[2026-05-10 03:05:40.290] [info]  [ComfyUI-Manager] Skipped fixing the 'comfyui-frontend-package' dependency because the ComfyUI is outdated.

[2026-05-10 03:05:40.291] [info]  [PRE] ComfyUI-Manager

[2026-05-10 03:05:50.408] [info]  Found comfy_kitchen backend cuda: {'available': False, 'disabled': True, 'unavailable_reason': 'CUDA not available on this system', 'capabilities': []}

[2026-05-10 03:05:50.409] [info]  Found comfy_kitchen backend eager: {'available': True, 'disabled': False, 'unavailable_reason': None, 'capabilities': ['apply_rope', 'apply_rope1', 'dequantize_mxfp8', 'dequantize_nvfp4', 'dequantize_per_tensor_fp8', 'quantize_mxfp8', 'quantize_nvfp4', 'quantize_per_tensor_fp8', 'scaled_mm_mxfp8', 'scaled_mm_nvfp4']}
Found comfy_kitchen backend triton: {'available': False, 'disabled': True, 'unavailable_reason': "ImportError: No module named 'triton'", 'capabilities': []}

[2026-05-10 03:05:50.454] [info]  Checkpoint files will always be loaded safely.

[2026-05-10 03:05:50.532] [info]  Total VRAM 16379 MB, total RAM 16379 MB

[2026-05-10 03:05:50.533] [info]  pytorch version: 2.10.0+cpu
Set vram state to: DISABLED
Device: cpu

[2026-05-10 03:05:51.481] [info]  Using sub quadratic optimization for attention, if you have memory or speed issues try using: --use-split-cross-attention

[2026-05-10 03:05:58.836] [info]  Python version: 3.12.11 (main, Aug 18 2025, 19:17:54) [MSC v.1944 64 bit (AMD64)]

[2026-05-10 03:05:58.837] [info]  ComfyUI version: 0.20.1
comfy-aimdo version: 0.2.14

[2026-05-10 03:05:58.839] [info]  comfy-kitchen version: 0.2.8

[2026-05-10 03:05:58.841] [info]  [Prompt Server] web root: C:\Users\runneradmin\.comfy-test-cache\desktop\ComfyUI\resources\ComfyUI\web_custom_versions\desktop_app

[2026-05-10 03:05:58.843] [info]  Asset seeder disabled

[2026-05-10 03:05:58.846] [info]  [START] ComfyUI-Manager

[2026-05-10 03:05:59.279] [info]  [ComfyUI-Manager] Using GitPython backend

[2026-05-10 03:05:59.385] [info]  [ComfyUI-Manager] network_mode: public

[2026-05-10 03:05:59.396] [info]  [ComfyUI-Manager] The matrix sharing feature has been disabled because the `matrix-nio` dependency is not installed.
	To use this feature, please run the following command:
	C:\Users\runneradmin\Documents\ComfyUI\.venv\Scripts\python.exe -m pip install matrix-nio


[2026-05-10 03:06:03.758] [info]  
Import times for custom nodes:

[2026-05-10 03:06:03.759] [info]     0.0 seconds: C:\Users\runneradmin\.comfy-test-cache\desktop\ComfyUI\resources\ComfyUI\custom_nodes\websocket_image_save.py


[2026-05-10 03:06:03.781] [info]  Context impl SQLiteImpl.

[2026-05-10 03:06:03.786] [info]  Will assume non-transactional DDL.

[2026-05-10 03:06:03.812] [info]  Context impl SQLiteImpl.

[2026-05-10 03:06:03.817] [info]  Will assume non-transactional DDL.

[2026-05-10 03:06:03.852] [info]  Running upgrade  -> 0001_assets, Initial assets schema
Revision ID: 0001_assets
Revises: None
Create Date: 2025-12-10 00:00:00

[2026-05-10 03:06:04.313] [info]  Running upgrade 0001_assets -> 0002_merge_to_asset_references, Merge AssetInfo and AssetCacheState into unified asset_references table.

[2026-05-10 03:06:04.727] [info]  Running upgrade 0002_merge_to_asset_references -> 0003_add_metadata_job_id, Add system_metadata and job_id columns to asset_references.
Change preview_id FK from assets.id to asset_references.id.

[2026-05-10 03:06:04.807] [info]  Database upgraded from None to 0003_add_metadata_job_id

[2026-05-10 03:06:04.945] [info]  Starting server


[2026-05-10 03:06:04.947] [info]  To see the GUI go to: http://127.0.0.1:8000

[2026-05-10 03:07:35.751] [info]  FETCH ComfyRegistry Data [DONE]

[2026-05-10 03:07:36.213] [info]  [ComfyUI-Manager] default cache updated: https://api.comfy.org/nodes

[2026-05-10 03:07:36.228] [info]  FETCH DATA from: C:\Users\runneradmin\Documents\ComfyUI\user\__manager\cache\1514988643_custom-node-list.json
[2026-05-10 03:07:36.247] [info]   [DONE]

[2026-05-10 03:07:36.335] [info]  [ComfyUI-Manager] All startup tasks have been completed.

[2026-05-10 03:07:54.057] [info]  [ComfyUI-Manager] The ComfyRegistry cache update is still in progress, so an outdated cache is being used.

[2026-05-10 03:07:55.585] [error]   0%|          | 0.00/15.6M [00:00<?, ?B/s]
[2026-05-10 03:07:55.735] [error]  40%|████      | 6.29M/15.6M [00:00<00:00, 42.6MB/s]
[2026-05-10 03:07:55.875] [error]  81%|████████  | 12.6M/15.6M [00:00<00:00, 49.8MB/s]100%|██████████| 15.6M/15.6M [00:00<00:00, 56.8MB/s]

[2026-05-10 03:07:56.471] [info]  Extracted zip file to C:\Users\runneradmin\Documents\ComfyUI\custom_nodes\comfyui-motioncapture

[2026-05-10 03:07:56.491] [info]  Install: pip packages
[2026-05-10 03:07:56.493] [info]  

[2026-05-10 03:07:57.947] [info]  [ComfyUI-Manager] Skipped fixing the 'comfyui-frontend-package' dependency because the ComfyUI is outdated.

[2026-05-10 03:07:57.948] [info]  Install: install script
[2026-05-10 03:07:57.949] [info]  

[2026-05-10 03:08:01.994] [info]  
Restarting... [Legacy Mode]


Command: ['"C:\\Users\\runneradmin\\Documents\\ComfyUI\\.venv\\Scripts\\python.exe"', '"C:\\Users\\runneradmin\\.comfy-test-cache\\desktop\\ComfyUI\\resources\\ComfyUI\\main.py"', '--user-directory', 'C:\\Users\\runneradmin\\Documents\\ComfyUI\\user', '--input-directory', 'C:\\Users\\runneradmin\\Documents\\ComfyUI\\input', '--output-directory', 'C:\\Users\\runneradmin\\Documents\\ComfyUI\\output', '--front-end-root', 'C:\\Users\\runneradmin\\.comfy-test-cache\\desktop\\ComfyUI\\resources\\ComfyUI\\web_custom_versions\\desktop_app', '--base-directory', 'C:\\Users\\runneradmin\\Documents\\ComfyUI', '--database-url', 'sqlite:///C:/Users/runneradmin/Documents/ComfyUI/user/comfyui.db', '--extra-model-paths-config', 'C:\\Users\\runneradmin\\AppData\\Roaming\\ComfyUI\\extra_models_config.yaml', '--log-stdout', '--listen', '127.0.0.1', '--port', '8000', '--enable-manager', '--cpu']

[2026-05-10 03:08:02.816] [error] ERROR: Exception:
Traceback (most recent call last):
  File "C:\Users\runneradmin\Documents\ComfyUI\.venv\Lib\site-packages\pip\_internal\cli\base_command.py", line 106, in _run_wrapper
    status = _inner_run()
             ^^^^^^^^^^^^
  File "C:\Users\runneradmin\Documents\ComfyUI\.venv\Lib\site-packages\pip\_internal\cli\base_command.py", line 97, in _inner_run
    return self.run(options, args)
           ^^^^^^^^^^^^^^^^^^^^^^^
  File "C:\Users\runneradmin\Documents\ComfyUI\.venv\Lib\site-packages\pip\_internal\commands\freeze.py", line 108, in run
    sys.stdout.write(line + "\n")
OSError: [Errno 22] Invalid argument

[2026-05-10 03:08:03.015] [info]  setup plugin alembic.autogenerate.schemas

[2026-05-10 03:08:03.017] [info]  setup plugin alembic.autogenerate.tables
setup plugin alembic.autogenerate.types
setup plugin alembic.autogenerate.constraints
setup plugin alembic.autogenerate.defaults
setup plugin alembic.autogenerate.comments

[2026-05-10 03:08:03.775] [info]  Adding extra search path custom_nodes C:\Users\runneradmin\Documents\ComfyUI\custom_nodes

[2026-05-10 03:08:03.777] [info]  Adding extra search path download_model_base C:\Users\runneradmin\Documents\ComfyUI\models

[2026-05-10 03:08:03.779] [info]  Adding extra search path custom_nodes C:\Users\runneradmin\.comfy-test-cache\desktop\ComfyUI\resources\ComfyUI\custom_nodes
Setting output directory to: C:\Users\runneradmin\Documents\ComfyUI\output
Setting input directory to: C:\Users\runneradmin\Documents\ComfyUI\input
Setting user directory to: C:\Users\runneradmin\Documents\ComfyUI\user

[2026-05-10 03:08:05.618] [info]  [START] Security scan
[DONE] Security scan
** ComfyUI startup time: 2026-05-10 03:08:05.616
[2026-05-10 03:08:05.619] [info]  
** Platform: Windows
** Python version: 3.12.11 (main, Aug 18 2025, 19:17:54) [MSC v.1944 64 bit (AMD64)]
** Python executable: C:\Users\runneradmin\Documents\ComfyUI\.venv\Scripts\python.exe
** ComfyUI Path: C:\Users\runneradmin\.comfy-test-cache\desktop\ComfyUI\resources\ComfyUI
** ComfyUI Base Folder Path: C:\Users\runneradmin\.comfy-test-cache\desktop\ComfyUI\resources\ComfyUI

[2026-05-10 03:08:05.657] [info]  ** User directory:
[2026-05-10 03:08:05.658] [info]   C:\Users\runneradmin\Documents\ComfyUI\user
** ComfyUI-Manager config path: C:\Users\runneradmin\Documents\ComfyUI\user\__manager\config.ini
** Log path: C:\Users\runneradmin\Documents\ComfyUI\user\comfyui.log

[2026-05-10 03:08:06.403] [info]  
#######################################################################

[2026-05-10 03:08:06.404] [info]  [ComfyUI-Manager] Starting dependency installation/(de)activation for the extension


## ComfyUI-Manager: EXECUTE => ['C:\\Users\\runneradmin\\Documents\\ComfyUI\\.venv\\Scripts\\python.exe', '-m', 'pip', 'install', 'comfy-env==0.3.78']

## Execute management script for 'C:\Users\runneradmin\Documents\ComfyUI\custom_nodes\comfyui-motioncapture'

[2026-05-10 03:08:08.833] [info]   Collecting comfy-env==0.3.78

[2026-05-10 03:08:08.852] [info]     Downloading comfy_env-0.3.78-py3-none-any.whl.metadata (7.1 kB)

[2026-05-10 03:08:08.888] [info]   
[2026-05-10 03:08:08.890] [info]   
[2026-05-10 03:08:08.958] [info]   Collecting pre-commit (from comfy-env==0.3.78)

[2026-05-10 03:08:08.964] [info]   
[2026-05-10 03:08:08.966] [info]    Downloading pre_commit-4.6.0-py2.py3-none-any.whl.metadata (1.2 kB)

[2026-05-10 03:08:09.084] [info]   
[2026-05-10 03:08:09.168] [info]   Collecting tomli-w>=1.0.0 (from comfy-env==0.3.78)

[2026-05-10 03:08:09.175] [info]     Downloading tomli_w-1.2.0-py3-none-any.whl.metadata (5.7 kB)

[2026-05-10 03:08:09.302] [info]   Collecting tomli>=2.0.0 (from comfy-env==0.3.78)

[2026-05-10 03:08:09.307] [info]     Using cached tomli-2.4.1-cp312-cp312-win_amd64.whl.metadata (10 kB)

[2026-05-10 03:08:09.312] [info]   
[2026-05-10 03:08:09.370] [info]   Collecting cfgv>=2.0.0 (from pre-commit->comfy-env==0.3.78)

[2026-05-10 03:08:09.376] [info]     Downloading cfgv-3.5.0-py2.py3-none-any.whl.metadata (8.9 kB)

[2026-05-10 03:08:09.501] [info]   Collecting identify>=1.0.0 (from pre-commit->comfy-env==0.3.78)

[2026-05-10 03:08:09.507] [info]     Downloading identify-2.6.19-py2.py3-none-any.whl.metadata (4.4 kB)

[2026-05-10 03:08:09.577] [info]   Collecting nodeenv>=0.11.1 (from pre-commit->comfy-env==0.3.78)

[2026-05-10 03:08:09.581] [info]     Downloading nodeenv-1.10.0-py2.py3-none-any.whl.metadata (24 kB)

[2026-05-10 03:08:09.674] [info]   Collecting virtualenv>=20.10.0 (from pre-commit->comfy-env==0.3.78)

[2026-05-10 03:08:09.682] [info]     Downloading virtualenv-21.3.1-py3-none-any.whl.metadata (3.5 kB)

[2026-05-10 03:08:09.808] [info]   Collecting distlib<1,>=0.3.7 (from virtualenv>=20.10.0->pre-commit->comfy-env==0.3.78)

[2026-05-10 03:08:09.814] [info]     Downloading distlib-0.4.0-py2.py3-none-any.whl.metadata (5.2 kB)

[2026-05-10 03:08:09.976] [info]   Collecting filelock<4,>=3.24.2 (from virtualenv>=20.10.0->pre-commit->comfy-env==0.3.78)

[2026-05-10 03:08:09.983] [info]     Downloading filelock-3.29.0-py3-none-any.whl.metadata (2.0 kB)

[2026-05-10 03:08:10.061] [info]   Collecting platformdirs<5,>=3.9.1 (from virtualenv>=20.10.0->pre-commit->comfy-env==0.3.78)

[2026-05-10 03:08:10.068] [info]     Downloading platformdirs-4.9.6-py3-none-any.whl.metadata (4.7 kB)

[2026-05-10 03:08:10.160] [info]   Collecting python-discovery>=1.2.2 (from virtualenv>=20.10.0->pre-commit->comfy-env==0.3.78)

[2026-05-10 03:08:10.167] [info]     Downloading python_discovery-1.3.0-py3-none-any.whl.metadata (5.5 kB)

[2026-05-10 03:08:10.256] [info]   Downloading comfy_env-0.3.78-py3-none-any.whl (121 kB)

[2026-05-10 03:08:10.319] [info]   Using cached tomli-2.4.1-cp312-cp312-win_amd64.whl (108 kB)

[2026-05-10 03:08:10.323] [info]   Downloading tomli_w-1.2.0-py3-none-any.whl (6.7 kB)

[2026-05-10 03:08:10.390] [info]   Downloading pre_commit-4.6.0-py2.py3-none-any.whl (226 kB)

[2026-05-10 03:08:10.487] [info]   
[2026-05-10 03:08:10.488] [info]  Downloading cfgv-3.5.0-py2.py3-none-any.whl (7.4 kB)

[2026-05-10 03:08:10.538] [info]   Downloading identify-2.6.19-py2.py3-none-any.whl (99 kB)

[2026-05-10 03:08:10.571] [info]   Downloading nodeenv-1.10.0-py2.py3-none-any.whl (23 kB)

[2026-05-10 03:08:10.633] [info]   Downloading virtualenv-21.3.1-py3-none-any.whl (7.6 MB)

[2026-05-10 03:08:10.699] [info]      ---------------------------------------- 7.6/7.6 MB 116.4 MB/s eta 0:00:00

[2026-05-10 03:08:10.705] [info]   Downloading distlib-0.4.0-py2.py3-none-any.whl (469 kB)

[2026-05-10 03:08:10.807] [info]   
[2026-05-10 03:08:10.808] [info]  Downloading filelock-3.29.0-py3-none-any.whl (39 kB)

[2026-05-10 03:08:10.847] [info]   Downloading platformdirs-4.9.6-py3-none-any.whl (21 kB)

[2026-05-10 03:08:10.991] [info]   Downloading python_discovery-1.3.0-py3-none-any.whl (33 kB)

[2026-05-10 03:08:11.416] [info]   Installing collected packages: distlib, tomli-w, tomli, platformdirs, nodeenv, identify, filelock, cfgv, python-discovery, virtualenv, pre-commit, comfy-env

[2026-05-10 03:08:12.215] [info]     Attempting uninstall: filelock

[2026-05-10 03:08:12.223] [info]       Found existing installation: filelock 3.20.3

[2026-05-10 03:08:12.228] [info]       Uninstalling filelock-3.20.3:

[2026-05-10 03:08:12.234] [info]         Successfully uninstalled filelock-3.20.3

[2026-05-10 03:08:17.426] [info]   Successfully installed cfgv-3.5.0 comfy-env-0.3.78 distlib-0.4.0 filelock-3.29.0 identify-2.6.19 nodeenv-1.10.0 platformdirs-4.9.6 pre-commit-4.6.0 python-discovery-1.3.0 tomli-2.4.1 tomli-w-1.2.0 virtualenv-21.3.1

[2026-05-10 03:08:17.785] [error] [!]
[2026-05-10 03:08:17.786] [error]  
[!] [notice] A new release of pip is available: 25.0.1 -> 26.1.1
[!] 
[2026-05-10 03:08:17.787] [error] [notice] To update, run: python.exe -m pip install --upgrade pip

[2026-05-10 03:08:17.876] [info]  
## ComfyUI-Manager: EXECUTE => ['C:\\Users\\runneradmin\\Documents\\ComfyUI\\.venv\\Scripts\\python.exe', '-m', 'pip', 'install', 'comfy-3d-viewers==0.2.44']

## Execute management script for 'C:\Users\runneradmin\Documents\ComfyUI\custom_nodes\comfyui-motioncapture'

[2026-05-10 03:08:20.011] [info]   Collecting comfy-3d-viewers==0.2.44

[2026-05-10 03:08:20.037] [info]     Downloading comfy_3d_viewers-0.2.44-py3-none-any.whl.metadata (2.2 kB)

[2026-05-10 03:08:20.069] [info]   Downloading comfy_3d_viewers-0.2.44-py3-none-any.whl (1.3 MB)

[2026-05-10 03:08:20.116] [info]      ---------------------------------------- 1.3/1.3 MB 31.0 MB/s eta 0:00:00

[2026-05-10 03:08:20.407] [info]   Installing collected packages: comfy-3d-viewers

[2026-05-10 03:08:20.569] [info]   Successfully installed comfy-3d-viewers-0.2.44

[2026-05-10 03:08:20.862] [error] [!]
[2026-05-10 03:08:20.864] [error]  
[!] [notice] A new release of pip is available: 25.0.1 -> 26.1.1
[!] [notice] To update, run: python.exe -m pip install --upgrade pip

[2026-05-10 03:08:20.930] [info]  
## ComfyUI-Manager: EXECUTE => ['C:\\Users\\runneradmin\\Documents\\ComfyUI\\.venv\\Scripts\\python.exe', 'install.py']

## Execute management script for 'C:\Users\runneradmin\Documents\ComfyUI\custom_nodes\comfyui-motioncapture'

[2026-05-10 03:08:21.229] [info]   [comfy-env] Enabled Windows long path support

[2026-05-10 03:08:21.231] [info]   
 Installing 3 node dependencies...
   Cloning ComfyUI-VideoHelperSuite...

[2026-05-10 03:08:21.873] [info]     Installing requirements for ComfyUI-VideoHelperSuite...

[2026-05-10 03:08:22.941] [info]     Cloning ComfyUI-CameraPack...

[2026-05-10 03:08:23.498] [info]     Cloning ComfyUI-HyMotion...

[2026-05-10 03:08:25.514] [info]     Installing requirements for ComfyUI-HyMotion...

[2026-05-10 03:08:30.278] [info]     Running install.py for ComfyUI-HyMotion...

[2026-05-10 03:08:30.469] [info]   Using uv for installation...
 Installing fbxsdkpy==2020.1.post2...

[2026-05-10 03:08:30.538] [error] [!]
[2026-05-10 03:08:30.539] [error]  Using Python 3.12.11 environment at: C:\Users\runneradmin\Documents\ComfyUI\.venv

[2026-05-10 03:08:31.684] [error] [!] 
[2026-05-10 03:08:31.685] [error] Resolved 1 package in 1.13s

[2026-05-10 03:08:32.130] [error] [!] 
[2026-05-10 03:08:32.132] [error] Downloading fbxsdkpy (3.3MiB)

[2026-05-10 03:08:33.289] [error] [!] 
[2026-05-10 03:08:33.290] [error]  Downloaded fbxsdkpy

[2026-05-10 03:08:33.291] [error] [!] Prepared 1 package in 1.60s

[2026-05-10 03:08:33.313] [error] [!]
[2026-05-10 03:08:33.314] [error]  Installed 1 package in 21ms
[!]  + fbxsdkpy==2020.1.post2

[2026-05-10 03:08:33.329] [info]   Installing requirements from C:\Users\runneradmin\Documents\ComfyUI\custom_nodes\ComfyUI-HyMotion\requirements.txt...

[2026-05-10 03:08:33.416] [error] [!]
[2026-05-10 03:08:33.417] [error]  Using Python 3.12.11 environment at: C:\Users\runneradmin\Documents\ComfyUI\.venv

[2026-05-10 03:08:33.432] [error] [!]
[2026-05-10 03:08:33.434] [error]  Audited 15 packages in 18ms

[2026-05-10 03:08:33.456] [info]   

[2026-05-10 03:08:33.457] [info]   [requirements] Re-installing main package requirements...
   Installing requirements for comfyui-motioncapture...

[2026-05-10 03:08:33.531] [error] [!]
[2026-05-10 03:08:33.532] [error]  [comfy-env] pixi not found, downloading...

[2026-05-10 03:08:41.851] [error] [!]
[2026-05-10 03:08:41.852] [error]  [comfy-env] pixi installed: C:\Users\runneradmin\.pixi\bin\pixi.exe

[2026-05-10 03:08:41.868] [info]   [comfy-env] Workspace: C:\Users\runneradmin\Documents\ComfyUI\.ce

[2026-05-10 03:08:41.869] [info]   [comfy-env] ComfyUI: C:\Users\runneradmin\Documents\ComfyUI
 [comfy-env] Found 1 node config(s):
   - motioncapture-nodes <- custom_nodes\comfyui-motioncapture\nodes\comfy-env.toml (python=host)

[2026-05-10 03:08:41.876] [info]   [comfy-env] Bootstrap interpreter has python 3.12 + torch 2.10.0 (cpu). Looking for cuda-only wheels matching cpu/torch2.10/cp312.

[2026-05-10 03:08:43.588] [info]   [comfy-env] GPU: No GPU detected

[2026-05-10 03:08:43.618] [info]   [comfy-env] No CUDA detected -- pinning comfyui torch to CPU index

[2026-05-10 03:08:43.619] [info]   [comfy-env] Root conda deps from comfyui-motioncapture: ['av', 'ffmpeg']

[2026-05-10 03:08:43.623] [info]   [comfy-env] Desktop app detected: source=C:\Users\runneradmin\.comfy-test-cache\desktop\ComfyUI\resources\ComfyUI, data=C:\Users\runneradmin\Documents\ComfyUI

[2026-05-10 03:08:43.625] [info]   [comfy-env] Comfyui feature pin: torch ==2.10.0, torchvision ==0.25.*, torchaudio ==2.10.*

[2026-05-10 03:08:43.626] [info]   [comfy-env] Root conda deps: ['av', 'ffmpeg']

[2026-05-10 03:08:43.627] [info]   [comfy-env] comfyui312: python 3.12, torch from https://download.pytorch.org/whl/cpu

[2026-05-10 03:08:43.628] [info]   Generated C:\Users\runneradmin\Documents\ComfyUI\.ce\pixi.toml

[2026-05-10 03:08:43.629] [info]   [comfy-env] Patched C:\Users\runneradmin\AppData\Roaming\uv\python\cpython-3.12.11-windows-x86_64-none\Lib\platform.py for conda-forge compat

[2026-05-10 03:08:43.630] [info]   [comfy-env] Installing 1 environment(s):
   - motioncapture-nodes (python=host, 40 pypi deps, 2 cuda wheels)
 [comfy-env] Running `pixi install --all`...

[2026-05-10 03:09:24.252] [info]      WARN Skipped running the post-link scripts because `run-post-link-scripts` = `false`
 
[2026-05-10 03:09:24.254] [info]    	- Scripts/.librsvg-pre-unlink.bat
   To enable them, run:
   	pixi config set --local run-post-link-scripts insecure
   More info:
   	https://pixi.sh/latest/reference/pixi_configuration/#run-post-link-scripts

[2026-05-10 03:09:42.330] [info]      WARN Skipped running the post-link scripts because `run-post-link-scripts` = `false`

[2026-05-10 03:09:42.331] [info]     	- Scripts/.librsvg-pre-unlink.bat
   To enable them, run:
   	pixi config set --local run-post-link-scripts insecure
   More info:
   	https://pixi.sh/latest/reference/pixi_configuration/#run-post-link-scripts

[2026-05-10 03:11:37.787] [info]     The following environments have been installed: default, comfyui, motioncapture-nodes.

[2026-05-10 03:11:37.840] [info]   [comfy-env] Note: env `default` is on disk but no node declares it in this run. Leaving as-is. Remove via `pixi clean --environment default` if intended.
 
[2026-05-10 03:11:37.841] [info]  [comfy-env] Install log: C:\Users\runneradmin\Documents\ComfyUI\.ce\install.log
 
 Installation complete!

[2026-05-10 03:11:38.191] [info]  
[ComfyUI-Manager] Startup script completed.
#######################################################################

[2026-05-10 03:11:38.192] [info]  

[2026-05-10 03:11:40.076] [info]  [ComfyUI-Manager] Skipped fixing the 'comfyui-frontend-package' dependency because the ComfyUI is outdated.

[2026-05-10 03:11:40.078] [info]  [ComfyUI-Manager] Restarting to reapply dependency installation.
Command: ['"C:\\Users\\runneradmin\\Documents\\ComfyUI\\.venv\\Scripts\\python.exe"', '"C:\\Users\\runneradmin\\.comfy-test-cache\\desktop\\ComfyUI\\resources\\ComfyUI\\main.py"', '--user-directory', 'C:\\Users\\runneradmin\\Documents\\ComfyUI\\user', '--input-directory', 'C:\\Users\\runneradmin\\Documents\\ComfyUI\\input', '--output-directory', 'C:\\Users\\runneradmin\\Documents\\ComfyUI\\output', '--front-end-root', 'C:\\Users\\runneradmin\\.comfy-test-cache\\desktop\\ComfyUI\\resources\\ComfyUI\\web_custom_versions\\desktop_app', '--base-directory', 'C:\\Users\\runneradmin\\Documents\\ComfyUI', '--database-url', 'sqlite:///C:/Users/runneradmin/Documents/ComfyUI/user/comfyui.db', '--extra-model-paths-config', 'C:\\Users\\runneradmin\\AppData\\Roaming\\ComfyUI\\extra_models_config.yaml', '--log-stdout', '--listen', '127.0.0.1', '--port', '8000', '--enable-manager', '--cpu']
--------------------------------------------------------------------------


[2026-05-10 03:11:41.036] [info]  setup plugin alembic.autogenerate.schemas
setup plugin alembic.autogenerate.tables

[2026-05-10 03:11:41.038] [info]  setup plugin alembic.autogenerate.types
setup plugin alembic.autogenerate.constraints
setup plugin alembic.autogenerate.defaults
setup plugin alembic.autogenerate.comments

[2026-05-10 03:11:41.604] [info]  Adding extra search path custom_nodes C:\Users\runneradmin\Documents\ComfyUI\custom_nodes
Adding extra search path download_model_base C:\Users\runneradmin\Documents\ComfyUI\models

[2026-05-10 03:11:41.606] [info]  Adding extra search path custom_nodes C:\Users\runneradmin\.comfy-test-cache\desktop\ComfyUI\resources\ComfyUI\custom_nodes
Setting output directory to: C:\Users\runneradmin\Documents\ComfyUI\output
Setting input directory to: C:\Users\runneradmin\Documents\ComfyUI\input
Setting user directory to: C:\Users\runneradmin\Documents\ComfyUI\user

[2026-05-10 03:11:43.479] [info]  [START] Security scan
[DONE] Security scan
** ComfyUI startup time: 2026-05-10 03:11:43.479
[2026-05-10 03:11:43.480] [info]  
** Platform: Windows
** Python version: 3.12.11 (main, Aug 18 2025, 19:17:54) [MSC v.1944 64 bit (AMD64)]
** Python executable: C:\Users\runneradmin\Documents\ComfyUI\.venv\Scripts\python.exe
** ComfyUI Path: C:\Users\runneradmin\.comfy-test-cache\desktop\ComfyUI\resources\ComfyUI
** ComfyUI Base Folder Path: C:\Users\runneradmin\.comfy-test-cache\desktop\ComfyUI\resources\ComfyUI

[2026-05-10 03:11:43.484] [info]  ** User directory: C:\Users\runneradmin\Documents\ComfyUI\user
** ComfyUI-Manager config path: C:\Users\runneradmin\Documents\ComfyUI\user\__manager\config.ini
** Log path: C:\Users\runneradmin\Documents\ComfyUI\user\comfyui.log

[2026-05-10 03:11:44.730] [info]  [ComfyUI-Manager] Skipped fixing the 'comfyui-frontend-package' dependency because the ComfyUI is outdated.

[2026-05-10 03:11:44.731] [info]  [PRE] ComfyUI-Manager

[2026-05-10 03:11:45.158] [error] [comfy-env] comfyui-motioncapture: 1 isolation env(s):
[2026-05-10 03:11:45.159] [error] 
[comfy-env]   nodes -> C:\Users\runneradmin\Documents\ComfyUI\custom_nodes\comfyui-motioncapture\nodes

[2026-05-10 03:11:45.160] [error] [comfy-env] prestartup complete

[2026-05-10 03:11:49.366] [info]  Found comfy_kitchen backend eager: {'available': True, 'disabled': False, 'unavailable_reason': None, 'capabilities': ['apply_rope', 'apply_rope1', 'dequantize_mxfp8', 'dequantize_nvfp4', 'dequantize_per_tensor_fp8', 'quantize_mxfp8', 'quantize_nvfp4', 'quantize_per_tensor_fp8', 'scaled_mm_mxfp8', 'scaled_mm_nvfp4']}

[2026-05-10 03:11:49.368] [info]  Found comfy_kitchen backend cuda: {'available': False, 'disabled': True, 'unavailable_reason': 'CUDA not available on this system', 'capabilities': []}
Found comfy_kitchen backend triton: {'available': False, 'disabled': True, 'unavailable_reason': "ImportError: No module named 'triton'", 'capabilities': []}

[2026-05-10 03:11:49.389] [info]  Checkpoint files will always be loaded safely.

[2026-05-10 03:11:49.420] [info]  Total VRAM 16379 MB, total RAM 16379 MB

[2026-05-10 03:11:49.421] [info]  pytorch version: 2.10.0+cpu
Set vram state to: DISABLED

[2026-05-10 03:11:49.423] [info]  Device: cpu

[2026-05-10 03:11:50.440] [info]  Using sub quadratic optimization for attention, if you have memory or speed issues try using: --use-split-cross-attention

[2026-05-10 03:11:55.520] [info]  Python version: 3.12.11 (main, Aug 18 2025, 19:17:54) [MSC v.1944 64 bit (AMD64)]
ComfyUI version: 0.20.1

[2026-05-10 03:11:55.521] [info]  comfy-aimdo version: 0.2.14

[2026-05-10 03:11:55.522] [info]  comfy-kitchen version: 0.2.8

[2026-05-10 03:11:55.525] [info]  [Prompt Server] web root: C:\Users\runneradmin\.comfy-test-cache\desktop\ComfyUI\resources\ComfyUI\web_custom_versions\desktop_app

[2026-05-10 03:11:55.527] [info]  Asset seeder disabled

[2026-05-10 03:11:55.528] [info]  [START] ComfyUI-Manager

[2026-05-10 03:11:55.730] [info]  [ComfyUI-Manager] Using GitPython backend

[2026-05-10 03:11:55.798] [info]  [ComfyUI-Manager] network_mode: public

[2026-05-10 03:11:55.809] [info]  [ComfyUI-Manager] The matrix sharing feature has been disabled because the `matrix-nio` dependency is not installed.
	To use this feature, please run the following command:
	C:\Users\runneradmin\Documents\ComfyUI\.venv\Scripts\python.exe -m pip install matrix-nio


[2026-05-10 03:12:03.675] [info]  generated new fontManager

[2026-05-10 03:12:04.593] [info]  loading...
calling register_nodes

[2026-05-10 03:12:04.628] [error] [comfy-env] Version: 0.3.78
[2026-05-10 03:12:04.629] [error] 

[2026-05-10 03:12:06.468] [error] [comfy-env] register_nodes: comfyui-motioncapture
[2026-05-10 03:12:06.470] [error] 

[2026-05-10 03:12:06.473] [error] [comfy-env] ComfyUI source dir: C:\Users\runneradmin\.comfy-test-cache\desktop\ComfyUI\resources\ComfyUI
[2026-05-10 03:12:06.474] [error] 

[2026-05-10 03:12:06.480] [error] [comfy-env] Scanning nodes metadata (isolation root)...
[2026-05-10 03:12:06.482] [error] 

[2026-05-10 03:12:23.584] [error] [comfy-env] Scanned nodes: 22 nodes (17.1s)
[2026-05-10 03:12:23.586] [error] 

[2026-05-10 03:12:23.587] [error] [comfy-env] Scanned nodes root: 22 nodes (17.1s)
[2026-05-10 03:12:23.589] [error] 

[2026-05-10 03:12:23.590] [error] [comfy-env] Imported nodes root: 22 nodes (isolation)
[2026-05-10 03:12:23.591] [error] 

[2026-05-10 03:12:23.593] [error] [comfy-env] Registered 22 total nodes
[2026-05-10 03:12:23.594] [error] 

[2026-05-10 03:12:23.860] [info]  
Import times for custom nodes:
   0.0 seconds: C:\Users\runneradmin\.comfy-test-cache\desktop\ComfyUI\resources\ComfyUI\custom_nodes\websocket_image_save.py

[2026-05-10 03:12:23.862] [info]     0.0 seconds: C:\Users\runneradmin\Documents\ComfyUI\custom_nodes\ComfyUI-CameraPack
   0.3 seconds: C:\Users\runneradmin\Documents\ComfyUI\custom_nodes\ComfyUI-VideoHelperSuite
   6.2 seconds: C:\Users\runneradmin\Documents\ComfyUI\custom_nodes\ComfyUI-HyMotion
  19.0 seconds: C:\Users\runneradmin\Documents\ComfyUI\custom_nodes\comfyui-motioncapture


[2026-05-10 03:12:23.892] [info]  Context impl SQLiteImpl.

[2026-05-10 03:12:23.893] [info]  Will assume non-transactional DDL.

[2026-05-10 03:12:24.104] [info]  Starting server


[2026-05-10 03:12:24.106] [info]  To see the GUI go to: http://127.0.0.1:8000

[2026-05-10 03:12:31.104] [info]  [ComfyUI-Manager] The ComfyRegistry cache update is still in progress, so an outdated cache is being used.

[2026-05-10 03:12:31.221] [info]  FETCH DATA from: C:\Users\runneradmin\Documents\ComfyUI\.venv\Lib\site-packages\comfyui_manager\custom-node-list.json
[2026-05-10 03:12:31.251] [info]   [DONE]

[2026-05-10 03:12:31.438] [info]  [DEPRECATION WARNING] Detected import of deprecated legacy API: /extensions/core/widgetInputs.js. This is likely caused by a custom node extension using outdated APIs. Please update your extensions or contact the extension author for an updated version.

[2026-05-10 03:12:36.651] [info]  [ComfyUI-Manager] The ComfyRegistry cache update is still in progress, so an outdated cache is being used.

[2026-05-10 03:12:36.758] [info]  FETCH DATA from: C:\Users\runneradmin\Documents\ComfyUI\.venv\Lib\site-packages\comfyui_manager\custom-node-list.json
[2026-05-10 03:12:36.785] [info]   [DONE]

[2026-05-10 03:12:55.273] [info]  got prompt

[2026-05-10 03:12:55.301] [info]  [comfyui-motioncapture] python: C:\Users\runneradmin\Documents\ComfyUI\.ce\.pixi\envs\motioncapture-nodes\python.exe
[2026-05-10 03:12:55.303] [info]  

[2026-05-10 03:12:55.304] [info]  [comfyui-motioncapture] sys_path sent to worker: ['C:\\Users\\runneradmin\\.comfy-test-cache\\desktop\\ComfyUI\\resources\\ComfyUI', 'C:\\Users\\runneradmin\\Documents\\ComfyUI\\custom_nodes\\comfyui-motioncapture', 'C:\\Users\\runneradmin\\Documents\\ComfyUI\\.ce\\.pixi\\envs\\motioncapture-nodes\\Lib\\site-packages', 'C:\\Users\\runneradmin\\Documents\\ComfyUI\\custom_nodes\\comfyui-motioncapture']

[2026-05-10 03:13:00.363] [error] [worker:comfyui-motioncapture] INFO: [GVHMRInference] DPVO not installed - only SimpleVO will be available

[2026-05-10 03:13:00.370] [error] [05/10 03:13:00][INFO] [GVHMRInference] DPVO not installed - only SimpleVO will be available

[2026-05-10 03:13:00.942] [error] [worker:comfyui-motioncapture] INFO: Selected: C:\Users\runneradmin\Documents\ComfyUI\input\smpl_params_example.npz

[2026-05-10 03:13:00.946] [error] [05/10 03:13:00][INFO] Selected: C:\Users\runneradmin\Documents\ComfyUI\input\smpl_params_example.npz

[2026-05-10 03:13:00.979] [info]  [HY-Motion] NPZ to SMPL_PARAMS: loaded C:\Users\runneradmin\Documents\ComfyUI\input\smpl_params_example.npz

[2026-05-10 03:13:00.982] [info]  [HY-Motion]   keys: ['body_pose', 'betas', 'global_orient', 'transl', 'global_orient_incam', 'transl_incam', 'R_cam2world', 't_cam2world', 'K_fullimg', 'img_width', 'img_height']

[2026-05-10 03:13:01.049] [info]  [HY-Motion] Input has 22 joints. Auto-padding to reach 52 joints (SMPL-H).
[2026-05-10 03:13:01.051] [info]  

[2026-05-10 03:13:01.054] [info]  [HY-Motion] Padded poses shape: torch.Size([1, 551, 52, 3])

[2026-05-10 03:13:01.096] [info]  [HY-Motion] Auto-calculated duration: 18.37s (551 frames @ 30.0 FPS)

[2026-05-10 03:13:01.154] [info]  [HY-Motion] Loading 3D body model for converter preview...
[2026-05-10 03:13:01.155] [info]  

[2026-05-10 03:13:01.165] [info]  [WoodenMesh] Loaded model: 24256 vertices, 52 joints

[2026-05-10 03:13:10.176] [info]  [HY-Motion] Successfully converted 551 frames (52 joints) from SMPL to HY-Motion format (Batch: 1).

[2026-05-10 03:13:10.306] [info]  [HYMotionRetargetFBX] Retargeting batch 0/1 (Native In-Memory)...

[2026-05-10 03:13:10.308] [info]  [Retarget] NPZ Detect: Keypoints are already animated (Travel=4.32m). Skipping Transl addition.

[2026-05-10 03:13:10.468] [info]  Using full 52-joint 'poses' from NPZ...
[2026-05-10 03:13:10.469] [info]  

[2026-05-10 03:13:17.786] [info]  [HY-Motion] Loading FBX for retargeting: C:\Users\runneradmin\Documents\ComfyUI\input\3d/mixamo.fbx

[2026-05-10 03:13:17.897] [info]  Using hardcoded bone mappings (no JSON file needed)

[2026-05-10 03:13:17.900] [info]  [Retarget] load_bone_mapping: Found 62 matches via semantic names.

[2026-05-10 03:13:17.901] [info]  [Retarget] Found target root via name 'hips': mixamorig:Hips
[Retarget] Starting Structural BFS Matching from Pelvis -> mixamorig:Hips...
[Retarget] Structural BFS Matching complete. Total matches: 62
[Retarget] Final load_bone_mapping: Found 62 total matches.
Retargeting Animation...
[Retarget] Applying Neutral Finger pre-pass (Source)...

[2026-05-10 03:13:17.907] [info]  
[Retarget] Bone Mapping Results:
  Total: 52 bones mapped
[2026-05-10 03:13:17.908] [info]  
  - Head -> mixamorig:Head
  - Pelvis -> mixamorig:Hips
  - L_Shoulder -> mixamorig:LeftArm
  - L_Ankle -> mixamorig:LeftFoot
  - L_Elbow -> mixamorig:LeftForeArm
  - L_Wrist -> mixamorig:LeftHand
  - L_Index1 -> mixamorig:LeftHandIndex1
  - L_Index2 -> mixamorig:LeftHandIndex2
  - L_Index3 -> mixamorig:LeftHandIndex3
  - L_Middle1 -> mixamorig:LeftHandMiddle1
  - L_Middle2 -> mixamorig:LeftHandMiddle2
  - L_Middle3 -> mixamorig:LeftHandMiddle3
  - L_Pinky1 -> mixamorig:LeftHandPinky1
  - L_Pinky2 -> mixamorig:LeftHandPinky2
  - L_Pinky3 -> mixamorig:LeftHandPinky3
  - L_Ring1 -> mixamorig:LeftHandRing1
  - L_Ring2 -> mixamorig:LeftHandRing2
  - L_Ring3 -> mixamorig:LeftHandRing3
  - L_Thumb1 -> mixamorig:LeftHandThumb1
  - L_Thumb2 -> mixamorig:LeftHandThumb2
  - L_Thumb3 -> mixamorig:LeftHandThumb3
  - L_Knee -> mixamorig:LeftLeg
  - L_Collar -> mixamorig:LeftShoulder
[2026-05-10 03:13:17.909] [info]  
  - L_Foot -> mixamorig:LeftToeBase
  - L_Hip -> mixamorig:LeftUpLeg
  - Neck -> mixamorig:Neck
  - R_Shoulder -> mixamorig:RightArm
  - R_Ankle -> mixamorig:RightFoot
  - R_Elbow -> mixamorig:RightForeArm
  - R_Wrist -> mixamorig:RightHand
  - R_Index1 -> mixamorig:RightHandIndex1
  - R_Index2 -> mixamorig:RightHandIndex2
  - R_Index3 -> mixamorig:RightHandIndex3
  - R_Middle1 -> mixamorig:RightHandMiddle1

[2026-05-10 03:13:17.910] [info]    - R_Middle2 -> mixamorig:RightHandMiddle2
  - R_Middle3 -> mixamorig:RightHandMiddle3
  - R_Pinky1 -> mixamorig:RightHandPinky1
  - R_Pinky2 -> mixamorig:RightHandPinky2
  - R_Pinky3 -> mixamorig:RightHandPinky3
  - R_Ring1 -> mixamorig:RightHandRing1
  - R_Ring2 -> mixamorig:RightHandRing2
  - R_Ring3 -> mixamorig:RightHandRing3
  - R_Thumb1 -> mixamorig:RightHandThumb1
  - R_Thumb2 -> mixamorig:RightHandThumb2
  - R_Thumb3 -> mixamorig:RightHandThumb3
  - R_Knee -> mixamorig:RightLeg
  - R_Collar -> mixamorig:RightShoulder
[2026-05-10 03:13:17.911] [info]  
  - R_Foot -> mixamorig:RightToeBase
  - R_Hip -> mixamorig:RightUpLeg
  - Spine1 -> mixamorig:Spine
  - Spine2 -> mixamorig:Spine1
  - Spine3 -> mixamorig:Spine2

[2026-05-10 03:13:17.912] [info]  [Retarget] Using Automatic Base Scale: 100.0000 (Meters to CM)
[Retarget] Applying Auto-Stride: Final Scale 94.1349 (Anatomical Ratio 0.9413)
[INFO] Height Check - Source: 165.49cm, Target: 155.78cm
[INFO] Final Retargeting Scale: 94.1349

[2026-05-10 03:13:17.914] [info]  [Retarget] Computed Alignment Matrix (Euler XYZ): [-1.76378096  0.03494695  1.13493838]

[2026-05-10 03:13:18.395] [info]  [Retarget] Identified Target Root for Translation: mixamorig:Hips

[2026-05-10 03:13:18.397] [info]  [Retarget] Target rest hip pos: [  0.   104.27   1.55]
[Retarget] Initial hip pos: [ 17.38 104.27  30.34]

[2026-05-10 03:13:22.852] [info]  [Retarget] Configured FBX export with embedded materials

[2026-05-10 03:13:22.962] [info]  [Retarget] Saved FBX to: C:\Users\runneradmin\Documents\ComfyUI\output\hymotion_retarget\retarget_20260510_031310223_b4e824af_000.fbx

[2026-05-10 03:13:22.964] [info]  [HYMotionRetargetFBX] Batch 0 done: retarget_20260510_031310223_b4e824af_000.fbx
[HYMotionRetargetFBX] Successfully retargeted 1 batch item(s)

[2026-05-10 03:13:22.974] [info]  Prompt executed in 27.70 seconds

