[2026-05-18 18:38:49.930] [info]  setup plugin alembic.autogenerate.schemas

[2026-05-18 18:38:49.932] [info]  setup plugin alembic.autogenerate.tables
setup plugin alembic.autogenerate.types
setup plugin alembic.autogenerate.constraints
setup plugin alembic.autogenerate.defaults
setup plugin alembic.autogenerate.comments

[2026-05-18 18:38:50.378] [info]  Adding extra search path custom_nodes C:\Users\stduser\Documents\ComfyUI\custom_nodes
Adding extra search path download_model_base C:\Users\stduser\Documents\ComfyUI\models

[2026-05-18 18:38:50.380] [info]  Adding extra search path custom_nodes C:\Users\stduser\.comfy-test-cache\desktop\ComfyUI\resources\ComfyUI\custom_nodes
Setting output directory to: C:\Users\stduser\Documents\ComfyUI\output
Setting input directory to: C:\Users\stduser\Documents\ComfyUI\input
Setting user directory to: C:\Users\stduser\Documents\ComfyUI\user

[2026-05-18 18:38:51.886] [info]  [START] Security scan
[DONE] Security scan
** ComfyUI startup time: 
[2026-05-18 18:38:51.888] [info]  2026-05-18 18:38:51.885
** Platform: Windows
** Python version: 3.12.11 (main, Aug 18 2025, 19:17:54) [MSC v.1944 64 bit (AMD64)]
** Python executable: C:\Users\stduser\Documents\ComfyUI\.venv\Scripts\python.exe
** ComfyUI Path: C:\Users\stduser\.comfy-test-cache\desktop\ComfyUI\resources\ComfyUI
** ComfyUI Base Folder Path: C:\Users\stduser\.comfy-test-cache\desktop\ComfyUI\resources\ComfyUI

[2026-05-18 18:38:51.889] [info]  ** User directory: 
[2026-05-18 18:38:51.890] [info]  C:\Users\stduser\Documents\ComfyUI\user
** ComfyUI-Manager config path: C:\Users\stduser\Documents\ComfyUI\user\__manager\config.ini
** Log path: C:\Users\stduser\Documents\ComfyUI\user\comfyui.log

[2026-05-18 18:38:53.037] [info]  [ComfyUI-Manager] Skipped fixing the 'comfyui-frontend-package' dependency because the ComfyUI is outdated.

[2026-05-18 18:38:53.039] [info]  [PRE] ComfyUI-Manager

[2026-05-18 18:38:53.391] [error] [comfy-env] comfyui-motioncapture: 1 isolation env(s):
[2026-05-18 18:38:53.393] [error] 
[comfy-env]   nodes -> C:\Users\stduser\Documents\ComfyUI\custom_nodes\comfyui-motioncapture\nodes
[comfy-env] prestartup complete

[2026-05-18 18:38:56.263] [info]  Found comfy_kitchen backend eager: {'available': True, 'disabled': False, 'unavailable_reason': None, 'capabilities': ['apply_rope', 'apply_rope1', 'dequantize_mxfp8', 'dequantize_nvfp4', 'dequantize_per_tensor_fp8', 'quantize_mxfp8', 'quantize_nvfp4', 'quantize_per_tensor_fp8', 'scaled_mm_mxfp8', 'scaled_mm_nvfp4']}

[2026-05-18 18:38:56.265] [info]  Found comfy_kitchen backend cuda: {'available': False, 'disabled': True, 'unavailable_reason': 'CUDA not available on this system', 'capabilities': []}
Found comfy_kitchen backend triton: {'available': False, 'disabled': True, 'unavailable_reason': "ImportError: No module named 'triton'", 'capabilities': []}

[2026-05-18 18:38:56.272] [info]  Checkpoint files will always be loaded safely.

[2026-05-18 18:38:56.292] [info]  Total VRAM 16383 MB, total RAM 16383 MB

[2026-05-18 18:38:56.294] [info]  pytorch version: 2.10.0+cpu
Set vram state to: DISABLED
Device: cpu

[2026-05-18 18:38:56.657] [info]  Using sub quadratic optimization for attention, if you have memory or speed issues try using: --use-split-cross-attention

[2026-05-18 18:38:59.528] [info]  Python version: 3.12.11 (main, Aug 18 2025, 19:17:54) [MSC v.1944 64 bit (AMD64)]

[2026-05-18 18:38:59.529] [info]  ComfyUI version: 0.21.1
comfy-aimdo version: 0.3.0

[2026-05-18 18:38:59.530] [info]  comfy-kitchen version: 0.2.8

[2026-05-18 18:38:59.533] [info]  [Prompt Server] web root: C:\Users\stduser\.comfy-test-cache\desktop\ComfyUI\resources\ComfyUI\web_custom_versions\desktop_app

[2026-05-18 18:38:59.535] [info]  Asset seeder disabled

[2026-05-18 18:38:59.536] [info]  [START] ComfyUI-Manager

[2026-05-18 18:38:59.696] [info]  [ComfyUI-Manager] Using GitPython backend

[2026-05-18 18:38:59.764] [info]  [ComfyUI-Manager] network_mode: public

[2026-05-18 18:38:59.769] [info]  [ComfyUI-Manager] The matrix sharing feature has been disabled because the `matrix-nio` dependency is not installed.
	To use this feature, please run the following command:
	C:\Users\stduser\Documents\ComfyUI\.venv\Scripts\python.exe -m pip install matrix-nio


[2026-05-18 18:39:02.523] [info]  loading...

[2026-05-18 18:39:02.524] [info]  calling register_nodes

[2026-05-18 18:39:02.528] [error] [comfy-env] Version: 0.3.84
[2026-05-18 18:39:02.529] [error] 

[2026-05-18 18:39:03.324] [error] [comfy-env] register_nodes: comfyui-motioncapture
[2026-05-18 18:39:03.325] [error] 

[2026-05-18 18:39:03.328] [error] [comfy-env] ComfyUI source dir: C:\Users\stduser\.comfy-test-cache\desktop\ComfyUI\resources\ComfyUI
[2026-05-18 18:39:03.330] [error] 

[2026-05-18 18:39:03.332] [error] [comfy-env] Scanning nodes metadata (isolation root)...
[2026-05-18 18:39:03.333] [error] 

[2026-05-18 18:39:03.346] [error] [comfy-env] Cache hit for nodes: 22 nodes
[2026-05-18 18:39:03.348] [error] 
[comfy-env] Scanned nodes root: 22 nodes (0.0s)

[2026-05-18 18:39:03.350] [error] [comfy-env] Imported nodes root: 22 nodes (isolation)
[2026-05-18 18:39:03.353] [error] 

[2026-05-18 18:39:03.359] [error] [comfy-env] Registered 22 total nodes
[2026-05-18 18:39:03.361] [error] 

[2026-05-18 18:39:03.485] [info]  
Import times for custom nodes:
   0.0 seconds: C:\Users\stduser\.comfy-test-cache\desktop\ComfyUI\resources\ComfyUI\custom_nodes\websocket_image_save.py
   0.0 seconds: C:\Users\stduser\Documents\ComfyUI\custom_nodes\ComfyUI-CameraPack
   0.1 seconds: C:\Users\stduser\Documents\ComfyUI\custom_nodes\ComfyUI-VideoHelperSuite
   0.8 seconds: C:\Users\stduser\Documents\ComfyUI\custom_nodes\ComfyUI-HyMotion
   0.8 seconds: C:\Users\stduser\Documents\ComfyUI\custom_nodes\comfyui-motioncapture

Context impl SQLiteImpl.
Will assume non-transactional DDL.

[2026-05-18 18:39:03.486] [error] Failed to initialize database. Please ensure you have installed the latest requirements. If the error persists, please report this as in future the database will be required: Could not acquire lock on database 'C:/Users/stduser/Documents/ComfyUI/user/comfyui.db'. Another ComfyUI process may already be using it. Use --database-url to specify a separate database file.

[2026-05-18 18:39:03.569] [info]  Starting server


[2026-05-18 18:39:03.571] [info]  To see the GUI go to: http://127.0.0.1:8001

[2026-05-18 18:39:08.957] [info]  [ComfyUI-Manager] The ComfyRegistry cache update is still in progress, so an outdated cache is being used.

[2026-05-18 18:39:09.051] [info]  FETCH DATA from: C:\Users\stduser\Documents\ComfyUI\.venv\Lib\site-packages\comfyui_manager\custom-node-list.json
[2026-05-18 18:39:09.074] [info]   [DONE]
[2026-05-18 18:39:09.076] [info]  

[2026-05-18 18:39:11.631] [info]  [DEPRECATION WARNING] Detected import of deprecated legacy API: /extensions/core/widgetInputs.js. This is likely caused by a custom node extension using outdated APIs. Please update your extensions or contact the extension author for an updated version.

[2026-05-18 18:39:15.362] [info]  [ComfyUI-Manager] The ComfyRegistry cache update is still in progress, so an outdated cache is being used.

[2026-05-18 18:39:15.461] [info]  FETCH DATA from: C:\Users\stduser\Documents\ComfyUI\.venv\Lib\site-packages\comfyui_manager\custom-node-list.json
[2026-05-18 18:39:15.484] [info]   [DONE]

[2026-05-18 18:39:36.492] [info]  got prompt

[2026-05-18 18:39:36.515] [info]  [comfyui-motioncapture] python: C:\ce\.pixi\envs\motioncapture-nodes\python.exe
[2026-05-18 18:39:36.517] [info]  
[comfyui-motioncapture] sys_path sent to worker: ['C:\\Users\\stduser\\.comfy-test-cache\\desktop\\ComfyUI\\resources\\ComfyUI', 'C:\\Users\\stduser\\Documents\\ComfyUI\\custom_nodes\\comfyui-motioncapture', 'C:\\ce\\.pixi\\envs\\motioncapture-nodes\\Lib\\site-packages', 'C:\\Users\\stduser\\Documents\\ComfyUI\\custom_nodes\\comfyui-motioncapture']

[2026-05-18 18:39:39.562] [error] [worker:comfyui-motioncapture] ERROR: Failed to import comfy_kitchen, Error: No module named 'comfy_kitchen', fp8 and fp4 support will not be available.

[2026-05-18 18:39:40.501] [error] [worker:comfyui-motioncapture] INFO: [GVHMRInference] DPVO not installed - only SimpleVO will be available

[2026-05-18 18:39:40.509] [error] [05/18 18:39:40][INFO] [GVHMRInference] DPVO not installed - only SimpleVO will be available

[2026-05-18 18:39:41.232] [error] [worker:comfyui-motioncapture] INFO: Selected: C:\Users\stduser\Documents\ComfyUI\input\smpl_params_tennis.npz

[2026-05-18 18:39:41.254] [error] [05/18 18:39:41][INFO] Selected: C:\Users\stduser\Documents\ComfyUI\input\smpl_params_tennis.npz

[2026-05-18 18:39:41.306] [error] [comfyui-motioncapture] Health check: ping (timeout=5.0s)...
[2026-05-18 18:39:41.309] [error] 

[2026-05-18 18:39:41.315] [error] [comfyui-motioncapture] Health check: ok

[2026-05-18 18:39:41.500] [error] [worker:comfyui-motioncapture] INFO: [SMPLtoBVH] Converting SMPL to BVH format...

[2026-05-18 18:39:41.521] [error] [05/18 18:39:41][INFO] [SMPLtoBVH] Converting SMPL to BVH format...

[2026-05-18 18:39:41.524] [error] [worker:comfyui-motioncapture] INFO: [SMPLtoBVH] Loading SMPL parameters from: C:\Users\stduser\Documents\ComfyUI\input\smpl_params_tennis.npz

[2026-05-18 18:39:41.531] [error] [05/18 18:39:41][INFO] [SMPLtoBVH] Loading SMPL parameters from: C:\Users\stduser\Documents\ComfyUI\input\smpl_params_tennis.npz

[2026-05-18 18:39:41.533] [error] [worker:comfyui-motioncapture] INFO: [SMPLtoBVH] Detected 21-joint SMPL variant (63 parameters)

[2026-05-18 18:39:41.540] [error] [05/18 18:39:41][INFO] [SMPLtoBVH] Detected 21-joint SMPL variant (63 parameters)

[2026-05-18 18:39:41.541] [error] [worker:comfyui-motioncapture] INFO: [SMPLtoBVH] Using 21-joint skeleton (GVHMR variant, no hands)

[2026-05-18 18:39:41.563] [error] [05/18 18:39:41][INFO] [SMPLtoBVH] Using 21-joint skeleton (GVHMR variant, no hands)

[2026-05-18 18:39:42.228] [error] [worker:comfyui-motioncapture] INFO: [SMPLtoBVH] Rotation ranges (degrees):

[2026-05-18 18:39:42.253] [error] [05/18 18:39:42][INFO] [SMPLtoBVH] Rotation ranges (degrees):

[2026-05-18 18:39:42.254] [error] [worker:comfyui-motioncapture] INFO:   Z: [-174.0, 169.8]

[2026-05-18 18:39:42.276] [error] [05/18 18:39:42][INFO]   Z: [-174.0, 169.8]

[2026-05-18 18:39:42.277] [error] [worker:comfyui-motioncapture] INFO:   X: [-73.5, 88.9]

[2026-05-18 18:39:42.298] [error] [05/18 18:39:42][INFO]   X: [-73.5, 88.9]

[2026-05-18 18:39:42.299] [error] [worker:comfyui-motioncapture] INFO:   Y: [-179.7, 177.9]

[2026-05-18 18:39:42.321] [error] [05/18 18:39:42][INFO]   Y: [-179.7, 177.9]

[2026-05-18 18:39:42.348] [error] [worker:comfyui-motioncapture] INFO: [SMPLtoBVH] Converted 312 frames to C:\Users\stduser\Documents\ComfyUI\output\output\motion.bvh

[2026-05-18 18:39:42.369] [error] [05/18 18:39:42][INFO] [SMPLtoBVH] Converted 312 frames to C:\Users\stduser\Documents\ComfyUI\output\output\motion.bvh

[2026-05-18 18:39:42.444] [error] [comfyui-motioncapture] Health check: ping (timeout=5.0s)...
[2026-05-18 18:39:42.447] [error] 

[2026-05-18 18:39:42.464] [error] [comfyui-motioncapture] Health check: ok

[2026-05-18 18:39:42.726] [error] [worker:comfyui-motioncapture] INFO: [BVHViewer] Loading BVH for visualization...
[2026-05-18 18:39:42.729] [error] 

[2026-05-18 18:39:42.733] [error] [05/18 18:39:42][INFO] [BVHViewer] Loading BVH for visualization...

[2026-05-18 18:39:42.735] [error] [worker:comfyui-motioncapture] INFO: [BVHViewer DEBUG] BVH file path: C:\Users\stduser\Documents\ComfyUI\output\output\motion.bvh

[2026-05-18 18:39:42.758] [error] [05/18 18:39:42][INFO] [BVHViewer DEBUG] BVH file path: C:\Users\stduser\Documents\ComfyUI\output\output\motion.bvh

[2026-05-18 18:39:42.760] [error] [worker:comfyui-motioncapture] INFO: [BVHViewer DEBUG] Num frames: 312, FPS: 30

[2026-05-18 18:39:42.768] [error] [05/18 18:39:42][INFO] [BVHViewer DEBUG] Num frames: 312, FPS: 30

[2026-05-18 18:39:42.769] [error] [worker:comfyui-motioncapture] INFO: [BVHViewer DEBUG] File exists: True

[2026-05-18 18:39:42.792] [error] [05/18 18:39:42][INFO] [BVHViewer DEBUG] File exists: True

[2026-05-18 18:39:42.793] [error] [worker:comfyui-motioncapture] INFO: [BVHViewer DEBUG] BVH content length: 214444 bytes

[2026-05-18 18:39:42.800] [error] [05/18 18:39:42][INFO] [BVHViewer DEBUG] BVH content length: 214444 bytes

[2026-05-18 18:39:42.801] [error] [worker:comfyui-motioncapture] INFO: [BVHViewer DEBUG] First 200 chars: HIERARCHY
ROOT Pelvis
{
  OFFSET 0.000000 0.000000 0.000000
  CHANNELS 6 Xposition Yposition Zposition Zrotation Xrotation Yrotation
  JOINT L_Hip
  {
    OFFSET 0.100000 -0.040000 0.000000
    CHANNE

[2026-05-18 18:39:42.823] [error] [05/18 18:39:42][INFO] [BVHViewer DEBUG] First 200 chars: HIERARCHY
ROOT Pelvis
{
  OFFSET 0.000000 0.000000 0.000000
  CHANNELS 6 Xposition Yposition Zposition Zrotation Xrotation Yrotation
  JOINT L_Hip
  {
    OFFSET 0.100000 -0.040000 0.000000
    CHANNE

[2026-05-18 18:39:42.825] [error] [worker:comfyui-motioncapture] INFO: [BVHViewer DEBUG] Stored bvh_content (214444 bytes) and bvh_info for frontend

[2026-05-18 18:39:42.846] [error] [05/18 18:39:42][INFO] [BVHViewer DEBUG] Stored bvh_content (214444 bytes) and bvh_info for frontend

[2026-05-18 18:39:42.847] [error] [worker:comfyui-motioncapture] INFO: [BVHViewer DEBUG] bvh_info: {'num_frames': 312, 'fps': 30, 'file_path': 'C:\\Users\\stduser\\Documents\\ComfyUI\\output\\output\\motion.bvh'}

[2026-05-18 18:39:42.869] [error] [05/18 18:39:42][INFO] [BVHViewer DEBUG] bvh_info: {'num_frames': 312, 'fps': 30, 'file_path': 'C:\\Users\\stduser\\Documents\\ComfyUI\\output\\output\\motion.bvh'}

[2026-05-18 18:39:42.870] [error] [worker:comfyui-motioncapture] INFO: [BVHViewer] Loaded BVH with 312 frames

[2026-05-18 18:39:42.877] [error] [05/18 18:39:42][INFO] [BVHViewer] Loaded BVH with 312 frames

[2026-05-18 18:39:42.948] [info]  Prompt executed in 6.45 seconds

