[2026-05-11 09:23:27.803] [info]  setup plugin alembic.autogenerate.schemas
setup plugin alembic.autogenerate.tables

[2026-05-11 09:23:27.805] [info]  setup plugin alembic.autogenerate.types
setup plugin alembic.autogenerate.constraints
setup plugin alembic.autogenerate.defaults
setup plugin alembic.autogenerate.comments

[2026-05-11 09:23:28.905] [info]  Adding extra search path custom_nodes C:\Users\runneradmin\Documents\ComfyUI\custom_nodes
Adding extra search path download_model_base C:\Users\runneradmin\Documents\ComfyUI\models

[2026-05-11 09:23:28.906] [info]  Adding extra search path custom_nodes C:\Users\runneradmin\.comfy-test-cache\desktop\ComfyUI\resources\ComfyUI\custom_nodes
Setting output directory to: C:\Users\runneradmin\Documents\ComfyUI\output
Setting input directory to: C:\Users\runneradmin\Documents\ComfyUI\input
Setting user directory to: C:\Users\runneradmin\Documents\ComfyUI\user

[2026-05-11 09:23:31.598] [info]  [START] Security scan
[DONE] Security scan
** ComfyUI startup time: 2026-05-11 09:23:31.599
[2026-05-11 09:23:31.600] [info]  
** Platform: Windows
** Python version: 3.12.11 (main, Aug 18 2025, 19:17:54) [MSC v.1944 64 bit (AMD64)]
** Python executable: C:\Users\runneradmin\Documents\ComfyUI\.venv\Scripts\python.exe
** ComfyUI Path: C:\Users\runneradmin\.comfy-test-cache\desktop\ComfyUI\resources\ComfyUI
** ComfyUI Base Folder Path: C:\Users\runneradmin\.comfy-test-cache\desktop\ComfyUI\resources\ComfyUI

[2026-05-11 09:23:31.602] [info]  ** User directory: C:\Users\runneradmin\Documents\ComfyUI\user
[2026-05-11 09:23:31.603] [info]  
** ComfyUI-Manager config path: C:\Users\runneradmin\Documents\ComfyUI\user\__manager\config.ini
** Log path: C:\Users\runneradmin\Documents\ComfyUI\user\comfyui.log

[2026-05-11 09:23:32.592] [info]  [ComfyUI-Manager] Skipped fixing the 'comfyui-frontend-package' dependency because the ComfyUI is outdated.

[2026-05-11 09:23:32.595] [info]  [PRE] ComfyUI-Manager

[2026-05-11 09:23:43.993] [info]  Found comfy_kitchen backend triton: {'available': False, 'disabled': True, 'unavailable_reason': "ImportError: No module named 'triton'", 'capabilities': []}

[2026-05-11 09:23:43.995] [info]  Found comfy_kitchen backend eager: {'available': True, 'disabled': False, 'unavailable_reason': None, 'capabilities': ['apply_rope', 'apply_rope1', 'dequantize_mxfp8', 'dequantize_nvfp4', 'dequantize_per_tensor_fp8', 'quantize_mxfp8', 'quantize_nvfp4', 'quantize_per_tensor_fp8', 'scaled_mm_mxfp8', 'scaled_mm_nvfp4']}
Found comfy_kitchen backend cuda: {'available': False, 'disabled': True, 'unavailable_reason': 'CUDA not available on this system', 'capabilities': []}

[2026-05-11 09:23:44.088] [info]  Checkpoint files will always be loaded safely.

[2026-05-11 09:23:44.254] [info]  Total VRAM 16379 MB, total RAM 16379 MB

[2026-05-11 09:23:44.255] [info]  pytorch version: 2.10.0+cpu
Set vram state to: DISABLED
Device: cpu

[2026-05-11 09:23:47.435] [info]  Using sub quadratic optimization for attention, if you have memory or speed issues try using: --use-split-cross-attention

[2026-05-11 09:23:57.710] [info]  Python version: 3.12.11 (main, Aug 18 2025, 19:17:54) [MSC v.1944 64 bit (AMD64)]

[2026-05-11 09:23:57.711] [info]  ComfyUI version: 0.20.1
comfy-aimdo version: 0.2.14

[2026-05-11 09:23:57.713] [info]  comfy-kitchen version: 0.2.8

[2026-05-11 09:23:57.714] [info]  [Prompt Server] web root: C:\Users\runneradmin\.comfy-test-cache\desktop\ComfyUI\resources\ComfyUI\web_custom_versions\desktop_app

[2026-05-11 09:23:57.716] [info]  Asset seeder disabled

[2026-05-11 09:23:57.717] [info]  [START] ComfyUI-Manager

[2026-05-11 09:23:58.209] [info]  [ComfyUI-Manager] Using GitPython backend

[2026-05-11 09:23:58.315] [info]  [ComfyUI-Manager] network_mode: public

[2026-05-11 09:23:58.325] [info]  [ComfyUI-Manager] The matrix sharing feature has been disabled because the `matrix-nio` dependency is not installed.
	To use this feature, please run the following command:
	C:\Users\runneradmin\Documents\ComfyUI\.venv\Scripts\python.exe -m pip install matrix-nio


[2026-05-11 09:24:04.142] [info]  
Import times for custom nodes:

[2026-05-11 09:24:04.144] [info]     0.0 seconds: C:\Users\runneradmin\.comfy-test-cache\desktop\ComfyUI\resources\ComfyUI\custom_nodes\websocket_image_save.py


[2026-05-11 09:24:04.158] [info]  Context impl SQLiteImpl.

[2026-05-11 09:24:04.159] [info]  Will assume non-transactional DDL.

[2026-05-11 09:24:04.182] [info]  Context impl SQLiteImpl.

[2026-05-11 09:24:04.183] [info]  Will assume non-transactional DDL.

[2026-05-11 09:24:04.221] [info]  Running upgrade  -> 0001_assets, Initial assets schema
Revision ID: 0001_assets
Revises: None
Create Date: 2025-12-10 00:00:00

[2026-05-11 09:24:05.037] [info]  Running upgrade 0001_assets -> 0002_merge_to_asset_references, Merge AssetInfo and AssetCacheState into unified asset_references table.

[2026-05-11 09:24:05.681] [info]  Running upgrade 0002_merge_to_asset_references -> 0003_add_metadata_job_id, Add system_metadata and job_id columns to asset_references.
Change preview_id FK from assets.id to asset_references.id.

[2026-05-11 09:24:05.811] [info]  Database upgraded from None to 0003_add_metadata_job_id

[2026-05-11 09:24:05.913] [info]  Starting server


[2026-05-11 09:24:05.914] [info]  To see the GUI go to: http://127.0.0.1:8000

[2026-05-11 09:25:27.879] [info]  FETCH ComfyRegistry Data [DONE]

[2026-05-11 09:25:28.155] [info]  [ComfyUI-Manager] default cache updated: https://api.comfy.org/nodes

[2026-05-11 09:25:28.190] [info]  FETCH DATA from: C:\Users\runneradmin\Documents\ComfyUI\user\__manager\cache\1514988643_custom-node-list.json
[2026-05-11 09:25:28.204] [info]   [DONE]

[2026-05-11 09:25:28.263] [info]  [ComfyUI-Manager] All startup tasks have been completed.

[2026-05-11 09:25:55.881] [info]  [ComfyUI-Manager] The ComfyRegistry cache update is still in progress, so an outdated cache is being used.

[2026-05-11 09:25:57.124] [error]   0%|          | 0.00/15.7M [00:00<?, ?B/s]
[2026-05-11 09:25:57.223] [error]  41%|████      | 6.42M/15.7M [00:00<00:00, 64.2MB/s]
[2026-05-11 09:25:57.357] [error]  82%|████████▏ | 12.8M/15.7M [00:00<00:00, 53.5MB/s]
[2026-05-11 09:25:57.372] [error] 100%|██████████| 15.7M/15.7M [00:00<00:00, 63.4MB/s]
[2026-05-11 09:25:57.373] [error] 

[2026-05-11 09:25:57.581] [info]  Extracted zip file to C:\Users\runneradmin\Documents\ComfyUI\custom_nodes\comfyui-motioncapture

[2026-05-11 09:25:57.598] [info]  Install: pip packages
[2026-05-11 09:25:57.600] [info]  

[2026-05-11 09:25:58.659] [info]  [ComfyUI-Manager] Skipped fixing the 'comfyui-frontend-package' dependency because the ComfyUI is outdated.

[2026-05-11 09:25:58.663] [info]  Install: install script

[2026-05-11 09:26:03.158] [info]  
After restarting ComfyUI, please refresh the browser.

[2026-05-11 09:26:03.927] [info]  
Restarting... [Legacy Mode]


Command: ['"C:\\Users\\runneradmin\\Documents\\ComfyUI\\.venv\\Scripts\\python.exe"', '"C:\\Users\\runneradmin\\.comfy-test-cache\\desktop\\ComfyUI\\resources\\ComfyUI\\main.py"', '--user-directory', 'C:\\Users\\runneradmin\\Documents\\ComfyUI\\user', '--input-directory', 'C:\\Users\\runneradmin\\Documents\\ComfyUI\\input', '--output-directory', 'C:\\Users\\runneradmin\\Documents\\ComfyUI\\output', '--front-end-root', 'C:\\Users\\runneradmin\\.comfy-test-cache\\desktop\\ComfyUI\\resources\\ComfyUI\\web_custom_versions\\desktop_app', '--base-directory', 'C:\\Users\\runneradmin\\Documents\\ComfyUI', '--database-url', 'sqlite:///C:/Users/runneradmin/Documents/ComfyUI/user/comfyui.db', '--extra-model-paths-config', 'C:\\Users\\runneradmin\\AppData\\Roaming\\ComfyUI\\extra_models_config.yaml', '--log-stdout', '--listen', '127.0.0.1', '--port', '8000', '--enable-manager', '--cpu']

[2026-05-11 09:26:04.621] [info]  setup plugin alembic.autogenerate.schemas
setup plugin alembic.autogenerate.tables
setup plugin alembic.autogenerate.types
setup plugin alembic.autogenerate.constraints
setup plugin alembic.autogenerate.defaults
setup plugin alembic.autogenerate.comments

[2026-05-11 09:26:05.058] [info]  Adding extra search path custom_nodes C:\Users\runneradmin\Documents\ComfyUI\custom_nodes
Adding extra search path download_model_base C:\Users\runneradmin\Documents\ComfyUI\models
Adding extra search path custom_nodes C:\Users\runneradmin\.comfy-test-cache\desktop\ComfyUI\resources\ComfyUI\custom_nodes

[2026-05-11 09:26:05.060] [info]  Setting output directory to: C:\Users\runneradmin\Documents\ComfyUI\output
Setting input directory to: C:\Users\runneradmin\Documents\ComfyUI\input
Setting user directory to: C:\Users\runneradmin\Documents\ComfyUI\user

[2026-05-11 09:26:06.507] [info]  [START] Security scan
[DONE] Security scan
** ComfyUI startup time: 2026-05-11 09:26:06.507

[2026-05-11 09:26:06.509] [info]  ** Platform: Windows
** Python version: 3.12.11 (main, Aug 18 2025, 19:17:54) [MSC v.1944 64 bit (AMD64)]
** Python executable: C:\Users\runneradmin\Documents\ComfyUI\.venv\Scripts\python.exe
** ComfyUI Path: C:\Users\runneradmin\.comfy-test-cache\desktop\ComfyUI\resources\ComfyUI
** ComfyUI Base Folder Path: C:\Users\runneradmin\.comfy-test-cache\desktop\ComfyUI\resources\ComfyUI

[2026-05-11 09:26:06.511] [info]  ** User directory: C:\Users\runneradmin\Documents\ComfyUI\user
[2026-05-11 09:26:06.512] [info]  
** ComfyUI-Manager config path: C:\Users\runneradmin\Documents\ComfyUI\user\__manager\config.ini
** Log path: C:\Users\runneradmin\Documents\ComfyUI\user\comfyui.log

[2026-05-11 09:26:07.030] [info]  
#######################################################################
[ComfyUI-Manager] Starting dependency installation/(de)activation for the extension


[2026-05-11 09:26:07.032] [info]  
## ComfyUI-Manager: EXECUTE => ['C:\\Users\\runneradmin\\Documents\\ComfyUI\\.venv\\Scripts\\python.exe', '-m', 'pip', 'install', 'comfy-env==0.3.83']

## Execute management script for 'C:\Users\runneradmin\Documents\ComfyUI\custom_nodes\comfyui-motioncapture'

[2026-05-11 09:26:08.930] [info]   Collecting comfy-env==0.3.83

[2026-05-11 09:26:08.958] [info]     Downloading comfy_env-0.3.83-py3-none-any.whl.metadata (7.5 kB)

[2026-05-11 09:26:08.989] [info]   
[2026-05-11 09:26:08.990] [info]   
[2026-05-11 09:26:09.068] [info]   Collecting pre-commit (from comfy-env==0.3.83)

[2026-05-11 09:26:09.073] [info]     Downloading pre_commit-4.6.0-py2.py3-none-any.whl.metadata (1.2 kB)

[2026-05-11 09:26:09.102] [info]   
[2026-05-11 09:26:09.132] [info]   Collecting tomli-w>=1.0.0 (from comfy-env==0.3.83)

[2026-05-11 09:26:09.137] [info]     Downloading tomli_w-1.2.0-py3-none-any.whl.metadata (5.7 kB)

[2026-05-11 09:26:09.195] [info]   Collecting tomli>=2.0.0 (from comfy-env==0.3.83)

[2026-05-11 09:26:09.197] [info]     Using cached tomli-2.4.1-cp312-cp312-win_amd64.whl.metadata (10 kB)

[2026-05-11 09:26:09.202] [info]   
[2026-05-11 09:26:09.236] [info]   Collecting cfgv>=2.0.0 (from pre-commit->comfy-env==0.3.83)

[2026-05-11 09:26:09.240] [info]     Downloading cfgv-3.5.0-py2.py3-none-any.whl.metadata (8.9 kB)

[2026-05-11 09:26:09.340] [info]   Collecting identify>=1.0.0 (from pre-commit->comfy-env==0.3.83)

[2026-05-11 09:26:09.345] [info]     Downloading identify-2.6.19-py2.py3-none-any.whl.metadata (4.4 kB)

[2026-05-11 09:26:09.406] [info]   Collecting nodeenv>=0.11.1 (from pre-commit->comfy-env==0.3.83)

[2026-05-11 09:26:09.411] [info]     Downloading nodeenv-1.10.0-py2.py3-none-any.whl.metadata (24 kB)

[2026-05-11 09:26:09.515] [info]   Collecting virtualenv>=20.10.0 (from pre-commit->comfy-env==0.3.83)

[2026-05-11 09:26:09.519] [info]     Downloading virtualenv-21.3.1-py3-none-any.whl.metadata (3.5 kB)

[2026-05-11 09:26:09.587] [info]   Collecting distlib<1,>=0.3.7 (from virtualenv>=20.10.0->pre-commit->comfy-env==0.3.83)

[2026-05-11 09:26:09.592] [info]     Downloading distlib-0.4.0-py2.py3-none-any.whl.metadata (5.2 kB)

[2026-05-11 09:26:09.656] [info]   Collecting filelock<4,>=3.24.2 (from virtualenv>=20.10.0->pre-commit->comfy-env==0.3.83)

[2026-05-11 09:26:09.660] [info]     Downloading filelock-3.29.0-py3-none-any.whl.metadata (2.0 kB)

[2026-05-11 09:26:09.725] [info]   Collecting platformdirs<5,>=3.9.1 (from virtualenv>=20.10.0->pre-commit->comfy-env==0.3.83)

[2026-05-11 09:26:09.730] [info]     Downloading platformdirs-4.9.6-py3-none-any.whl.metadata (4.7 kB)

[2026-05-11 09:26:09.784] [info]   Collecting python-discovery>=1.2.2 (from virtualenv>=20.10.0->pre-commit->comfy-env==0.3.83)

[2026-05-11 09:26:09.788] [info]     Downloading python_discovery-1.3.0-py3-none-any.whl.metadata (5.5 kB)

[2026-05-11 09:26:09.836] [info]   Downloading comfy_env-0.3.83-py3-none-any.whl (122 kB)

[2026-05-11 09:26:09.865] [info]   Using cached tomli-2.4.1-cp312-cp312-win_amd64.whl (108 kB)

[2026-05-11 09:26:09.869] [info]   Downloading tomli_w-1.2.0-py3-none-any.whl (6.7 kB)

[2026-05-11 09:26:09.899] [info]   Downloading pre_commit-4.6.0-py2.py3-none-any.whl (226 kB)

[2026-05-11 09:26:09.930] [info]   Downloading cfgv-3.5.0-py2.py3-none-any.whl (7.4 kB)

[2026-05-11 09:26:09.955] [info]   Downloading identify-2.6.19-py2.py3-none-any.whl (99 kB)

[2026-05-11 09:26:09.981] [info]   Downloading nodeenv-1.10.0-py2.py3-none-any.whl (23 kB)

[2026-05-11 09:26:10.010] [info]   Downloading virtualenv-21.3.1-py3-none-any.whl (7.6 MB)

[2026-05-11 09:26:10.074] [info]      ---------------------------------------- 7.6/7.6 MB 118.3 MB/s eta 0:00:00

[2026-05-11 09:26:10.078] [info]   Downloading distlib-0.4.0-py2.py3-none-any.whl (469 kB)

[2026-05-11 09:26:10.112] [info]   Downloading filelock-3.29.0-py3-none-any.whl (39 kB)

[2026-05-11 09:26:10.139] [info]   Downloading platformdirs-4.9.6-py3-none-any.whl (21 kB)

[2026-05-11 09:26:10.166] [info]   Downloading python_discovery-1.3.0-py3-none-any.whl (33 kB)

[2026-05-11 09:26:10.426] [info]   Installing collected packages: distlib, tomli-w, tomli, platformdirs, nodeenv, identify, filelock, cfgv, python-discovery, virtualenv, pre-commit, comfy-env

[2026-05-11 09:26:10.854] [info]     Attempting uninstall: filelock

[2026-05-11 09:26:10.860] [info]       Found existing installation: filelock 3.20.3

[2026-05-11 09:26:10.864] [info]       Uninstalling filelock-3.20.3:

[2026-05-11 09:26:10.867] [info]         Successfully uninstalled filelock-3.20.3

[2026-05-11 09:26:12.132] [info]   Successfully installed cfgv-3.5.0 comfy-env-0.3.83 distlib-0.4.0 filelock-3.29.0 identify-2.6.19 nodeenv-1.10.0 platformdirs-4.9.6 pre-commit-4.6.0 python-discovery-1.3.0 tomli-2.4.1 tomli-w-1.2.0 virtualenv-21.3.1

[2026-05-11 09:26:12.459] [error] [!]
[2026-05-11 09:26:12.460] [error]  
[!] [notice] A new release of pip is available: 25.0.1 -> 26.1.1
[!] [notice] To update, run: python.exe -m pip install --upgrade pip

[2026-05-11 09:26:12.555] [info]  
## ComfyUI-Manager: EXECUTE => ['C:\\Users\\runneradmin\\Documents\\ComfyUI\\.venv\\Scripts\\python.exe', '-m', 'pip', 'install', 'comfy-3d-viewers==0.2.44']

## Execute management script for 'C:\Users\runneradmin\Documents\ComfyUI\custom_nodes\comfyui-motioncapture'

[2026-05-11 09:26:14.382] [info]   Collecting comfy-3d-viewers==0.2.44

[2026-05-11 09:26:14.397] [info]     Downloading comfy_3d_viewers-0.2.44-py3-none-any.whl.metadata (2.2 kB)

[2026-05-11 09:26:14.430] [info]   Downloading comfy_3d_viewers-0.2.44-py3-none-any.whl (1.3 MB)

[2026-05-11 09:26:14.471] [info]      ---------------------------------------- 1.3/1.3 MB 31.0 MB/s eta 0:00:00

[2026-05-11 09:26:14.801] [info]   Installing collected packages: comfy-3d-viewers

[2026-05-11 09:26:14.990] [info]   Successfully installed comfy-3d-viewers-0.2.44

[2026-05-11 09:26:15.953] [error] [!] 
[2026-05-11 09:26:15.955] [error] 

[2026-05-11 09:26:15.957] [error] [!]
[2026-05-11 09:26:15.958] [error]  [notice] A new release of pip is available: 25.0.1 -> 26.1.1
[!] [notice] To update, run: python.exe -m pip install --upgrade pip

[2026-05-11 09:26:16.215] [info]  
## ComfyUI-Manager: EXECUTE => ['C:\\Users\\runneradmin\\Documents\\ComfyUI\\.venv\\Scripts\\python.exe', 'install.py']

[2026-05-11 09:26:16.217] [info]  
## Execute management script for 'C:\Users\runneradmin\Documents\ComfyUI\custom_nodes\comfyui-motioncapture'

[2026-05-11 09:26:16.825] [info]   [comfy-env] Enabled Windows long path support

[2026-05-11 09:26:16.828] [info]   

[2026-05-11 09:26:16.829] [info]   Installing 3 node dependencies...
   Cloning ComfyUI-VideoHelperSuite...

[2026-05-11 09:26:17.285] [info]     Installing requirements for ComfyUI-VideoHelperSuite...

[2026-05-11 09:26:18.412] [info]     Cloning ComfyUI-CameraPack...

[2026-05-11 09:26:18.760] [info]     Cloning ComfyUI-HyMotion...

[2026-05-11 09:26:23.413] [info]     Installing requirements for ComfyUI-HyMotion...

[2026-05-11 09:26:37.715] [info]     Running install.py for ComfyUI-HyMotion...

[2026-05-11 09:26:37.861] [info]   Using uv for installation...
 Installing fbxsdkpy==2020.1.post2...

[2026-05-11 09:26:37.931] [error] [!] 
[2026-05-11 09:26:37.933] [error] Using Python 3.12.11 environment at: C:\Users\runneradmin\Documents\ComfyUI\.venv

[2026-05-11 09:26:38.988] [error] [!] 
[2026-05-11 09:26:38.989] [error] Resolved 1 package in 1.04s

[2026-05-11 09:26:39.135] [error] [!] 
[2026-05-11 09:26:39.137] [error] Downloading fbxsdkpy (3.3MiB)

[2026-05-11 09:26:39.803] [error] [!] 
[2026-05-11 09:26:39.804] [error]  Downloaded fbxsdkpy
[!] 
[2026-05-11 09:26:39.805] [error] Prepared 1 package in 816ms

[2026-05-11 09:26:39.820] [error] [!]
[2026-05-11 09:26:39.821] [error]  Installed 1 package in 15ms
[!]  + fbxsdkpy==2020.1.post2

[2026-05-11 09:26:39.835] [info]   Installing requirements from C:\Users\runneradmin\Documents\ComfyUI\custom_nodes\ComfyUI-HyMotion\requirements.txt...

[2026-05-11 09:26:39.907] [error] [!]
[2026-05-11 09:26:39.908] [error]  Using Python 3.12.11 environment at: C:\Users\runneradmin\Documents\ComfyUI\.venv

[2026-05-11 09:26:39.919] [error] [!]
[2026-05-11 09:26:39.921] [error]  Audited 15 packages in 13ms

[2026-05-11 09:26:39.941] [info]   
 [requirements] Re-installing main package requirements...

[2026-05-11 09:26:39.942] [info]     Installing requirements for comfyui-motioncapture...

[2026-05-11 09:26:40.010] [error] [!]
[2026-05-11 09:26:40.011] [error]  [comfy-env] pixi not found, downloading...

[2026-05-11 09:26:46.399] [error] [!] 
[2026-05-11 09:26:46.401] [info]   [comfy-env] _discover: scanning C:\Users\runneradmin\Documents\ComfyUI\custom_nodes

[2026-05-11 09:26:46.401] [error] [comfy-env] pixi installed: C:\Users\runneradmin\.pixi\bin\pixi.exe

[2026-05-11 09:26:46.403] [info]   [comfy-env] _discover: ComfyUI-CameraPack: no comfy-env.toml found

[2026-05-11 09:26:46.409] [info]   [comfy-env] _discover: ComfyUI-HyMotion: no comfy-env.toml found

[2026-05-11 09:26:46.412] [info]   [comfy-env] _discover: comfyui-motioncapture -> motioncapture-nodes (custom_nodes\comfyui-motioncapture\nodes\comfy-env.toml)

[2026-05-11 09:26:46.415] [info]   [comfy-env] _discover: ComfyUI-VideoHelperSuite: no comfy-env.toml found

[2026-05-11 09:26:46.416] [info]   [comfy-env] Workspace: C:\ce

[2026-05-11 09:26:46.417] [info]   [comfy-env] ComfyUI: C:\Users\runneradmin\Documents\ComfyUI
 [comfy-env] Found 1 node config(s):
   - motioncapture-nodes <- custom_nodes\comfyui-motioncapture\nodes\comfy-env.toml (python=host)

[2026-05-11 09:26:46.422] [info]   [comfy-env] Bootstrap interpreter has python 3.12 + torch 2.10.0 (cpu). Looking for cuda-only wheels matching cpu/torch2.10/cp312.

[2026-05-11 09:26:48.062] [info]   [comfy-env] GPU: No GPU detected

[2026-05-11 09:26:48.093] [info]   [comfy-env] No CUDA detected -- pinning comfyui torch to CPU index

[2026-05-11 09:26:48.095] [info]   [comfy-env] Desktop app detected: source=C:\Users\runneradmin\.comfy-test-cache\desktop\ComfyUI\resources\ComfyUI, data=C:\Users\runneradmin\Documents\ComfyUI

[2026-05-11 09:26:48.112] [info]   Generated C:\ce\pixi.toml

[2026-05-11 09:26:48.113] [info]   [comfy-env] Patched C:\Users\runneradmin\AppData\Roaming\uv\python\cpython-3.12.11-windows-x86_64-none\Lib\platform.py for conda-forge compat

[2026-05-11 09:26:48.114] [info]   [comfy-env] Installing 1 environment(s):
   - motioncapture-nodes (python=host, 40 pypi deps, 2 cuda wheels)
 [comfy-env] Running `pixi install -e motioncapture-nodes`...

[2026-05-11 09:27:32.561] [info]      WARN Skipped running the post-link scripts because `run-post-link-scripts` = `false`

[2026-05-11 09:27:32.562] [info]     	- Scripts/.librsvg-pre-unlink.bat
   To enable them, run:
   	pixi config set --local run-post-link-scripts insecure
   More info:
   	https://pixi.sh/latest/reference/pixi_configuration/#run-post-link-scripts

[2026-05-11 09:28:22.232] [info]     The motioncapture-nodes environment has been installed.

[2026-05-11 09:28:22.267] [info]   [comfy-env] Recorded install hash f1239a30a1f0 -> C:\ce\install.hash
 [comfy-env] Install log: C:\ce\install.log

[2026-05-11 09:28:22.268] [info]   
 Installation complete!

[2026-05-11 09:28:22.559] [info]  
[ComfyUI-Manager] Startup script completed.
#######################################################################


[2026-05-11 09:28:23.120] [info]  [ComfyUI-Manager] Skipped fixing the 'comfyui-frontend-package' dependency because the ComfyUI is outdated.

[2026-05-11 09:28:23.121] [info]  [ComfyUI-Manager] Restarting to reapply dependency installation.
Command: ['"C:\\Users\\runneradmin\\Documents\\ComfyUI\\.venv\\Scripts\\python.exe"', '"C:\\Users\\runneradmin\\.comfy-test-cache\\desktop\\ComfyUI\\resources\\ComfyUI\\main.py"', '--user-directory', 'C:\\Users\\runneradmin\\Documents\\ComfyUI\\user', '--input-directory', 'C:\\Users\\runneradmin\\Documents\\ComfyUI\\input', '--output-directory', 'C:\\Users\\runneradmin\\Documents\\ComfyUI\\output', '--front-end-root', 'C:\\Users\\runneradmin\\.comfy-test-cache\\desktop\\ComfyUI\\resources\\ComfyUI\\web_custom_versions\\desktop_app', '--base-directory', 'C:\\Users\\runneradmin\\Documents\\ComfyUI', '--database-url', 'sqlite:///C:/Users/runneradmin/Documents/ComfyUI/user/comfyui.db', '--extra-model-paths-config', 'C:\\Users\\runneradmin\\AppData\\Roaming\\ComfyUI\\extra_models_config.yaml', '--log-stdout', '--listen', '127.0.0.1', '--port', '8000', '--enable-manager', '--cpu']
--------------------------------------------------------------------------


[2026-05-11 09:28:23.682] [info]  setup plugin alembic.autogenerate.schemas
setup plugin alembic.autogenerate.tables

[2026-05-11 09:28:23.684] [info]  setup plugin alembic.autogenerate.types
setup plugin alembic.autogenerate.constraints
setup plugin alembic.autogenerate.defaults
setup plugin alembic.autogenerate.comments

[2026-05-11 09:28:24.088] [info]  Adding extra search path custom_nodes C:\Users\runneradmin\Documents\ComfyUI\custom_nodes
Adding extra search path download_model_base C:\Users\runneradmin\Documents\ComfyUI\models
Adding extra search path custom_nodes C:\Users\runneradmin\.comfy-test-cache\desktop\ComfyUI\resources\ComfyUI\custom_nodes

[2026-05-11 09:28:24.090] [info]  Setting output directory to: C:\Users\runneradmin\Documents\ComfyUI\output
Setting input directory to: C:\Users\runneradmin\Documents\ComfyUI\input
Setting user directory to: C:\Users\runneradmin\Documents\ComfyUI\user

[2026-05-11 09:28:25.482] [info]  [START] Security scan
[DONE] Security scan
** ComfyUI startup time: 2026-05-11 09:28:25.482

[2026-05-11 09:28:25.484] [info]  ** Platform: Windows
** Python version: 3.12.11 (main, Aug 18 2025, 19:17:54) [MSC v.1944 64 bit (AMD64)]
** Python executable: C:\Users\runneradmin\Documents\ComfyUI\.venv\Scripts\python.exe
** ComfyUI Path: C:\Users\runneradmin\.comfy-test-cache\desktop\ComfyUI\resources\ComfyUI
** ComfyUI Base Folder Path: C:\Users\runneradmin\.comfy-test-cache\desktop\ComfyUI\resources\ComfyUI

[2026-05-11 09:28:25.486] [info]  ** User directory: 
[2026-05-11 09:28:25.487] [info]  C:\Users\runneradmin\Documents\ComfyUI\user
** ComfyUI-Manager config path: C:\Users\runneradmin\Documents\ComfyUI\user\__manager\config.ini
** Log path: C:\Users\runneradmin\Documents\ComfyUI\user\comfyui.log

[2026-05-11 09:28:26.558] [info]  [ComfyUI-Manager] Skipped fixing the 'comfyui-frontend-package' dependency because the ComfyUI is outdated.

[2026-05-11 09:28:26.559] [info]  [PRE] ComfyUI-Manager

[2026-05-11 09:28:26.849] [error] [comfy-env] comfyui-motioncapture: 1 isolation env(s):
[2026-05-11 09:28:26.850] [error] 
[comfy-env]   nodes -> C:\Users\runneradmin\Documents\ComfyUI\custom_nodes\comfyui-motioncapture\nodes
[comfy-env] prestartup complete

[2026-05-11 09:28:29.481] [info]  Found comfy_kitchen backend triton: {'available': False, 'disabled': True, 'unavailable_reason': "ImportError: No module named 'triton'", 'capabilities': []}
Found comfy_kitchen backend cuda: {'available': False, 'disabled': True, 'unavailable_reason': 'CUDA not available on this system', 'capabilities': []}

[2026-05-11 09:28:29.482] [info]  Found comfy_kitchen backend eager: {'available': True, 'disabled': False, 'unavailable_reason': None, 'capabilities': ['apply_rope', 'apply_rope1', 'dequantize_mxfp8', 'dequantize_nvfp4', 'dequantize_per_tensor_fp8', 'quantize_mxfp8', 'quantize_nvfp4', 'quantize_per_tensor_fp8', 'scaled_mm_mxfp8', 'scaled_mm_nvfp4']}

[2026-05-11 09:28:29.488] [info]  Checkpoint files will always be loaded safely.

[2026-05-11 09:28:29.500] [info]  Total VRAM 16379 MB, total RAM 16379 MB

[2026-05-11 09:28:29.501] [info]  pytorch version: 2.10.0+cpu
Set vram state to: DISABLED
Device: cpu

[2026-05-11 09:28:29.754] [info]  Using sub quadratic optimization for attention, if you have memory or speed issues try using: --use-split-cross-attention

[2026-05-11 09:28:32.384] [info]  Python version: 3.12.11 (main, Aug 18 2025, 19:17:54) [MSC v.1944 64 bit (AMD64)]

[2026-05-11 09:28:32.385] [info]  ComfyUI version: 0.20.1
comfy-aimdo version: 0.2.14

[2026-05-11 09:28:32.386] [info]  comfy-kitchen version: 0.2.8

[2026-05-11 09:28:32.388] [info]  [Prompt Server] web root: C:\Users\runneradmin\.comfy-test-cache\desktop\ComfyUI\resources\ComfyUI\web_custom_versions\desktop_app

[2026-05-11 09:28:32.389] [info]  Asset seeder disabled

[2026-05-11 09:28:32.390] [info]  [START] ComfyUI-Manager

[2026-05-11 09:28:32.509] [info]  [ComfyUI-Manager] Using GitPython backend

[2026-05-11 09:28:32.562] [info]  [ComfyUI-Manager] network_mode: public

[2026-05-11 09:28:32.568] [info]  [ComfyUI-Manager] The matrix sharing feature has been disabled because the `matrix-nio` dependency is not installed.
	To use this feature, please run the following command:
	C:\Users\runneradmin\Documents\ComfyUI\.venv\Scripts\python.exe -m pip install matrix-nio


[2026-05-11 09:28:41.527] [info]  Matplotlib is building the font cache; this may take a moment.

[2026-05-11 09:28:43.421] [info]  generated new fontManager

[2026-05-11 09:28:44.232] [info]  loading...
calling register_nodes

[2026-05-11 09:28:44.236] [error] [comfy-env] Version: 0.3.83
[2026-05-11 09:28:44.236] [error] 

[2026-05-11 09:28:45.958] [error] [comfy-env] register_nodes: comfyui-motioncapture
[2026-05-11 09:28:45.959] [error] 

[2026-05-11 09:28:45.961] [error] [comfy-env] ComfyUI source dir: C:\Users\runneradmin\.comfy-test-cache\desktop\ComfyUI\resources\ComfyUI
[2026-05-11 09:28:45.962] [error] 

[2026-05-11 09:28:45.964] [error] [comfy-env] Scanning nodes metadata (isolation root)...
[2026-05-11 09:28:45.965] [error] 

[2026-05-11 09:29:39.066] [error] [comfy-env] Scanned nodes: 22 nodes (53.1s)
[2026-05-11 09:29:39.067] [error] 
[comfy-env] Scanned nodes root: 22 nodes (53.1s)
[2026-05-11 09:29:39.068] [error] 

[2026-05-11 09:29:39.069] [error] [comfy-env] Imported nodes root: 22 nodes (isolation)

[2026-05-11 09:29:39.070] [error] [comfy-env] Registered 22 total nodes

[2026-05-11 09:29:40.046] [info]  
Import times for custom nodes:

[2026-05-11 09:29:40.048] [info]     0.0 seconds: C:\Users\runneradmin\.comfy-test-cache\desktop\ComfyUI\resources\ComfyUI\custom_nodes\websocket_image_save.py
   0.0 seconds: C:\Users\runneradmin\Documents\ComfyUI\custom_nodes\ComfyUI-CameraPack
   1.0 seconds: C:\Users\runneradmin\Documents\ComfyUI\custom_nodes\ComfyUI-VideoHelperSuite
   9.8 seconds: C:\Users\runneradmin\Documents\ComfyUI\custom_nodes\ComfyUI-HyMotion
  54.8 seconds: C:\Users\runneradmin\Documents\ComfyUI\custom_nodes\comfyui-motioncapture


[2026-05-11 09:29:40.054] [info]  Context impl SQLiteImpl.

[2026-05-11 09:29:40.055] [info]  Will assume non-transactional DDL.

[2026-05-11 09:29:40.137] [info]  Starting server


[2026-05-11 09:29:40.138] [info]  To see the GUI go to: http://127.0.0.1:8000

[2026-05-11 09:29:47.195] [error] Exception in callback _ProactorBasePipeTransport._call_connection_lost(None)
handle: <Handle _ProactorBasePipeTransport._call_connection_lost(None)>
Traceback (most recent call last):
  File "C:\Users\runneradmin\AppData\Roaming\uv\python\cpython-3.12.11-windows-x86_64-none\Lib\asyncio\events.py", line 88, in _run
    self._context.run(self._callback, *self._args)
  File "C:\Users\runneradmin\AppData\Roaming\uv\python\cpython-3.12.11-windows-x86_64-none\Lib\asyncio\proactor_events.py", line 165, in _call_connection_lost
    self._sock.shutdown(socket.SHUT_RDWR)
ConnectionResetError: [WinError 10054] An existing connection was forcibly closed by the remote host

[2026-05-11 09:29:54.299] [info]  [ComfyUI-Manager] The ComfyRegistry cache update is still in progress, so an outdated cache is being used.

[2026-05-11 09:29:54.414] [info]  FETCH DATA from: C:\Users\runneradmin\Documents\ComfyUI\.venv\Lib\site-packages\comfyui_manager\custom-node-list.json
[2026-05-11 09:29:54.439] [info]   [DONE]

[2026-05-11 09:29:56.600] [info]  [DEPRECATION WARNING] Detected import of deprecated legacy API: /extensions/core/widgetInputs.js. This is likely caused by a custom node extension using outdated APIs. Please update your extensions or contact the extension author for an updated version.

[2026-05-11 09:30:02.505] [info]  [ComfyUI-Manager] The ComfyRegistry cache update is still in progress, so an outdated cache is being used.

[2026-05-11 09:30:02.630] [info]  FETCH DATA from: C:\Users\runneradmin\Documents\ComfyUI\.venv\Lib\site-packages\comfyui_manager\custom-node-list.json
[2026-05-11 09:30:02.643] [info]   [DONE]
[2026-05-11 09:30:02.644] [info]  

[2026-05-11 09:30:03.804] [info]  FETCH ComfyRegistry Data [DONE]

[2026-05-11 09:30:04.092] [info]  [ComfyUI-Manager] default cache updated: https://api.comfy.org/nodes

[2026-05-11 09:30:04.137] [info]  FETCH DATA from: C:\Users\runneradmin\Documents\ComfyUI\user\__manager\cache\1514988643_custom-node-list.json
[2026-05-11 09:30:04.154] [info]   [DONE]

[2026-05-11 09:30:04.212] [info]  [ComfyUI-Manager] All startup tasks have been completed.

[2026-05-11 09:30:23.488] [info]  got prompt

[2026-05-11 09:30:23.511] [info]  [comfyui-motioncapture] python: C:\ce\.pixi\envs\motioncapture-nodes\python.exe
[2026-05-11 09:30:23.512] [info]  
[comfyui-motioncapture] sys_path sent to worker: ['C:\\Users\\runneradmin\\.comfy-test-cache\\desktop\\ComfyUI\\resources\\ComfyUI', 'C:\\Users\\runneradmin\\Documents\\ComfyUI\\custom_nodes\\comfyui-motioncapture', 'C:\\ce\\.pixi\\envs\\motioncapture-nodes\\Lib\\site-packages', 'C:\\Users\\runneradmin\\Documents\\ComfyUI\\custom_nodes\\comfyui-motioncapture']

[2026-05-11 09:30:27.914] [error] [worker:comfyui-motioncapture] ERROR: Failed to import comfy_kitchen, Error: No module named 'comfy_kitchen', fp8 and fp4 support will not be available.

[2026-05-11 09:30:30.231] [error] [worker:comfyui-motioncapture] INFO: [GVHMRInference] DPVO not installed - only SimpleVO will be available

[2026-05-11 09:30:30.443] [error] [05/11 09:30:30][INFO] [GVHMRInference] DPVO not installed - only SimpleVO will be available

[2026-05-11 09:30:31.238] [error] [worker:comfyui-motioncapture] INFO: Selected: C:\Users\runneradmin\Documents\ComfyUI\input\smpl_params_example.npz

[2026-05-11 09:30:31.255] [error] [05/11 09:30:31][INFO] Selected: C:\Users\runneradmin\Documents\ComfyUI\input\smpl_params_example.npz

[2026-05-11 09:30:31.293] [info]  [HY-Motion] NPZ to SMPL_PARAMS: loaded C:\Users\runneradmin\Documents\ComfyUI\input\smpl_params_example.npz
[HY-Motion]   keys: ['body_pose', 'betas', 'global_orient', 'transl', 'global_orient_incam', 'transl_incam', 'R_cam2world', 't_cam2world', 'K_fullimg', 'img_width', 'img_height']

[2026-05-11 09:30:31.346] [info]  [HY-Motion] Input has 22 joints. Auto-padding to reach 52 joints (SMPL-H).
[2026-05-11 09:30:31.348] [info]  
[HY-Motion] Padded poses shape: torch.Size([1, 551, 52, 3])

[2026-05-11 09:30:31.351] [info]  [HY-Motion] Auto-calculated duration: 18.37s (551 frames @ 30.0 FPS)
[2026-05-11 09:30:31.352] [info]  

[2026-05-11 09:30:31.369] [info]  [HY-Motion] Loading 3D body model for converter preview...

[2026-05-11 09:30:31.371] [info]  [WoodenMesh] Loaded model: 24256 vertices, 52 joints

[2026-05-11 09:30:38.986] [info]  [HY-Motion] Successfully converted 551 frames (52 joints) from SMPL to HY-Motion format (Batch: 1).

[2026-05-11 09:30:39.043] [info]  [HYMotionRetargetFBX] Retargeting batch 0/1 (Native In-Memory)...

[2026-05-11 09:30:39.046] [info]  [Retarget] NPZ Detect: Keypoints are already animated (Travel=4.32m). Skipping Transl addition.
[2026-05-11 09:30:39.048] [info]  

[2026-05-11 09:30:39.124] [info]  Using full 52-joint 'poses' from NPZ...

[2026-05-11 09:30:43.555] [info]  [HY-Motion] Loading FBX for retargeting: C:\Users\runneradmin\Documents\ComfyUI\input\3d/mixamo.fbx

[2026-05-11 09:30:43.643] [info]  Using hardcoded bone mappings (no JSON file needed)

[2026-05-11 09:30:43.646] [info]  [Retarget] load_bone_mapping: Found 62 matches via semantic names.

[2026-05-11 09:30:43.647] [info]  [Retarget] Found target root via name 'hips': mixamorig:Hips
[Retarget] Starting Structural BFS Matching from Pelvis -> mixamorig:Hips...
[Retarget] Structural BFS Matching complete. Total matches: 62
[Retarget] Final load_bone_mapping: Found 62 total matches.
Retargeting Animation...
[Retarget] Applying Neutral Finger pre-pass (Source)...

[2026-05-11 09:30:43.651] [info]  
[Retarget] Bone Mapping Results:
  Total: 52 bones mapped
[2026-05-11 09:30:43.653] [info]  
  - Head -> mixamorig:Head
  - Pelvis -> mixamorig:Hips
  - L_Shoulder -> mixamorig:LeftArm
  - L_Ankle -> mixamorig:LeftFoot
  - L_Elbow -> mixamorig:LeftForeArm
  - L_Wrist -> mixamorig:LeftHand
  - L_Index1 -> mixamorig:LeftHandIndex1
  - L_Index2 -> mixamorig:LeftHandIndex2
  - L_Index3 -> mixamorig:LeftHandIndex3
  - L_Middle1 -> mixamorig:LeftHandMiddle1
  - L_Middle2 -> mixamorig:LeftHandMiddle2
  - L_Middle3 -> mixamorig:LeftHandMiddle3
  - L_Pinky1 -> mixamorig:LeftHandPinky1

[2026-05-11 09:30:43.654] [info]    - L_Pinky2 -> mixamorig:LeftHandPinky2
  - L_Pinky3 -> mixamorig:LeftHandPinky3
  - L_Ring1 -> mixamorig:LeftHandRing1
  - L_Ring2 -> mixamorig:LeftHandRing2
  - L_Ring3 -> mixamorig:LeftHandRing3
  - L_Thumb1 -> mixamorig:LeftHandThumb1
  - L_Thumb2 -> mixamorig:LeftHandThumb2
  - L_Thumb3 -> mixamorig:LeftHandThumb3
  - L_Knee -> mixamorig:LeftLeg
  - L_Collar -> mixamorig:LeftShoulder
  - L_Foot -> mixamorig:LeftToeBase
  - L_Hip -> mixamorig:LeftUpLeg
  - Neck -> mixamorig:Neck
  - R_Shoulder -> mixamorig:RightArm
  - R_Ankle -> mixamorig:RightFoot
  - R_Elbow -> mixamorig:RightForeArm
  - R_Wrist -> mixamorig:RightHand
  - R_Index1 -> mixamorig:RightHandIndex1
  - R_Index2 -> mixamorig:RightHandIndex2
  - R_Index3 -> mixamorig:RightHandIndex3
[2026-05-11 09:30:43.655] [info]  
  - R_Middle1 -> mixamorig:RightHandMiddle1
  - R_Middle2 -> mixamorig:RightHandMiddle2
  - R_Middle3 -> mixamorig:RightHandMiddle3
  - R_Pinky1 -> mixamorig:RightHandPinky1
  - R_Pinky2 -> mixamorig:RightHandPinky2
  - R_Pinky3 -> mixamorig:RightHandPinky3
  - R_Ring1 -> mixamorig:RightHandRing1
  - R_Ring2 -> mixamorig:RightHandRing2
  - R_Ring3 -> mixamorig:RightHandRing3
  - R_Thumb1 -> mixamorig:RightHandThumb1
  - R_Thumb2 -> mixamorig:RightHandThumb2
  - R_Thumb3 -> mixamorig:RightHandThumb3
  - R_Knee -> mixamorig:RightLeg
  - R_Collar -> mixamorig:RightShoulder
  - R_Foot -> mixamorig:RightToeBase
  - R_Hip -> mixamorig:RightUpLeg
  - Spine1 -> mixamorig:Spine
  - Spine2 -> mixamorig:Spine1

[2026-05-11 09:30:43.655] [info]    - Spine3 -> mixamorig:Spine2

[2026-05-11 09:30:43.657] [info]  [Retarget] Using Automatic Base Scale: 100.0000 (Meters to CM)
[Retarget] Applying Auto-Stride: Final Scale 94.1349 (Anatomical Ratio 0.9413)
[INFO] Height Check - Source: 165.49cm, Target: 155.78cm
[INFO] Final Retargeting Scale: 94.1349
[2026-05-11 09:30:43.657] [info]  

[2026-05-11 09:30:43.659] [info]  [Retarget] Computed Alignment Matrix (Euler XYZ): [-1.76378096  0.03494695  1.13493838]

[2026-05-11 09:30:44.106] [info]  [Retarget] Identified Target Root for Translation: mixamorig:Hips

[2026-05-11 09:30:44.108] [info]  [Retarget] Target rest hip pos: [  0.   104.27   1.55]
[Retarget] Initial hip pos: [ 17.38 104.27  30.34]

[2026-05-11 09:30:46.893] [info]  [Retarget] Configured FBX export with embedded materials

[2026-05-11 09:30:46.987] [info]  [Retarget] Saved FBX to: C:\Users\runneradmin\Documents\ComfyUI\output\hymotion_retarget\retarget_20260511_093039017_09d56830_000.fbx
[HYMotionRetargetFBX] Batch 0 done: retarget_20260511_093039017_09d56830_000.fbx

[2026-05-11 09:30:46.989] [info]  [HYMotionRetargetFBX] Successfully retargeted 1 batch item(s)

[2026-05-11 09:30:46.998] [info]  Prompt executed in 23.51 seconds

