[2026-05-18 18:31:49.867] [info]  setup plugin alembic.autogenerate.schemas
setup plugin alembic.autogenerate.tables
setup plugin alembic.autogenerate.types

[2026-05-18 18:31:49.869] [info]  setup plugin alembic.autogenerate.constraints
setup plugin alembic.autogenerate.defaults
setup plugin alembic.autogenerate.comments

[2026-05-18 18:31:51.043] [info]  Adding extra search path custom_nodes C:\Users\stduser\Documents\ComfyUI\custom_nodes
Adding extra search path download_model_base C:\Users\stduser\Documents\ComfyUI\models
Adding extra search path custom_nodes C:\Users\stduser\.comfy-test-cache\desktop\ComfyUI\resources\ComfyUI\custom_nodes

[2026-05-18 18:31:51.044] [info]  Setting output directory to: C:\Users\stduser\Documents\ComfyUI\output
Setting input directory to: C:\Users\stduser\Documents\ComfyUI\input
Setting user directory to: C:\Users\stduser\Documents\ComfyUI\user

[2026-05-18 18:31:53.910] [info]  [START] Security scan
[DONE] Security scan
** ComfyUI startup time: 
[2026-05-18 18:31:53.912] [info]  2026-05-18 18:31:53.910
** Platform: Windows
** Python version: 3.12.11 (main, Aug 18 2025, 19:17:54) [MSC v.1944 64 bit (AMD64)]
** Python executable: C:\Users\stduser\Documents\ComfyUI\.venv\Scripts\python.exe
** ComfyUI Path: C:\Users\stduser\.comfy-test-cache\desktop\ComfyUI\resources\ComfyUI
** ComfyUI Base Folder Path: C:\Users\stduser\.comfy-test-cache\desktop\ComfyUI\resources\ComfyUI

[2026-05-18 18:31:53.913] [info]  ** User directory: C:\Users\stduser\Documents\ComfyUI\user
[2026-05-18 18:31:53.915] [info]  
** ComfyUI-Manager config path: C:\Users\stduser\Documents\ComfyUI\user\__manager\config.ini
** Log path: C:\Users\stduser\Documents\ComfyUI\user\comfyui.log

[2026-05-18 18:31:55.106] [info]  [ComfyUI-Manager] Skipped fixing the 'comfyui-frontend-package' dependency because the ComfyUI is outdated.

[2026-05-18 18:31:55.108] [info]  [PRE] ComfyUI-Manager

[2026-05-18 18:32:08.157] [info]  Found comfy_kitchen backend eager: {'available': True, 'disabled': False, 'unavailable_reason': None, 'capabilities': ['apply_rope', 'apply_rope1', 'dequantize_mxfp8', 'dequantize_nvfp4', 'dequantize_per_tensor_fp8', 'quantize_mxfp8', 'quantize_nvfp4', 'quantize_per_tensor_fp8', 'scaled_mm_mxfp8', 'scaled_mm_nvfp4']}

[2026-05-18 18:32:08.159] [info]  Found comfy_kitchen backend cuda: {'available': False, 'disabled': True, 'unavailable_reason': 'CUDA not available on this system', 'capabilities': []}
Found comfy_kitchen backend triton: {'available': False, 'disabled': True, 'unavailable_reason': "ImportError: No module named 'triton'", 'capabilities': []}

[2026-05-18 18:32:08.249] [info]  Checkpoint files will always be loaded safely.

[2026-05-18 18:32:08.383] [info]  Total VRAM 16383 MB, total RAM 16383 MB
pytorch version: 2.10.0+cpu

[2026-05-18 18:32:08.385] [info]  Set vram state to: DISABLED
Device: cpu

[2026-05-18 18:32:11.177] [info]  Using sub quadratic optimization for attention, if you have memory or speed issues try using: --use-split-cross-attention

[2026-05-18 18:32:23.123] [info]  Python version: 3.12.11 (main, Aug 18 2025, 19:17:54) [MSC v.1944 64 bit (AMD64)]

[2026-05-18 18:32:23.125] [info]  ComfyUI version: 0.21.1
comfy-aimdo version: 0.3.0

[2026-05-18 18:32:23.126] [info]  comfy-kitchen version: 0.2.8

[2026-05-18 18:32:23.128] [info]  [Prompt Server] web root: C:\Users\stduser\.comfy-test-cache\desktop\ComfyUI\resources\ComfyUI\web_custom_versions\desktop_app

[2026-05-18 18:32:23.130] [info]  Asset seeder disabled

[2026-05-18 18:32:23.131] [info]  [START] ComfyUI-Manager

[2026-05-18 18:32:23.607] [info]  [ComfyUI-Manager] Using GitPython backend

[2026-05-18 18:32:23.712] [info]  [ComfyUI-Manager] network_mode: public

[2026-05-18 18:32:23.722] [info]  [ComfyUI-Manager] The matrix sharing feature has been disabled because the `matrix-nio` dependency is not installed.
	To use this feature, please run the following command:
	C:\Users\stduser\Documents\ComfyUI\.venv\Scripts\python.exe -m pip install matrix-nio


[2026-05-18 18:32:28.193] [info]  
Import times for custom nodes:

[2026-05-18 18:32:28.195] [info]     0.0 seconds: C:\Users\stduser\.comfy-test-cache\desktop\ComfyUI\resources\ComfyUI\custom_nodes\websocket_image_save.py


[2026-05-18 18:32:28.208] [info]  Context impl SQLiteImpl.

[2026-05-18 18:32:28.209] [info]  Will assume non-transactional DDL.

[2026-05-18 18:32:28.229] [info]  Context impl SQLiteImpl.

[2026-05-18 18:32:28.231] [info]  Will assume non-transactional DDL.

[2026-05-18 18:32:28.272] [info]  Running upgrade  -> 0001_assets, Initial assets schema
Revision ID: 0001_assets
Revises: None
Create Date: 2025-12-10 00:00:00

[2026-05-18 18:32:28.944] [info]  Running upgrade 0001_assets -> 0002_merge_to_asset_references, Merge AssetInfo and AssetCacheState into unified asset_references table.

[2026-05-18 18:32:29.535] [info]  Running upgrade 0002_merge_to_asset_references -> 0003_add_metadata_job_id, Add system_metadata and job_id columns to asset_references.
Change preview_id FK from assets.id to asset_references.id.

[2026-05-18 18:32:29.668] [info]  Database upgraded from None to 0003_add_metadata_job_id

[2026-05-18 18:32:29.794] [info]  Starting server


[2026-05-18 18:32:29.796] [info]  To see the GUI go to: http://127.0.0.1:8000

[2026-05-18 18:34:13.370] [info]  FETCH ComfyRegistry Data [DONE]

[2026-05-18 18:34:13.702] [info]  [ComfyUI-Manager] default cache updated: https://api.comfy.org/nodes

[2026-05-18 18:34:13.741] [info]  FETCH DATA from: C:\Users\stduser\Documents\ComfyUI\user\__manager\cache\1514988643_custom-node-list.json
[2026-05-18 18:34:13.755] [info]   [DONE]

[2026-05-18 18:34:13.819] [info]  [ComfyUI-Manager] All startup tasks have been completed.

[2026-05-18 18:34:19.821] [info]  [ComfyUI-Manager] The ComfyRegistry cache update is still in progress, so an outdated cache is being used.

[2026-05-18 18:34:21.274] [error]   0%|          | 0.00/15.7M [00:00<?, ?B/s]
[2026-05-18 18:34:21.378] [error]  53%|█████▎    | 8.39M/15.7M [00:00<00:00, 81.8MB/s]
[2026-05-18 18:34:21.408] [error] 100%|██████████| 15.7M/15.7M [00:00<00:00, 118MB/s] 
[2026-05-18 18:34:21.409] [error] 

[2026-05-18 18:34:24.100] [info]  Extracted zip file to C:\Users\stduser\Documents\ComfyUI\custom_nodes\comfyui-motioncapture

[2026-05-18 18:34:24.121] [info]  Install: pip packages
[2026-05-18 18:34:24.123] [info]  

[2026-05-18 18:34:25.418] [info]  [ComfyUI-Manager] Skipped fixing the 'comfyui-frontend-package' dependency because the ComfyUI is outdated.

[2026-05-18 18:34:25.420] [info]  Install: install script

[2026-05-18 18:34:27.727] [info]  
Restarting... [Legacy Mode]


Command: ['"C:\\Users\\stduser\\Documents\\ComfyUI\\.venv\\Scripts\\python.exe"', '"C:\\Users\\stduser\\.comfy-test-cache\\desktop\\ComfyUI\\resources\\ComfyUI\\main.py"', '--user-directory', 'C:\\Users\\stduser\\Documents\\ComfyUI\\user', '--input-directory', 'C:\\Users\\stduser\\Documents\\ComfyUI\\input', '--output-directory', 'C:\\Users\\stduser\\Documents\\ComfyUI\\output', '--front-end-root', 'C:\\Users\\stduser\\.comfy-test-cache\\desktop\\ComfyUI\\resources\\ComfyUI\\web_custom_versions\\desktop_app', '--base-directory', 'C:\\Users\\stduser\\Documents\\ComfyUI', '--database-url', 'sqlite:///C:/Users/stduser/Documents/ComfyUI/user/comfyui.db', '--extra-model-paths-config', 'C:\\Users\\stduser\\AppData\\Roaming\\ComfyUI\\extra_models_config.yaml', '--log-stdout', '--listen', '127.0.0.1', '--port', '8000', '--enable-manager', '--cpu']

[2026-05-18 18:34:28.429] [info]  setup plugin alembic.autogenerate.schemas
setup plugin alembic.autogenerate.tables

[2026-05-18 18:34:28.430] [info]  setup plugin alembic.autogenerate.types
setup plugin alembic.autogenerate.constraints
setup plugin alembic.autogenerate.defaults
setup plugin alembic.autogenerate.comments

[2026-05-18 18:34:28.866] [info]  Adding extra search path custom_nodes C:\Users\stduser\Documents\ComfyUI\custom_nodes
Adding extra search path download_model_base C:\Users\stduser\Documents\ComfyUI\models
Adding extra search path custom_nodes C:\Users\stduser\.comfy-test-cache\desktop\ComfyUI\resources\ComfyUI\custom_nodes

[2026-05-18 18:34:28.867] [info]  Setting output directory to: C:\Users\stduser\Documents\ComfyUI\output
Setting input directory to: C:\Users\stduser\Documents\ComfyUI\input
Setting user directory to: C:\Users\stduser\Documents\ComfyUI\user

[2026-05-18 18:34:30.373] [info]  [START] Security scan
[DONE] Security scan
** ComfyUI startup time: 
[2026-05-18 18:34:30.374] [info]  2026-05-18 18:34:30.372
** Platform: Windows
** Python version: 3.12.11 (main, Aug 18 2025, 19:17:54) [MSC v.1944 64 bit (AMD64)]
** Python executable: C:\Users\stduser\Documents\ComfyUI\.venv\Scripts\python.exe
** ComfyUI Path: C:\Users\stduser\.comfy-test-cache\desktop\ComfyUI\resources\ComfyUI
** ComfyUI Base Folder Path: C:\Users\stduser\.comfy-test-cache\desktop\ComfyUI\resources\ComfyUI

[2026-05-18 18:34:30.452] [info]  ** User directory: 
[2026-05-18 18:34:30.454] [info]  C:\Users\stduser\Documents\ComfyUI\user
** ComfyUI-Manager config path: C:\Users\stduser\Documents\ComfyUI\user\__manager\config.ini
** Log path: C:\Users\stduser\Documents\ComfyUI\user\comfyui.log

[2026-05-18 18:34:31.008] [info]  
#######################################################################
[ComfyUI-Manager] Starting dependency installation/(de)activation for the extension


[2026-05-18 18:34:31.009] [info]  
## ComfyUI-Manager: EXECUTE => ['C:\\Users\\stduser\\Documents\\ComfyUI\\.venv\\Scripts\\python.exe', '-m', 'pip', 'install', 'comfy-env==0.3.84']

## Execute management script for 'C:\Users\stduser\Documents\ComfyUI\custom_nodes\comfyui-motioncapture'

[2026-05-18 18:34:32.598] [info]   Collecting comfy-env==0.3.84

[2026-05-18 18:34:32.603] [info]     Downloading comfy_env-0.3.84-py3-none-any.whl.metadata (7.5 kB)

[2026-05-18 18:34:32.653] [info]   
[2026-05-18 18:34:32.654] [info]   
[2026-05-18 18:34:32.732] [info]   Collecting pre-commit (from comfy-env==0.3.84)

[2026-05-18 18:34:32.738] [info]     Downloading pre_commit-4.6.0-py2.py3-none-any.whl.metadata (1.2 kB)

[2026-05-18 18:34:32.780] [info]   
[2026-05-18 18:34:32.809] [info]   Collecting tomli-w>=1.0.0 (from comfy-env==0.3.84)

[2026-05-18 18:34:32.815] [info]     Downloading tomli_w-1.2.0-py3-none-any.whl.metadata (5.7 kB)

[2026-05-18 18:34:32.929] [info]   Collecting tomli>=2.0.0 (from comfy-env==0.3.84)

[2026-05-18 18:34:32.931] [info]     Using cached tomli-2.4.1-cp312-cp312-win_amd64.whl.metadata (10 kB)

[2026-05-18 18:34:32.935] [info]   
[2026-05-18 18:34:32.995] [info]   Collecting cfgv>=2.0.0 (from pre-commit->comfy-env==0.3.84)

[2026-05-18 18:34:33.000] [info]     Downloading cfgv-3.5.0-py2.py3-none-any.whl.metadata (8.9 kB)

[2026-05-18 18:34:33.154] [info]   Collecting identify>=1.0.0 (from pre-commit->comfy-env==0.3.84)

[2026-05-18 18:34:33.160] [info]     Downloading identify-2.6.19-py2.py3-none-any.whl.metadata (4.4 kB)

[2026-05-18 18:34:33.263] [info]   Collecting nodeenv>=0.11.1 (from pre-commit->comfy-env==0.3.84)

[2026-05-18 18:34:33.268] [info]     Downloading nodeenv-1.10.0-py2.py3-none-any.whl.metadata (24 kB)

[2026-05-18 18:34:33.411] [info]   Collecting virtualenv>=20.10.0 (from pre-commit->comfy-env==0.3.84)

[2026-05-18 18:34:33.416] [info]     Downloading virtualenv-21.3.3-py3-none-any.whl.metadata (3.5 kB)

[2026-05-18 18:34:33.506] [info]   Collecting distlib<1,>=0.3.7 (from virtualenv>=20.10.0->pre-commit->comfy-env==0.3.84)

[2026-05-18 18:34:33.511] [info]     Downloading distlib-0.4.0-py2.py3-none-any.whl.metadata (5.2 kB)

[2026-05-18 18:34:33.621] [info]   Collecting filelock<4,>=3.24.2 (from virtualenv>=20.10.0->pre-commit->comfy-env==0.3.84)

[2026-05-18 18:34:33.627] [info]     Downloading filelock-3.29.0-py3-none-any.whl.metadata (2.0 kB)

[2026-05-18 18:34:33.721] [info]   Collecting platformdirs<5,>=3.9.1 (from virtualenv>=20.10.0->pre-commit->comfy-env==0.3.84)

[2026-05-18 18:34:33.726] [info]     Downloading platformdirs-4.9.6-py3-none-any.whl.metadata (4.7 kB)

[2026-05-18 18:34:33.821] [info]   Collecting python-discovery>=1.3.1 (from virtualenv>=20.10.0->pre-commit->comfy-env==0.3.84)

[2026-05-18 18:34:33.826] [info]   
[2026-05-18 18:34:33.827] [info]    Downloading python_discovery-1.3.1-py3-none-any.whl.metadata (5.6 kB)

[2026-05-18 18:34:33.907] [info]   Downloading comfy_env-0.3.84-py3-none-any.whl (123 kB)

[2026-05-18 18:34:33.959] [info]   Using cached tomli-2.4.1-cp312-cp312-win_amd64.whl (108 kB)

[2026-05-18 18:34:33.965] [info]   Downloading tomli_w-1.2.0-py3-none-any.whl (6.7 kB)

[2026-05-18 18:34:34.022] [info]   Downloading pre_commit-4.6.0-py2.py3-none-any.whl (226 kB)

[2026-05-18 18:34:34.080] [info]   Downloading cfgv-3.5.0-py2.py3-none-any.whl (7.4 kB)

[2026-05-18 18:34:34.137] [info]   Downloading identify-2.6.19-py2.py3-none-any.whl (99 kB)

[2026-05-18 18:34:34.165] [info]   Downloading nodeenv-1.10.0-py2.py3-none-any.whl (23 kB)

[2026-05-18 18:34:34.205] [info]   Downloading virtualenv-21.3.3-py3-none-any.whl (7.6 MB)

[2026-05-18 18:34:34.288] [info]      ---------------------------------------- 7.6/7.6 MB 94.0 MB/s eta 0:00:00

[2026-05-18 18:34:34.293] [info]   Downloading distlib-0.4.0-py2.py3-none-any.whl (469 kB)

[2026-05-18 18:34:34.391] [info]   Downloading filelock-3.29.0-py3-none-any.whl (39 kB)

[2026-05-18 18:34:34.448] [info]   Downloading platformdirs-4.9.6-py3-none-any.whl (21 kB)

[2026-05-18 18:34:34.497] [info]   Downloading python_discovery-1.3.1-py3-none-any.whl (33 kB)

[2026-05-18 18:34:34.802] [info]   Installing collected packages: distlib, tomli-w, tomli, platformdirs, nodeenv, identify, filelock, cfgv, python-discovery, virtualenv, pre-commit, comfy-env

[2026-05-18 18:34:35.322] [info]     Attempting uninstall: filelock

[2026-05-18 18:34:35.327] [info]       Found existing installation: filelock 3.20.3

[2026-05-18 18:34:35.333] [info]       Uninstalling filelock-3.20.3:

[2026-05-18 18:34:35.343] [info]         Successfully uninstalled filelock-3.20.3

[2026-05-18 18:34:36.768] [info]   Successfully installed cfgv-3.5.0 comfy-env-0.3.84 distlib-0.4.0 filelock-3.29.0 identify-2.6.19 nodeenv-1.10.0 platformdirs-4.9.6 pre-commit-4.6.0 python-discovery-1.3.1 tomli-2.4.1 tomli-w-1.2.0 virtualenv-21.3.3

[2026-05-18 18:34:37.103] [error] [!]
[2026-05-18 18:34:37.105] [error]  
[!] [notice] A new release of pip is available: 25.0.1 -> 26.1.1
[!] 
[2026-05-18 18:34:37.106] [error] [notice] To update, run: python.exe -m pip install --upgrade pip

[2026-05-18 18:34:37.194] [info]  
## ComfyUI-Manager: EXECUTE => ['C:\\Users\\stduser\\Documents\\ComfyUI\\.venv\\Scripts\\python.exe', '-m', 'pip', 'install', 'comfy-3d-viewers==0.2.44']

## Execute management script for 'C:\Users\stduser\Documents\ComfyUI\custom_nodes\comfyui-motioncapture'

[2026-05-18 18:34:38.816] [info]   Collecting comfy-3d-viewers==0.2.44

[2026-05-18 18:34:38.842] [info]   
[2026-05-18 18:34:38.844] [info]    Downloading comfy_3d_viewers-0.2.44-py3-none-any.whl.metadata (2.2 kB)

[2026-05-18 18:34:38.903] [info]   Downloading comfy_3d_viewers-0.2.44-py3-none-any.whl (1.3 MB)

[2026-05-18 18:34:39.031] [info]      ---------------------------------------- 1.3/1.3 MB 16.0 MB/s eta 0:00:00

[2026-05-18 18:34:39.898] [info]   Installing collected packages: comfy-3d-viewers

[2026-05-18 18:34:40.409] [info]   Successfully installed comfy-3d-viewers-0.2.44

[2026-05-18 18:34:41.077] [error] [!]
[2026-05-18 18:34:41.078] [error]  
[!] [notice] A new release of pip is available: 25.0.1 -> 26.1.1
[!] [notice] To update, run: python.exe -m pip install --upgrade pip

[2026-05-18 18:34:41.179] [info]  
## ComfyUI-Manager: EXECUTE => ['C:\\Users\\stduser\\Documents\\ComfyUI\\.venv\\Scripts\\python.exe', 'install.py']

## Execute management script for 'C:\Users\stduser\Documents\ComfyUI\custom_nodes\comfyui-motioncapture'

[2026-05-18 18:34:41.463] [info]   [comfy-env] WARNING: Could not enable long paths (needs admin)

[2026-05-18 18:34:41.465] [info]   
 Installing 3 node dependencies...
   Cloning ComfyUI-VideoHelperSuite...

[2026-05-18 18:34:41.800] [info]     Installing requirements for ComfyUI-VideoHelperSuite...

[2026-05-18 18:34:42.962] [info]     Cloning ComfyUI-CameraPack...

[2026-05-18 18:34:43.303] [info]     Cloning ComfyUI-HyMotion...

[2026-05-18 18:34:44.979] [info]     Installing requirements for ComfyUI-HyMotion...

[2026-05-18 18:34:50.326] [info]     Running install.py for ComfyUI-HyMotion...

[2026-05-18 18:34:50.452] [info]   Using uv for installation...
 Installing fbxsdkpy==2020.1.post2...

[2026-05-18 18:34:50.522] [error] [!] 
[2026-05-18 18:34:50.523] [error] Using Python 3.12.11 environment at: C:\Users\stduser\Documents\ComfyUI\.venv

[2026-05-18 18:34:51.411] [error] [!]
[2026-05-18 18:34:51.412] [error]  Resolved 1 package in 883ms

[2026-05-18 18:34:51.559] [error] [!]
[2026-05-18 18:34:51.560] [error]  Downloading fbxsdkpy (3.3MiB)

[2026-05-18 18:34:52.152] [error] [!] 
[2026-05-18 18:34:52.153] [error]  Downloaded fbxsdkpy

[2026-05-18 18:34:52.155] [error] [!] Prepared 1 package in 742ms

[2026-05-18 18:34:52.165] [error] [!]
[2026-05-18 18:34:52.166] [error]  Installed 1 package in 10ms
[!]  + fbxsdkpy==2020.1.post2

[2026-05-18 18:34:52.179] [info]   Installing requirements from C:\Users\stduser\Documents\ComfyUI\custom_nodes\ComfyUI-HyMotion\requirements.txt...

[2026-05-18 18:34:52.247] [error] [!]
[2026-05-18 18:34:52.248] [error]  Using Python 3.12.11 environment at: C:\Users\stduser\Documents\ComfyUI\.venv

[2026-05-18 18:34:52.261] [error] [!]
[2026-05-18 18:34:52.263] [error]  Audited 15 packages in 15ms

[2026-05-18 18:34:52.282] [info]   
 [requirements] Re-installing main package requirements...

[2026-05-18 18:34:52.283] [info]     Installing requirements for comfyui-motioncapture...

[2026-05-18 18:34:52.349] [error] [!]
[2026-05-18 18:34:52.350] [error]  [comfy-env] pixi not found, downloading...

[2026-05-18 18:34:53.904] [error] [!] 
[2026-05-18 18:34:53.906] [info]   [comfy-env] _discover: scanning C:\Users\stduser\Documents\ComfyUI\custom_nodes

[2026-05-18 18:34:53.907] [error] [comfy-env] pixi installed: C:\Users\stduser\.pixi\bin\pixi.exe

[2026-05-18 18:34:53.910] [info]   [comfy-env] _discover: ComfyUI-CameraPack: no comfy-env.toml found

[2026-05-18 18:34:53.916] [info]   [comfy-env] _discover: ComfyUI-HyMotion: no comfy-env.toml found

[2026-05-18 18:34:53.919] [info]   [comfy-env] _discover: comfyui-motioncapture -> motioncapture-nodes (custom_nodes\comfyui-motioncapture\nodes\comfy-env.toml)

[2026-05-18 18:34:53.924] [info]   [comfy-env] _discover: ComfyUI-VideoHelperSuite: no comfy-env.toml found

[2026-05-18 18:34:53.926] [info]   [comfy-env] Workspace: C:\ce

[2026-05-18 18:34:53.927] [info]   [comfy-env] ComfyUI: C:\Users\stduser\Documents\ComfyUI
 [comfy-env] Found 1 node config(s):
   - motioncapture-nodes <- custom_nodes\comfyui-motioncapture\nodes\comfy-env.toml (python=host)

[2026-05-18 18:34:53.932] [info]   [comfy-env] Bootstrap interpreter has python 3.12 + torch 2.10.0 (cpu). Looking for cuda-only wheels matching cpu/torch2.10/cp312.

[2026-05-18 18:34:55.574] [info]   [comfy-env] GPU: No GPU detected

[2026-05-18 18:34:55.605] [info]   [comfy-env] No CUDA detected -- pinning comfyui torch to CPU index

[2026-05-18 18:34:55.608] [info]   [comfy-env] Desktop app detected: source=C:\Users\stduser\.comfy-test-cache\desktop\ComfyUI\resources\ComfyUI, data=C:\Users\stduser\Documents\ComfyUI

[2026-05-18 18:34:55.613] [info]   Generated C:\ce\pixi.toml

[2026-05-18 18:34:55.615] [info]   [comfy-env] Patched C:\Users\stduser\AppData\Roaming\uv\python\cpython-3.12.11-windows-x86_64-none\Lib\platform.py for conda-forge compat

[2026-05-18 18:34:55.616] [info]   [comfy-env] Installing 1 environment(s):
   - motioncapture-nodes (python=host, 40 pypi deps, 2 cuda wheels)
 [comfy-env] Running `pixi install -e motioncapture-nodes`...

[2026-05-18 18:35:38.277] [info]      WARN Skipped running the post-link scripts because `run-post-link-scripts` = `false`

[2026-05-18 18:35:38.279] [info]     	- Scripts/.librsvg-pre-unlink.bat
   To enable them, run:
   	pixi config set --local run-post-link-scripts insecure
   More info:
   	https://pixi.sh/latest/reference/pixi_configuration/#run-post-link-scripts

[2026-05-18 18:36:40.860] [info]     The motioncapture-nodes environment has been installed.

[2026-05-18 18:36:40.890] [info]   [comfy-env] Recorded install hash b88c36442ece -> C:\ce\install.hash

[2026-05-18 18:36:40.891] [info]   [comfy-env] Install log: C:\ce\install.log
 
 Installation complete!

[2026-05-18 18:36:41.159] [info]  
[ComfyUI-Manager] Startup script completed.
#######################################################################


[2026-05-18 18:36:41.707] [info]  [ComfyUI-Manager] Skipped fixing the 'comfyui-frontend-package' dependency because the ComfyUI is outdated.

[2026-05-18 18:36:41.709] [info]  [ComfyUI-Manager] Restarting to reapply dependency installation.
Command: ['"C:\\Users\\stduser\\Documents\\ComfyUI\\.venv\\Scripts\\python.exe"', '"C:\\Users\\stduser\\.comfy-test-cache\\desktop\\ComfyUI\\resources\\ComfyUI\\main.py"', '--user-directory', 'C:\\Users\\stduser\\Documents\\ComfyUI\\user', '--input-directory', 'C:\\Users\\stduser\\Documents\\ComfyUI\\input', '--output-directory', 'C:\\Users\\stduser\\Documents\\ComfyUI\\output', '--front-end-root', 'C:\\Users\\stduser\\.comfy-test-cache\\desktop\\ComfyUI\\resources\\ComfyUI\\web_custom_versions\\desktop_app', '--base-directory', 'C:\\Users\\stduser\\Documents\\ComfyUI', '--database-url', 'sqlite:///C:/Users/stduser/Documents/ComfyUI/user/comfyui.db', '--extra-model-paths-config', 'C:\\Users\\stduser\\AppData\\Roaming\\ComfyUI\\extra_models_config.yaml', '--log-stdout', '--listen', '127.0.0.1', '--port', '8000', '--enable-manager', '--cpu']
--------------------------------------------------------------------------


[2026-05-18 18:36:42.293] [info]  setup plugin alembic.autogenerate.schemas
setup plugin alembic.autogenerate.tables

[2026-05-18 18:36:42.294] [info]  setup plugin alembic.autogenerate.types
setup plugin alembic.autogenerate.constraints
setup plugin alembic.autogenerate.defaults
setup plugin alembic.autogenerate.comments

[2026-05-18 18:36:42.700] [info]  Adding extra search path custom_nodes C:\Users\stduser\Documents\ComfyUI\custom_nodes
Adding extra search path download_model_base C:\Users\stduser\Documents\ComfyUI\models

[2026-05-18 18:36:42.701] [info]  Adding extra search path custom_nodes C:\Users\stduser\.comfy-test-cache\desktop\ComfyUI\resources\ComfyUI\custom_nodes
Setting output directory to: C:\Users\stduser\Documents\ComfyUI\output
Setting input directory to: C:\Users\stduser\Documents\ComfyUI\input
Setting user directory to: C:\Users\stduser\Documents\ComfyUI\user

[2026-05-18 18:36:44.107] [info]  [START] Security scan
[DONE] Security scan
** ComfyUI startup time: 2026-05-18 18:36:44.107
[2026-05-18 18:36:44.108] [info]  
** Platform: Windows
** Python version: 3.12.11 (main, Aug 18 2025, 19:17:54) [MSC v.1944 64 bit (AMD64)]
** Python executable: C:\Users\stduser\Documents\ComfyUI\.venv\Scripts\python.exe
** ComfyUI Path: C:\Users\stduser\.comfy-test-cache\desktop\ComfyUI\resources\ComfyUI
** ComfyUI Base Folder Path: C:\Users\stduser\.comfy-test-cache\desktop\ComfyUI\resources\ComfyUI

[2026-05-18 18:36:44.110] [info]  ** User directory: 
[2026-05-18 18:36:44.111] [info]  C:\Users\stduser\Documents\ComfyUI\user
** ComfyUI-Manager config path: C:\Users\stduser\Documents\ComfyUI\user\__manager\config.ini
** Log path: C:\Users\stduser\Documents\ComfyUI\user\comfyui.log

[2026-05-18 18:36:45.184] [info]  [ComfyUI-Manager] Skipped fixing the 'comfyui-frontend-package' dependency because the ComfyUI is outdated.

[2026-05-18 18:36:45.185] [info]  [PRE] ComfyUI-Manager

[2026-05-18 18:36:45.537] [error] [comfy-env] comfyui-motioncapture: 1 isolation env(s):
[2026-05-18 18:36:45.538] [error] 
[comfy-env]   nodes -> C:\Users\stduser\Documents\ComfyUI\custom_nodes\comfyui-motioncapture\nodes

[2026-05-18 18:36:45.539] [error] [comfy-env] prestartup complete

[2026-05-18 18:36:48.349] [info]  Found comfy_kitchen backend cuda: {'available': False, 'disabled': True, 'unavailable_reason': 'CUDA not available on this system', 'capabilities': []}
Found comfy_kitchen backend triton: {'available': False, 'disabled': True, 'unavailable_reason': "ImportError: No module named 'triton'", 'capabilities': []}

[2026-05-18 18:36:48.350] [info]  Found comfy_kitchen backend eager: {'available': True, 'disabled': False, 'unavailable_reason': None, 'capabilities': ['apply_rope', 'apply_rope1', 'dequantize_mxfp8', 'dequantize_nvfp4', 'dequantize_per_tensor_fp8', 'quantize_mxfp8', 'quantize_nvfp4', 'quantize_per_tensor_fp8', 'scaled_mm_mxfp8', 'scaled_mm_nvfp4']}

[2026-05-18 18:36:48.356] [info]  Checkpoint files will always be loaded safely.

[2026-05-18 18:36:48.370] [info]  Total VRAM 16383 MB, total RAM 16383 MB

[2026-05-18 18:36:48.371] [info]  pytorch version: 2.10.0+cpu
Set vram state to: DISABLED
Device: cpu

[2026-05-18 18:36:48.654] [info]  Using sub quadratic optimization for attention, if you have memory or speed issues try using: --use-split-cross-attention

[2026-05-18 18:36:54.469] [info]  Python version: 3.12.11 (main, Aug 18 2025, 19:17:54) [MSC v.1944 64 bit (AMD64)]

[2026-05-18 18:36:54.470] [info]  ComfyUI version: 0.21.1
comfy-aimdo version: 0.3.0

[2026-05-18 18:36:54.472] [info]  comfy-kitchen version: 0.2.8

[2026-05-18 18:36:54.475] [info]  [Prompt Server] web root: C:\Users\stduser\.comfy-test-cache\desktop\ComfyUI\resources\ComfyUI\web_custom_versions\desktop_app

[2026-05-18 18:36:54.477] [info]  Asset seeder disabled

[2026-05-18 18:36:54.478] [info]  [START] ComfyUI-Manager

[2026-05-18 18:36:54.640] [info]  [ComfyUI-Manager] Using GitPython backend

[2026-05-18 18:36:54.700] [info]  [ComfyUI-Manager] network_mode: public

[2026-05-18 18:36:54.705] [info]  [ComfyUI-Manager] The matrix sharing feature has been disabled because the `matrix-nio` dependency is not installed.
	To use this feature, please run the following command:
	C:\Users\stduser\Documents\ComfyUI\.venv\Scripts\python.exe -m pip install matrix-nio


[2026-05-18 18:37:06.940] [info]  Matplotlib is building the font cache; this may take a moment.

[2026-05-18 18:37:29.631] [info]  generated new fontManager

[2026-05-18 18:37:30.613] [info]  loading...

[2026-05-18 18:37:30.614] [info]  calling register_nodes

[2026-05-18 18:37:30.617] [error] [comfy-env] Version: 0.3.84
[2026-05-18 18:37:30.619] [error] 

[2026-05-18 18:37:31.517] [error] [comfy-env] register_nodes: comfyui-motioncapture
[2026-05-18 18:37:31.519] [error] 

[2026-05-18 18:37:31.521] [error] [comfy-env] ComfyUI source dir: C:\Users\stduser\.comfy-test-cache\desktop\ComfyUI\resources\ComfyUI
[2026-05-18 18:37:31.523] [error] 

[2026-05-18 18:37:31.525] [error] [comfy-env] Scanning nodes metadata (isolation root)...
[2026-05-18 18:37:31.526] [error] 

[2026-05-18 18:37:41.797] [error] [comfy-env] Scanned nodes: 22 nodes (10.3s)
[2026-05-18 18:37:41.798] [error] 

[2026-05-18 18:37:41.799] [error] [comfy-env] Scanned nodes root: 22 nodes (10.3s)

[2026-05-18 18:37:41.800] [error] [comfy-env] Imported nodes root: 22 nodes (isolation)
[2026-05-18 18:37:41.801] [error] 
[comfy-env] Registered 22 total nodes
[2026-05-18 18:37:41.802] [error] 

[2026-05-18 18:37:41.941] [info]  
Import times for custom nodes:

[2026-05-18 18:37:41.943] [info]     0.0 seconds: C:\Users\stduser\.comfy-test-cache\desktop\ComfyUI\resources\ComfyUI\custom_nodes\websocket_image_save.py
   0.0 seconds: C:\Users\stduser\Documents\ComfyUI\custom_nodes\ComfyUI-CameraPack
   0.1 seconds: C:\Users\stduser\Documents\ComfyUI\custom_nodes\ComfyUI-VideoHelperSuite
  11.2 seconds: C:\Users\stduser\Documents\ComfyUI\custom_nodes\comfyui-motioncapture
  33.2 seconds: C:\Users\stduser\Documents\ComfyUI\custom_nodes\ComfyUI-HyMotion


[2026-05-18 18:37:41.945] [info]  Context impl SQLiteImpl.

[2026-05-18 18:37:41.946] [info]  Will assume non-transactional DDL.

[2026-05-18 18:37:42.040] [info]  Starting server


[2026-05-18 18:37:42.041] [info]  To see the GUI go to: http://127.0.0.1:8000

[2026-05-18 18:37:47.555] [error] Exception in callback _ProactorBasePipeTransport._call_connection_lost(None)
handle: <Handle _ProactorBasePipeTransport._call_connection_lost(None)>
Traceback (most recent call last):
  File "C:\Users\stduser\AppData\Roaming\uv\python\cpython-3.12.11-windows-x86_64-none\Lib\asyncio\events.py", line 88, in _run
    self._context.run(self._callback, *self._args)
  File "C:\Users\stduser\AppData\Roaming\uv\python\cpython-3.12.11-windows-x86_64-none\Lib\asyncio\proactor_events.py", line 165, in _call_connection_lost
    self._sock.shutdown(socket.SHUT_RDWR)
ConnectionResetError: [WinError 10054] An existing connection was forcibly closed by the remote host

[2026-05-18 18:37:48.903] [info]  [DEPRECATION WARNING] Detected import of deprecated legacy API: /extensions/core/widgetInputs.js. This is likely caused by a custom node extension using outdated APIs. Please update your extensions or contact the extension author for an updated version.

[2026-05-18 18:37:49.179] [info]  [ComfyUI-Manager] The ComfyRegistry cache update is still in progress, so an outdated cache is being used.

[2026-05-18 18:37:49.337] [info]  FETCH DATA from: C:\Users\stduser\Documents\ComfyUI\.venv\Lib\site-packages\comfyui_manager\custom-node-list.json
[2026-05-18 18:37:49.382] [info]   [DONE]

[2026-05-18 18:37:56.876] [info]  [ComfyUI-Manager] The ComfyRegistry cache update is still in progress, so an outdated cache is being used.

[2026-05-18 18:37:57.015] [info]  FETCH DATA from: C:\Users\stduser\Documents\ComfyUI\.venv\Lib\site-packages\comfyui_manager\custom-node-list.json
[2026-05-18 18:37:57.033] [info]   [DONE]

[2026-05-18 18:38:11.786] [info]  got prompt

[2026-05-18 18:38:11.806] [info]  [comfyui-motioncapture] python: C:\ce\.pixi\envs\motioncapture-nodes\python.exe
[2026-05-18 18:38:11.807] [info]  
[comfyui-motioncapture] sys_path sent to worker: ['C:\\Users\\stduser\\.comfy-test-cache\\desktop\\ComfyUI\\resources\\ComfyUI', 'C:\\Users\\stduser\\Documents\\ComfyUI\\custom_nodes\\comfyui-motioncapture', 'C:\\ce\\.pixi\\envs\\motioncapture-nodes\\Lib\\site-packages', 'C:\\Users\\stduser\\Documents\\ComfyUI\\custom_nodes\\comfyui-motioncapture']

[2026-05-18 18:38:14.239] [error] [worker:comfyui-motioncapture] ERROR: Failed to import comfy_kitchen, Error: No module named 'comfy_kitchen', fp8 and fp4 support will not be available.

[2026-05-18 18:38:14.765] [error] [worker:comfyui-motioncapture] INFO: [GVHMRInference] DPVO not installed - only SimpleVO will be available

[2026-05-18 18:38:14.770] [error] [05/18 18:38:14][INFO] [GVHMRInference] DPVO not installed - only SimpleVO will be available

[2026-05-18 18:38:15.346] [error] [worker:comfyui-motioncapture] INFO: Selected: C:\Users\stduser\Documents\ComfyUI\input\smpl_params_example.npz

[2026-05-18 18:38:15.357] [error] [05/18 18:38:15][INFO] Selected: C:\Users\stduser\Documents\ComfyUI\input\smpl_params_example.npz

[2026-05-18 18:38:15.379] [info]  [HY-Motion] NPZ to SMPL_PARAMS: loaded C:\Users\stduser\Documents\ComfyUI\input\smpl_params_example.npz
[HY-Motion]   keys: ['body_pose', 'betas', 'global_orient', 'transl', 'global_orient_incam', 'transl_incam', 'R_cam2world', 't_cam2world', 'K_fullimg', 'img_width', 'img_height']
[2026-05-18 18:38:15.380] [info]  

[2026-05-18 18:38:15.385] [info]  [HY-Motion] Input has 22 joints. Auto-padding to reach 52 joints (SMPL-H).

[2026-05-18 18:38:15.386] [info]  [HY-Motion] Padded poses shape: torch.Size([1, 551, 52, 3])

[2026-05-18 18:38:15.389] [info]  [HY-Motion] Auto-calculated duration: 18.37s (551 frames @ 30.0 FPS)
[2026-05-18 18:38:15.390] [info]  

[2026-05-18 18:38:15.417] [info]  [HY-Motion] Loading 3D body model for converter preview...

[2026-05-18 18:38:15.420] [info]  [WoodenMesh] Loaded model: 24256 vertices, 52 joints

[2026-05-18 18:38:21.725] [info]  [HY-Motion] Successfully converted 551 frames (52 joints) from SMPL to HY-Motion format (Batch: 1).

[2026-05-18 18:38:21.783] [info]  [HYMotionRetargetFBX] Retargeting batch 0/1 (Native In-Memory)...

[2026-05-18 18:38:21.784] [info]  [Retarget] NPZ Detect: Keypoints are already animated (Travel=4.32m). Skipping Transl addition.

[2026-05-18 18:38:21.879] [info]  Using full 52-joint 'poses' from NPZ...
[2026-05-18 18:38:21.881] [info]  

[2026-05-18 18:38:28.664] [info]  [HY-Motion] Loading FBX for retargeting: C:\Users\stduser\Documents\ComfyUI\input\3d/mixamo.fbx

[2026-05-18 18:38:28.781] [info]  Using hardcoded bone mappings (no JSON file needed)
[Retarget] load_bone_mapping: Found 62 matches via semantic names.
[Retarget] Found target root via name 'hips': mixamorig:Hips
[Retarget] Starting Structural BFS Matching from Pelvis -> mixamorig:Hips...
[Retarget] Structural BFS Matching complete. Total matches: 62
[Retarget] Final load_bone_mapping: Found 62 total matches.
Retargeting Animation...
[Retarget] Applying Neutral Finger pre-pass (Source)...

[Retarget] Bone Mapping Results:
  Total: 52 bones mapped
  - Head -> mixamorig:Head
  - Pelvis -> mixamorig:Hips
  - L_Shoulder -> mixamorig:LeftArm
  - L_Ankle -> mixamorig:LeftFoot
  - L_Elbow -> mixamorig:LeftForeArm
  - L_Wrist -> mixamorig:LeftHand
  - L_Index1 -> mixamorig:LeftHandIndex1
  - L_Index2 -> mixamorig:LeftHandIndex2
  - L_Index3 -> mixamorig:LeftHandIndex3
  - L_Middle1 -> mixamorig:LeftHandMiddle1
  - L_Middle2 -> mixamorig:LeftHandMiddle2
  - L_Middle3 -> mixamorig:LeftHandMiddle3
  - L_Pinky1 -> mixamorig:LeftHandPinky1
  - L_Pinky2 -> mixamorig:LeftHandPinky2
  - L_Pinky3 -> mixamorig:LeftHandPinky3
  - L_Ring1 -> mixamorig:LeftHandRing1
  - L_Ring2 -> mixamorig:LeftHandRing2
  - L_Ring3 -> mixamorig:LeftHandRing3
  - L_Thumb1 -> mixamorig:LeftHandThumb1
  - L_Thumb2 -> mixamorig:LeftHandThumb2
  - L_Thumb3 -> mixamorig:LeftHandThumb3
  - L_Knee -> mixamorig:LeftLeg
  - L_Collar -> mixamorig:LeftShoulder
  - L_Foot -> mixamorig:LeftToeBase
  - L_Hip -> mixamorig:LeftUpLeg
  - Neck -> mixamorig:Neck
  - R_Shoulder -> mixamorig:RightArm
  - R_Ankle -> mixamorig:RightFoot
  - R_Elbow -> mixamorig:RightForeArm
  - R_Wrist -> mixamorig:RightHand
  - R_Index1 -> mixamorig:RightHandIndex1
  - R_Index2 -> mixamorig:RightHandIndex2
  - R_Index3 -> mixamorig:RightHandIndex3
  - R_Middle1 -> mixamorig:RightHandMiddle1
  - R_Middle2 -> mixamorig:RightHandMiddle2
  - R_Middle3 -> mixamorig:RightHandMiddle3
  - R_Pinky1 -> mixamorig:RightHandPinky1
  - R_Pinky2 -> mixamorig:RightHandPinky2
  - R_Pinky3 -> mixamorig:RightHandPinky3
  - R_Ring1 -> mixamorig:RightHandRing1
  - R_Ring2 -> mixamorig:RightHandRing2
  - R_Ring3 -> mixamorig:RightHandRing3
  - R_Thumb1 -> mixamorig:RightHandThumb1
  - R_Thumb2 -> mixamorig:RightHandThumb2
  - R_Thumb3 -> mixamorig:RightHandThumb3
  - R_Knee -> mixamorig:RightLeg
  - R_Collar -> mixamorig:RightShoulder
  - R_Foot -> mixamorig:RightToeBase
  - R_Hip -> mixamorig:RightUpLeg
  - Spine1 -> mixamorig:Spine
  - Spine2 -> mixamorig:Spine1
  - Spine3 -> mixamorig:Spine2
[Retarget] Using Automatic Base Scale: 100.0000 (Meters to CM)
[Retarget] Applying Auto-Stride: Final Scale 94.1349 (Anatomical Ratio 0.9413)
[INFO] Height Check - Source: 165.49cm, Target: 155.78cm
[INFO] Final Retargeting Scale: 94.1349
[Retarget] Computed Alignment Matrix (Euler XYZ): [-1.76378096  0.03494695  1.13493838]

[2026-05-18 18:38:29.124] [info]  [Retarget] Identified Target Root for Translation: mixamorig:Hips

[2026-05-18 18:38:29.126] [info]  [Retarget] Target rest hip pos: [  0.   104.27   1.55]
[Retarget] Initial hip pos: [ 17.38 104.27  30.34]

[2026-05-18 18:38:33.517] [info]  [Retarget] Configured FBX export with embedded materials

[2026-05-18 18:38:33.613] [info]  [Retarget] Saved FBX to: C:\Users\stduser\Documents\ComfyUI\output\hymotion_retarget\retarget_20260518_183821722_8d6dc408_000.fbx
[2026-05-18 18:38:33.615] [info]  
[HYMotionRetargetFBX] Batch 0 done: retarget_20260518_183821722_8d6dc408_000.fbx
[HYMotionRetargetFBX] Successfully retargeted 1 batch item(s)

[2026-05-18 18:38:33.624] [info]  Prompt executed in 21.84 seconds

[2026-05-18 18:38:36.741] [info]  FETCH ComfyRegistry Data [DONE]

[2026-05-18 18:38:37.089] [info]  [ComfyUI-Manager] default cache updated: https://api.comfy.org/nodes

[2026-05-18 18:38:37.133] [info]  FETCH DATA from: C:\Users\stduser\Documents\ComfyUI\user\__manager\cache\1514988643_custom-node-list.json
[2026-05-18 18:38:37.146] [info]   [DONE]

[2026-05-18 18:38:37.211] [info]  [ComfyUI-Manager] All startup tasks have been completed.

