[2026-05-18 18:38:45.983] [info]  Using uv at C:\Users\stduser\.comfy-test-cache\desktop\ComfyUI\resources\uv\win\uv.exe
[2026-05-18 18:38:45.986] [info]  Install state: installed
[2026-05-18 18:38:45.987] [info]  Validating installation. Recorded state: [installed]
[2026-05-18 18:38:45.991] [info]  Running uv command directly: pip install --dry-run -r C:\Users\stduser\.comfy-test-cache\desktop\ComfyUI\resources\ComfyUI\requirements.txt
[2026-05-18 18:38:45.992] [info]  Running uv child process: uv pip install --dry-run -r C:\Users\stduser\.comfy-test-cache\desktop\ComfyUI\resources\ComfyUI\requirements.txt
[2026-05-18 18:38:45.993] [info]  Running command: C:\Users\stduser\.comfy-test-cache\desktop\ComfyUI\resources\uv\win\uv.exe pip install --dry-run -r C:\Users\stduser\.comfy-test-cache\desktop\ComfyUI\resources\ComfyUI\requirements.txt in C:\Users\stduser\Documents\ComfyUI
[2026-05-18 18:38:46.276] [info]  Running uv command directly: pip install --dry-run -r C:\Users\stduser\.comfy-test-cache\desktop\ComfyUI\resources\ComfyUI\manager_requirements.txt
[2026-05-18 18:38:46.276] [info]  Running uv child process: uv pip install --dry-run -r C:\Users\stduser\.comfy-test-cache\desktop\ComfyUI\resources\ComfyUI\manager_requirements.txt
[2026-05-18 18:38:46.277] [info]  Running command: C:\Users\stduser\.comfy-test-cache\desktop\ComfyUI\resources\uv\win\uv.exe pip install --dry-run -r C:\Users\stduser\.comfy-test-cache\desktop\ComfyUI\resources\ComfyUI\manager_requirements.txt in C:\Users\stduser\Documents\ComfyUI
[2026-05-18 18:38:46.988] [info]  Validation result: isValid:true, state:installed {"inProgress":false,"installState":"installed","basePath":"OK","venvDirectory":"OK","pythonInterpreter":"OK","uv":"OK","pythonPackages":"OK","git":"OK","vcRedist":"OK"}
[2026-05-18 18:38:49.231] [info]  Server start
[2026-05-18 18:38:49.257] [info]  Running command: C:\Users\stduser\Documents\ComfyUI\.venv\Scripts\python.exe C:\Users\stduser\.comfy-test-cache\desktop\ComfyUI\resources\ComfyUI\main.py --user-directory C:\Users\stduser\Documents\ComfyUI\user --input-directory C:\Users\stduser\Documents\ComfyUI\input --output-directory C:\Users\stduser\Documents\ComfyUI\output --front-end-root C:\Users\stduser\.comfy-test-cache\desktop\ComfyUI\resources\ComfyUI\web_custom_versions\desktop_app --base-directory C:\Users\stduser\Documents\ComfyUI --database-url sqlite:///C:/Users/stduser/Documents/ComfyUI/user/comfyui.db --extra-model-paths-config C:\Users\stduser\AppData\Roaming\ComfyUI\extra_models_config.yaml --log-stdout --listen 127.0.0.1 --port 8001 --enable-manager --cpu in C:\Users\stduser\Documents\ComfyUI
[2026-05-18 18:38:49.334] [info]  Received renderer-ready message!
[2026-05-18 18:38:49.335] [info]  Sending queued message {"channel":"validation-update","data":{"inProgress":false,"installState":"installed","basePath":"OK","venvDirectory":"OK","pythonInterpreter":"OK","uv":"OK","pythonPackages":"OK","git":"OK","vcRedist":"OK"}}
[2026-05-18 18:38:49.335] [info]  Sending queued message {"channel":"validation-update","data":{"inProgress":false,"installState":"installed","basePath":"OK","venvDirectory":"OK","pythonInterpreter":"OK","uv":"OK","pythonPackages":"OK","git":"OK","vcRedist":"OK"}}
[2026-05-18 18:38:49.336] [info]  Sending queued message {"channel":"validation-update","data":{"inProgress":false,"installState":"installed","basePath":"OK","venvDirectory":"OK","pythonInterpreter":"OK","uv":"OK","pythonPackages":"OK","git":"OK","vcRedist":"OK"}}
[2026-05-18 18:38:49.337] [info]  Sending queued message {"channel":"validation-update","data":{"inProgress":false,"installState":"installed","basePath":"OK","venvDirectory":"OK","pythonInterpreter":"OK","uv":"OK","pythonPackages":"OK","git":"OK","vcRedist":"OK"}}
[2026-05-18 18:38:49.337] [info]  Sending queued message {"channel":"validation-update","data":{"inProgress":false,"installState":"installed","basePath":"OK","venvDirectory":"OK","pythonInterpreter":"OK","uv":"OK","pythonPackages":"OK","git":"OK","vcRedist":"OK"}}
[2026-05-18 18:38:49.338] [info]  Sending queued message {"channel":"validation-update","data":{"inProgress":false,"installState":"installed","basePath":"OK","venvDirectory":"OK","pythonInterpreter":"OK","uv":"OK","pythonPackages":"OK","git":"OK","vcRedist":"OK"}}
[2026-05-18 18:38:49.339] [info]  Sending queued message {"channel":"validation-update","data":{"inProgress":false,"installState":"installed","basePath":"OK","venvDirectory":"OK","pythonInterpreter":"OK","uv":"OK","pythonPackages":"OK","git":"OK","vcRedist":"OK"}}
[2026-05-18 18:38:49.340] [info]  Sending queued message {"channel":"validation-update","data":{"inProgress":false,"installState":"installed","basePath":"OK","venvDirectory":"OK","pythonInterpreter":"OK","uv":"OK","pythonPackages":"OK","git":"OK","vcRedist":"OK"}}
[2026-05-18 18:38:49.340] [info]  Sending queued message {"channel":"validation-update","data":{"inProgress":false,"installState":"installed","basePath":"OK","venvDirectory":"OK","pythonInterpreter":"OK","uv":"OK","pythonPackages":"OK","git":"OK","vcRedist":"OK"}}
[2026-05-18 18:38:49.341] [info]  Sending queued message {"channel":"validation-update","data":{"inProgress":false,"installState":"installed","basePath":"OK","venvDirectory":"OK","pythonInterpreter":"OK","uv":"OK","pythonPackages":"OK","git":"OK","vcRedist":"OK"}}
[2026-05-18 18:38:49.341] [info]  Sending queued message {"channel":"loading-progress","data":{"status":"starting-server"}}
[2026-05-18 18:39:04.291] [info]  Python server is ready
[2026-05-18 18:39:19.227] [error] @todesktop/runtime: alwaysResolve: Promise timed out after 30000ms
[2026-05-18 18:39:19.377] [info]  @todesktop/runtime: Checking for update
[2026-05-18 18:39:19.378] [info]  @todesktop/runtime: AutoUpdater: checking-for-update
[2026-05-18 18:39:19.700] [info]  @todesktop/runtime: Update for version 0.9.1 is not available (latest version: 0.9.1, downgrade is allowed).
[2026-05-18 18:39:19.701] [info]  @todesktop/runtime: AutoUpdater: update-not-available {"version":"0.9.1","files":[{"url":"ComfyUI Setup 0.9.1 - Build 260514248i6bhdm-x64.exe","sha512":"gVe0kSd+kRtUTGBZuLPjSdepKKPoW2seuHskltNq6ksKo525zf/Nl61P25mGb8elnX2N/DsXEpw8qcofY8rZEw==","size":139597872}],"path":"ComfyUI Setup 0.9.1 - Build 260514248i6bhdm-x64.exe","sha512":"gVe0kSd+kRtUTGBZuLPjSdepKKPoW2seuHskltNq6ksKo525zf/Nl61P25mGb8elnX2N/DsXEpw8qcofY8rZEw==","releaseDate":"2026-05-14T00:40:07.713Z"}
[2026-05-18 18:39:55.081] [info]  Starting app v0.9.1
