[00:00] Crash dump logging enabled: /home/runner/work/comfy-gpu-ci/comfy-gpu-ci/comfy-test-logs/MotionCapture-1118/linux-cpu/crash_dump.log
[00:00] 
[00:00] [1/3] REGISTRATION
[00:00] ----------------------------------------
[00:00] 
[DEBUG] server=None, server_url=http://127.0.0.1:8188, api=None
[00:00] 
Connecting to existing server at http://127.0.0.1:8188...
[00:00] Connecting to existing server at http://127.0.0.1:8188...
[00:00] Connected to server! (attempt 1, 0.0s)
[00:00] Checking for import errors in server logs...
[00:00] No import errors detected
[00:00] Found 788 registered nodes
[00:00] [REGISTRATION] PASSED
[00:00] 
[00:00] [2/3] INSTANTIATION
[00:00] ----------------------------------------
[00:00] 
[DEBUG] server=<comfy_test.comfyui.server.ExternalComfyUIServer object at 0x7ffb904b0c20>, server_url=http://127.0.0.1:8188, api=<comfy_test.comfyui.api.ComfyUIAPI object at 0x7ffb904b0d70>
[00:00] Testing node constructors...
[00:01] All 22 node(s) instantiated successfully!
[00:01] [INSTANTIATION] PASSED
[00:01] 
[00:01] [3/3] EXECUTION
[00:01] ----------------------------------------
[00:01] 
[DEBUG] server=<comfy_test.comfyui.server.ExternalComfyUIServer object at 0x7ffb904b0c20>, server_url=http://127.0.0.1:8188, api=<comfy_test.comfyui.api.ComfyUIAPI object at 0x7ffb904b0d70>
[00:01] CPU runner - will execute 3 workflow(s)
[00:01] Running 5 workflow(s) (all with videos)...
[00:02] Starting headless browser...
[00:02]   Installing Mesa llvmpipe (apt)...
[00:03]   Mesa install failed: E: Unable to locate package libegl1-mesa

[00:03]   No GPU, no Mesa — using SwiftShader software rendering
[00:04]   [1/5] SKIPPED (not in cpu list) GVHMR.json
[00:04]   [2/5] SKIPPED (not in cpu list) GVHMR_cameramotion.json
[00:05] Capturing execution frames: apply_motion_on_character.json
[00:11]   Frame 1 saved (frame_000.jpg, t=0.0s)
[00:11]   Validating workflow...
[00:11]   Queuing workflow for execution...
[00:14]   Frame 2 saved (frame_001.jpg, t=2.3s)
[00:14]   [capture-periodic] freeze=3ms shot=114ms unfreeze=6ms saved=True
[00:16]   Frame 3 saved (frame_002.jpg, t=4.5s)
[00:16]   [capture-periodic] freeze=4ms shot=138ms unfreeze=10ms saved=True
[00:17]   [capture-loop] iter=50 t=5.9s state={'complete': False, 'error': None, 'executedCount': 0, 'wsState': 1} eval_ms=5 ram=2.9/15.6GB (19%) swap=0.0/3.0GB (0%) cpu=37% browser_rss=0.93GB
[00:18]   Frame 4 saved (frame_003.jpg, t=6.8s)
[00:18]   [capture-periodic] freeze=4ms shot=105ms unfreeze=3ms saved=True
[00:23]   [capture-loop] iter=100 t=11.7s state={'complete': False, 'error': None, 'executedCount': 0, 'wsState': 1} eval_ms=3 ram=2.5/15.6GB (16%) swap=0.0/3.0GB (0%) cpu=34% browser_rss=0.93GB
[00:26]   Node executed (2 total), capturing...
[00:28]   Frame 5 saved (frame_004.jpg, t=14.4s)
[00:28]   [capture-node] freeze=939ms shot=960ms unfreeze=0ms saved=True
[00:28]   Execution complete (t=14.4s)
[00:28]   [3d-wait] Phase 1: Waiting for 'Loading 3D Model' text to disappear...
[01:28]   [3d-wait] Phase 1 exception after 60.0s: Page.wait_for_function: Timeout 60000ms exceeded.
[01:28]   [3d-wait] Phase 2: iframes=0
[01:28]   [3d-wait] Total 3D wait: 60.0s
[01:28]   Captured 5 unique frames over 76.38s
[01:28]   [debug] iframes: 0
[01:28]   [timing] trigger_3d_previews: 0.0s
[01:30]   Saved high-quality screenshot: apply_motion_on_character_executed.png
[01:30]   [timing] final_screenshot: 0.2s
[01:30] Capturing execution frames: load_camera_traj.json
[01:37]   Frame 1 saved (frame_000.jpg, t=0.0s)
[01:37]   Validating workflow...
[01:37]   Queuing workflow for execution...
[01:39]   Frame 2 saved (frame_001.jpg, t=2.2s)
[01:39]   [capture-periodic] freeze=8ms shot=134ms unfreeze=3ms saved=True
[01:41]   Frame 3 saved (frame_002.jpg, t=4.5s)
[01:41]   [capture-periodic] freeze=3ms shot=119ms unfreeze=4ms saved=True
[01:42]   [capture-loop] iter=50 t=6.0s state={'complete': False, 'error': None, 'executedCount': 0, 'wsState': 1} eval_ms=10 ram=2.7/15.6GB (17%) swap=0.0/3.0GB (0%) cpu=12% browser_rss=1.07GB
[01:48]   [capture-loop] iter=100 t=11.8s state={'complete': False, 'error': None, 'executedCount': 0, 'wsState': 1} eval_ms=5 ram=2.8/15.6GB (18%) swap=0.0/3.0GB (0%) cpu=54% browser_rss=1.06GB
[01:54]   [capture-loop] iter=150 t=17.5s state={'complete': False, 'error': None, 'executedCount': 0, 'wsState': 1} eval_ms=5 ram=2.8/15.6GB (18%) swap=0.0/3.0GB (0%) cpu=56% browser_rss=1.02GB
[02:00]   [capture-loop] iter=200 t=23.4s state={'complete': False, 'error': None, 'executedCount': 0, 'wsState': 1} eval_ms=12 ram=2.9/15.6GB (18%) swap=0.0/3.0GB (0%) cpu=60% browser_rss=1.02GB
[02:06]   [capture-loop] iter=250 t=29.7s state={'complete': False, 'error': None, 'executedCount': 0, 'wsState': 1} eval_ms=15 ram=2.8/15.6GB (18%) swap=0.0/3.0GB (0%) cpu=84% browser_rss=0.94GB
[02:12]   [capture-loop] iter=300 t=35.9s state={'complete': False, 'error': None, 'executedCount': 0, 'wsState': 1} eval_ms=10 ram=2.8/15.6GB (18%) swap=0.0/3.0GB (0%) cpu=82% browser_rss=0.94GB
[02:15]   Node executed (1 total), capturing...
[02:15]   Frame 4 saved (frame_003.jpg, t=38.3s)
[02:15]   [capture-node] freeze=4ms shot=127ms unfreeze=4ms saved=True
[02:15]   Execution complete (t=38.6s)
[02:15]   Captured 4 unique frames over 38.68s
[02:15]   [debug] iframes: 1
[02:15]   [debug]   iframe[0]: src=http://127.0.0.1:8188/extensions/ComfyUI-MotionCapture/viewer_smpl_camera.html?v, canvas=413x343, rafFrozen=False
[02:15]   [timing] trigger_3d_previews: 0.1s
[02:18]   Saved high-quality screenshot: load_camera_traj_executed.png
[02:18]   [timing] final_screenshot: 0.3s
[02:18] Capturing execution frames: smpl_to_bvh_pipeline.json
[02:24]   Frame 1 saved (frame_000.jpg, t=0.0s)
[02:24]   Validating workflow...
[02:24]   Queuing workflow for execution...
[02:25]   Node executed (1 total), capturing...
[02:25]   Frame 2 saved (frame_001.jpg, t=0.8s)
[02:25]   [capture-node] freeze=3ms shot=103ms unfreeze=0ms saved=True
[02:25]   Execution complete (t=0.8s)
[02:25]   Captured 2 unique frames over 0.96s
[02:25]   [debug] iframes: 1
[02:25]   [debug]   iframe[0]: src=http://127.0.0.1:8188/extensions/ComfyUI-MotionCapture/viewer_bvh.html?v=1778239, canvas=374x600, rafFrozen=True
[02:25]   [timing] trigger_3d_previews: 0.0s
[02:27]   Saved high-quality screenshot: smpl_to_bvh_pipeline_executed.png
[02:28]   [timing] final_screenshot: 0.2s
[02:28] Results saved to /home/runner/work/comfy-gpu-ci/comfy-gpu-ci/comfy-test-logs/MotionCapture-1118/linux-cpu/results.json
[02:28] Model report: 3 files, 311.2 MB -> /home/runner/work/comfy-gpu-ci/comfy-gpu-ci/comfy-test-logs/MotionCapture-1118/linux-cpu/models.json
[02:28] Saved: /home/runner/work/comfy-gpu-ci/comfy-gpu-ci/comfy-test-logs/MotionCapture-1118/linux-cpu/index.html
[02:28] [EXECUTION] PASSED
[02:28] 
linux: PASSED
