Capturing execution frames: apply_motion_on_character.json
  Frame 1 saved (frame_000.jpg, t=0.0s)
  Validating workflow...
  Queuing workflow for execution...
  Frame 2 saved (frame_001.jpg, t=2.3s)
  [capture-periodic] freeze=3ms shot=114ms unfreeze=6ms saved=True
  Frame 3 saved (frame_002.jpg, t=4.5s)
  [capture-periodic] freeze=4ms shot=138ms unfreeze=10ms saved=True
  [capture-loop] iter=50 t=5.9s state={'complete': False, 'error': None, 'executedCount': 0, 'wsState': 1} eval_ms=5 ram=2.9/15.6GB (19%) swap=0.0/3.0GB (0%) cpu=37% browser_rss=0.93GB
  Frame 4 saved (frame_003.jpg, t=6.8s)
  [capture-periodic] freeze=4ms shot=105ms unfreeze=3ms saved=True
  [capture-loop] iter=100 t=11.7s state={'complete': False, 'error': None, 'executedCount': 0, 'wsState': 1} eval_ms=3 ram=2.5/15.6GB (16%) swap=0.0/3.0GB (0%) cpu=34% browser_rss=0.93GB
  Node executed (2 total), capturing...
  Frame 5 saved (frame_004.jpg, t=14.4s)
  [capture-node] freeze=939ms shot=960ms unfreeze=0ms saved=True
  Execution complete (t=14.4s)
  [3d-wait] Phase 1: Waiting for 'Loading 3D Model' text to disappear...
  [3d-wait] Phase 1 exception after 60.0s: Page.wait_for_function: Timeout 60000ms exceeded.
  [3d-wait] Phase 2: iframes=0
  [3d-wait] Total 3D wait: 60.0s
  Captured 5 unique frames over 76.38s
  [debug] iframes: 0
  [timing] trigger_3d_previews: 0.0s
  Saved high-quality screenshot: apply_motion_on_character_executed.png
  [timing] final_screenshot: 0.2s
    Captured 6 video frames