Capturing execution frames: load_camera_traj.json
  Frame 1 saved (frame_000.jpg, t=0.0s)
  Validating workflow...
  Queuing workflow for execution...
  Frame 2 saved (frame_001.jpg, t=2.2s)
  [capture-periodic] freeze=8ms shot=134ms unfreeze=3ms saved=True
  Frame 3 saved (frame_002.jpg, t=4.5s)
  [capture-periodic] freeze=3ms shot=119ms unfreeze=4ms saved=True
  [capture-loop] iter=50 t=6.0s state={'complete': False, 'error': None, 'executedCount': 0, 'wsState': 1} eval_ms=10 ram=2.7/15.6GB (17%) swap=0.0/3.0GB (0%) cpu=12% browser_rss=1.07GB
  [capture-loop] iter=100 t=11.8s state={'complete': False, 'error': None, 'executedCount': 0, 'wsState': 1} eval_ms=5 ram=2.8/15.6GB (18%) swap=0.0/3.0GB (0%) cpu=54% browser_rss=1.06GB
  [capture-loop] iter=150 t=17.5s state={'complete': False, 'error': None, 'executedCount': 0, 'wsState': 1} eval_ms=5 ram=2.8/15.6GB (18%) swap=0.0/3.0GB (0%) cpu=56% browser_rss=1.02GB
  [capture-loop] iter=200 t=23.4s state={'complete': False, 'error': None, 'executedCount': 0, 'wsState': 1} eval_ms=12 ram=2.9/15.6GB (18%) swap=0.0/3.0GB (0%) cpu=60% browser_rss=1.02GB
  [capture-loop] iter=250 t=29.7s state={'complete': False, 'error': None, 'executedCount': 0, 'wsState': 1} eval_ms=15 ram=2.8/15.6GB (18%) swap=0.0/3.0GB (0%) cpu=84% browser_rss=0.94GB
  [capture-loop] iter=300 t=35.9s state={'complete': False, 'error': None, 'executedCount': 0, 'wsState': 1} eval_ms=10 ram=2.8/15.6GB (18%) swap=0.0/3.0GB (0%) cpu=82% browser_rss=0.94GB
  Node executed (1 total), capturing...
  Frame 4 saved (frame_003.jpg, t=38.3s)
  [capture-node] freeze=4ms shot=127ms unfreeze=4ms saved=True
  Execution complete (t=38.6s)
  Captured 4 unique frames over 38.68s
  [debug] iframes: 1
  [debug]   iframe[0]: src=http://127.0.0.1:8188/extensions/ComfyUI-MotionCapture/viewer_smpl_camera.html?v, canvas=413x343, rafFrozen=False
  [timing] trigger_3d_previews: 0.1s
  Saved high-quality screenshot: load_camera_traj_executed.png
  [timing] final_screenshot: 0.3s
    Captured 5 video frames