Capturing execution frames: load_camera_traj.json
  [ComfyUI] Exception in callback _ProactorBasePipeTransport._call_connection_lost(None)
  [ComfyUI] Exception in callback _ProactorBasePipeTransport._call_connection_lost(None)
  [ComfyUI] Exception in callback _ProactorBasePipeTransport._call_connection_lost(None)
  [ComfyUI] handle: <Handle _ProactorBasePipeTransport._call_connection_lost(None)>
  [ComfyUI] handle: <Handle _ProactorBasePipeTransport._call_connection_lost(None)>
  [ComfyUI] handle: <Handle _ProactorBasePipeTransport._call_connection_lost(None)>
  [ComfyUI] Traceback (most recent call last):
  [ComfyUI] Traceback (most recent call last):
  [ComfyUI] Traceback (most recent call last):
  [ComfyUI]   File "C:\hostedtoolcache\windows\Python\3.12.10\x64\Lib\asyncio\events.py", line 88, in _run
  [ComfyUI]   File "C:\hostedtoolcache\windows\Python\3.12.10\x64\Lib\asyncio\events.py", line 88, in _run
  [ComfyUI]   File "C:\hostedtoolcache\windows\Python\3.12.10\x64\Lib\asyncio\events.py", line 88, in _run
  [ComfyUI]     self._context.run(self._callback, *self._args)
  [ComfyUI]     self._context.run(self._callback, *self._args)
  [ComfyUI]     self._context.run(self._callback, *self._args)
  [ComfyUI]   File "C:\hostedtoolcache\windows\Python\3.12.10\x64\Lib\asyncio\proactor_events.py", line 165, in _call_connection_lost
  [ComfyUI]   File "C:\hostedtoolcache\windows\Python\3.12.10\x64\Lib\asyncio\proactor_events.py", line 165, in _call_connection_lost
  [ComfyUI]   File "C:\hostedtoolcache\windows\Python\3.12.10\x64\Lib\asyncio\proactor_events.py", line 165, in _call_connection_lost
  [ComfyUI]     self._sock.shutdown(socket.SHUT_RDWR)
  [ComfyUI]     self._sock.shutdown(socket.SHUT_RDWR)
  [ComfyUI]     self._sock.shutdown(socket.SHUT_RDWR)
  [ComfyUI] ConnectionResetError: [WinError 10054] An existing connection was forcibly closed by the remote host
  [ComfyUI] ConnectionResetError: [WinError 10054] An existing connection was forcibly closed by the remote host
  [ComfyUI] ConnectionResetError: [WinError 10054] An existing connection was forcibly closed by the remote host
  [ComfyUI] Exception in callback _ProactorBasePipeTransport._call_connection_lost(None)
  [ComfyUI] Exception in callback _ProactorBasePipeTransport._call_connection_lost(None)
  [ComfyUI] Exception in callback _ProactorBasePipeTransport._call_connection_lost(None)
  [ComfyUI] handle: <Handle _ProactorBasePipeTransport._call_connection_lost(None)>
  [ComfyUI] handle: <Handle _ProactorBasePipeTransport._call_connection_lost(None)>
  [ComfyUI] handle: <Handle _ProactorBasePipeTransport._call_connection_lost(None)>
  [ComfyUI] Traceback (most recent call last):
  [ComfyUI] Traceback (most recent call last):
  [ComfyUI] Traceback (most recent call last):
  [ComfyUI]   File "C:\hostedtoolcache\windows\Python\3.12.10\x64\Lib\asyncio\events.py", line 88, in _run
  [ComfyUI]   File "C:\hostedtoolcache\windows\Python\3.12.10\x64\Lib\asyncio\events.py", line 88, in _run
  [ComfyUI]   File "C:\hostedtoolcache\windows\Python\3.12.10\x64\Lib\asyncio\events.py", line 88, in _run
  [ComfyUI]     self._context.run(self._callback, *self._args)
  [ComfyUI]     self._context.run(self._callback, *self._args)
  [ComfyUI]     self._context.run(self._callback, *self._args)
  [ComfyUI]   File "C:\hostedtoolcache\windows\Python\3.12.10\x64\Lib\asyncio\proactor_events.py", line 165, in _call_connection_lost
  [ComfyUI]   File "C:\hostedtoolcache\windows\Python\3.12.10\x64\Lib\asyncio\proactor_events.py", line 165, in _call_connection_lost
  [ComfyUI]   File "C:\hostedtoolcache\windows\Python\3.12.10\x64\Lib\asyncio\proactor_events.py", line 165, in _call_connection_lost
  [ComfyUI]     self._sock.shutdown(socket.SHUT_RDWR)
  [ComfyUI]     self._sock.shutdown(socket.SHUT_RDWR)
  [ComfyUI]     self._sock.shutdown(socket.SHUT_RDWR)
  [ComfyUI] ConnectionResetError: [WinError 10054] An existing connection was forcibly closed by the remote host
  [ComfyUI] ConnectionResetError: [WinError 10054] An existing connection was forcibly closed by the remote host
  [ComfyUI] ConnectionResetError: [WinError 10054] An existing connection was forcibly closed by the remote host
  Frame 1 saved (frame_000.jpg, t=0.0s)
  Validating workflow...
  [ComfyUI] === /validate endpoint called ===
  [ComfyUI] === /validate endpoint called ===
  [ComfyUI] === /validate endpoint called ===
  [ComfyUI] Received JSON with keys: ['prompt']
  [ComfyUI] Received JSON with keys: ['prompt']
  [ComfyUI] Received JSON with keys: ['prompt']
  [ComfyUI] Prompt has 4 nodes
  [ComfyUI] Prompt has 4 nodes
  [ComfyUI] Prompt has 4 nodes
  [ComfyUI]   Node 2: LoadSMPL
  [ComfyUI]   Node 2: LoadSMPL
  [ComfyUI]   Node 2: LoadSMPL
  [ComfyUI]     Inputs: {"file_path": "smpl_params_example.npz"}
  [ComfyUI]     Inputs: {"file_path": "smpl_params_example.npz"}
  [ComfyUI]     Inputs: {"file_path": "smpl_params_example.npz"}
  [ComfyUI]   Node 3: LoadCameraTrajectory
  [ComfyUI]   Node 3: LoadCameraTrajectory
  [ComfyUI]   Node 3: LoadCameraTrajectory
  [ComfyUI]     Inputs: {"file_path": "camera_trajectory_example.npz"}
  [ComfyUI]     Inputs: {"file_path": "camera_trajectory_example.npz"}
  [ComfyUI]     Inputs: {"file_path": "camera_trajectory_example.npz"}
  Queuing workflow for execution...
  [ComfyUI]   Node 6: LoadVideo
  [ComfyUI]   Node 6: LoadVideo
  [ComfyUI]   Node 6: LoadVideo
  [ComfyUI]     Inputs: {"file": "dancing.mp4", "video-preview": ""}
  [ComfyUI]     Inputs: {"file": "dancing.mp4", "video-preview": ""}
  [ComfyUI]     Inputs: {"file": "dancing.mp4", "video-preview": ""}
  [ComfyUI]   Node 8: SMPLCameraViewer
  [ComfyUI]   Node 8: SMPLCameraViewer
  [ComfyUI]   Node 8: SMPLCameraViewer
  [ComfyUI]     Inputs: {"npz_path": ["2", 0], "camera_npz_path": ["3", 0], "mesh_color": 1, "smpl_camera_viewer": "", "video": ["6", 0]}
  [ComfyUI]     Inputs: {"npz_path": ["2", 0], "camera_npz_path": ["3", 0], "mesh_color": 1, "smpl_camera_viewer": "", "video": ["6", 0]}
  [ComfyUI]     Inputs: {"npz_path": ["2", 0], "camera_npz_path": ["3", 0], "mesh_color": 1, "smpl_camera_viewer": "", "video": ["6", 0]}
  [ComfyUI] Generated prompt_id: 0dd70ef6-8f3b-4afb-998c-6ab499e2ef66
  [ComfyUI] Generated prompt_id: 0dd70ef6-8f3b-4afb-998c-6ab499e2ef66
  [ComfyUI] Generated prompt_id: 0dd70ef6-8f3b-4afb-998c-6ab499e2ef66
  [ComfyUI] Calling execution.validate_prompt()...
  [ComfyUI] Calling execution.validate_prompt()...
  [ComfyUI] Calling execution.validate_prompt()...
  [ComfyUI] Validation result: valid=True
  [ComfyUI] Validation result: valid=True
  [ComfyUI] Validation result: valid=True
  [ComfyUI] === Validation PASSED ===
  [ComfyUI] === Validation PASSED ===
  [ComfyUI] === Validation PASSED ===
  [ComfyUI] got prompt
  [ComfyUI] got prompt
  [ComfyUI] got prompt
  [ComfyUI] [comfy-env] Running LoadCameraTrajectory: file_path: 'camera_trajectory_example.npz'
  [ComfyUI] [comfy-env] Running LoadCameraTrajectory: file_path: 'camera_trajectory_example.npz'
  [ComfyUI] [comfy-env] Running LoadCameraTrajectory: file_path: 'camera_trajectory_example.npz'
  [ComfyUI] [SubprocessWorker] call_method: nodes.load_camera_trajectory_node.LoadCameraTrajectory.EXECUTE_NORMALIZED
  [ComfyUI] [SubprocessWorker] call_method: nodes.load_camera_trajectory_node.LoadCameraTrajectory.EXECUTE_NORMALIZED
  [ComfyUI] [SubprocessWorker] call_method: nodes.load_camera_trajectory_node.LoadCameraTrajectory.EXECUTE_NORMALIZED
  [ComfyUI] [SubprocessWorker] acquired lock, ensuring started...
  [ComfyUI] [SubprocessWorker] acquired lock, ensuring started...
  [ComfyUI] [SubprocessWorker] acquired lock, ensuring started...
  [ComfyUI] [ComfyUI-MotionCapture] Health check: ping (timeout=5.0s)...
  [ComfyUI] [ComfyUI-MotionCapture] Health check: ping (timeout=5.0s)...
  [ComfyUI] [ComfyUI-MotionCapture] Health check: ping (timeout=5.0s)...
  [ComfyUI] [ComfyUI-MotionCapture] Health check: failed
  [ComfyUI] [ComfyUI-MotionCapture] Health check: failed
  [ComfyUI] [ComfyUI-MotionCapture] Health check: failed
  [ComfyUI] [ComfyUI-MotionCapture] Socket unhealthy, restarting worker...
  [ComfyUI] [ComfyUI-MotionCapture] Socket unhealthy, restarting worker...
  [ComfyUI] [ComfyUI-MotionCapture] Socket unhealthy, restarting worker...
  [ComfyUI] [comfy-env] motioncapture-nodes: Library/bin has 236 DLLs
  [ComfyUI] [comfy-env] motioncapture-nodes: Library/bin has 236 DLLs
  [ComfyUI] [comfy-env] motioncapture-nodes: Library/bin has 236 DLLs
  [ComfyUI] [ComfyUI-MotionCapture] python: C:\Users\stduser\AppData\Local\Programs\comfy-env\.pixi\envs\motioncapture-nodes\python.exe
  [ComfyUI] [ComfyUI-MotionCapture] python: C:\Users\stduser\AppData\Local\Programs\comfy-env\.pixi\envs\motioncapture-nodes\python.exe
  [ComfyUI] [ComfyUI-MotionCapture] python: C:\Users\stduser\AppData\Local\Programs\comfy-env\.pixi\envs\motioncapture-nodes\python.exe
  [ComfyUI] [ComfyUI-MotionCapture] sys_path sent to worker: ['D:\\a\\comfy-gpu-ci\\comfy-gpu-ci\\test_workspaces\\MotionCapture-1943\\ComfyUI', 'D:\\a\\comfy-gpu-ci\\comfy-gpu-ci\\test_workspaces\\MotionCapture-1943\\ComfyUI\\custom_nodes\\ComfyUI-MotionCapture', 'C:\\Users\\stduser\\AppData\\Local\\Programs\\comfy-env\\.pixi\\envs\\motioncapture-nodes\\Lib\\site-packages', 'D:\\a\\comfy-gpu-ci\\comfy-gpu-ci\\test_workspaces\\MotionCapture-1943\\ComfyUI\\custom_nodes\\ComfyUI-MotionCapture']
  [ComfyUI] [ComfyUI-MotionCapture] sys_path sent to worker: ['D:\\a\\comfy-gpu-ci\\comfy-gpu-ci\\test_workspaces\\MotionCapture-1943\\ComfyUI', 'D:\\a\\comfy-gpu-ci\\comfy-gpu-ci\\test_workspaces\\MotionCapture-1943\\ComfyUI\\custom_nodes\\ComfyUI-MotionCapture', 'C:\\Users\\stduser\\AppData\\Local\\Programs\\comfy-env\\.pixi\\envs\\motioncapture-nodes\\Lib\\site-packages', 'D:\\a\\comfy-gpu-ci\\comfy-gpu-ci\\test_workspaces\\MotionCapture-1943\\ComfyUI\\custom_nodes\\ComfyUI-MotionCapture']
  [ComfyUI] [ComfyUI-MotionCapture] sys_path sent to worker: ['D:\\a\\comfy-gpu-ci\\comfy-gpu-ci\\test_workspaces\\MotionCapture-1943\\ComfyUI', 'D:\\a\\comfy-gpu-ci\\comfy-gpu-ci\\test_workspaces\\MotionCapture-1943\\ComfyUI\\custom_nodes\\ComfyUI-MotionCapture', 'C:\\Users\\stduser\\AppData\\Local\\Programs\\comfy-env\\.pixi\\envs\\motioncapture-nodes\\Lib\\site-packages', 'D:\\a\\comfy-gpu-ci\\comfy-gpu-ci\\test_workspaces\\MotionCapture-1943\\ComfyUI\\custom_nodes\\ComfyUI-MotionCapture']
  [ComfyUI] [SubprocessWorker] is_pixi=True, python=C:\Users\stduser\AppData\Local\Programs\comfy-env\.pixi\envs\motioncapture-nodes\python.exe
  [ComfyUI] [SubprocessWorker] is_pixi=True, python=C:\Users\stduser\AppData\Local\Programs\comfy-env\.pixi\envs\motioncapture-nodes\python.exe
  [ComfyUI] [SubprocessWorker] is_pixi=True, python=C:\Users\stduser\AppData\Local\Programs\comfy-env\.pixi\envs\motioncapture-nodes\python.exe
  [ComfyUI] [SubprocessWorker] launching cmd=['C:\\Users\\stduser\\.pixi\\bin\\pixi.exe', 'run', '--as-is', '--manifest-path', 'C:\\Users\\stduser\\AppData\\Local\\Programs\\comfy-env\\pixi.toml', '-e', 'motioncapture-nodes', 'python', 'C:\\Users\\stduser\\AppData\\Local\\Temp\\comfyui_pvenv_xmekl_8f\\persistent_worker.py', 'tcp://127.0.0.1:59292']...
  [ComfyUI] [SubprocessWorker] launching cmd=['C:\\Users\\stduser\\.pixi\\bin\\pixi.exe', 'run', '--as-is', '--manifest-path', 'C:\\Users\\stduser\\AppData\\Local\\Programs\\comfy-env\\pixi.toml', '-e', 'motioncapture-nodes', 'python', 'C:\\Users\\stduser\\AppData\\Local\\Temp\\comfyui_pvenv_xmekl_8f\\persistent_worker.py', 'tcp://127.0.0.1:59292']...
  [ComfyUI] [SubprocessWorker] launching cmd=['C:\\Users\\stduser\\.pixi\\bin\\pixi.exe', 'run', '--as-is', '--manifest-path', 'C:\\Users\\stduser\\AppData\\Local\\Programs\\comfy-env\\pixi.toml', '-e', 'motioncapture-nodes', 'python', 'C:\\Users\\stduser\\AppData\\Local\\Temp\\comfyui_pvenv_xmekl_8f\\persistent_worker.py', 'tcp://127.0.0.1:59292']...
  Frame 2 saved (frame_001.jpg, t=2.2s)
  [capture-periodic] freeze=3ms shot=139ms unfreeze=5ms saved=True
  [ComfyUI] [worker:ComfyUI-MotionCapture] ERROR: Failed to import comfy_kitchen, Error: No module named 'comfy_kitchen', fp8 and fp4 support will not be available.
  [ComfyUI] [worker:ComfyUI-MotionCapture] ERROR: Failed to import comfy_kitchen, Error: No module named 'comfy_kitchen', fp8 and fp4 support will not be available.
  [ComfyUI] [worker:ComfyUI-MotionCapture] ERROR: Failed to import comfy_kitchen, Error: No module named 'comfy_kitchen', fp8 and fp4 support will not be available.
  [ComfyUI] [SubprocessWorker] worker started/confirmed
  [ComfyUI] [SubprocessWorker] worker started/confirmed
  [ComfyUI] [SubprocessWorker] worker started/confirmed
  [ComfyUI] [SubprocessWorker] serializing kwargs to shm...
  [ComfyUI] [SubprocessWorker] serializing kwargs to shm...
  [ComfyUI] [SubprocessWorker] serializing kwargs to shm...
  [ComfyUI] [SubprocessWorker] created 0 shm blocks
  [ComfyUI] [SubprocessWorker] created 0 shm blocks
  [ComfyUI] [SubprocessWorker] created 0 shm blocks
  [ComfyUI] [SubprocessWorker] sending request via socket...
  [ComfyUI] [SubprocessWorker] sending request via socket...
  [ComfyUI] [SubprocessWorker] sending request via socket...
  [ComfyUI] [SubprocessWorker] call_id=2 sending call_method
  [ComfyUI] [SubprocessWorker] call_id=2 sending call_method
  [ComfyUI] [SubprocessWorker] call_id=2 sending call_method
  [ComfyUI] [worker:ComfyUI-MotionCapture] INFO: [GVHMRInference] DPVO not installed - only SimpleVO will be available
  [ComfyUI] [worker:ComfyUI-MotionCapture] INFO: [GVHMRInference] DPVO not installed - only SimpleVO will be available
  [ComfyUI] [worker:ComfyUI-MotionCapture] INFO: [GVHMRInference] DPVO not installed - only SimpleVO will be available
  [ComfyUI] [05/16 19:49:34][INFO] [GVHMRInference] DPVO not installed - only SimpleVO will be available
  [ComfyUI] [05/16 19:49:34][INFO] [GVHMRInference] DPVO not installed - only SimpleVO will be available
  [ComfyUI] [05/16 19:49:34][INFO] [GVHMRInference] DPVO not installed - only SimpleVO will be available
  Frame 3 saved (frame_002.jpg, t=4.5s)
  [capture-periodic] freeze=4ms shot=145ms unfreeze=4ms saved=True
  [ComfyUI] [worker:ComfyUI-MotionCapture] INFO: Selected: D:\a\comfy-gpu-ci\comfy-gpu-ci\test_workspaces\MotionCapture-1943\ComfyUI\input\camera_trajectory_example.npz
  [ComfyUI] [worker:ComfyUI-MotionCapture] INFO: Selected: D:\a\comfy-gpu-ci\comfy-gpu-ci\test_workspaces\MotionCapture-1943\ComfyUI\input\camera_trajectory_example.npz
  [ComfyUI] [worker:ComfyUI-MotionCapture] INFO: Selected: D:\a\comfy-gpu-ci\comfy-gpu-ci\test_workspaces\MotionCapture-1943\ComfyUI\input\camera_trajectory_example.npz
  [ComfyUI] [05/16 19:49:35][INFO] Selected: D:\a\comfy-gpu-ci\comfy-gpu-ci\test_workspaces\MotionCapture-1943\ComfyUI\input\camera_trajectory_example.npz
  [ComfyUI] [05/16 19:49:35][INFO] Selected: D:\a\comfy-gpu-ci\comfy-gpu-ci\test_workspaces\MotionCapture-1943\ComfyUI\input\camera_trajectory_example.npz
  [ComfyUI] [05/16 19:49:35][INFO] Selected: D:\a\comfy-gpu-ci\comfy-gpu-ci\test_workspaces\MotionCapture-1943\ComfyUI\input\camera_trajectory_example.npz
  [ComfyUI] [SubprocessWorker] got response: ok
  [ComfyUI] [SubprocessWorker] got response: ok
  [ComfyUI] [SubprocessWorker] got response: ok
  [ComfyUI] [comfy-env] LoadCameraTrajectory done (5.07s): result: NodeOutput
  [ComfyUI] [comfy-env] LoadCameraTrajectory done (5.07s): result: NodeOutput
  [ComfyUI] [comfy-env] LoadCameraTrajectory done (5.07s): result: NodeOutput
  [ComfyUI] [comfy-env] Running LoadSMPL: file_path: 'smpl_params_example.npz'
  [ComfyUI] [comfy-env] Running LoadSMPL: file_path: 'smpl_params_example.npz'
  [ComfyUI] [comfy-env] Running LoadSMPL: file_path: 'smpl_params_example.npz'
  [ComfyUI] [SubprocessWorker] call_method: nodes.load_smpl_node.LoadSMPLParams.EXECUTE_NORMALIZED
  [ComfyUI] [SubprocessWorker] call_method: nodes.load_smpl_node.LoadSMPLParams.EXECUTE_NORMALIZED
  [ComfyUI] [SubprocessWorker] call_method: nodes.load_smpl_node.LoadSMPLParams.EXECUTE_NORMALIZED
  [ComfyUI] [SubprocessWorker] acquired lock, ensuring started...
  [ComfyUI] [SubprocessWorker] acquired lock, ensuring started...
  [ComfyUI] [SubprocessWorker] acquired lock, ensuring started...
  [ComfyUI] [ComfyUI-MotionCapture] Health check: ping (timeout=5.0s)...
  [ComfyUI] [ComfyUI-MotionCapture] Health check: ping (timeout=5.0s)...
  [ComfyUI] [ComfyUI-MotionCapture] Health check: ping (timeout=5.0s)...
  [ComfyUI] [ComfyUI-MotionCapture] Health check: ok
  [ComfyUI] [ComfyUI-MotionCapture] Health check: ok
  [ComfyUI] [ComfyUI-MotionCapture] Health check: ok
  [ComfyUI] [SubprocessWorker] worker started/confirmed
  [ComfyUI] [SubprocessWorker] worker started/confirmed
  [ComfyUI] [SubprocessWorker] worker started/confirmed
  [ComfyUI] [SubprocessWorker] serializing kwargs to shm...
  [ComfyUI] [SubprocessWorker] serializing kwargs to shm...
  [ComfyUI] [SubprocessWorker] serializing kwargs to shm...
  [ComfyUI] [SubprocessWorker] created 0 shm blocks
  [ComfyUI] [SubprocessWorker] created 0 shm blocks
  [ComfyUI] [SubprocessWorker] created 0 shm blocks
  [ComfyUI] [SubprocessWorker] sending request via socket...
  [ComfyUI] [SubprocessWorker] sending request via socket...
  [ComfyUI] [SubprocessWorker] sending request via socket...
  [ComfyUI] [SubprocessWorker] call_id=3 sending call_method
  [ComfyUI] [SubprocessWorker] call_id=3 sending call_method
  [ComfyUI] [SubprocessWorker] call_id=3 sending call_method
  [ComfyUI] [worker:ComfyUI-MotionCapture] INFO: Selected: D:\a\comfy-gpu-ci\comfy-gpu-ci\test_workspaces\MotionCapture-1943\ComfyUI\input\smpl_params_example.npz
  [ComfyUI] [worker:ComfyUI-MotionCapture] INFO: Selected: D:\a\comfy-gpu-ci\comfy-gpu-ci\test_workspaces\MotionCapture-1943\ComfyUI\input\smpl_params_example.npz
  [ComfyUI] [worker:ComfyUI-MotionCapture] INFO: Selected: D:\a\comfy-gpu-ci\comfy-gpu-ci\test_workspaces\MotionCapture-1943\ComfyUI\input\smpl_params_example.npz
  [ComfyUI] [05/16 19:49:35][INFO] Selected: D:\a\comfy-gpu-ci\comfy-gpu-ci\test_workspaces\MotionCapture-1943\ComfyUI\input\smpl_params_example.npz
  [ComfyUI] [05/16 19:49:35][INFO] Selected: D:\a\comfy-gpu-ci\comfy-gpu-ci\test_workspaces\MotionCapture-1943\ComfyUI\input\smpl_params_example.npz
  [ComfyUI] [05/16 19:49:35][INFO] Selected: D:\a\comfy-gpu-ci\comfy-gpu-ci\test_workspaces\MotionCapture-1943\ComfyUI\input\smpl_params_example.npz
  [ComfyUI] [SubprocessWorker] got response: ok
  [ComfyUI] [SubprocessWorker] got response: ok
  [ComfyUI] [SubprocessWorker] got response: ok
  [ComfyUI] [comfy-env] LoadSMPL done (0.08s): result: NodeOutput
  [ComfyUI] [comfy-env] LoadSMPL done (0.08s): result: NodeOutput
  [ComfyUI] [comfy-env] LoadSMPL done (0.08s): result: NodeOutput
  [ComfyUI] [comfy-env] Running SMPLCameraViewer: npz_path: 'D:\\a\\comfy-gpu-ci\\comfy-gpu-ci\\test_workspaces\\Moti..., camera_npz_path: 'D:\\a\\comfy-gpu-ci\\comfy-gpu-ci\\test_workspaces\\Moti..., mesh_color: '1', video: VideoFromFile
  [ComfyUI] [comfy-env] Running SMPLCameraViewer: npz_path: 'D:\\a\\comfy-gpu-ci\\comfy-gpu-ci\\test_workspaces\\Moti..., camera_npz_path: 'D:\\a\\comfy-gpu-ci\\comfy-gpu-ci\\test_workspaces\\Moti..., mesh_color: '1', video: VideoFromFile
  [ComfyUI] [comfy-env] Running SMPLCameraViewer: npz_path: 'D:\\a\\comfy-gpu-ci\\comfy-gpu-ci\\test_workspaces\\Moti..., camera_npz_path: 'D:\\a\\comfy-gpu-ci\\comfy-gpu-ci\\test_workspaces\\Moti..., mesh_color: '1', video: VideoFromFile
  [ComfyUI] [SubprocessWorker] call_method: nodes.smpl_camera_viewer_node.SMPLCameraViewer.EXECUTE_NORMALIZED
  [ComfyUI] [SubprocessWorker] call_method: nodes.smpl_camera_viewer_node.SMPLCameraViewer.EXECUTE_NORMALIZED
  [ComfyUI] [SubprocessWorker] call_method: nodes.smpl_camera_viewer_node.SMPLCameraViewer.EXECUTE_NORMALIZED
  [ComfyUI] [SubprocessWorker] acquired lock, ensuring started...
  [ComfyUI] [SubprocessWorker] acquired lock, ensuring started...
  [ComfyUI] [SubprocessWorker] acquired lock, ensuring started...
  [ComfyUI] [ComfyUI-MotionCapture] Health check: ping (timeout=5.0s)...
  [ComfyUI] [ComfyUI-MotionCapture] Health check: ping (timeout=5.0s)...
  [ComfyUI] [ComfyUI-MotionCapture] Health check: ping (timeout=5.0s)...
  [ComfyUI] [ComfyUI-MotionCapture] Health check: ok
  [ComfyUI] [ComfyUI-MotionCapture] Health check: ok
  [ComfyUI] [ComfyUI-MotionCapture] Health check: ok
  [ComfyUI] [SubprocessWorker] worker started/confirmed
  [ComfyUI] [SubprocessWorker] worker started/confirmed
  [ComfyUI] [SubprocessWorker] worker started/confirmed
  [ComfyUI] [SubprocessWorker] serializing kwargs to shm...
  [ComfyUI] [SubprocessWorker] serializing kwargs to shm...
  [ComfyUI] [SubprocessWorker] serializing kwargs to shm...
  [ComfyUI] [SubprocessWorker] created 1 shm blocks
  [ComfyUI] [SubprocessWorker] created 1 shm blocks
  [ComfyUI] [SubprocessWorker] created 1 shm blocks
  [ComfyUI] [SubprocessWorker] sending request via socket...
  [ComfyUI] [SubprocessWorker] sending request via socket...
  [ComfyUI] [SubprocessWorker] sending request via socket...
  [ComfyUI] [SubprocessWorker] call_id=4 sending call_method
  [ComfyUI] [SubprocessWorker] call_id=4 sending call_method
  [ComfyUI] [SubprocessWorker] call_id=4 sending call_method
  [ComfyUI] [worker:ComfyUI-MotionCapture] INFO: [SMPLCameraViewer] Generating 3D mesh + camera data...
  [ComfyUI] [worker:ComfyUI-MotionCapture] INFO: [SMPLCameraViewer] Generating 3D mesh + camera data...
  [ComfyUI] [worker:ComfyUI-MotionCapture] INFO: [SMPLCameraViewer] Generating 3D mesh + camera data...
  [ComfyUI] [05/16 19:49:35][INFO] [SMPLCameraViewer] Generating 3D mesh + camera data...
  [ComfyUI] [05/16 19:49:35][INFO] [SMPLCameraViewer] Generating 3D mesh + camera data...
  [ComfyUI] [05/16 19:49:35][INFO] [SMPLCameraViewer] Generating 3D mesh + camera data...
  [ComfyUI] [worker:ComfyUI-MotionCapture] INFO: [SMPLCameraViewer] Found incam params for through-camera rendering
  [ComfyUI] [worker:ComfyUI-MotionCapture] INFO: [SMPLCameraViewer] Found incam params for through-camera rendering
  [ComfyUI] [worker:ComfyUI-MotionCapture] INFO: [SMPLCameraViewer] Found incam params for through-camera rendering
  [ComfyUI] [05/16 19:49:35][INFO] [SMPLCameraViewer] Found incam params for through-camera rendering
  [ComfyUI] [05/16 19:49:35][INFO] [SMPLCameraViewer] Found incam params for through-camera rendering
  [ComfyUI] [05/16 19:49:35][INFO] [SMPLCameraViewer] Found incam params for through-camera rendering
  [ComfyUI] [worker:ComfyUI-MotionCapture] INFO: [SMPLCameraViewer] Processing 551 frames
  [ComfyUI] [worker:ComfyUI-MotionCapture] INFO: [SMPLCameraViewer] Processing 551 frames
  [ComfyUI] [worker:ComfyUI-MotionCapture] INFO: [SMPLCameraViewer] Processing 551 frames
  [ComfyUI] [05/16 19:49:35][INFO] [SMPLCameraViewer] Processing 551 frames
  [ComfyUI] [05/16 19:49:35][INFO] [SMPLCameraViewer] Processing 551 frames
  [ComfyUI] [05/16 19:49:35][INFO] [SMPLCameraViewer] Processing 551 frames
  [ComfyUI] [worker:ComfyUI-MotionCapture] INFO: [SMPLCameraViewer] Loaded camera trajectory (new format) from: D:\a\comfy-gpu-ci\comfy-gpu-ci\test_workspaces\MotionCapture-1943\ComfyUI\input\camera_trajectory_example.npz
  [ComfyUI] [worker:ComfyUI-MotionCapture] INFO: [SMPLCameraViewer] Loaded camera trajectory (new format) from: D:\a\comfy-gpu-ci\comfy-gpu-ci\test_workspaces\MotionCapture-1943\ComfyUI\input\camera_trajectory_example.npz
  [ComfyUI] [worker:ComfyUI-MotionCapture] INFO: [SMPLCameraViewer] Loaded camera trajectory (new format) from: D:\a\comfy-gpu-ci\comfy-gpu-ci\test_workspaces\MotionCapture-1943\ComfyUI\input\camera_trajectory_example.npz
  [ComfyUI] [05/16 19:49:35][INFO] [SMPLCameraViewer] Loaded camera trajectory (new format) from: D:\a\comfy-gpu-ci\comfy-gpu-ci\test_workspaces\MotionCapture-1943\ComfyUI\input\camera_trajectory_example.npz
  [ComfyUI] [05/16 19:49:35][INFO] [SMPLCameraViewer] Loaded camera trajectory (new format) from: D:\a\comfy-gpu-ci\comfy-gpu-ci\test_workspaces\MotionCapture-1943\ComfyUI\input\camera_trajectory_example.npz
  [ComfyUI] [05/16 19:49:35][INFO] [SMPLCameraViewer] Loaded camera trajectory (new format) from: D:\a\comfy-gpu-ci\comfy-gpu-ci\test_workspaces\MotionCapture-1943\ComfyUI\input\camera_trajectory_example.npz
  [ComfyUI] [worker:ComfyUI-MotionCapture] INFO: [SMPLCameraViewer] Video: 575 frames (SMPL: 551)
  [ComfyUI] [worker:ComfyUI-MotionCapture] INFO: [SMPLCameraViewer] Video: 575 frames (SMPL: 551)
  [ComfyUI] [worker:ComfyUI-MotionCapture] INFO: [SMPLCameraViewer] Video: 575 frames (SMPL: 551)
  [ComfyUI] [05/16 19:49:35][INFO] [SMPLCameraViewer] Video: 575 frames (SMPL: 551)
  [ComfyUI] [05/16 19:49:35][INFO] [SMPLCameraViewer] Video: 575 frames (SMPL: 551)
  [ComfyUI] [05/16 19:49:35][INFO] [SMPLCameraViewer] Video: 575 frames (SMPL: 551)
  [ComfyUI] [worker:ComfyUI-MotionCapture] INFO: [SMPLCameraViewer] SMPLX models not found, downloading from HuggingFace...
  [ComfyUI] [worker:ComfyUI-MotionCapture] INFO: [SMPLCameraViewer] SMPLX models not found, downloading from HuggingFace...
  [ComfyUI] [worker:ComfyUI-MotionCapture] INFO: [SMPLCameraViewer] SMPLX models not found, downloading from HuggingFace...
  [ComfyUI] [05/16 19:49:35][INFO] [SMPLCameraViewer] SMPLX models not found, downloading from HuggingFace...
  [ComfyUI] [05/16 19:49:35][INFO] [SMPLCameraViewer] SMPLX models not found, downloading from HuggingFace...
  [ComfyUI] [05/16 19:49:35][INFO] [SMPLCameraViewer] SMPLX models not found, downloading from HuggingFace...
  [capture-loop] iter=50 t=6.2s state={'complete': False, 'error': None, 'executedCount': 0, 'wsState': 1} eval_ms=9 ram=5.2/16.0GB (32%) swap=0.2/2.9GB (6%) cpu=35% browser_rss=0.79GB
  Frame 4 saved (frame_003.jpg, t=6.8s)
  [capture-periodic] freeze=4ms shot=148ms unfreeze=9ms saved=True
  [ComfyUI] C:\Users\stduser\AppData\Local\Programs\comfy-env\.pixi\envs\motioncapture-nodes\Lib\site-packages\huggingface_hub\utils\_validators.py:205: UserWarning: The `local_dir_use_symlinks` argument is deprecated and ignored in `hf_hub_download`. Downloading to a local directory does not use symlinks anymore.
  [ComfyUI] C:\Users\stduser\AppData\Local\Programs\comfy-env\.pixi\envs\motioncapture-nodes\Lib\site-packages\huggingface_hub\utils\_validators.py:205: UserWarning: The `local_dir_use_symlinks` argument is deprecated and ignored in `hf_hub_download`. Downloading to a local directory does not use symlinks anymore.
  [ComfyUI] C:\Users\stduser\AppData\Local\Programs\comfy-env\.pixi\envs\motioncapture-nodes\Lib\site-packages\huggingface_hub\utils\_validators.py:205: UserWarning: The `local_dir_use_symlinks` argument is deprecated and ignored in `hf_hub_download`. Downloading to a local directory does not use symlinks anymore.
  [ComfyUI]   warnings.warn(
  [ComfyUI]   warnings.warn(
  [ComfyUI]   warnings.warn(
  [ComfyUI] [worker:ComfyUI-MotionCapture] INFO: HTTP Request: HEAD https://huggingface.co/lithiumice/models_hub/resolve/main/4_SMPLhub/SMPLX/X_npz/SMPLX_FEMALE.npz "HTTP/1.1 302 Found"
  [ComfyUI] [worker:ComfyUI-MotionCapture] INFO: HTTP Request: HEAD https://huggingface.co/lithiumice/models_hub/resolve/main/4_SMPLhub/SMPLX/X_npz/SMPLX_FEMALE.npz "HTTP/1.1 302 Found"
  [ComfyUI] [worker:ComfyUI-MotionCapture] INFO: HTTP Request: HEAD https://huggingface.co/lithiumice/models_hub/resolve/main/4_SMPLhub/SMPLX/X_npz/SMPLX_FEMALE.npz "HTTP/1.1 302 Found"
  [ComfyUI] [05/16 19:49:38][INFO] HTTP Request: HEAD https://huggingface.co/lithiumice/models_hub/resolve/main/4_SMPLhub/SMPLX/X_npz/SMPLX_FEMALE.npz "HTTP/1.1 302 Found"
  [ComfyUI] [05/16 19:49:38][INFO] HTTP Request: HEAD https://huggingface.co/lithiumice/models_hub/resolve/main/4_SMPLhub/SMPLX/X_npz/SMPLX_FEMALE.npz "HTTP/1.1 302 Found"
  [ComfyUI] [05/16 19:49:38][INFO] HTTP Request: HEAD https://huggingface.co/lithiumice/models_hub/resolve/main/4_SMPLhub/SMPLX/X_npz/SMPLX_FEMALE.npz "HTTP/1.1 302 Found"
  [ComfyUI] Warning: You are sending unauthenticated requests to the HF Hub. Please set a HF_TOKEN to enable higher rate limits and faster downloads.
  [ComfyUI] Warning: You are sending unauthenticated requests to the HF Hub. Please set a HF_TOKEN to enable higher rate limits and faster downloads.
  [ComfyUI] Warning: You are sending unauthenticated requests to the HF Hub. Please set a HF_TOKEN to enable higher rate limits and faster downloads.
  [ComfyUI] [worker:ComfyUI-MotionCapture] WARNING: Warning: You are sending unauthenticated requests to the HF Hub. Please set a HF_TOKEN to enable higher rate limits and faster downloads.
  [ComfyUI] [worker:ComfyUI-MotionCapture] WARNING: Warning: You are sending unauthenticated requests to the HF Hub. Please set a HF_TOKEN to enable higher rate limits and faster downloads.
  [ComfyUI] [worker:ComfyUI-MotionCapture] WARNING: Warning: You are sending unauthenticated requests to the HF Hub. Please set a HF_TOKEN to enable higher rate limits and faster downloads.
  [ComfyUI] [05/16 19:49:38][WARNING] Warning: You are sending unauthenticated requests to the HF Hub. Please set a HF_TOKEN to enable higher rate limits and faster downloads.
  [ComfyUI] [05/16 19:49:38][WARNING] Warning: You are sending unauthenticated requests to the HF Hub. Please set a HF_TOKEN to enable higher rate limits and faster downloads.
  [ComfyUI] [05/16 19:49:38][WARNING] Warning: You are sending unauthenticated requests to the HF Hub. Please set a HF_TOKEN to enable higher rate limits and faster downloads.
  [ComfyUI] [worker:ComfyUI-MotionCapture] INFO: HTTP Request: GET https://huggingface.co/api/models/lithiumice/models_hub/xet-read-token/363972831b553e4f5b62d11d509e98830d930c97 "HTTP/1.1 200 OK"
  [ComfyUI] [worker:ComfyUI-MotionCapture] INFO: HTTP Request: GET https://huggingface.co/api/models/lithiumice/models_hub/xet-read-token/363972831b553e4f5b62d11d509e98830d930c97 "HTTP/1.1 200 OK"
  [ComfyUI] [worker:ComfyUI-MotionCapture] INFO: HTTP Request: GET https://huggingface.co/api/models/lithiumice/models_hub/xet-read-token/363972831b553e4f5b62d11d509e98830d930c97 "HTTP/1.1 200 OK"
  [ComfyUI] [05/16 19:49:38][INFO] HTTP Request: GET https://huggingface.co/api/models/lithiumice/models_hub/xet-read-token/363972831b553e4f5b62d11d509e98830d930c97 "HTTP/1.1 200 OK"
  [ComfyUI] [05/16 19:49:38][INFO] HTTP Request: GET https://huggingface.co/api/models/lithiumice/models_hub/xet-read-token/363972831b553e4f5b62d11d509e98830d930c97 "HTTP/1.1 200 OK"
  [ComfyUI] [05/16 19:49:38][INFO] HTTP Request: GET https://huggingface.co/api/models/lithiumice/models_hub/xet-read-token/363972831b553e4f5b62d11d509e98830d930c97 "HTTP/1.1 200 OK"
  [ComfyUI] 
  [ComfyUI] 
  [ComfyUI] 
  [ComfyUI] 4_SMPLhub/SMPLX/X_npz/SMPLX_FEMALE.npz:   0%|          | 0.00/109M [00:00<?, ?B/s]
  [ComfyUI] 4_SMPLhub/SMPLX/X_npz/SMPLX_FEMALE.npz:   0%|          | 0.00/109M [00:00<?, ?B/s]
  [ComfyUI] 4_SMPLhub/SMPLX/X_npz/SMPLX_FEMALE.npz:   0%|          | 0.00/109M [00:00<?, ?B/s]
  [ComfyUI] 4_SMPLhub/SMPLX/X_npz/SMPLX_FEMALE.npz: 100%|██████████| 109M/109M [00:01<00:00, 72.2MB/s][SubprocessWorker] callback 'report_progress' from call_id=4
  [ComfyUI] 4_SMPLhub/SMPLX/X_npz/SMPLX_FEMALE.npz: 100%|██████████| 109M/109M [00:01<00:00, 72.2MB/s][SubprocessWorker] callback 'report_progress' from call_id=4
  [ComfyUI] 4_SMPLhub/SMPLX/X_npz/SMPLX_FEMALE.npz: 100%|██████████| 109M/109M [00:01<00:00, 72.2MB/s][SubprocessWorker] callback 'report_progress' from call_id=4
  [ComfyUI] 
  [ComfyUI] 
  [ComfyUI] 
  [ComfyUI] 4_SMPLhub/SMPLX/X_npz/SMPLX_FEMALE.npz: 100%|██████████| 109M/109M [00:01<00:00, 71.8MB/s]
  [ComfyUI] 4_SMPLhub/SMPLX/X_npz/SMPLX_FEMALE.npz: 100%|██████████| 109M/109M [00:01<00:00, 71.8MB/s]
  [ComfyUI] 4_SMPLhub/SMPLX/X_npz/SMPLX_FEMALE.npz: 100%|██████████| 109M/109M [00:01<00:00, 71.8MB/s]
  [ComfyUI] [worker:ComfyUI-MotionCapture] INFO: [SMPLCameraViewer] Downloaded SMPLX_FEMALE.npz
  [ComfyUI] [worker:ComfyUI-MotionCapture] INFO: [SMPLCameraViewer] Downloaded SMPLX_FEMALE.npz
  [ComfyUI] [worker:ComfyUI-MotionCapture] INFO: [SMPLCameraViewer] Downloaded SMPLX_FEMALE.npz
  [ComfyUI] [05/16 19:49:39][INFO] [SMPLCameraViewer] Downloaded SMPLX_FEMALE.npz
  [ComfyUI] [05/16 19:49:39][INFO] [SMPLCameraViewer] Downloaded SMPLX_FEMALE.npz
  [ComfyUI] [05/16 19:49:39][INFO] [SMPLCameraViewer] Downloaded SMPLX_FEMALE.npz
  [ComfyUI] [worker:ComfyUI-MotionCapture] INFO: HTTP Request: HEAD https://huggingface.co/lithiumice/models_hub/resolve/main/4_SMPLhub/SMPLX/X_npz/SMPLX_MALE.npz "HTTP/1.1 302 Found"
  [ComfyUI] [worker:ComfyUI-MotionCapture] INFO: HTTP Request: HEAD https://huggingface.co/lithiumice/models_hub/resolve/main/4_SMPLhub/SMPLX/X_npz/SMPLX_MALE.npz "HTTP/1.1 302 Found"
  [ComfyUI] [worker:ComfyUI-MotionCapture] INFO: HTTP Request: HEAD https://huggingface.co/lithiumice/models_hub/resolve/main/4_SMPLhub/SMPLX/X_npz/SMPLX_MALE.npz "HTTP/1.1 302 Found"
  [ComfyUI] [05/16 19:49:39][INFO] HTTP Request: HEAD https://huggingface.co/lithiumice/models_hub/resolve/main/4_SMPLhub/SMPLX/X_npz/SMPLX_MALE.npz "HTTP/1.1 302 Found"
  [ComfyUI] [05/16 19:49:39][INFO] HTTP Request: HEAD https://huggingface.co/lithiumice/models_hub/resolve/main/4_SMPLhub/SMPLX/X_npz/SMPLX_MALE.npz "HTTP/1.1 302 Found"
  [ComfyUI] [05/16 19:49:39][INFO] HTTP Request: HEAD https://huggingface.co/lithiumice/models_hub/resolve/main/4_SMPLhub/SMPLX/X_npz/SMPLX_MALE.npz "HTTP/1.1 302 Found"
  [ComfyUI] 
  [ComfyUI] 
  [ComfyUI] 
  [ComfyUI] 4_SMPLhub/SMPLX/X_npz/SMPLX_MALE.npz:   0%|          | 0.00/109M [00:00<?, ?B/s]
  [ComfyUI] 4_SMPLhub/SMPLX/X_npz/SMPLX_MALE.npz:   0%|          | 0.00/109M [00:00<?, ?B/s]
  [ComfyUI] 4_SMPLhub/SMPLX/X_npz/SMPLX_MALE.npz:   0%|          | 0.00/109M [00:00<?, ?B/s]
  [ComfyUI] 4_SMPLhub/SMPLX/X_npz/SMPLX_MALE.npz: 100%|██████████| 109M/109M [00:01<00:00, 96.2MB/s][SubprocessWorker] callback 'report_progress' from call_id=4
  [ComfyUI] 4_SMPLhub/SMPLX/X_npz/SMPLX_MALE.npz: 100%|██████████| 109M/109M [00:01<00:00, 96.2MB/s][SubprocessWorker] callback 'report_progress' from call_id=4
  [ComfyUI] 4_SMPLhub/SMPLX/X_npz/SMPLX_MALE.npz: 100%|██████████| 109M/109M [00:01<00:00, 96.2MB/s][SubprocessWorker] callback 'report_progress' from call_id=4
  [ComfyUI] 
  [ComfyUI] 
  [ComfyUI] 
  [ComfyUI] 4_SMPLhub/SMPLX/X_npz/SMPLX_MALE.npz: 100%|██████████| 109M/109M [00:01<00:00, 96.0MB/s]
  [ComfyUI] 4_SMPLhub/SMPLX/X_npz/SMPLX_MALE.npz: 100%|██████████| 109M/109M [00:01<00:00, 96.0MB/s]
  [ComfyUI] 4_SMPLhub/SMPLX/X_npz/SMPLX_MALE.npz: 100%|██████████| 109M/109M [00:01<00:00, 96.0MB/s]
  [ComfyUI] [worker:ComfyUI-MotionCapture] INFO: [SMPLCameraViewer] Downloaded SMPLX_MALE.npz
  [ComfyUI] [worker:ComfyUI-MotionCapture] INFO: [SMPLCameraViewer] Downloaded SMPLX_MALE.npz
  [ComfyUI] [worker:ComfyUI-MotionCapture] INFO: [SMPLCameraViewer] Downloaded SMPLX_MALE.npz
  [ComfyUI] [05/16 19:49:41][INFO] [SMPLCameraViewer] Downloaded SMPLX_MALE.npz
  [ComfyUI] [05/16 19:49:41][INFO] [SMPLCameraViewer] Downloaded SMPLX_MALE.npz
  [ComfyUI] [05/16 19:49:41][INFO] [SMPLCameraViewer] Downloaded SMPLX_MALE.npz
  [ComfyUI] [worker:ComfyUI-MotionCapture] INFO: HTTP Request: HEAD https://huggingface.co/lithiumice/models_hub/resolve/main/4_SMPLhub/SMPLX/X_npz/SMPLX_NEUTRAL.npz "HTTP/1.1 302 Found"
  [ComfyUI] [worker:ComfyUI-MotionCapture] INFO: HTTP Request: HEAD https://huggingface.co/lithiumice/models_hub/resolve/main/4_SMPLhub/SMPLX/X_npz/SMPLX_NEUTRAL.npz "HTTP/1.1 302 Found"
  [ComfyUI] [worker:ComfyUI-MotionCapture] INFO: HTTP Request: HEAD https://huggingface.co/lithiumice/models_hub/resolve/main/4_SMPLhub/SMPLX/X_npz/SMPLX_NEUTRAL.npz "HTTP/1.1 302 Found"
  [ComfyUI] [05/16 19:49:41][INFO] HTTP Request: HEAD https://huggingface.co/lithiumice/models_hub/resolve/main/4_SMPLhub/SMPLX/X_npz/SMPLX_NEUTRAL.npz "HTTP/1.1 302 Found"
  [ComfyUI] [05/16 19:49:41][INFO] HTTP Request: HEAD https://huggingface.co/lithiumice/models_hub/resolve/main/4_SMPLhub/SMPLX/X_npz/SMPLX_NEUTRAL.npz "HTTP/1.1 302 Found"
  [ComfyUI] [05/16 19:49:41][INFO] HTTP Request: HEAD https://huggingface.co/lithiumice/models_hub/resolve/main/4_SMPLhub/SMPLX/X_npz/SMPLX_NEUTRAL.npz "HTTP/1.1 302 Found"
  [ComfyUI] 
  [ComfyUI] 
  [ComfyUI] 
  Frame 5 saved (frame_004.jpg, t=11.4s)
  [capture-periodic] freeze=19ms shot=171ms unfreeze=12ms saved=True
  [ComfyUI] 4_SMPLhub/SMPLX/X_npz/SMPLX_NEUTRAL.npz:   0%|          | 0.00/109M [00:00<?, ?B/s]
  [ComfyUI] 4_SMPLhub/SMPLX/X_npz/SMPLX_NEUTRAL.npz:   0%|          | 0.00/109M [00:00<?, ?B/s]
  [ComfyUI] 4_SMPLhub/SMPLX/X_npz/SMPLX_NEUTRAL.npz:   0%|          | 0.00/109M [00:00<?, ?B/s]
  [ComfyUI] 4_SMPLhub/SMPLX/X_npz/SMPLX_NEUTRAL.npz:  24%|██▍       | 26.4M/109M [00:01<00:03, 26.0MB/s][SubprocessWorker] callback 'report_progress' from call_id=4
  [ComfyUI] 4_SMPLhub/SMPLX/X_npz/SMPLX_NEUTRAL.npz:  24%|██▍       | 26.4M/109M [00:01<00:03, 26.0MB/s][SubprocessWorker] callback 'report_progress' from call_id=4
  [ComfyUI] 4_SMPLhub/SMPLX/X_npz/SMPLX_NEUTRAL.npz:  24%|██▍       | 26.4M/109M [00:01<00:03, 26.0MB/s][SubprocessWorker] callback 'report_progress' from call_id=4
  [ComfyUI] 
  [ComfyUI] 
  [ComfyUI] 
  [ComfyUI] 4_SMPLhub/SMPLX/X_npz/SMPLX_NEUTRAL.npz: 100%|██████████| 109M/109M [00:01<00:00, 124MB/s]  [SubprocessWorker] callback 'report_progress' from call_id=4
  [ComfyUI] 4_SMPLhub/SMPLX/X_npz/SMPLX_NEUTRAL.npz: 100%|██████████| 109M/109M [00:01<00:00, 124MB/s]  [SubprocessWorker] callback 'report_progress' from call_id=4
  [ComfyUI] 4_SMPLhub/SMPLX/X_npz/SMPLX_NEUTRAL.npz: 100%|██████████| 109M/109M [00:01<00:00, 124MB/s]  [SubprocessWorker] callback 'report_progress' from call_id=4
  [ComfyUI] 
  [ComfyUI] 
  [ComfyUI] 
  [ComfyUI] 4_SMPLhub/SMPLX/X_npz/SMPLX_NEUTRAL.npz: 100%|██████████| 109M/109M [00:01<00:00, 97.3MB/s]
  [ComfyUI] 4_SMPLhub/SMPLX/X_npz/SMPLX_NEUTRAL.npz: 100%|██████████| 109M/109M [00:01<00:00, 97.3MB/s]
  [ComfyUI] 4_SMPLhub/SMPLX/X_npz/SMPLX_NEUTRAL.npz: 100%|██████████| 109M/109M [00:01<00:00, 97.3MB/s]
  [ComfyUI] [worker:ComfyUI-MotionCapture] INFO: [SMPLCameraViewer] Downloaded SMPLX_NEUTRAL.npz
  [ComfyUI] [worker:ComfyUI-MotionCapture] INFO: [SMPLCameraViewer] Downloaded SMPLX_NEUTRAL.npz
  [ComfyUI] [worker:ComfyUI-MotionCapture] INFO: [SMPLCameraViewer] Downloaded SMPLX_NEUTRAL.npz
  [ComfyUI] [05/16 19:49:42][INFO] [SMPLCameraViewer] Downloaded SMPLX_NEUTRAL.npz
  [ComfyUI] [05/16 19:49:42][INFO] [SMPLCameraViewer] Downloaded SMPLX_NEUTRAL.npz
  [ComfyUI] [05/16 19:49:42][INFO] [SMPLCameraViewer] Downloaded SMPLX_NEUTRAL.npz
  [capture-loop] iter=100 t=12.8s state={'complete': False, 'error': None, 'executedCount': 0, 'wsState': 1} eval_ms=7 ram=5.3/16.0GB (33%) swap=0.2/2.9GB (6%) cpu=84% browser_rss=0.76GB
  Frame 6 saved (frame_005.jpg, t=13.7s)
  [capture-periodic] freeze=6ms shot=153ms unfreeze=4ms saved=True
  [capture-loop] iter=150 t=18.9s state={'complete': False, 'error': None, 'executedCount': 0, 'wsState': 1} eval_ms=4 ram=5.2/16.0GB (32%) swap=0.2/2.9GB (6%) cpu=88% browser_rss=0.73GB
  [capture-loop] iter=200 t=24.8s state={'complete': False, 'error': None, 'executedCount': 0, 'wsState': 1} eval_ms=4 ram=5.2/16.0GB (32%) swap=0.2/2.9GB (6%) cpu=83% browser_rss=0.67GB
  [ComfyUI] [worker:ComfyUI-MotionCapture] INFO: [SMPLCameraViewer] Generated mesh: 551 frames, 6890 vertices, 13776 faces
  [ComfyUI] [worker:ComfyUI-MotionCapture] INFO: [SMPLCameraViewer] Generated mesh: 551 frames, 6890 vertices, 13776 faces
  [ComfyUI] [worker:ComfyUI-MotionCapture] INFO: [SMPLCameraViewer] Generated mesh: 551 frames, 6890 vertices, 13776 faces
  [ComfyUI] [05/16 19:49:58][INFO] [SMPLCameraViewer] Generated mesh: 551 frames, 6890 vertices, 13776 faces
  [ComfyUI] [05/16 19:49:58][INFO] [SMPLCameraViewer] Generated mesh: 551 frames, 6890 vertices, 13776 faces
  [ComfyUI] [05/16 19:49:58][INFO] [SMPLCameraViewer] Generated mesh: 551 frames, 6890 vertices, 13776 faces
  [ComfyUI] [worker:ComfyUI-MotionCapture] INFO: [SMPLCameraViewer] Refining camera via Procrustes alignment of vertices...
  [ComfyUI] [worker:ComfyUI-MotionCapture] INFO: [SMPLCameraViewer] Refining camera via Procrustes alignment of vertices...
  [ComfyUI] [worker:ComfyUI-MotionCapture] INFO: [SMPLCameraViewer] Refining camera via Procrustes alignment of vertices...
  [ComfyUI] [05/16 19:49:58][INFO] [SMPLCameraViewer] Refining camera via Procrustes alignment of vertices...
  [ComfyUI] [05/16 19:49:58][INFO] [SMPLCameraViewer] Refining camera via Procrustes alignment of vertices...
  [ComfyUI] [05/16 19:49:58][INFO] [SMPLCameraViewer] Refining camera via Procrustes alignment of vertices...
  [ComfyUI] [worker:ComfyUI-MotionCapture] INFO: [SMPLCameraViewer] Frame 0 camera pos: old=[-0.60348064  2.5567207  -4.2858214 ], new=[-0.6115301  1.8134849 -4.327208 ]
  [ComfyUI] [worker:ComfyUI-MotionCapture] INFO: [SMPLCameraViewer] Frame 0 camera pos: old=[-0.60348064  2.5567207  -4.2858214 ], new=[-0.6115301  1.8134849 -4.327208 ]
  [ComfyUI] [worker:ComfyUI-MotionCapture] INFO: [SMPLCameraViewer] Frame 0 camera pos: old=[-0.60348064  2.5567207  -4.2858214 ], new=[-0.6115301  1.8134849 -4.327208 ]
  [ComfyUI] [05/16 19:49:59][INFO] [SMPLCameraViewer] Frame 0 camera pos: old=[-0.60348064  2.5567207  -4.2858214 ], new=[-0.6115301  1.8134849 -4.327208 ]
  [ComfyUI] [05/16 19:49:59][INFO] [SMPLCameraViewer] Frame 0 camera pos: old=[-0.60348064  2.5567207  -4.2858214 ], new=[-0.6115301  1.8134849 -4.327208 ]
  [ComfyUI] [05/16 19:49:59][INFO] [SMPLCameraViewer] Frame 0 camera pos: old=[-0.60348064  2.5567207  -4.2858214 ], new=[-0.6115301  1.8134849 -4.327208 ]
  [ComfyUI] [worker:ComfyUI-MotionCapture] INFO: [SMPLCameraViewer] Camera refined via Procrustes alignment
  [ComfyUI] [worker:ComfyUI-MotionCapture] INFO: [SMPLCameraViewer] Camera refined via Procrustes alignment
  [ComfyUI] [worker:ComfyUI-MotionCapture] INFO: [SMPLCameraViewer] Camera refined via Procrustes alignment
  [ComfyUI] [05/16 19:49:59][INFO] [SMPLCameraViewer] Camera refined via Procrustes alignment
  [ComfyUI] [05/16 19:49:59][INFO] [SMPLCameraViewer] Camera refined via Procrustes alignment
  [ComfyUI] [05/16 19:49:59][INFO] [SMPLCameraViewer] Camera refined via Procrustes alignment
  [ComfyUI] [worker:ComfyUI-MotionCapture] INFO: [SMPLCameraViewer] Wrote 551 incam vertex frames
  [ComfyUI] [worker:ComfyUI-MotionCapture] INFO: [SMPLCameraViewer] Wrote 551 incam vertex frames
  [ComfyUI] [worker:ComfyUI-MotionCapture] INFO: [SMPLCameraViewer] Wrote 551 incam vertex frames
  [ComfyUI] [05/16 19:49:59][INFO] [SMPLCameraViewer] Wrote 551 incam vertex frames
  [ComfyUI] [05/16 19:49:59][INFO] [SMPLCameraViewer] Wrote 551 incam vertex frames
  [ComfyUI] [05/16 19:49:59][INFO] [SMPLCameraViewer] Wrote 551 incam vertex frames
  [ComfyUI] [worker:ComfyUI-MotionCapture] INFO: [SMPLCameraViewer] Wrote smpl_camera_mesh_0001.bin (87.1 MB), has_camera=True
  [ComfyUI] [worker:ComfyUI-MotionCapture] INFO: [SMPLCameraViewer] Wrote smpl_camera_mesh_0001.bin (87.1 MB), has_camera=True
  [ComfyUI] [worker:ComfyUI-MotionCapture] INFO: [SMPLCameraViewer] Wrote smpl_camera_mesh_0001.bin (87.1 MB), has_camera=True
  [ComfyUI] [05/16 19:49:59][INFO] [SMPLCameraViewer] Wrote smpl_camera_mesh_0001.bin (87.1 MB), has_camera=True
  [ComfyUI] [05/16 19:49:59][INFO] [SMPLCameraViewer] Wrote smpl_camera_mesh_0001.bin (87.1 MB), has_camera=True
  [ComfyUI] [05/16 19:49:59][INFO] [SMPLCameraViewer] Wrote smpl_camera_mesh_0001.bin (87.1 MB), has_camera=True
  [ComfyUI] [worker:ComfyUI-MotionCapture] INFO: [SMPLCameraViewer] Encoding 551 frames as all-intra H.264...
  [ComfyUI] [worker:ComfyUI-MotionCapture] INFO: [SMPLCameraViewer] Encoding 551 frames as all-intra H.264...
  [ComfyUI] [worker:ComfyUI-MotionCapture] INFO: [SMPLCameraViewer] Encoding 551 frames as all-intra H.264...
  [ComfyUI] [05/16 19:49:59][INFO] [SMPLCameraViewer] Encoding 551 frames as all-intra H.264...
  [ComfyUI] [05/16 19:49:59][INFO] [SMPLCameraViewer] Encoding 551 frames as all-intra H.264...
  [ComfyUI] [05/16 19:49:59][INFO] [SMPLCameraViewer] Encoding 551 frames as all-intra H.264...
  [capture-loop] iter=250 t=30.7s state={'complete': False, 'error': None, 'executedCount': 0, 'wsState': 1} eval_ms=12 ram=5.3/16.0GB (33%) swap=0.2/2.9GB (6%) cpu=80% browser_rss=0.66GB
  [capture-loop] iter=300 t=36.8s state={'complete': False, 'error': None, 'executedCount': 0, 'wsState': 1} eval_ms=10 ram=5.3/16.0GB (33%) swap=0.2/2.9GB (6%) cpu=83% browser_rss=0.65GB
  [capture-loop] iter=350 t=42.9s state={'complete': False, 'error': None, 'executedCount': 0, 'wsState': 1} eval_ms=7 ram=5.3/16.0GB (33%) swap=0.2/2.9GB (6%) cpu=82% browser_rss=0.65GB
  [ComfyUI] [worker:ComfyUI-MotionCapture] INFO: [SMPLCameraViewer] Wrote smpl_camera_mesh_0001_ref.mp4 (17.3 MB, 551 frames, all-intra)
  [ComfyUI] [worker:ComfyUI-MotionCapture] INFO: [SMPLCameraViewer] Wrote smpl_camera_mesh_0001_ref.mp4 (17.3 MB, 551 frames, all-intra)
  [ComfyUI] [worker:ComfyUI-MotionCapture] INFO: [SMPLCameraViewer] Wrote smpl_camera_mesh_0001_ref.mp4 (17.3 MB, 551 frames, all-intra)
  [ComfyUI] [05/16 19:50:17][INFO] [SMPLCameraViewer] Wrote smpl_camera_mesh_0001_ref.mp4 (17.3 MB, 551 frames, all-intra)
  [ComfyUI] [05/16 19:50:17][INFO] [SMPLCameraViewer] Wrote smpl_camera_mesh_0001_ref.mp4 (17.3 MB, 551 frames, all-intra)
  [ComfyUI] [05/16 19:50:17][INFO] [SMPLCameraViewer] Wrote smpl_camera_mesh_0001_ref.mp4 (17.3 MB, 551 frames, all-intra)
  [ComfyUI] [SubprocessWorker] got response: ok
  [ComfyUI] [SubprocessWorker] got response: ok
  [ComfyUI] [SubprocessWorker] got response: ok
  [ComfyUI] [comfy-env] SMPLCameraViewer done (41.65s): result: NodeOutput
  [ComfyUI] [comfy-env] SMPLCameraViewer done (41.65s): result: NodeOutput
  [ComfyUI] [comfy-env] SMPLCameraViewer done (41.65s): result: NodeOutput
  [ComfyUI] Prompt executed in 46.82 seconds
  [ComfyUI] Prompt executed in 46.82 seconds
  [ComfyUI] Prompt executed in 46.82 seconds
  Node executed (1 total), capturing...
  [ComfyUI] Exception in callback _ProactorBasePipeTransport._call_connection_lost(None)
  [ComfyUI] Exception in callback _ProactorBasePipeTransport._call_connection_lost(None)
  [ComfyUI] Exception in callback _ProactorBasePipeTransport._call_connection_lost(None)
  [ComfyUI] handle: <Handle _ProactorBasePipeTransport._call_connection_lost(None)>
  [ComfyUI] handle: <Handle _ProactorBasePipeTransport._call_connection_lost(None)>
  [ComfyUI] handle: <Handle _ProactorBasePipeTransport._call_connection_lost(None)>
  [ComfyUI] Traceback (most recent call last):
  [ComfyUI] Traceback (most recent call last):
  [ComfyUI] Traceback (most recent call last):
  [ComfyUI]   File "C:\hostedtoolcache\windows\Python\3.12.10\x64\Lib\asyncio\events.py", line 88, in _run
  [ComfyUI]   File "C:\hostedtoolcache\windows\Python\3.12.10\x64\Lib\asyncio\events.py", line 88, in _run
  [ComfyUI]   File "C:\hostedtoolcache\windows\Python\3.12.10\x64\Lib\asyncio\events.py", line 88, in _run
  [ComfyUI]     self._context.run(self._callback, *self._args)
  [ComfyUI]     self._context.run(self._callback, *self._args)
  [ComfyUI]     self._context.run(self._callback, *self._args)
  [ComfyUI]   File "C:\hostedtoolcache\windows\Python\3.12.10\x64\Lib\asyncio\proactor_events.py", line 165, in _call_connection_lost
  [ComfyUI]   File "C:\hostedtoolcache\windows\Python\3.12.10\x64\Lib\asyncio\proactor_events.py", line 165, in _call_connection_lost
  [ComfyUI]   File "C:\hostedtoolcache\windows\Python\3.12.10\x64\Lib\asyncio\proactor_events.py", line 165, in _call_connection_lost
  [ComfyUI]     self._sock.shutdown(socket.SHUT_RDWR)
  [ComfyUI]     self._sock.shutdown(socket.SHUT_RDWR)
  [ComfyUI]     self._sock.shutdown(socket.SHUT_RDWR)
  [ComfyUI] ConnectionResetError: [WinError 10054] An existing connection was forcibly closed by the remote host
  [ComfyUI] ConnectionResetError: [WinError 10054] An existing connection was forcibly closed by the remote host
  [ComfyUI] ConnectionResetError: [WinError 10054] An existing connection was forcibly closed by the remote host
  Frame 7 saved (frame_006.jpg, t=47.2s)
  [capture-node] freeze=8ms shot=114ms unfreeze=0ms saved=True
  Execution complete (t=47.2s)
  Captured 7 unique frames over 47.5s
  [debug] iframes: 1
  [debug]   iframe[0]: src=http://127.0.0.1:41897/extensions/ComfyUI-MotionCapture/viewer_smpl_camera.html?, canvas=413x343, rafFrozen=True
  [timing] trigger_3d_previews: 0.1s
  Saved high-quality screenshot: load_camera_traj_executed.png
  [timing] final_screenshot: 0.2s
    Captured 8 video frames