[Console-error] Failed to load resource: the server responded with a status of 404 (Not Found)
[Console-error] Failed to load resource: the server responded with a status of 404 (Not Found)
[Console-warning] [ComfyUI] The legacy queue/history menu is deprecated. Core functionality in this menu may break at any time. Issues and feature requests related to the legacy menu will not be addressed. To switch to the new menu: Settings → search "Use new menu" → change from "Disabled" to "Top".
[Console-warning] [ComfyUI] The legacy queue/history menu is deprecated. Core functionality in this menu may break at any time. Issues and feature requests related to the legacy menu will not be addressed. To switch to the new menu: Settings → search "Use new menu" → change from "Disabled" to "Top".
[Console-error] Failed to load resource: the server responded with a status of 404 (Not Found)
[Console-error] ComfyApp graph accessed before initialization
[Console-error] Failed to load resource: the server responded with a status of 404 (Not Found)
[Console-error] Failed to load resource: the server responded with a status of 404 (Not Found)
[Console-error] Failed to load resource: the server responded with a status of 404 (Not Found)
[Console-warning] WARNING: Multiple instances of Three.js being imported.
[Console-log] [BVHViewer] Loading BVH Viewer extension
[Console-log] [BVHViewer] Loading BVH viewer extension...
[Console-log] [BVHViewer] Extension registered: comfy3d.bvhviewer
[Console-log] [FBX Preview] Auto-registering for all known FBX preview node types...
[Console-log] [UniRig] Loading FBX mesh preview extension...
[Console-log] [UniRig] Detected extension folder: ComfyUI-MotionCapture
[Console-log] [UniRig] FBX mesh preview extension registered
[Console-log] [SAM3DBody] Loading FBX mesh preview extension...
[Console-log] [SAM3DBody] Detected extension folder: ComfyUI-MotionCapture
[Console-log] [SAM3DBody] FBX mesh preview extension registered
[Console-log] [MotionCapture] Loading FBX mesh preview extension...
[Console-log] [MotionCapture] Detected extension folder: ComfyUI-MotionCapture
[Console-log] [MotionCapture] FBX mesh preview extension registered
[Console-log] [MotionCapture] Loading FBX mesh preview extension...
[Console-log] [MotionCapture] Detected extension folder: ComfyUI-MotionCapture
[Console-log] [MotionCapture] FBX mesh preview extension registered
[Console-log] [UniRig Compare] Loading compare skeleton widget...
[Console-log] [UniRig Compare] Detected extension folder: ComfyUI-MotionCapture
[Console-log] [UniRig Compare] Compare skeleton widget registered
[Console-log] [HY-Motion] app imported successfully: true
[Console-log] [FBXAnimationViewer] Loading FBX Animation Viewer extension
[Console-log] [FBXAnimationViewer] Loading FBX Animation Viewer extension...
[Console-log] [FBXAnimationViewer] Extension registered: comfy3d.fbxanimationviewer
[Console-log] [CompareSMPLBVH] Loading Compare SMPL BVH extension
[Console-log] [CompareSMPLBVH] Loading Compare SMPL BVH extension...
[Console-log] [CompareSMPLBVH] Extension registered: comfy3d.comparesmplbvh
[Console-log] [SMPLCameraViewer] Loading SMPL Camera Viewer extension
[Console-log] [SMPLCameraViewer] Loading extension...
[Console-log] [SMPLCameraViewer] Extension registered: comfy3d.smplcameraviewer
[Console-log] [SMPL] Loading SMPL Viewer extension
[Console-log] [SMPLViewer] Extension registered: comfy3d.smplviewer
[Console-warning] WARNING: Multiple instances of Three.js being imported.
[Console-warning] [ComfyUI Notice] "extensions/core/widgetInputs.js" is an internal module, not part of the public API. Future updates may break this import.
[Console-warning] [ComfyUI Notice] "scripts/utils.js" is an internal module, not part of the public API. Future updates may break this import.
[Console-warning] [MaskEditor] ComfyApp.open_maskeditor is deprecated. Plugins should migrate to using the command system or direct node context menu integration.
[Console-log] [HY-Motion] 3D Viewer Extension Loaded (v3.5 - Alt+Z Undo)
[Console-log] [MotionCapture] Registering Preview Rigged Mesh node
[Console-log] [FBXAnimationViewer] Registering FBXAnimationViewer node
[Console-log] [BVHViewer] Registering BVHViewer node
[Console-log] [CompareSMPLBVH] Registering CompareSMPLtoBVH node
[Console-log] [UniRig Compare] Registering Compare Skeletons node
[Console-log] [SMPLViewer] Registering SMPLViewer node
[Console-log] [SMPLCameraViewer] Registering SMPLCameraViewer node
[Console-log] [HY-Motion] Creating Node: HYMotionRetargetFBX -1
[Console-error] Failed to load resource: the server responded with a status of 404 (Not Found)
[Console-error] Error loading model: HttpError: fetch for "http://127.0.0.1:41893/api/view?type=output&subfolder=hymotion_retarget&filename=retarget_20260213_150512819_067dc21f_000.fbx" responded with 404: Not Found
    at http://127.0.0.1:41893/assets/vendor-three-Br-dHl2j.js:3824:116006
[Console-error] Failed to load resource: the server responded with a status of 404 (Not Found)
[Console-error] Error loading model: HttpError: fetch for "http://127.0.0.1:41893/api/view?type=output&subfolder=hymotion_retarget&filename=retarget_20260213_150512819_067dc21f_000.fbx" responded with 404: Not Found
    at http://127.0.0.1:41893/assets/vendor-three-Br-dHl2j.js:3824:116006
[Console-log] [comfy-test] graphToPrompt: 4 nodes, missing class_type: [], sample: {"inputs":{"file_path":"smpl_params_example.npz"},"class_type":"LoadSMPL","_meta":{"title":"Load SMPL Params"}}
[Console-log] [SMPLCameraViewer] Video: smpl_camera_mesh_0001_ref.mp4 (fps=25)
[Console-log] [SMPLCameraViewer] Loading mesh file: smpl_camera_mesh_0001.bin
[Console-log] [SMPLCameraViewer] Fetched 87.1 MB
[Console-log] [SMPC] Parsing buffer: 91325060 bytes
[Console-log] [SMPC] Header: frames=551, verts=6890, faces=13776, fps=30
[Console-log] [SMPC] hasCamera=true, img=1920x1080, offset=96
[Console-log] [SMPC] Reading camera data at offset=45722088
[Console-log] [SMPC] Camera pos frame 0: [-0.612, 1.813, -4.327]
[Console-log] [SMPC] K_fullimg[0]: fx=3278.2, fy=2455.5, cx=960.0, cy=540.0
[Console-log] [SMPC] Loaded incam vertices: 551 frames
[Console-log] [SMPC] Parse complete. 91325056/91325060 bytes consumed
[Console-log] [SMPC] Loaded: 551 frames, 6890 verts, camera=true, incam=true
[Console-log] [SMPC] Loaded successfully
[Console-log] [SMPC] Created camera frustum helper, fovY=24.8
[Console-log] [SMPC] Camera mode: through_camera
[Console-log] %c[SMPC DEBUG] ===== Frame 0 diagnostic ===== color:#0ff
[Console-log]   K: fx=3278.2 fy=2455.5 cx=960.0 cy=540.0
[Console-log]   Image: 1920x1080  cx-w/2=0.0  cy-h/2=0.0
[Console-log]   Vertical half-FOV: 12.4°
[Console-log]   Horizontal half-FOV: 16.3°
[Console-log]   Camera pos (world): [-0.612, 1.813, -4.327]
[Console-log]   Optical axis (world): [-0.0192, -0.1105, 0.9937]
[Console-log]   Camera downward tilt: 6.3°
[Console-log]   Mesh centroid (world): [-0.191, 1.089, -0.093]
[Console-log]   Dir cam->mesh (world): [0.0975, -0.1678, 0.9810]
[Console-log]   Needed downward tilt to center mesh: 9.7°
[Console-log]   Mesh centroid in cam frame: [-0.512, 0.233, 4.279]
[Console-log]   Mesh centroid pixel: (568, 674)  image center: (960, 540)
[Console-log]   Offset from center: (-392, 134) pixels
[Console-log]   Incam centroid (cam frame): [-0.512, 0.233, 4.279]
[Console-log]   Incam centroid pixel: (568, 674)
[Console-log] %c[SMPC DEBUG] ===== end ===== color:#0ff