[00:00] Crash dump logging enabled: D:\a\comfy-gpu-ci\comfy-gpu-ci\comfy-test-logs\MotionCapture-1018\windows-portable-cpu\crash_dump.log
[00:00] 
[00:00] [1/3] REGISTRATION
[00:00] ----------------------------------------
[00:00] 
[DEBUG] server=None, server_url=http://127.0.0.1:8188, api=None
[00:00] 
Connecting to existing server at http://127.0.0.1:8188...
[00:00] Connecting to existing server at http://127.0.0.1:8188...
[00:00] Connected to server! (attempt 1, 0.0s)
[00:00] Checking for import errors in server logs...
[00:00] No import errors detected
[00:00] Found 776 registered nodes
[00:00] [REGISTRATION] PASSED
[00:00] 
[00:00] [2/3] INSTANTIATION
[00:00] ----------------------------------------
[00:00] 
[DEBUG] server=<comfy_test.comfyui.server.ExternalComfyUIServer object at 0x0000019E3C1D17F0>, server_url=http://127.0.0.1:8188, api=<comfy_test.comfyui.api.ComfyUIAPI object at 0x0000019E3C1D1940>
[00:00] Testing node constructors...
[00:05] All 22 node(s) instantiated successfully!
[00:05] [INSTANTIATION] PASSED
[00:05] 
[00:05] [3/3] EXECUTION
[00:05] ----------------------------------------
[00:05] 
[DEBUG] server=<comfy_test.comfyui.server.ExternalComfyUIServer object at 0x0000019E3C1D17F0>, server_url=http://127.0.0.1:8188, api=<comfy_test.comfyui.api.ComfyUIAPI object at 0x0000019E3C1D1940>
[00:05] CPU runner - will execute 3 workflow(s)
[00:05] Running 5 workflow(s) (all with videos)...
[00:05] Starting headless browser...
[00:06]   Downloading Mesa llvmpipe for Windows...
[00:11]   Copied opengl32.dll to Chromium dir
[00:11]   Copied libgallium_wgl.dll to Chromium dir
[00:11]   Using Mesa llvmpipe (desktop GL) — multithreaded CPU rendering
[00:12] Capturing execution frames: apply_motion_on_character.json
[00:21]   Frame 1 saved (frame_000.jpg, t=0.0s)
[00:21]   Validating workflow...
[00:21]   Queuing workflow for execution...
[00:24]   Frame 2 saved (frame_001.jpg, t=2.4s)
[00:24]   [capture-periodic] freeze=5ms shot=152ms unfreeze=8ms saved=True
[00:26]   Frame 3 saved (frame_002.jpg, t=4.7s)
[00:26]   [capture-periodic] freeze=5ms shot=138ms unfreeze=6ms saved=True
[00:28]   [capture-loop] iter=50 t=6.2s state={'complete': False, 'error': None, 'executedCount': 0, 'wsState': 1} eval_ms=5 ram=6.0/16.0GB (37%) swap=0.3/2.9GB (10%) cpu=66% browser_rss=0.71GB
[00:28]   Frame 4 saved (frame_003.jpg, t=7.0s)
[00:28]   [capture-periodic] freeze=5ms shot=140ms unfreeze=5ms saved=True
[00:34]   [capture-loop] iter=100 t=13.0s state={'complete': False, 'error': None, 'executedCount': 0, 'wsState': 1} eval_ms=6 ram=6.6/16.0GB (41%) swap=0.3/2.9GB (10%) cpu=100% browser_rss=0.71GB
[00:40]   Frame 5 saved (frame_004.jpg, t=18.1s)
[00:40]   [capture-periodic] freeze=5ms shot=154ms unfreeze=6ms saved=True
[00:41]   [capture-loop] iter=150 t=19.3s state={'complete': False, 'error': None, 'executedCount': 0, 'wsState': 1} eval_ms=5 ram=6.0/16.0GB (37%) swap=0.3/2.9GB (10%) cpu=93% browser_rss=0.71GB
[00:46]   [capture-loop] iter=200 t=25.2s state={'complete': False, 'error': None, 'executedCount': 0, 'wsState': 1} eval_ms=5 ram=5.9/16.0GB (37%) swap=0.3/2.9GB (10%) cpu=62% browser_rss=0.65GB
[00:49]   Node executed (2 total), capturing...
[00:50]   Frame 6 saved (frame_005.jpg, t=28.0s)
[00:50]   [capture-node] freeze=5ms shot=1201ms unfreeze=0ms saved=True
[00:50]   Execution complete (t=28.0s)
[00:51]   [3d-wait] Phase 1: Waiting for 'Loading 3D Model' text to disappear...
[01:52]   [3d-wait] Phase 1 exception after 60.1s: Page.wait_for_function: Timeout 60000ms exceeded.
[01:52]   [3d-wait] Phase 2: iframes=0
[01:52]   [3d-wait] Total 3D wait: 60.2s
[01:52]   Captured 6 unique frames over 90.31s
[01:52]   [debug] iframes: 0
[01:52]   [timing] trigger_3d_previews: 0.0s
[01:54]   Saved high-quality screenshot: apply_motion_on_character_executed.png
[01:54]   [timing] final_screenshot: 0.2s
[01:54]   [2/5] SKIPPED (not in cpu list) GVHMR.json
[01:54]   [3/5] SKIPPED (not in cpu list) GVHMR_cameramotion.json
[01:54] Capturing execution frames: load_camera_traj.json
[02:02]   Frame 1 saved (frame_000.jpg, t=0.0s)
[02:02]   Validating workflow...
[02:02]   Queuing workflow for execution...
[02:04]   Frame 2 saved (frame_001.jpg, t=2.4s)
[02:04]   [capture-periodic] freeze=6ms shot=134ms unfreeze=6ms saved=True
[02:06]   Frame 3 saved (frame_002.jpg, t=4.6s)
[02:06]   [capture-periodic] freeze=5ms shot=137ms unfreeze=4ms saved=True
[02:08]   [capture-loop] iter=50 t=6.4s state={'complete': False, 'error': None, 'executedCount': 0, 'wsState': 1} eval_ms=15 ram=5.8/16.0GB (36%) swap=0.3/2.9GB (10%) cpu=34% browser_rss=0.80GB
[02:11]   Frame 4 saved (frame_003.jpg, t=9.1s)
[02:11]   [capture-periodic] freeze=5ms shot=125ms unfreeze=4ms saved=True
[02:14]   [capture-loop] iter=100 t=12.7s state={'complete': False, 'error': None, 'executedCount': 0, 'wsState': 1} eval_ms=11 ram=5.7/16.0GB (36%) swap=0.4/2.9GB (16%) cpu=64% browser_rss=0.77GB
[02:15]   Frame 5 saved (frame_004.jpg, t=13.5s)
[02:15]   [capture-periodic] freeze=19ms shot=159ms unfreeze=7ms saved=True
[02:21]   [capture-loop] iter=150 t=19.1s state={'complete': False, 'error': None, 'executedCount': 0, 'wsState': 1} eval_ms=11 ram=5.8/16.0GB (36%) swap=0.4/2.9GB (16%) cpu=81% browser_rss=0.74GB
[02:28]   [capture-loop] iter=200 t=26.1s state={'complete': False, 'error': None, 'executedCount': 0, 'wsState': 1} eval_ms=10 ram=5.8/16.0GB (36%) swap=0.4/2.9GB (16%) cpu=96% browser_rss=0.68GB
[02:34]   [capture-loop] iter=250 t=32.5s state={'complete': False, 'error': None, 'executedCount': 0, 'wsState': 1} eval_ms=10 ram=5.9/16.0GB (37%) swap=0.4/2.9GB (16%) cpu=99% browser_rss=0.67GB
[02:49]   [capture-loop] iter=300 t=47.7s state={'complete': False, 'error': None, 'executedCount': 0, 'wsState': 1} eval_ms=12 ram=6.1/16.0GB (38%) swap=0.4/2.9GB (16%) cpu=100% browser_rss=0.67GB
[02:58]   [capture-loop] iter=350 t=56.5s state={'complete': False, 'error': None, 'executedCount': 0, 'wsState': 1} eval_ms=16 ram=5.9/16.0GB (37%) swap=0.6/2.9GB (22%) cpu=100% browser_rss=0.67GB
[03:06]   [capture-loop] iter=400 t=64.3s state={'complete': False, 'error': None, 'executedCount': 0, 'wsState': 1} eval_ms=17 ram=5.8/16.0GB (36%) swap=0.7/2.9GB (24%) cpu=97% browser_rss=0.67GB
[03:14]   [capture-loop] iter=450 t=72.2s state={'complete': False, 'error': None, 'executedCount': 0, 'wsState': 1} eval_ms=50 ram=5.8/16.0GB (36%) swap=0.7/2.9GB (24%) cpu=97% browser_rss=0.66GB
[03:21]   [capture-loop] iter=500 t=79.3s state={'complete': False, 'error': None, 'executedCount': 0, 'wsState': 1} eval_ms=31 ram=5.8/16.0GB (36%) swap=0.7/2.9GB (24%) cpu=96% browser_rss=0.66GB
[03:28]   [capture-loop] iter=550 t=86.8s state={'complete': False, 'error': None, 'executedCount': 0, 'wsState': 1} eval_ms=10 ram=5.8/16.0GB (36%) swap=0.7/2.9GB (24%) cpu=97% browser_rss=0.66GB
[03:32]   Node executed (1 total), capturing...
[03:33]   Frame 6 saved (frame_005.jpg, t=91.1s)
[03:33]   [capture-node] freeze=15ms shot=177ms unfreeze=5ms saved=True
[03:33]   Execution complete (t=91.5s)
[03:33]   Captured 6 unique frames over 91.57s
[03:33]   [debug] iframes: 1
[03:33]   [debug]   iframe[0]: src=http://127.0.0.1:8188/extensions/ComfyUI-MotionCapture/viewer_smpl_camera.html?v, canvas=413x343, rafFrozen=False
[03:33]   [timing] trigger_3d_previews: 0.0s
[03:36]   Saved high-quality screenshot: load_camera_traj_executed.png
[03:36]   [timing] final_screenshot: 0.2s
[03:36] Capturing execution frames: smpl_to_bvh_pipeline.json
[03:43]   Frame 1 saved (frame_000.jpg, t=0.0s)
[03:43]   Validating workflow...
[03:43]   Queuing workflow for execution...
[03:44]   Node executed (1 total), capturing...
[03:44]   Frame 2 saved (frame_001.jpg, t=1.7s)
[03:44]   [capture-node] freeze=4ms shot=109ms unfreeze=0ms saved=True
[03:44]   Execution complete (t=1.7s)
[03:44]   Captured 2 unique frames over 1.86s
[03:44]   [debug] iframes: 1
[03:44]   [debug]   iframe[0]: src=http://127.0.0.1:8188/extensions/ComfyUI-MotionCapture/viewer_bvh.html?v=1778322, canvas=374x600, rafFrozen=True
[03:44]   [timing] trigger_3d_previews: 0.0s
[03:47]   Saved high-quality screenshot: smpl_to_bvh_pipeline_executed.png
[03:47]   [timing] final_screenshot: 0.2s
[03:47] Results saved to D:\a\comfy-gpu-ci\comfy-gpu-ci\comfy-test-logs\MotionCapture-1018\windows-portable-cpu\results.json
[03:47] Model report: 11 files, 329.9 MB -> D:\a\comfy-gpu-ci\comfy-gpu-ci\comfy-test-logs\MotionCapture-1018\windows-portable-cpu\models.json
[03:47] Saved: D:\a\comfy-gpu-ci\comfy-gpu-ci\comfy-test-logs\MotionCapture-1018\windows-portable-cpu\index.html
[03:47] [EXECUTION] PASSED
[03:47] 
windows_portable: PASSED
