Capturing execution frames: GVHMR.json
  [ComfyUI] [DEPRECATION WARNING] Detected import of deprecated legacy API: /extensions/core/widgetInputs.js. This is likely caused by a custom node extension using outdated APIs. Please update your extensions or contact the extension author for an updated version.
  Frame 1 saved (frame_000.jpg, t=0.0s)
  Validating workflow...
  [ComfyUI] === /validate endpoint called ===
  [ComfyUI] Received JSON with keys: ['prompt']
  [ComfyUI] Prompt has 5 nodes
  [ComfyUI]   Node 2: LoadGVHMRModels
  [ComfyUI]     Inputs: {"model_path_override": "", "precision": "auto", "attention": "auto", "load_dpvo": false}
  [ComfyUI]   Node 11: SMPLViewer
  [ComfyUI]     Inputs: {"npz_path": ["16", 0], "frame_skip": 1, "mesh_color": "#4a9eff", "smpl_viewer": ""}
  Queuing workflow for execution...
  [ComfyUI]   Node 14: LoadVideo
  [ComfyUI]     Inputs: {"file": "tennis.mp4", "video-preview": ""}
  [ComfyUI]   Node 15: LoadVideo
  [ComfyUI]     Inputs: {"file": "tennis_mask.mp4", "video-preview": ""}
  [ComfyUI]   Node 16: GVHMRInference
  [ComfyUI]     Inputs: {"moving_camera": false, "focal_length_mm": 0, "bbox_scale": 1.2, "vo_method": "simple_vo", "vo_scale": 0.5, "vo_step": 8, "chunk_size": 32, "video": ["14", 0], "video_mask": ["15", 0], "config": ["2"
  [ComfyUI] Generated prompt_id: 97acee24-33ce-45aa-858c-e5e103d02b03
  [ComfyUI] Calling execution.validate_prompt()...
  [ComfyUI] Validation result: valid=True
  [ComfyUI] === Validation PASSED ===
  [ComfyUI] got prompt
  [ComfyUI] [comfy-env] Running LoadGVHMRModels: model_path_override: '', precision: 'auto', attention: 'auto', load_dpvo: False
  [ComfyUI] [VRAM] Before LoadGVHMRModels: 152 / 7703 MB
  [ComfyUI] [comfy-env] SubprocessWorker: /root/.ce/.pixi/envs/motioncapture-nodes/bin/python
  [ComfyUI] [SubprocessWorker] call_method: nodes.load_model.LoadGVHMRModels.EXECUTE_NORMALIZED
  [ComfyUI] [comfy-env] env_vars: {'COMFYUI_BASE': '/workspaces/MotionCapture-0616/ComfyUI'}
  [ComfyUI] [ComfyUI-MotionCapture] python: /root/.ce/.pixi/envs/motioncapture-nodes/bin/python
  [ComfyUI] [SubprocessWorker] acquired lock, ensuring started...
  [ComfyUI] [ComfyUI-MotionCapture] sys_path sent to worker: ['/workspaces/MotionCapture-0616/ComfyUI', '/workspaces/MotionCapture-0616/ComfyUI/custom_nodes/ComfyUI-MotionCapture', '/root/.ce/.pixi/envs/motioncapture-nodes/lib/python3.11/site-packages', '/workspaces/MotionCapture-0616/ComfyUI/custom_nodes/ComfyUI-MotionCapture']
  [ComfyUI] [SubprocessWorker] is_pixi=True, python=/root/.ce/.pixi/envs/motioncapture-nodes/bin/python
  [ComfyUI] [SubprocessWorker] launching cmd=['/root/.pixi/bin/pixi', 'run', '--as-is', '--manifest-path', '/root/.ce/pixi.toml', '-e', 'motioncapture-nodes', 'python', '/tmp/comfyui_pvenv_w4qowdpx/persistent_worker.py', 'abstract://comfy_worker_ebd4baf92f82']...
  [ComfyUI] [SubprocessWorker] socket_addr=abstract://comfy_worker_ebd4baf92f82 (abstract, no filesystem path)
  [ComfyUI] [worker:ComfyUI-MotionCapture] ERROR: Failed to import comfy_kitchen, Error: No module named 'comfy_kitchen', fp8 and fp4 support will not be available.
  [ComfyUI] [SubprocessWorker] worker started/confirmed
  [ComfyUI] [SubprocessWorker] serializing kwargs to shm...
  [ComfyUI] [SubprocessWorker] created 0 shm blocks
  [ComfyUI] [SubprocessWorker] sending request via socket...
  [ComfyUI] [SubprocessWorker] call_id=1 sending call_method
  [ComfyUI] [worker:ComfyUI-MotionCapture] INFO: [GVHMRInference] DPVO not installed - only SimpleVO will be available
  [ComfyUI] [05/11 06:20:47][INFO] [GVHMRInference] DPVO not installed - only SimpleVO will be available
  [ComfyUI] [worker:ComfyUI-MotionCapture] INFO: [LoadGVHMRModels] Checking GVHMR models...
  [ComfyUI] [05/11 06:20:47][INFO] [LoadGVHMRModels] Checking GVHMR models...
  [ComfyUI] [worker:ComfyUI-MotionCapture] INFO: [LoadGVHMRModels] Downloading gvhmr from HuggingFace...
  [ComfyUI] [05/11 06:20:47][INFO] [LoadGVHMRModels] Downloading gvhmr from HuggingFace...
  [ComfyUI] [worker:ComfyUI-MotionCapture] INFO: [LoadGVHMRModels] Repository: apozz/motion-capture-safetensors
  [ComfyUI] [05/11 06:20:47][INFO] [LoadGVHMRModels] Repository: apozz/motion-capture-safetensors
  [ComfyUI] /root/.ce/.pixi/envs/motioncapture-nodes/lib/python3.11/site-packages/huggingface_hub/utils/_validators.py:205: UserWarning: The `local_dir_use_symlinks` argument is deprecated and ignored in `hf_hub_download`. Downloading to a local directory does not use symlinks anymore.
  [ComfyUI]   warnings.warn(
  Frame 2 saved (frame_001.jpg, t=2.4s)
  [capture-periodic] freeze=3ms shot=164ms unfreeze=2ms saved=True
  [ComfyUI] [worker:ComfyUI-MotionCapture] INFO: HTTP Request: HEAD https://huggingface.co/apozz/motion-capture-safetensors/resolve/main/gvhmr.safetensors "HTTP/1.1 302 Found"
  [ComfyUI] [05/11 06:20:47][INFO] HTTP Request: HEAD https://huggingface.co/apozz/motion-capture-safetensors/resolve/main/gvhmr.safetensors "HTTP/1.1 302 Found"
  [ComfyUI] [worker:ComfyUI-MotionCapture] INFO: HTTP Request: GET https://huggingface.co/api/models/apozz/motion-capture-safetensors/xet-read-token/4d1ff1105aad31ef01d2aa2c1151a0317d267925 "HTTP/1.1 200 OK"
  [ComfyUI] [05/11 06:20:48][INFO] HTTP Request: GET https://huggingface.co/api/models/apozz/motion-capture-safetensors/xet-read-token/4d1ff1105aad31ef01d2aa2c1151a0317d267925 "HTTP/1.1 200 OK"
  [ComfyUI] 
  [ComfyUI] gvhmr.safetensors:   0%|          | 0.00/163M [00:00<?, ?B/s]
  [ComfyUI] gvhmr.safetensors:  15%|█▌        | 25.1M/163M [00:01<00:08, 16.5MB/s][SubprocessWorker] callback 'report_progress' from call_id=1
  Frame 3 saved (frame_002.jpg, t=4.7s)
  [capture-periodic] freeze=2ms shot=171ms unfreeze=2ms saved=True
  [ComfyUI] 
  [ComfyUI] gvhmr.safetensors:  41%|████      | 67.1M/163M [00:02<00:02, 32.8MB/s][SubprocessWorker] callback 'report_progress' from call_id=1
  [ComfyUI] 
  [ComfyUI] gvhmr.safetensors: 100%|██████████| 163M/163M [00:02<00:00, 90.9MB/s] [SubprocessWorker] callback 'report_progress' from call_id=1
  [ComfyUI] 
  [ComfyUI] gvhmr.safetensors: 100%|██████████| 163M/163M [00:02<00:00, 63.6MB/s]
  [ComfyUI] [worker:ComfyUI-MotionCapture] INFO: [LoadGVHMRModels] Downloaded gvhmr to /workspaces/MotionCapture-0616/ComfyUI/models/motion_capture/gvhmr.safetensors
  [ComfyUI] [05/11 06:20:50][INFO] [LoadGVHMRModels] Downloaded gvhmr to /workspaces/MotionCapture-0616/ComfyUI/models/motion_capture/gvhmr.safetensors
  [ComfyUI] [worker:ComfyUI-MotionCapture] INFO: [LoadGVHMRModels] Downloading vitpose from HuggingFace...
  [ComfyUI] [05/11 06:20:50][INFO] [LoadGVHMRModels] Downloading vitpose from HuggingFace...
  [ComfyUI] [worker:ComfyUI-MotionCapture] INFO: [LoadGVHMRModels] Repository: apozz/motion-capture-safetensors
  [ComfyUI] [05/11 06:20:50][INFO] [LoadGVHMRModels] Repository: apozz/motion-capture-safetensors
  [ComfyUI] [worker:ComfyUI-MotionCapture] INFO: HTTP Request: HEAD https://huggingface.co/apozz/motion-capture-safetensors/resolve/main/vitpose.safetensors "HTTP/1.1 302 Found"
  [ComfyUI] [05/11 06:20:50][INFO] HTTP Request: HEAD https://huggingface.co/apozz/motion-capture-safetensors/resolve/main/vitpose.safetensors "HTTP/1.1 302 Found"
  [ComfyUI] Warning: You are sending unauthenticated requests to the HF Hub. Please set a HF_TOKEN to enable higher rate limits and faster downloads.
  [ComfyUI] [worker:ComfyUI-MotionCapture] WARNING: Warning: You are sending unauthenticated requests to the HF Hub. Please set a HF_TOKEN to enable higher rate limits and faster downloads.
  [ComfyUI] [05/11 06:20:50][WARNING] Warning: You are sending unauthenticated requests to the HF Hub. Please set a HF_TOKEN to enable higher rate limits and faster downloads.
  [ComfyUI] 
  [capture-loop] iter=50 t=5.9s state={'complete': False, 'error': None, 'executedCount': 0, 'wsState': 1} eval_ms=2 ram=3.3/31.3GB (11%) swap=0.7/32.0GB (2%) cpu=8% browser_rss=0.90GB
  Frame 4 saved (frame_003.jpg, t=7.0s)
  [capture-periodic] freeze=2ms shot=162ms unfreeze=5ms saved=True
  [ComfyUI] vitpose.safetensors:   0%|          | 0.00/2.55G [00:00<?, ?B/s]
  [ComfyUI] vitpose.safetensors:   3%|▎         | 67.0M/2.55G [00:02<01:42, 24.2MB/s][SubprocessWorker] callback 'report_progress' from call_id=1
  Frame 5 saved (frame_004.jpg, t=9.3s)
  [capture-periodic] freeze=2ms shot=164ms unfreeze=5ms saved=True
  [ComfyUI] 
  [ComfyUI] vitpose.safetensors:  11%|█         | 268M/2.55G [00:04<00:31, 72.1MB/s] [SubprocessWorker] callback 'report_progress' from call_id=1
  [capture-loop] iter=100 t=11.5s state={'complete': False, 'error': None, 'executedCount': 0, 'wsState': 1} eval_ms=3 ram=3.8/31.3GB (12%) swap=0.7/32.0GB (2%) cpu=10% browser_rss=0.90GB
  Frame 6 saved (frame_005.jpg, t=11.6s)
  [capture-periodic] freeze=1ms shot=171ms unfreeze=15ms saved=True
  [ComfyUI] 
  [ComfyUI] vitpose.safetensors:  13%|█▎        | 335M/2.55G [00:08<00:56, 39.1MB/s][SubprocessWorker] callback 'report_progress' from call_id=1
  [ComfyUI] 
  [ComfyUI] vitpose.safetensors:  16%|█▌        | 402M/2.55G [00:08<00:41, 51.7MB/s][SubprocessWorker] callback 'report_progress' from call_id=1
  Frame 7 saved (frame_006.jpg, t=13.9s)
  [capture-periodic] freeze=2ms shot=165ms unfreeze=4ms saved=True
  [ComfyUI] 
  [ComfyUI] vitpose.safetensors:  24%|██▎       | 603M/2.55G [00:10<00:27, 70.5MB/s][SubprocessWorker] callback 'report_progress' from call_id=1
  Frame 8 saved (frame_007.jpg, t=16.2s)
  [capture-periodic] freeze=2ms shot=157ms unfreeze=5ms saved=True
  [ComfyUI] 
  [ComfyUI] vitpose.safetensors:  26%|██▋       | 670M/2.55G [00:11<00:25, 73.7MB/s][SubprocessWorker] callback 'report_progress' from call_id=1
  [capture-loop] iter=150 t=17.4s state={'complete': False, 'error': None, 'executedCount': 0, 'wsState': 1} eval_ms=2 ram=4.1/31.3GB (13%) swap=0.7/32.0GB (2%) cpu=13% browser_rss=0.89GB
  [ComfyUI] 
  [ComfyUI] vitpose.safetensors:  32%|███▏      | 805M/2.55G [00:13<00:24, 71.1MB/s][SubprocessWorker] callback 'report_progress' from call_id=1
  Frame 9 saved (frame_008.jpg, t=18.5s)
  [capture-periodic] freeze=3ms shot=166ms unfreeze=5ms saved=True
  [ComfyUI] 
  [ComfyUI] vitpose.safetensors:  42%|████▏     | 1.07G/2.55G [00:17<00:21, 69.0MB/s][SubprocessWorker] callback 'report_progress' from call_id=1
  [capture-loop] iter=200 t=23.0s state={'complete': False, 'error': None, 'executedCount': 0, 'wsState': 1} eval_ms=2 ram=4.5/31.3GB (14%) swap=0.7/32.0GB (2%) cpu=13% browser_rss=0.89GB
  Frame 10 saved (frame_009.jpg, t=23.1s)
  [capture-periodic] freeze=2ms shot=168ms unfreeze=2ms saved=True
  [ComfyUI] 
  [ComfyUI] vitpose.safetensors:  50%|████▉     | 1.27G/2.55G [00:18<00:14, 86.6MB/s][SubprocessWorker] callback 'report_progress' from call_id=1
  Frame 11 saved (frame_010.jpg, t=25.4s)
  [capture-periodic] freeze=2ms shot=184ms unfreeze=3ms saved=True
  [ComfyUI] 
  [ComfyUI] vitpose.safetensors:  53%|█████▎    | 1.34G/2.55G [00:20<00:17, 67.9MB/s][SubprocessWorker] callback 'report_progress' from call_id=1
  [ComfyUI] 
  [ComfyUI] vitpose.safetensors:  55%|█████▌    | 1.41G/2.55G [00:21<00:15, 74.1MB/s][SubprocessWorker] callback 'report_progress' from call_id=1
  [ComfyUI] 
  [ComfyUI] vitpose.safetensors:  68%|██████▊   | 1.74G/2.55G [00:21<00:05, 154MB/s] [SubprocessWorker] callback 'report_progress' from call_id=1
  [ComfyUI] 
  [ComfyUI] vitpose.safetensors:  76%|███████▋  | 1.94G/2.55G [00:21<00:02, 208MB/s][SubprocessWorker] callback 'report_progress' from call_id=1
  [ComfyUI] 
  [ComfyUI] vitpose.safetensors:  87%|████████▋ | 2.21G/2.55G [00:21<00:01, 300MB/s][SubprocessWorker] callback 'report_progress' from call_id=1
  [ComfyUI] 
  [ComfyUI] vitpose.safetensors: 100%|██████████| 2.55G/2.55G [00:22<00:00, 437MB/s][SubprocessWorker] callback 'report_progress' from call_id=1
  Frame 12 saved (frame_011.jpg, t=27.7s)
  [capture-periodic] freeze=1ms shot=152ms unfreeze=5ms saved=True
  [capture-loop] iter=250 t=28.9s state={'complete': False, 'error': None, 'executedCount': 0, 'wsState': 1} eval_ms=2 ram=3.6/31.3GB (12%) swap=0.7/32.0GB (2%) cpu=14% browser_rss=0.82GB
  [ComfyUI] 
  [ComfyUI] vitpose.safetensors: 100%|██████████| 2.55G/2.55G [00:23<00:00, 109MB/s]
  [ComfyUI] [worker:ComfyUI-MotionCapture] INFO: [LoadGVHMRModels] Downloaded vitpose to /workspaces/MotionCapture-0616/ComfyUI/models/motion_capture/vitpose.safetensors
  [ComfyUI] [05/11 06:21:14][INFO] [LoadGVHMRModels] Downloaded vitpose to /workspaces/MotionCapture-0616/ComfyUI/models/motion_capture/vitpose.safetensors
  [ComfyUI] [worker:ComfyUI-MotionCapture] INFO: [LoadGVHMRModels] Downloading hmr2 from HuggingFace...
  [ComfyUI] [05/11 06:21:14][INFO] [LoadGVHMRModels] Downloading hmr2 from HuggingFace...
  [ComfyUI] [worker:ComfyUI-MotionCapture] INFO: [LoadGVHMRModels] Repository: apozz/motion-capture-safetensors
  [ComfyUI] [05/11 06:21:14][INFO] [LoadGVHMRModels] Repository: apozz/motion-capture-safetensors
  [ComfyUI] [worker:ComfyUI-MotionCapture] INFO: HTTP Request: HEAD https://huggingface.co/apozz/motion-capture-safetensors/resolve/main/hmr2.safetensors "HTTP/1.1 302 Found"
  [ComfyUI] [05/11 06:21:14][INFO] HTTP Request: HEAD https://huggingface.co/apozz/motion-capture-safetensors/resolve/main/hmr2.safetensors "HTTP/1.1 302 Found"
  [ComfyUI] 
  [ComfyUI] hmr2.safetensors:   0%|          | 0.00/2.71G [00:00<?, ?B/s]
  [ComfyUI] hmr2.safetensors:   2%|▏         | 67.4M/2.71G [00:02<01:48, 24.3MB/s][SubprocessWorker] callback 'report_progress' from call_id=1
  Frame 13 saved (frame_012.jpg, t=32.2s)
  [capture-periodic] freeze=2ms shot=152ms unfreeze=3ms saved=True
  [ComfyUI] 
  [ComfyUI] hmr2.safetensors:   5%|▍         | 134M/2.71G [00:03<01:00, 42.5MB/s] [SubprocessWorker] callback 'report_progress' from call_id=1
  [ComfyUI] 
  [ComfyUI] hmr2.safetensors:  10%|▉         | 268M/2.71G [00:04<00:35, 68.3MB/s][SubprocessWorker] callback 'report_progress' from call_id=1
  [capture-loop] iter=300 t=34.5s state={'complete': False, 'error': None, 'executedCount': 0, 'wsState': 1} eval_ms=2 ram=3.7/31.3GB (12%) swap=0.7/32.0GB (2%) cpu=10% browser_rss=0.81GB
  Frame 14 saved (frame_013.jpg, t=34.5s)
  [capture-periodic] freeze=3ms shot=155ms unfreeze=5ms saved=True
  [ComfyUI] 
  [ComfyUI] hmr2.safetensors:  20%|█▉        | 537M/2.71G [00:09<00:33, 64.9MB/s][SubprocessWorker] callback 'report_progress' from call_id=1
  Frame 15 saved (frame_014.jpg, t=39.1s)
  [capture-periodic] freeze=2ms shot=160ms unfreeze=8ms saved=True
  [capture-loop] iter=350 t=40.4s state={'complete': False, 'error': None, 'executedCount': 0, 'wsState': 1} eval_ms=2 ram=4.2/31.3GB (13%) swap=0.7/32.0GB (2%) cpu=11% browser_rss=0.81GB
  [ComfyUI] 
  [ComfyUI] hmr2.safetensors:  32%|███▏      | 872M/2.71G [00:13<00:26, 69.7MB/s][SubprocessWorker] callback 'report_progress' from call_id=1
  Frame 16 saved (frame_015.jpg, t=43.7s)
  [capture-periodic] freeze=2ms shot=175ms unfreeze=2ms saved=True
  [ComfyUI] 
  [ComfyUI] hmr2.safetensors:  38%|███▊      | 1.02G/2.71G [00:15<00:24, 69.1MB/s][SubprocessWorker] callback 'report_progress' from call_id=1
  [ComfyUI] 
  [ComfyUI] hmr2.safetensors:  40%|███▉      | 1.07G/2.71G [00:16<00:24, 66.3MB/s][SubprocessWorker] callback 'report_progress' from call_id=1
  [capture-loop] iter=400 t=46.0s state={'complete': False, 'error': None, 'executedCount': 0, 'wsState': 1} eval_ms=3 ram=4.2/31.3GB (14%) swap=0.7/32.0GB (2%) cpu=14% browser_rss=0.81GB
  Frame 17 saved (frame_016.jpg, t=46.0s)
  [capture-periodic] freeze=4ms shot=162ms unfreeze=5ms saved=True
  [ComfyUI] 
  [ComfyUI] hmr2.safetensors:  45%|████▍     | 1.21G/2.71G [00:19<00:25, 58.1MB/s][SubprocessWorker] callback 'report_progress' from call_id=1
  [ComfyUI] 
  [ComfyUI] hmr2.safetensors:  52%|█████▏    | 1.41G/2.71G [00:21<00:18, 71.8MB/s][SubprocessWorker] callback 'report_progress' from call_id=1
  Frame 18 saved (frame_017.jpg, t=50.6s)
  [capture-periodic] freeze=2ms shot=180ms unfreeze=2ms saved=True
  [ComfyUI] 
  [ComfyUI] hmr2.safetensors:  57%|█████▋    | 1.54G/2.71G [00:21<00:12, 93.5MB/s][SubprocessWorker] callback 'report_progress' from call_id=1
  [ComfyUI] 
  [ComfyUI] hmr2.safetensors:  67%|██████▋   | 1.81G/2.71G [00:22<00:05, 155MB/s] [SubprocessWorker] callback 'report_progress' from call_id=1
  [ComfyUI] 
  [ComfyUI] hmr2.safetensors:  89%|████████▉ | 2.41G/2.71G [00:22<00:00, 313MB/s][SubprocessWorker] callback 'report_progress' from call_id=1
  [capture-loop] iter=450 t=51.8s state={'complete': False, 'error': None, 'executedCount': 0, 'wsState': 1} eval_ms=2 ram=3.7/31.3GB (12%) swap=0.7/32.0GB (2%) cpu=14% browser_rss=0.82GB
  [ComfyUI] 
  [ComfyUI] hmr2.safetensors:  94%|█████████▍| 2.55G/2.71G [00:22<00:00, 338MB/s][SubprocessWorker] callback 'report_progress' from call_id=1
  [ComfyUI] 
  [ComfyUI] hmr2.safetensors: 100%|██████████| 2.71G/2.71G [00:23<00:00, 374MB/s][SubprocessWorker] callback 'report_progress' from call_id=1
  Frame 19 saved (frame_018.jpg, t=52.9s)
  [capture-periodic] freeze=2ms shot=158ms unfreeze=5ms saved=True
  [ComfyUI] 
  [ComfyUI] hmr2.safetensors: 100%|██████████| 2.71G/2.71G [00:25<00:00, 106MB/s]
  [ComfyUI] [worker:ComfyUI-MotionCapture] INFO: [LoadGVHMRModels] Downloaded hmr2 to /workspaces/MotionCapture-0616/ComfyUI/models/motion_capture/hmr2.safetensors
  [ComfyUI] [05/11 06:21:40][INFO] [LoadGVHMRModels] Downloaded hmr2 to /workspaces/MotionCapture-0616/ComfyUI/models/motion_capture/hmr2.safetensors
  [ComfyUI] [worker:ComfyUI-MotionCapture] INFO: [LoadGVHMRModels] SMPL_FEMALE.npz not found, downloading from HuggingFace...
  [ComfyUI] [05/11 06:21:40][INFO] [LoadGVHMRModels] SMPL_FEMALE.npz not found, downloading from HuggingFace...
  [ComfyUI] [worker:ComfyUI-MotionCapture] INFO: [LoadGVHMRModels] Downloading SMPL_FEMALE.npz from HuggingFace...
  [ComfyUI] [05/11 06:21:40][INFO] [LoadGVHMRModels] Downloading SMPL_FEMALE.npz from HuggingFace...
  [ComfyUI] [worker:ComfyUI-MotionCapture] INFO: HTTP Request: HEAD https://huggingface.co/lithiumice/models_hub/resolve/main/4_SMPLhub/SMPL/X_model_npz/SMPL_F_model.npz "HTTP/1.1 302 Found"
  [ComfyUI] [05/11 06:21:40][INFO] HTTP Request: HEAD https://huggingface.co/lithiumice/models_hub/resolve/main/4_SMPLhub/SMPL/X_model_npz/SMPL_F_model.npz "HTTP/1.1 302 Found"
  [ComfyUI] [worker:ComfyUI-MotionCapture] INFO: HTTP Request: GET https://huggingface.co/api/models/lithiumice/models_hub/xet-read-token/363972831b553e4f5b62d11d509e98830d930c97 "HTTP/1.1 200 OK"
  [ComfyUI] [05/11 06:21:40][INFO] HTTP Request: GET https://huggingface.co/api/models/lithiumice/models_hub/xet-read-token/363972831b553e4f5b62d11d509e98830d930c97 "HTTP/1.1 200 OK"
  [ComfyUI] 
  [ComfyUI] 4_SMPLhub/SMPL/X_model_npz/SMPL_F_model.(…):   0%|          | 0.00/88.3M [00:00<?, ?B/s]
  [ComfyUI] 4_SMPLhub/SMPL/X_model_npz/SMPL_F_model.(…): 100%|██████████| 88.3M/88.3M [00:01<00:00, 58.1MB/s][SubprocessWorker] callback 'report_progress' from call_id=1
  [ComfyUI] 
  [ComfyUI] 4_SMPLhub/SMPL/X_model_npz/SMPL_F_model.(…): 100%|██████████| 88.3M/88.3M [00:01<00:00, 55.6MB/s]
  [ComfyUI] [worker:ComfyUI-MotionCapture] INFO: [LoadGVHMRModels] Downloaded SMPL_FEMALE.npz
  [ComfyUI] [05/11 06:21:41][INFO] [LoadGVHMRModels] Downloaded SMPL_FEMALE.npz
  [ComfyUI] [worker:ComfyUI-MotionCapture] INFO: [LoadGVHMRModels] SMPL_MALE.npz not found, downloading from HuggingFace...
  [ComfyUI] [05/11 06:21:41][INFO] [LoadGVHMRModels] SMPL_MALE.npz not found, downloading from HuggingFace...
  [ComfyUI] [worker:ComfyUI-MotionCapture] INFO: [LoadGVHMRModels] Downloading SMPL_MALE.npz from HuggingFace...
  [ComfyUI] [05/11 06:21:41][INFO] [LoadGVHMRModels] Downloading SMPL_MALE.npz from HuggingFace...
  [ComfyUI] [worker:ComfyUI-MotionCapture] INFO: HTTP Request: HEAD https://huggingface.co/lithiumice/models_hub/resolve/main/4_SMPLhub/SMPL/X_model_npz/SMPL_M_model.npz "HTTP/1.1 302 Found"
  [ComfyUI] [05/11 06:21:42][INFO] HTTP Request: HEAD https://huggingface.co/lithiumice/models_hub/resolve/main/4_SMPLhub/SMPL/X_model_npz/SMPL_M_model.npz "HTTP/1.1 302 Found"
  [ComfyUI] 
  [capture-loop] iter=500 t=57.4s state={'complete': False, 'error': None, 'executedCount': 0, 'wsState': 1} eval_ms=2 ram=3.5/31.3GB (11%) swap=0.7/32.0GB (2%) cpu=8% browser_rss=0.82GB
  [ComfyUI] 4_SMPLhub/SMPL/X_model_npz/SMPL_M_model.(…):   0%|          | 0.00/88.3M [00:00<?, ?B/s]
  [ComfyUI] 4_SMPLhub/SMPL/X_model_npz/SMPL_M_model.(…): 100%|██████████| 88.3M/88.3M [00:01<00:00, 69.6MB/s][SubprocessWorker] callback 'report_progress' from call_id=1
  [ComfyUI] 
  [ComfyUI] 4_SMPLhub/SMPL/X_model_npz/SMPL_M_model.(…): 100%|██████████| 88.3M/88.3M [00:01<00:00, 67.4MB/s]
  [ComfyUI] [worker:ComfyUI-MotionCapture] INFO: [LoadGVHMRModels] Downloaded SMPL_MALE.npz
  [ComfyUI] [05/11 06:21:43][INFO] [LoadGVHMRModels] Downloaded SMPL_MALE.npz
  [ComfyUI] [worker:ComfyUI-MotionCapture] INFO: [LoadGVHMRModels] SMPL_NEUTRAL.npz not found, downloading from HuggingFace...
  [ComfyUI] [05/11 06:21:43][INFO] [LoadGVHMRModels] SMPL_NEUTRAL.npz not found, downloading from HuggingFace...
  [ComfyUI] [worker:ComfyUI-MotionCapture] INFO: [LoadGVHMRModels] Downloading SMPL_NEUTRAL.npz from HuggingFace...
  [ComfyUI] [05/11 06:21:43][INFO] [LoadGVHMRModels] Downloading SMPL_NEUTRAL.npz from HuggingFace...
  [ComfyUI] [worker:ComfyUI-MotionCapture] INFO: HTTP Request: HEAD https://huggingface.co/lithiumice/models_hub/resolve/main/4_SMPLhub/SMPL/X_model_npz/SMPL_N_model.npz "HTTP/1.1 302 Found"
  [ComfyUI] [05/11 06:21:43][INFO] HTTP Request: HEAD https://huggingface.co/lithiumice/models_hub/resolve/main/4_SMPLhub/SMPL/X_model_npz/SMPL_N_model.npz "HTTP/1.1 302 Found"
  [ComfyUI] 
  [ComfyUI] 4_SMPLhub/SMPL/X_model_npz/SMPL_N_model.(…):   0%|          | 0.00/88.3M [00:00<?, ?B/s]
  [ComfyUI] 4_SMPLhub/SMPL/X_model_npz/SMPL_N_model.(…): 100%|██████████| 88.3M/88.3M [00:01<00:00, 69.6MB/s][SubprocessWorker] callback 'report_progress' from call_id=1
  [ComfyUI] 
  [ComfyUI] 4_SMPLhub/SMPL/X_model_npz/SMPL_N_model.(…): 100%|██████████| 88.3M/88.3M [00:01<00:00, 68.2MB/s]
  [ComfyUI] [worker:ComfyUI-MotionCapture] INFO: [LoadGVHMRModels] Downloaded SMPL_NEUTRAL.npz
  [ComfyUI] [05/11 06:21:44][INFO] [LoadGVHMRModels] Downloaded SMPL_NEUTRAL.npz
  [ComfyUI] [worker:ComfyUI-MotionCapture] INFO: [LoadGVHMRModels] SMPLX_FEMALE.npz not found, downloading from HuggingFace...
  [ComfyUI] [05/11 06:21:44][INFO] [LoadGVHMRModels] SMPLX_FEMALE.npz not found, downloading from HuggingFace...
  [ComfyUI] [worker:ComfyUI-MotionCapture] INFO: [LoadGVHMRModels] Downloading SMPLX_FEMALE.npz from HuggingFace...
  [ComfyUI] [05/11 06:21:44][INFO] [LoadGVHMRModels] Downloading SMPLX_FEMALE.npz from HuggingFace...
  [ComfyUI] [worker:ComfyUI-MotionCapture] INFO: HTTP Request: HEAD https://huggingface.co/lithiumice/models_hub/resolve/main/4_SMPLhub/SMPLX/X_npz/SMPLX_FEMALE.npz "HTTP/1.1 302 Found"
  [ComfyUI] [05/11 06:21:44][INFO] HTTP Request: HEAD https://huggingface.co/lithiumice/models_hub/resolve/main/4_SMPLhub/SMPLX/X_npz/SMPLX_FEMALE.npz "HTTP/1.1 302 Found"
  [ComfyUI] 
  [ComfyUI] 4_SMPLhub/SMPLX/X_npz/SMPLX_FEMALE.npz:   0%|          | 0.00/109M [00:00<?, ?B/s][worker:ComfyUI-MotionCapture]
  [ComfyUI] === WATCHDOG TICK 1 ===
  [ComfyUI] [worker:ComfyUI-MotionCapture] Thread 0x0000727f3dffb640 (most recent call first):
  [ComfyUI]   File "/root/.ce/.pixi/envs/motioncapture-nodes/lib/python3.11/threading.py", line 331 in wait
  [ComfyUI]   File "/root/.ce/.pixi/envs/motioncapture-nodes/lib/python3.11/threading.py", line 629 in wait
  [ComfyUI]   File "/root/.ce/.pixi/envs/motioncapture-nodes/lib/python3.11/site-packages/tqdm/_monitor.py", line 60 in run
  [ComfyUI]   File "/root/.ce/.pixi/envs/motioncapture-nodes/lib/python3.11/threading.py", line 1045 in _bootstrap_inner
  [ComfyUI]   File "/root/.ce/.pixi/envs/motioncapture-nodes/lib/python3.11/threading.py", line 1002 in _bootstrap
  [ComfyUI] 
  [ComfyUI] Thread 0x0000727f3e7fc640 (most recent call first):
  [ComfyUI]   File "/root/.ce/.pixi/envs/motioncapture-nodes/lib/python3.11/threading.py", line 331 in wait
  [ComfyUI]   File "/root/.ce/.pixi/envs/motioncapture-nodes/lib/python3.11/threading.py", line 629 in wait
  [ComfyUI]   File "/root/.ce/.pixi/envs/motioncapture-nodes/lib/python3.11/site-packages/tqdm/_monitor.py", line 60 in run
  [ComfyUI]   File "/root/.ce/.pixi/envs/motioncapture-nodes/lib/python3.11/threading.py", line 1045 in _bootstrap_inner
  [ComfyUI]   File "/root/.ce/.pixi/envs/motioncapture-nodes/lib/python3.11/threading.py", line 1002 in _bootstrap
  [ComfyUI] 
  [ComfyUI] Thread 0x0000727f3effd640 (most recent call first):
  [ComfyUI]   File "/root/.ce/.pixi/envs/motioncapture-nodes/lib/python3.11/threading.py", line 331 in wait
  [ComfyUI]   File "/root/.ce/.pixi/envs/motioncapture-nodes/lib/python3.11/threading.py", line 629 in wait
  [ComfyUI]   File "/root/.ce/.pixi/envs/motioncapture-nodes/lib/python3.11/site-packages/tqdm/_monitor.py", line 60 in run
  [ComfyUI]   File "/root/.ce/.pixi/envs/motioncapture-nodes/lib/python3.11/threading.py", line 1045 in _bootstrap_inner
  [ComfyUI]   File "/root/.ce/.pixi/envs/motioncapture-nodes/lib/python3.11/threading.py", line 1002 in _bootstrap
  [ComfyUI] 
  [ComfyUI] Thread 0x0000727f3f7fe640 (most recent call first):
  [ComfyUI]   File "/root/.ce/.pixi/envs/motioncapture-nodes/lib/python3.11/threading.py", line 331 in wait
  [ComfyUI]   File "/root/.ce/.pixi/envs/motioncapture-nodes/lib/python3.11/threading.py", line 629 in wait
  [ComfyUI]   File "/root/.ce/.pixi/envs/motioncapture-nodes/lib/python3.11/site-packages/tqdm/_monitor.py", line 60 in run
  [ComfyUI]   File "/root/.ce/.pixi/envs/motioncapture-nodes/lib/python3.11/threading.py", line 1045 in _bootstrap_inner
  [ComfyUI]   File "/root/.ce/.pixi/envs/motioncapture-nodes/lib/python3.11/threading.py", line 1002 in _bootstrap
  [ComfyUI] 
  [ComfyUI] Thread 0x0000727f3ffff640 (most recent call first):
  [ComfyUI]   File "/root/.ce/.pixi/envs/motioncapture-nodes/lib/python3.11/threading.py", line 331 in wait
  [ComfyUI]   File "/root/.ce/.pixi/envs/motioncapture-nodes/lib/python3.11/threading.py", line 629 in wait
  [ComfyUI]   File "/root/.ce/.pixi/envs/motioncapture-nodes/lib/python3.11/site-packages/tqdm/_monitor.py", line 60 in run
  [ComfyUI]   File "/root/.ce/.pixi/envs/motioncapture-nodes/lib/python3.11/threading.py", line 1045 in _bootstrap_inner
  [ComfyUI]   File "/root/.ce/.pixi/envs/motioncapture-nodes/lib/python3.11/threading.py", line 1002 in _bootstrap
  [ComfyUI] 
  [ComfyUI] Thread 0x0000727f68a8a640 (most recent call first):
  [ComfyUI]   File "/root/.ce/.pixi/envs/motioncapture-nodes/lib/python3.11/threading.py", line 331 in wait
  [ComfyUI]   File "/root/.ce/.pixi/envs/motioncapture-nodes/lib/python3.11/threading.py", line 629 in wait
  [ComfyUI]   File "/root/.ce/.pixi/envs/motioncapture-nodes/lib/python3.11/site-packages/tqdm/_monitor.py", line 60 in run
  [ComfyUI]   File "/root/.ce/.pixi/envs/motioncapture-nodes/lib/python3.11/threading.py", line 1045 in _bootstrap_inner
  [ComfyUI]   File "/root/.ce/.pixi/envs/motioncapture-nodes/lib/python3.11/threading.py", line 1002 in _bootstrap
  [ComfyUI] 
  [ComfyUI] Thread 0x0000727f7dfff640 (most recent call first):
  [ComfyUI]   File "/root/.ce/.pixi/envs/motioncapture-nodes/lib/python3.11/threading.py", line 331 in wait
  [ComfyUI]   File "/root/.ce/.pixi/envs/motioncapture-nodes/lib/python3.11/threading.py", line 629 in wait
  [ComfyUI]   File "/root/.ce/.pixi/envs/motioncapture-nodes/lib/python3.11/site-packages/tqdm/_monitor.py", line 60 in run
  [ComfyUI]   File "/root/.ce/.pixi/envs/motioncapture-nodes/lib/python3.11/threading.py", line 1045 in _bootstrap_inner
  [ComfyUI]   File "/root/.ce/.pixi/envs/motioncapture-nodes/lib/python3.11/threading.py", line 1002 in _bootstrap
  [ComfyUI] 
  [ComfyUI] Thread 0x00007283913d0640 (most recent call first):
  [ComfyUI]   File "/tmp/comfyui_pvenv_w4qowdpx/persistent_worker.py", line 106 in _vram_poller
  [ComfyUI]   File "/root/.ce/.pixi/envs/motioncapture-nodes/lib/python3.11/threading.py", line 982 in run
  [ComfyUI]   File "/root/.ce/.pixi/envs/motioncapture-nodes/lib/python3.11/threading.py", line 1045 in _bootstrap_inner
  [ComfyUI]   File "/root/.ce/.pixi/envs/motioncapture-nodes/lib/python3.11/threading.py", line 1002 in _bootstrap
  [ComfyUI] 
  [ComfyUI] Current thread 0x0000728391bd5640 (most recent call first):
  [ComfyUI]   File "/tmp/comfyui_pvenv_w4qowdpx/persistent_worker.py", line 52 in _watchdog
  [ComfyUI]   File "/root/.ce/.pixi/envs/motioncapture-nodes/lib/python3.11/threading.py", line 982 in run
  [ComfyUI]   File "/root/.ce/.pixi/envs/motioncapture-nodes/lib/python3.11/threading.py", line 1045 in _bootstrap_inner
  [ComfyUI]   File "/root/.ce/.pixi/envs/motioncapture-nodes/lib/python3.11/threading.py", line 1002 in _bootstrap
  [ComfyUI] 
  [ComfyUI] Thread 0x00007283921f5740 (most recent call first):
  [ComfyUI]   File "/root/.ce/.pixi/envs/motioncapture-nodes/lib/python3.11/site-packages/huggingface_hub/file_download.py", line 558 in xet_get
  [ComfyUI]   File "/root/.ce/.pixi/envs/motioncapture-nodes/lib/python3.11/site-packages/huggingface_hub/file_download.py", line 1842 in _download_to_tmp_and_move
  [ComfyUI]   File "/root/.ce/.pixi/envs/motioncapture-nodes/lib/python3.11/site-packages/huggingface_hub/file_download.py", line 1427 in _hf_hub_download_to_local_dir
  [ComfyUI]   File "/root/.ce/.pixi/envs/motioncapture-nodes/lib/python3.11/site-packages/huggingface_hub/file_download.py", line 976 in hf_hub_download
  [ComfyUI]   File "/root/.ce/.pixi/envs/motioncapture-nodes/lib/python3.11/site-packages/huggingface_hub/utils/_validators.py", line 88 in _inner_fn
  [ComfyUI]   File "/workspaces/MotionCapture-0616/ComfyUI/custom_nodes/ComfyUI-MotionCapture/nodes/load_model.py", line 154 in download_smpl_from_hf
  [ComfyUI]   File "/workspaces/MotionCapture-0616/ComfyUI/custom_nodes/ComfyUI-MotionCapture/nodes/load_model.py", line 189 in check_smpl_models
  [ComfyUI]   File "/workspaces/MotionCapture-0616/ComfyUI/custom_nodes/ComfyUI-MotionCapture/nodes/load_model.py", line 269 in execute
  [ComfyUI]   File "/workspaces/MotionCapture-0616/ComfyUI/comfy_api/latest/_io.py", line 1833 in EXECUTE_NORMALIZED
  [ComfyUI]   File "/tmp/comfyui_pvenv_w4qowdpx/persistent_worker.py", line 1762 in main
  [ComfyUI]   File "/tmp/comfyui_pvenv_w4qowdpx/persistent_worker.py", line 1807 in <module>
  [ComfyUI] 
  [ComfyUI] [worker:ComfyUI-MotionCapture] === END ===
  [ComfyUI] 
  [ComfyUI] 
  [ComfyUI] 4_SMPLhub/SMPLX/X_npz/SMPLX_FEMALE.npz: 100%|██████████| 109M/109M [00:01<00:00, 63.5MB/s][SubprocessWorker] callback 'report_progress' from call_id=1
  [ComfyUI] 
  [ComfyUI] 4_SMPLhub/SMPLX/X_npz/SMPLX_FEMALE.npz: 100%|██████████| 109M/109M [00:01<00:00, 63.5MB/s]
  [ComfyUI] [worker:ComfyUI-MotionCapture] INFO: [LoadGVHMRModels] Downloaded SMPLX_FEMALE.npz
  [ComfyUI] [05/11 06:21:46][INFO] [LoadGVHMRModels] Downloaded SMPLX_FEMALE.npz
  [ComfyUI] [worker:ComfyUI-MotionCapture] INFO: [LoadGVHMRModels] SMPLX_MALE.npz not found, downloading from HuggingFace...
  [ComfyUI] [05/11 06:21:46][INFO] [LoadGVHMRModels] SMPLX_MALE.npz not found, downloading from HuggingFace...
  [ComfyUI] [worker:ComfyUI-MotionCapture] INFO: [LoadGVHMRModels] Downloading SMPLX_MALE.npz from HuggingFace...
  [ComfyUI] [05/11 06:21:46][INFO] [LoadGVHMRModels] Downloading SMPLX_MALE.npz from HuggingFace...
  [ComfyUI] [worker:ComfyUI-MotionCapture] INFO: HTTP Request: HEAD https://huggingface.co/lithiumice/models_hub/resolve/main/4_SMPLhub/SMPLX/X_npz/SMPLX_MALE.npz "HTTP/1.1 302 Found"
  [ComfyUI] [05/11 06:21:46][INFO] HTTP Request: HEAD https://huggingface.co/lithiumice/models_hub/resolve/main/4_SMPLhub/SMPLX/X_npz/SMPLX_MALE.npz "HTTP/1.1 302 Found"
  [ComfyUI] 
  [capture-loop] iter=550 t=63.1s state={'complete': False, 'error': None, 'executedCount': 0, 'wsState': 1} eval_ms=2 ram=3.5/31.3GB (11%) swap=0.7/32.0GB (2%) cpu=6% browser_rss=0.81GB
  [ComfyUI] 4_SMPLhub/SMPLX/X_npz/SMPLX_MALE.npz:   0%|          | 0.00/109M [00:00<?, ?B/s]
  [ComfyUI] 4_SMPLhub/SMPLX/X_npz/SMPLX_MALE.npz: 100%|██████████| 109M/109M [00:01<00:00, 65.4MB/s][SubprocessWorker] callback 'report_progress' from call_id=1
  [ComfyUI] 
  [ComfyUI] 4_SMPLhub/SMPLX/X_npz/SMPLX_MALE.npz: 100%|██████████| 109M/109M [00:01<00:00, 65.4MB/s]
  [ComfyUI] [worker:ComfyUI-MotionCapture] INFO: [LoadGVHMRModels] Downloaded SMPLX_MALE.npz
  [ComfyUI] [05/11 06:21:48][INFO] [LoadGVHMRModels] Downloaded SMPLX_MALE.npz
  [ComfyUI] [worker:ComfyUI-MotionCapture] INFO: [LoadGVHMRModels] SMPLX_NEUTRAL.npz not found, downloading from HuggingFace...
  [ComfyUI] [05/11 06:21:48][INFO] [LoadGVHMRModels] SMPLX_NEUTRAL.npz not found, downloading from HuggingFace...
  [ComfyUI] [worker:ComfyUI-MotionCapture] INFO: [LoadGVHMRModels] Downloading SMPLX_NEUTRAL.npz from HuggingFace...
  [ComfyUI] [05/11 06:21:48][INFO] [LoadGVHMRModels] Downloading SMPLX_NEUTRAL.npz from HuggingFace...
  [ComfyUI] [worker:ComfyUI-MotionCapture] INFO: HTTP Request: HEAD https://huggingface.co/lithiumice/models_hub/resolve/main/4_SMPLhub/SMPLX/X_npz/SMPLX_NEUTRAL.npz "HTTP/1.1 302 Found"
  [ComfyUI] [05/11 06:21:48][INFO] HTTP Request: HEAD https://huggingface.co/lithiumice/models_hub/resolve/main/4_SMPLhub/SMPLX/X_npz/SMPLX_NEUTRAL.npz "HTTP/1.1 302 Found"
  [ComfyUI] 
  [ComfyUI] 4_SMPLhub/SMPLX/X_npz/SMPLX_NEUTRAL.npz:   0%|          | 0.00/109M [00:00<?, ?B/s]
  [ComfyUI] 4_SMPLhub/SMPLX/X_npz/SMPLX_NEUTRAL.npz: 100%|██████████| 109M/109M [00:01<00:00, 55.4MB/s][SubprocessWorker] callback 'report_progress' from call_id=1
  [ComfyUI] 
  [ComfyUI] 4_SMPLhub/SMPLX/X_npz/SMPLX_NEUTRAL.npz: 100%|██████████| 109M/109M [00:01<00:00, 55.3MB/s]
  [ComfyUI] [worker:ComfyUI-MotionCapture] INFO: [LoadGVHMRModels] Downloaded SMPLX_NEUTRAL.npz
  [ComfyUI] [05/11 06:21:50][INFO] [LoadGVHMRModels] Downloaded SMPLX_NEUTRAL.npz
  [ComfyUI] [worker:ComfyUI-MotionCapture] INFO: [LoadGVHMRModels] SMPL body models found
  [ComfyUI] [05/11 06:21:50][INFO] [LoadGVHMRModels] SMPL body models found
  [ComfyUI] [worker:ComfyUI-MotionCapture] INFO: [LoadGVHMRModels] All models verified!
  [ComfyUI] [05/11 06:21:50][INFO] [LoadGVHMRModels] All models verified!
  [ComfyUI] [SubprocessWorker] got response: ok
  [ComfyUI] [comfy-env] LoadGVHMRModels done (65.16s): result: NodeOutput
  [ComfyUI] [VRAM] After LoadGVHMRModels: 269 / 7703 MB
  [ComfyUI] [comfy-env] Running GVHMRInference: moving_camera: False, focal_length_mm: 0, bbox_scale: 1.2, vo_method: 'simple_vo', vo_scale: 0.5, vo_step: 8, chunk_size: 32, video: VideoFromFile, video_mask: VideoFromFile, config: dict
  [ComfyUI] [VRAM] Before GVHMRInference: 269 / 7703 MB
  [ComfyUI] [SubprocessWorker] call_method: nodes.inference_node.GVHMRInference.EXECUTE_NORMALIZED
  [ComfyUI] [SubprocessWorker] acquired lock, ensuring started...
  [ComfyUI] [ComfyUI-MotionCapture] Health check: ping (timeout=5.0s)...
  [ComfyUI] [ComfyUI-MotionCapture] Health check: ok
  [ComfyUI] [SubprocessWorker] worker started/confirmed
  [ComfyUI] [SubprocessWorker] serializing kwargs to shm...
  [ComfyUI] [SubprocessWorker] created 2 shm blocks
  [ComfyUI] [SubprocessWorker] sending request via socket...
  [ComfyUI] [SubprocessWorker] call_id=2 sending call_method
  [ComfyUI] [worker:ComfyUI-MotionCapture] INFO: ============================================================
  [ComfyUI] [05/11 06:21:50][INFO] ============================================================
  [ComfyUI] [worker:ComfyUI-MotionCapture] INFO: [GVHMRInference] Starting GVHMR inference with parameters:
  [ComfyUI] [05/11 06:21:50][INFO] [GVHMRInference] Starting GVHMR inference with parameters:
  [ComfyUI] [worker:ComfyUI-MotionCapture] INFO:   video:           312 frames @ (812, 720)
  [ComfyUI] [05/11 06:21:50][INFO]   video:           312 frames @ (812, 720)
  [ComfyUI] [worker:ComfyUI-MotionCapture] INFO:   video_mask:      312 frames @ (816, 720)
  [ComfyUI] [05/11 06:21:50][INFO]   video_mask:      312 frames @ (816, 720)
  [ComfyUI] [worker:ComfyUI-MotionCapture] INFO:   moving_camera:   False
  [ComfyUI] [05/11 06:21:50][INFO]   moving_camera:   False
  [ComfyUI] [worker:ComfyUI-MotionCapture] INFO:   focal_length_mm: 0
  [ComfyUI] [05/11 06:21:50][INFO]   focal_length_mm: 0
  [ComfyUI] [worker:ComfyUI-MotionCapture] INFO:   bbox_scale:      1.2
  [ComfyUI] [05/11 06:21:50][INFO]   bbox_scale:      1.2
  [ComfyUI] [worker:ComfyUI-MotionCapture] INFO:   vo_method:       simple_vo
  [ComfyUI] [05/11 06:21:50][INFO]   vo_method:       simple_vo
  [ComfyUI] [worker:ComfyUI-MotionCapture] INFO:   vo_scale:        0.5
  [ComfyUI] [05/11 06:21:50][INFO]   vo_scale:        0.5
  [ComfyUI] [worker:ComfyUI-MotionCapture] INFO:   vo_step:         8
  [ComfyUI] [05/11 06:21:50][INFO]   vo_step:         8
  [ComfyUI] [worker:ComfyUI-MotionCapture] INFO:   intrinsics:      None
  [ComfyUI] [05/11 06:21:50][INFO]   intrinsics:      None
  [ComfyUI] [worker:ComfyUI-MotionCapture] INFO:   chunk_size:      32
  [ComfyUI] [05/11 06:21:50][INFO]   chunk_size:      32
  [ComfyUI] [worker:ComfyUI-MotionCapture] INFO:   config keys:     ['models_dir', 'gvhmr_path', 'vitpose_path', 'hmr2_path', 'body_models_path', 'precision', 'attention', 'dpvo_dir']
  [ComfyUI] [05/11 06:21:50][INFO]   config keys:     ['models_dir', 'gvhmr_path', 'vitpose_path', 'hmr2_path', 'body_models_path', 'precision', 'attention', 'dpvo_dir']
  [ComfyUI] [worker:ComfyUI-MotionCapture] INFO:   dpvo_dir:
  [ComfyUI] [05/11 06:21:50][INFO]   dpvo_dir:
  [ComfyUI] [worker:ComfyUI-MotionCapture] INFO: ============================================================
  [ComfyUI] [05/11 06:21:50][INFO] ============================================================
  [ComfyUI] [worker:ComfyUI-MotionCapture] INFO: [Memory] Start of run_inference: RSS=1036 MB, GPU=0 MB
  [ComfyUI] [05/11 06:21:50][INFO] [Memory] Start of run_inference: RSS=1036 MB, GPU=0 MB
  [ComfyUI] [worker:ComfyUI-MotionCapture] INFO: Using pytorch attention
  [ComfyUI] [05/11 06:21:50][INFO] Using pytorch attention
  [ComfyUI] [worker:ComfyUI-MotionCapture] WARNING: No comfy kitchen, using old apply_rope functions.
  [ComfyUI] [05/11 06:21:51][WARNING] No comfy kitchen, using old apply_rope functions.
  Frame 20 saved (frame_019.jpg, t=66.3s)
  [capture-periodic] freeze=1ms shot=166ms unfreeze=4ms saved=True
  [ComfyUI] [worker:ComfyUI-MotionCapture] INFO: [GVHMRInference] Loading GVHMR models...
  [ComfyUI] [05/11 06:21:53][INFO] [GVHMRInference] Loading GVHMR models...
  [ComfyUI] [worker:ComfyUI-MotionCapture] INFO: [GVHMRInference] Precision: torch.bfloat16
  [ComfyUI] [05/11 06:21:53][INFO] [GVHMRInference] Precision: torch.bfloat16
  [ComfyUI] [worker:ComfyUI-MotionCapture] INFO: [GVHMRInference] Loading GVHMR from /workspaces/MotionCapture-0616/ComfyUI/models/motion_capture/gvhmr.safetensors...
  [ComfyUI] [05/11 06:21:53][INFO] [GVHMRInference] Loading GVHMR from /workspaces/MotionCapture-0616/ComfyUI/models/motion_capture/gvhmr.safetensors...
  [ComfyUI] [worker:ComfyUI-MotionCapture] INFO: [EnDecoder] Use MM_V1_AMASS_LOCAL_BEDLAM_CAM for statistics!
  [ComfyUI] [05/11 06:21:53][INFO] [EnDecoder] Use MM_V1_AMASS_LOCAL_BEDLAM_CAM for statistics!
  [capture-loop] iter=600 t=68.6s state={'complete': False, 'error': None, 'executedCount': 0, 'wsState': 1} eval_ms=2 ram=3.6/31.3GB (11%) swap=0.7/32.0GB (2%) cpu=9% browser_rss=0.82GB
  [ComfyUI] /root/.ce/.pixi/envs/motioncapture-nodes/lib/python3.11/site-packages/numpy/lib/_format_impl.py:838: VisibleDeprecationWarning: dtype(): align should be passed as Python or NumPy boolean but got `align=0`. Did you mean to pass a tuple to create a subarray type? (Deprecated NumPy 2.4)
  [ComfyUI]   array = pickle.load(fp, **pickle_kwargs)
  [ComfyUI] /root/.ce/.pixi/envs/motioncapture-nodes/lib/python3.11/site-packages/torch/utils/_device.py:116: UserWarning: Sparse invariant checks are implicitly disabled. Memory errors (e.g. SEGFAULT) will occur when operating on a sparse tensor which violates the invariants, but checks incur performance overhead. To silence this warning, explicitly opt in or out. See `torch.sparse.check_sparse_tensor_invariants.__doc__` for guidance.  (Triggered internally at /pytorch/aten/src/ATen/Context.cpp:760.)
  [ComfyUI]   return func(*args, **kwargs)
  [ComfyUI] [worker:ComfyUI-MotionCapture] INFO: [PL-Trainer] Loading ckpt type: /workspaces/MotionCapture-0616/ComfyUI/models/motion_capture/gvhmr.safetensors
  [ComfyUI] [05/11 06:21:54][INFO] [PL-Trainer] Loading ckpt type: /workspaces/MotionCapture-0616/ComfyUI/models/motion_capture/gvhmr.safetensors
  [ComfyUI] [worker:ComfyUI-MotionCapture] INFO: [GVHMRInference] Initializing ViTPose extractor...
  [ComfyUI] [05/11 06:21:54][INFO] [GVHMRInference] Initializing ViTPose extractor...
  [ComfyUI] [worker:ComfyUI-MotionCapture] INFO: [GVHMRInference] Initializing feature extractor...
  [ComfyUI] [05/11 06:21:55][INFO] [GVHMRInference] Initializing feature extractor...
  [ComfyUI] [worker:ComfyUI-MotionCapture] INFO: [Memory] After all models loaded: RSS=6216 MB, GPU=0 MB
  [ComfyUI] [05/11 06:21:56][INFO] [Memory] After all models loaded: RSS=6216 MB, GPU=0 MB
  [ComfyUI] [worker:ComfyUI-MotionCapture] INFO: [GVHMRInference] All models loaded successfully!
  [ComfyUI] [05/11 06:21:56][INFO] [GVHMRInference] All models loaded successfully!
  [ComfyUI] [worker:ComfyUI-MotionCapture] INFO: [GVHMRInference] Video: 312 frames @ 812x720
  [ComfyUI] [05/11 06:21:56][INFO] [GVHMRInference] Video: 312 frames @ 812x720
  [ComfyUI] [worker:ComfyUI-MotionCapture] INFO: [GVHMRInference] Mask: 312 frames @ 816x720
  [ComfyUI] [05/11 06:21:56][INFO] [GVHMRInference] Mask: 312 frames @ 816x720
  [ComfyUI] [worker:ComfyUI-MotionCapture] INFO: [GVHMRInference] Processing 312 frames, static_camera=True
  [ComfyUI] [05/11 06:21:56][INFO] [GVHMRInference] Processing 312 frames, static_camera=True
  [ComfyUI] [worker:ComfyUI-MotionCapture] INFO: [Memory] Start of prepare_data_from_videos: RSS=6216 MB, GPU=0 MB
  [ComfyUI] [05/11 06:21:56][INFO] [Memory] Start of prepare_data_from_videos: RSS=6216 MB, GPU=0 MB
  [ComfyUI] [worker:ComfyUI-MotionCapture] INFO: [GVHMRInference] Phase 1: Extracting bounding boxes from mask video...
  [ComfyUI] [05/11 06:21:56][INFO] [GVHMRInference] Phase 1: Extracting bounding boxes from mask video...
  [ComfyUI] [worker:ComfyUI-MotionCapture] INFO: [GVHMRInference] Extracted 312 bounding boxes
  [ComfyUI] [05/11 06:21:57][INFO] [GVHMRInference] Extracted 312 bounding boxes
  [ComfyUI] [worker:ComfyUI-MotionCapture] INFO: [Memory] After bbox extraction from mask video: RSS=6233 MB, GPU=0 MB
  [ComfyUI] [05/11 06:21:57][INFO] [Memory] After bbox extraction from mask video: RSS=6233 MB, GPU=0 MB
  [ComfyUI] [worker:ComfyUI-MotionCapture] WARNING: [GVHMRInference] Mask resolution (816x720) != video resolution (812x720). Scaling bboxes.
  [ComfyUI] [05/11 06:21:57][WARNING] [GVHMRInference] Mask resolution (816x720) != video resolution (812x720). Scaling bboxes.
  [ComfyUI] [worker:ComfyUI-MotionCapture] INFO: [GVHMRInference] bboxes_xyxy: torch.Size([312, 4]), bbx_xys: torch.Size([312, 3])
  [ComfyUI] [05/11 06:21:57][INFO] [GVHMRInference] bboxes_xyxy: torch.Size([312, 4]), bbx_xys: torch.Size([312, 3])
  [ComfyUI] [SubprocessWorker] callback 'request_vram_budget' from call_id=2
  [ComfyUI] [comfy-env] VRAM request: 1.27GB, free before eviction: 7.80GB
  [ComfyUI] [comfy-env] VRAM after eviction: 7.80GB
  [ComfyUI] [worker:ComfyUI-MotionCapture] INFO: Requested to load VitPoseModel
  [ComfyUI] [05/11 06:21:57][INFO] Requested to load VitPoseModel
  [ComfyUI] [worker:ComfyUI-MotionCapture] [VRAM] +212MB (now 212MB) reserved=224MB peak=212MB
  [ComfyUI] [worker:ComfyUI-MotionCapture] INFO: loaded completely; 6215.11 MB usable, 1214.91 MB loaded, full load: True
  [ComfyUI] [05/11 06:21:58][INFO] loaded completely; 6215.11 MB usable, 1214.91 MB loaded, full load: True
  [ComfyUI] [worker:ComfyUI-MotionCapture] INFO: [Memory] ViTPose on GPU: RSS=3817 MB, GPU=1215 MB
  [ComfyUI] [05/11 06:21:58][INFO] [Memory] ViTPose on GPU: RSS=3817 MB, GPU=1215 MB
  [ComfyUI] [worker:ComfyUI-MotionCapture] INFO: [GVHMRInference] Pass 1/2 (ViTPose): 312 frames in chunks of 32...
  [ComfyUI] [05/11 06:21:58][INFO] [GVHMRInference] Pass 1/2 (ViTPose): 312 frames in chunks of 32...
  [ComfyUI] [worker:ComfyUI-MotionCapture] INFO: [GVHMRInference] ViTPose chunk [0:32] (32 frames)
  [ComfyUI] [05/11 06:21:58][INFO] [GVHMRInference] ViTPose chunk [0:32] (32 frames)
  [ComfyUI] [SubprocessWorker] callback 'report_progress' from call_id=2
  [ComfyUI] [SubprocessWorker] callback 'report_progress' from call_id=2
  [ComfyUI] [worker:ComfyUI-MotionCapture] [VRAM] +1015MB (now 1228MB) reserved=1376MB peak=1268MB
  [ComfyUI] [SubprocessWorker] callback 'report_progress' from call_id=2
  [ComfyUI] [SubprocessWorker] callback 'report_progress' from call_id=2
  [ComfyUI] [worker:ComfyUI-MotionCapture] INFO: [Memory] After ViTPose chunk [0:32]: RSS=4001 MB, GPU=1225 MB
  [ComfyUI] [05/11 06:21:59][INFO] [Memory] After ViTPose chunk [0:32]: RSS=4001 MB, GPU=1225 MB
  [capture-loop] iter=650 t=74.3s state={'complete': False, 'error': None, 'executedCount': 0, 'wsState': 1} eval_ms=2 ram=6.1/31.3GB (19%) swap=0.7/32.0GB (2%) cpu=18% browser_rss=0.82GB
  [ComfyUI] [worker:ComfyUI-MotionCapture] INFO: [GVHMRInference] ViTPose chunk [32:64] (32 frames)
  [ComfyUI] [05/11 06:21:59][INFO] [GVHMRInference] ViTPose chunk [32:64] (32 frames)
  [ComfyUI] [SubprocessWorker] callback 'report_progress' from call_id=2
  [ComfyUI] [SubprocessWorker] callback 'report_progress' from call_id=2
  [ComfyUI] [SubprocessWorker] callback 'report_progress' from call_id=2
  [ComfyUI] [SubprocessWorker] callback 'report_progress' from call_id=2
  [ComfyUI] [worker:ComfyUI-MotionCapture] INFO: [Memory] After ViTPose chunk [32:64]: RSS=4073 MB, GPU=1225 MB
  [ComfyUI] [05/11 06:22:00][INFO] [Memory] After ViTPose chunk [32:64]: RSS=4073 MB, GPU=1225 MB
  [ComfyUI] [worker:ComfyUI-MotionCapture] INFO: [GVHMRInference] ViTPose chunk [64:96] (32 frames)
  [ComfyUI] [05/11 06:22:00][INFO] [GVHMRInference] ViTPose chunk [64:96] (32 frames)
  [ComfyUI] [SubprocessWorker] callback 'report_progress' from call_id=2
  Frame 21 saved (frame_020.jpg, t=75.3s)
  [capture-periodic] freeze=3ms shot=159ms unfreeze=2ms saved=True
  [ComfyUI] [SubprocessWorker] callback 'report_progress' from call_id=2
  [ComfyUI] [SubprocessWorker] callback 'report_progress' from call_id=2
  [ComfyUI] [SubprocessWorker] callback 'report_progress' from call_id=2
  [ComfyUI] [worker:ComfyUI-MotionCapture] INFO: [Memory] After ViTPose chunk [64:96]: RSS=4097 MB, GPU=1225 MB
  [ComfyUI] [05/11 06:22:01][INFO] [Memory] After ViTPose chunk [64:96]: RSS=4097 MB, GPU=1225 MB
  [ComfyUI] [worker:ComfyUI-MotionCapture] INFO: [GVHMRInference] ViTPose chunk [96:128] (32 frames)
  [ComfyUI] [05/11 06:22:01][INFO] [GVHMRInference] ViTPose chunk [96:128] (32 frames)
  [ComfyUI] [SubprocessWorker] callback 'report_progress' from call_id=2
  [ComfyUI] [SubprocessWorker] callback 'report_progress' from call_id=2
  [ComfyUI] [SubprocessWorker] callback 'report_progress' from call_id=2
  [ComfyUI] [SubprocessWorker] callback 'report_progress' from call_id=2
  [ComfyUI] [worker:ComfyUI-MotionCapture] INFO: [Memory] After ViTPose chunk [96:128]: RSS=4145 MB, GPU=1225 MB
  [ComfyUI] [05/11 06:22:02][INFO] [Memory] After ViTPose chunk [96:128]: RSS=4145 MB, GPU=1225 MB
  [ComfyUI] [worker:ComfyUI-MotionCapture] INFO: [GVHMRInference] ViTPose chunk [128:160] (32 frames)
  [ComfyUI] [05/11 06:22:02][INFO] [GVHMRInference] ViTPose chunk [128:160] (32 frames)
  [ComfyUI] [SubprocessWorker] callback 'report_progress' from call_id=2
  [ComfyUI] [SubprocessWorker] callback 'report_progress' from call_id=2
  [ComfyUI] [SubprocessWorker] callback 'report_progress' from call_id=2
  [ComfyUI] [SubprocessWorker] callback 'report_progress' from call_id=2
  Frame 22 saved (frame_021.jpg, t=77.6s)
  [capture-periodic] freeze=1ms shot=158ms unfreeze=2ms saved=True
  [ComfyUI] [worker:ComfyUI-MotionCapture] INFO: [Memory] After ViTPose chunk [128:160]: RSS=4217 MB, GPU=1225 MB
  [ComfyUI] [05/11 06:22:03][INFO] [Memory] After ViTPose chunk [128:160]: RSS=4217 MB, GPU=1225 MB
  [ComfyUI] [worker:ComfyUI-MotionCapture] INFO: [GVHMRInference] ViTPose chunk [160:192] (32 frames)
  [ComfyUI] [05/11 06:22:03][INFO] [GVHMRInference] ViTPose chunk [160:192] (32 frames)
  [ComfyUI] [SubprocessWorker] callback 'report_progress' from call_id=2
  [ComfyUI] [SubprocessWorker] callback 'report_progress' from call_id=2
  [ComfyUI] [SubprocessWorker] callback 'report_progress' from call_id=2
  [ComfyUI] [SubprocessWorker] callback 'report_progress' from call_id=2
  [ComfyUI] [worker:ComfyUI-MotionCapture] INFO: [Memory] After ViTPose chunk [160:192]: RSS=4241 MB, GPU=1225 MB
  [ComfyUI] [05/11 06:22:04][INFO] [Memory] After ViTPose chunk [160:192]: RSS=4241 MB, GPU=1225 MB
  [ComfyUI] [worker:ComfyUI-MotionCapture] INFO: [GVHMRInference] ViTPose chunk [192:224] (32 frames)
  [ComfyUI] [05/11 06:22:04][INFO] [GVHMRInference] ViTPose chunk [192:224] (32 frames)
  [ComfyUI] [SubprocessWorker] callback 'report_progress' from call_id=2
  [ComfyUI] [SubprocessWorker] callback 'report_progress' from call_id=2
  [ComfyUI] [SubprocessWorker] callback 'report_progress' from call_id=2
  [ComfyUI] [SubprocessWorker] callback 'report_progress' from call_id=2
  [ComfyUI] [worker:ComfyUI-MotionCapture] INFO: [Memory] After ViTPose chunk [192:224]: RSS=4265 MB, GPU=1225 MB
  [ComfyUI] [05/11 06:22:04][INFO] [Memory] After ViTPose chunk [192:224]: RSS=4265 MB, GPU=1225 MB
  [ComfyUI] [worker:ComfyUI-MotionCapture] INFO: [GVHMRInference] ViTPose chunk [224:256] (32 frames)
  [ComfyUI] [05/11 06:22:05][INFO] [GVHMRInference] ViTPose chunk [224:256] (32 frames)
  [capture-loop] iter=700 t=79.9s state={'complete': False, 'error': None, 'executedCount': 0, 'wsState': 1} eval_ms=2 ram=6.3/31.3GB (20%) swap=0.7/32.0GB (2%) cpu=16% browser_rss=0.82GB
  [ComfyUI] [SubprocessWorker] callback 'report_progress' from call_id=2
  [ComfyUI] [SubprocessWorker] callback 'report_progress' from call_id=2
  Frame 23 saved (frame_022.jpg, t=79.9s)
  [capture-periodic] freeze=1ms shot=149ms unfreeze=2ms saved=True
  [ComfyUI] [SubprocessWorker] callback 'report_progress' from call_id=2
  [ComfyUI] [SubprocessWorker] callback 'report_progress' from call_id=2
  [ComfyUI] [worker:ComfyUI-MotionCapture] INFO: [Memory] After ViTPose chunk [224:256]: RSS=4289 MB, GPU=1225 MB
  [ComfyUI] [05/11 06:22:05][INFO] [Memory] After ViTPose chunk [224:256]: RSS=4289 MB, GPU=1225 MB
  [ComfyUI] [worker:ComfyUI-MotionCapture] INFO: [GVHMRInference] ViTPose chunk [256:288] (32 frames)
  [ComfyUI] [05/11 06:22:05][INFO] [GVHMRInference] ViTPose chunk [256:288] (32 frames)
  [ComfyUI] [SubprocessWorker] callback 'report_progress' from call_id=2
  [ComfyUI] [SubprocessWorker] callback 'report_progress' from call_id=2
  [ComfyUI] [SubprocessWorker] callback 'report_progress' from call_id=2
  [ComfyUI] [SubprocessWorker] callback 'report_progress' from call_id=2
  [ComfyUI] [worker:ComfyUI-MotionCapture] INFO: [Memory] After ViTPose chunk [256:288]: RSS=4313 MB, GPU=1225 MB
  [ComfyUI] [05/11 06:22:06][INFO] [Memory] After ViTPose chunk [256:288]: RSS=4313 MB, GPU=1225 MB
  [ComfyUI] [worker:ComfyUI-MotionCapture] INFO: [GVHMRInference] ViTPose chunk [288:312] (24 frames)
  [ComfyUI] [05/11 06:22:06][INFO] [GVHMRInference] ViTPose chunk [288:312] (24 frames)
  [ComfyUI] [SubprocessWorker] callback 'report_progress' from call_id=2
  [ComfyUI] [SubprocessWorker] callback 'report_progress' from call_id=2
  [ComfyUI] [SubprocessWorker] callback 'report_progress' from call_id=2
  [ComfyUI] [worker:ComfyUI-MotionCapture] INFO: [Memory] After ViTPose chunk [288:312]: RSS=4313 MB, GPU=1225 MB
  [ComfyUI] [05/11 06:22:07][INFO] [Memory] After ViTPose chunk [288:312]: RSS=4313 MB, GPU=1225 MB
  [ComfyUI] [SubprocessWorker] callback 'request_vram_budget' from call_id=2
  [ComfyUI] [comfy-env] VRAM request: 1.34GB, free before eviction: 6.34GB
  [ComfyUI] [comfy-env] VRAM after eviction: 6.34GB
  [ComfyUI] [worker:ComfyUI-MotionCapture] INFO: Requested to load HMR2
  [ComfyUI] [05/11 06:22:07][INFO] Requested to load HMR2
  [ComfyUI] [worker:ComfyUI-MotionCapture] [VRAM] +308MB (now 1537MB) reserved=1568MB peak=1537MB
  [ComfyUI] [worker:ComfyUI-MotionCapture] INFO: loaded completely; 4884.61 MB usable, 1278.33 MB loaded, full load: True
  [ComfyUI] [05/11 06:22:07][INFO] loaded completely; 4884.61 MB usable, 1278.33 MB loaded, full load: True
  [ComfyUI] [worker:ComfyUI-MotionCapture] INFO: [Memory] HMR2 on GPU: RSS=4313 MB, GPU=2503 MB
  [ComfyUI] [05/11 06:22:07][INFO] [Memory] HMR2 on GPU: RSS=4313 MB, GPU=2503 MB
  [ComfyUI] [worker:ComfyUI-MotionCapture] INFO: [GVHMRInference] Pass 2/2 (HMR2): 10 chunks...
  [ComfyUI] [05/11 06:22:07][INFO] [GVHMRInference] Pass 2/2 (HMR2): 10 chunks...
  [ComfyUI] [worker:ComfyUI-MotionCapture] INFO: [GVHMRInference] HMR2 chunk 1/10
  [ComfyUI] [05/11 06:22:07][INFO] [GVHMRInference] HMR2 chunk 1/10
  [ComfyUI] [SubprocessWorker] callback 'report_progress' from call_id=2
  [ComfyUI] [SubprocessWorker] callback 'report_progress' from call_id=2
  [ComfyUI] [SubprocessWorker] callback 'report_progress' from call_id=2
  [ComfyUI] [worker:ComfyUI-MotionCapture] INFO: [GVHMRInference] HMR2 chunk 2/10
  [ComfyUI] [05/11 06:22:08][INFO] [GVHMRInference] HMR2 chunk 2/10
  [ComfyUI] [SubprocessWorker] callback 'report_progress' from call_id=2
  [ComfyUI] [SubprocessWorker] callback 'report_progress' from call_id=2
  [ComfyUI] [SubprocessWorker] callback 'report_progress' from call_id=2
  [ComfyUI] [worker:ComfyUI-MotionCapture] INFO: [GVHMRInference] HMR2 chunk 3/10
  [ComfyUI] [05/11 06:22:08][INFO] [GVHMRInference] HMR2 chunk 3/10
  [ComfyUI] [SubprocessWorker] callback 'report_progress' from call_id=2
  [ComfyUI] [worker:ComfyUI-MotionCapture] [VRAM] +969MB (now 2506MB) reserved=2592MB peak=2514MB
  [ComfyUI] [SubprocessWorker] callback 'report_progress' from call_id=2
  [ComfyUI] [SubprocessWorker] callback 'report_progress' from call_id=2
  [ComfyUI] [worker:ComfyUI-MotionCapture] INFO: [GVHMRInference] HMR2 chunk 4/10
  [ComfyUI] [05/11 06:22:08][INFO] [GVHMRInference] HMR2 chunk 4/10
  [ComfyUI] [SubprocessWorker] callback 'report_progress' from call_id=2
  [ComfyUI] [SubprocessWorker] callback 'report_progress' from call_id=2
  [ComfyUI] [SubprocessWorker] callback 'report_progress' from call_id=2
  [ComfyUI] [worker:ComfyUI-MotionCapture] INFO: [GVHMRInference] HMR2 chunk 5/10
  [ComfyUI] [05/11 06:22:09][INFO] [GVHMRInference] HMR2 chunk 5/10
  [ComfyUI] [SubprocessWorker] callback 'report_progress' from call_id=2
  [ComfyUI] [SubprocessWorker] callback 'report_progress' from call_id=2
  [ComfyUI] [SubprocessWorker] callback 'report_progress' from call_id=2
  [ComfyUI] [worker:ComfyUI-MotionCapture] INFO: [GVHMRInference] HMR2 chunk 6/10
  [ComfyUI] [05/11 06:22:09][INFO] [GVHMRInference] HMR2 chunk 6/10
  [ComfyUI] [SubprocessWorker] callback 'report_progress' from call_id=2
  [ComfyUI] [SubprocessWorker] callback 'report_progress' from call_id=2
  [ComfyUI] [SubprocessWorker] callback 'report_progress' from call_id=2
  Frame 24 saved (frame_023.jpg, t=84.4s)
  [capture-periodic] freeze=1ms shot=154ms unfreeze=2ms saved=True
  [ComfyUI] [worker:ComfyUI-MotionCapture] INFO: [GVHMRInference] HMR2 chunk 7/10
  [ComfyUI] [05/11 06:22:09][INFO] [GVHMRInference] HMR2 chunk 7/10
  [ComfyUI] [SubprocessWorker] callback 'report_progress' from call_id=2
  [ComfyUI] [SubprocessWorker] callback 'report_progress' from call_id=2
  [ComfyUI] [SubprocessWorker] callback 'report_progress' from call_id=2
  [ComfyUI] [worker:ComfyUI-MotionCapture] INFO: [GVHMRInference] HMR2 chunk 8/10
  [ComfyUI] [05/11 06:22:10][INFO] [GVHMRInference] HMR2 chunk 8/10
  [ComfyUI] [SubprocessWorker] callback 'report_progress' from call_id=2
  [ComfyUI] [SubprocessWorker] callback 'report_progress' from call_id=2
  [ComfyUI] [SubprocessWorker] callback 'report_progress' from call_id=2
  [ComfyUI] [worker:ComfyUI-MotionCapture] INFO: [GVHMRInference] HMR2 chunk 9/10
  [ComfyUI] [05/11 06:22:10][INFO] [GVHMRInference] HMR2 chunk 9/10
  [ComfyUI] [SubprocessWorker] callback 'report_progress' from call_id=2
  [ComfyUI] [SubprocessWorker] callback 'report_progress' from call_id=2
  [ComfyUI] [SubprocessWorker] callback 'report_progress' from call_id=2
  [ComfyUI] [worker:ComfyUI-MotionCapture] INFO: [GVHMRInference] HMR2 chunk 10/10
  [ComfyUI] [05/11 06:22:10][INFO] [GVHMRInference] HMR2 chunk 10/10
  [capture-loop] iter=750 t=85.7s state={'complete': False, 'error': None, 'executedCount': 0, 'wsState': 1} eval_ms=2 ram=6.4/31.3GB (20%) swap=0.7/32.0GB (2%) cpu=16% browser_rss=0.83GB
  [ComfyUI] [SubprocessWorker] callback 'report_progress' from call_id=2
  [ComfyUI] [SubprocessWorker] callback 'report_progress' from call_id=2
  [ComfyUI] [worker:ComfyUI-MotionCapture] INFO: [Memory] After HMR2 pass: RSS=4316 MB, GPU=2503 MB
  [ComfyUI] [05/11 06:22:11][INFO] [Memory] After HMR2 pass: RSS=4316 MB, GPU=2503 MB
  [ComfyUI] [worker:ComfyUI-MotionCapture] INFO: [GVHMRInference] ViTPose complete: kp2d=torch.Size([312, 17, 3]) dtype=torch.float32
  [ComfyUI] [05/11 06:22:11][INFO] [GVHMRInference] ViTPose complete: kp2d=torch.Size([312, 17, 3]) dtype=torch.float32
  [ComfyUI] [worker:ComfyUI-MotionCapture] INFO: [GVHMRInference] HMR2 complete: f_imgseq=torch.Size([312, 1024]) dtype=torch.bfloat16
  [ComfyUI] [05/11 06:22:11][INFO] [GVHMRInference] HMR2 complete: f_imgseq=torch.Size([312, 1024]) dtype=torch.bfloat16
  [ComfyUI] [worker:ComfyUI-MotionCapture] INFO: [Memory] After all chunks processed: RSS=4316 MB, GPU=2503 MB
  [ComfyUI] [05/11 06:22:11][INFO] [Memory] After all chunks processed: RSS=4316 MB, GPU=2503 MB
  [ComfyUI] [worker:ComfyUI-MotionCapture] INFO: [GVHMRInference] Features offloaded to disk: /tmp/f_imgseq_o0a62dv1.safetensors
  [ComfyUI] [05/11 06:22:11][INFO] [GVHMRInference] Features offloaded to disk: /tmp/f_imgseq_o0a62dv1.safetensors
  [ComfyUI] [worker:ComfyUI-MotionCapture] INFO: [GVHMRInference] Auto-estimating camera intrinsics (53 deg FOV)
  [ComfyUI] [05/11 06:22:11][INFO] [GVHMRInference] Auto-estimating camera intrinsics (53 deg FOV)
  [ComfyUI] [worker:ComfyUI-MotionCapture] INFO: [GVHMRInference] Camera mode: STATIC (vo_method=simple_vo)
  [ComfyUI] [05/11 06:22:11][INFO] [GVHMRInference] Camera mode: STATIC (vo_method=simple_vo)
  [ComfyUI] [worker:ComfyUI-MotionCapture] INFO: [GVHMRInference] R_w2c: torch.Size([312, 3, 3]), t_w2c: None
  [ComfyUI] [05/11 06:22:11][INFO] [GVHMRInference] R_w2c: torch.Size([312, 3, 3]), t_w2c: None
  [ComfyUI] [worker:ComfyUI-MotionCapture] INFO: [GVHMRInference] cam_angvel: torch.Size([312, 6])
  [ComfyUI] [05/11 06:22:11][INFO] [GVHMRInference] cam_angvel: torch.Size([312, 6])
  [ComfyUI] [worker:ComfyUI-MotionCapture] INFO: [GVHMRInference] === Data dict summary ===
  [ComfyUI] [05/11 06:22:11][INFO] [GVHMRInference] === Data dict summary ===
  [ComfyUI] [worker:ComfyUI-MotionCapture] INFO: [GVHMRInference]   length: torch.Size([]) dtype=torch.int64
  [ComfyUI] [05/11 06:22:11][INFO] [GVHMRInference]   length: torch.Size([]) dtype=torch.int64
  [ComfyUI] [worker:ComfyUI-MotionCapture] INFO: [GVHMRInference]   bbx_xys: torch.Size([312, 3]) dtype=torch.float32
  [ComfyUI] [05/11 06:22:11][INFO] [GVHMRInference]   bbx_xys: torch.Size([312, 3]) dtype=torch.float32
  [ComfyUI] [worker:ComfyUI-MotionCapture] INFO: [GVHMRInference]   kp2d: torch.Size([312, 17, 3]) dtype=torch.float32
  [ComfyUI] [05/11 06:22:11][INFO] [GVHMRInference]   kp2d: torch.Size([312, 17, 3]) dtype=torch.float32
  [ComfyUI] [worker:ComfyUI-MotionCapture] INFO: [GVHMRInference]   K_fullimg: torch.Size([312, 3, 3]) dtype=torch.float32
  [ComfyUI] [05/11 06:22:11][INFO] [GVHMRInference]   K_fullimg: torch.Size([312, 3, 3]) dtype=torch.float32
  [ComfyUI] [worker:ComfyUI-MotionCapture] INFO: [GVHMRInference]   cam_angvel: torch.Size([312, 6]) dtype=torch.float32
  [ComfyUI] [05/11 06:22:11][INFO] [GVHMRInference]   cam_angvel: torch.Size([312, 6]) dtype=torch.float32
  [ComfyUI] [worker:ComfyUI-MotionCapture] INFO: [GVHMRInference]   f_imgseq: None
  [ComfyUI] [05/11 06:22:11][INFO] [GVHMRInference]   f_imgseq: None
  [ComfyUI] [worker:ComfyUI-MotionCapture] INFO: [GVHMRInference]   f_imgseq_path: str = /tmp/f_imgseq_o0a62dv1.safetensors
  [ComfyUI] [05/11 06:22:11][INFO] [GVHMRInference]   f_imgseq_path: str = /tmp/f_imgseq_o0a62dv1.safetensors
  [ComfyUI] [worker:ComfyUI-MotionCapture] INFO: [Memory] End of prepare_data_from_videos: RSS=4316 MB, GPU=2503 MB
  [ComfyUI] [05/11 06:22:11][INFO] [Memory] End of prepare_data_from_videos: RSS=4316 MB, GPU=2503 MB
  [ComfyUI] [worker:ComfyUI-MotionCapture] INFO: [GVHMRInference] Reloading features from disk...
  [ComfyUI] [05/11 06:22:11][INFO] [GVHMRInference] Reloading features from disk...
  [ComfyUI] [worker:ComfyUI-MotionCapture] INFO: [GVHMRInference] Features reloaded from disk
  [ComfyUI] [05/11 06:22:11][INFO] [GVHMRInference] Features reloaded from disk
  [ComfyUI] [SubprocessWorker] callback 'request_vram_budget' from call_id=2
  [ComfyUI] [comfy-env] VRAM request: 0.08GB, free before eviction: 5.03GB
  [ComfyUI] [comfy-env] VRAM after eviction: 5.03GB
  [ComfyUI] [worker:ComfyUI-MotionCapture] INFO: Requested to load DemoPL
  [ComfyUI] [05/11 06:22:11][INFO] Requested to load DemoPL
  [ComfyUI] [worker:ComfyUI-MotionCapture] INFO: loaded completely; 3605.81 MB usable, 77.90 MB loaded, full load: True
  [ComfyUI] [05/11 06:22:11][INFO] loaded completely; 3605.81 MB usable, 77.90 MB loaded, full load: True
  [ComfyUI] [worker:ComfyUI-MotionCapture] INFO: [Memory] Before GVHMR predict: RSS=4316 MB, GPU=2593 MB
  [ComfyUI] [05/11 06:22:11][INFO] [Memory] Before GVHMR predict: RSS=4316 MB, GPU=2593 MB
  [ComfyUI] [worker:ComfyUI-MotionCapture] INFO: [GVHMRInference] Running GVHMR model (static_cam=True)...
  [ComfyUI] [05/11 06:22:11][INFO] [GVHMRInference] Running GVHMR model (static_cam=True)...
  [ComfyUI] [worker:ComfyUI-MotionCapture] INFO: [GVHMRInference] === Pre-predict data shapes ===
  [ComfyUI] [05/11 06:22:11][INFO] [GVHMRInference] === Pre-predict data shapes ===
  [ComfyUI] [worker:ComfyUI-MotionCapture] INFO: [GVHMRInference]   data[length]: torch.Size([]) dtype=torch.int64 device=cpu
  [ComfyUI] [05/11 06:22:11][INFO] [GVHMRInference]   data[length]: torch.Size([]) dtype=torch.int64 device=cpu
  [ComfyUI] [worker:ComfyUI-MotionCapture] INFO: [GVHMRInference]   data[bbx_xys]: torch.Size([312, 3]) dtype=torch.float32 device=cpu
  [ComfyUI] [05/11 06:22:11][INFO] [GVHMRInference]   data[bbx_xys]: torch.Size([312, 3]) dtype=torch.float32 device=cpu
  [ComfyUI] [worker:ComfyUI-MotionCapture] INFO: [GVHMRInference]   data[kp2d]: torch.Size([312, 17, 3]) dtype=torch.float32 device=cpu
  [ComfyUI] [05/11 06:22:11][INFO] [GVHMRInference]   data[kp2d]: torch.Size([312, 17, 3]) dtype=torch.float32 device=cpu
  [ComfyUI] [worker:ComfyUI-MotionCapture] INFO: [GVHMRInference]   data[K_fullimg]: torch.Size([312, 3, 3]) dtype=torch.float32 device=cpu
  [ComfyUI] [05/11 06:22:11][INFO] [GVHMRInference]   data[K_fullimg]: torch.Size([312, 3, 3]) dtype=torch.float32 device=cpu
  [ComfyUI] [worker:ComfyUI-MotionCapture] INFO: [GVHMRInference]   data[cam_angvel]: torch.Size([312, 6]) dtype=torch.float32 device=cpu
  [ComfyUI] [05/11 06:22:11][INFO] [GVHMRInference]   data[cam_angvel]: torch.Size([312, 6]) dtype=torch.float32 device=cpu
  [ComfyUI] [worker:ComfyUI-MotionCapture] INFO: [GVHMRInference]   data[f_imgseq]: torch.Size([312, 1024]) dtype=torch.bfloat16 device=cpu
  [ComfyUI] [05/11 06:22:11][INFO] [GVHMRInference]   data[f_imgseq]: torch.Size([312, 1024]) dtype=torch.bfloat16 device=cpu
  Frame 25 saved (frame_024.jpg, t=86.7s)
  [capture-periodic] freeze=2ms shot=156ms unfreeze=2ms saved=True
  [ComfyUI] [worker:ComfyUI-MotionCapture] INFO: [Memory] After GVHMR predict: RSS=4420 MB, GPU=2593 MB
  [ComfyUI] [05/11 06:22:12][INFO] [Memory] After GVHMR predict: RSS=4420 MB, GPU=2593 MB
  [ComfyUI] [worker:ComfyUI-MotionCapture] INFO: [GVHMRInference] Saved SMPL params to: /workspaces/MotionCapture-0616/ComfyUI/output/smpl_params_0001.npz
  [ComfyUI] [05/11 06:22:12][INFO] [GVHMRInference] Saved SMPL params to: /workspaces/MotionCapture-0616/ComfyUI/output/smpl_params_0001.npz
  [ComfyUI] [worker:ComfyUI-MotionCapture] INFO: [GVHMRInference] Inference complete!
  [ComfyUI] [05/11 06:22:12][INFO] [GVHMRInference] Inference complete!
  [ComfyUI] [worker:ComfyUI-MotionCapture] INFO: [Memory] Final (before return): RSS=4420 MB, GPU=2593 MB
  [ComfyUI] [05/11 06:22:12][INFO] [Memory] Final (before return): RSS=4420 MB, GPU=2593 MB
  [ComfyUI] [SubprocessWorker] got response: ok
  [ComfyUI] [comfy-env] Created 3 model patchers: ['VitPoseModel_1', 'HMR2_2', 'DemoPL_3']
  [ComfyUI] [comfy-env] GVHMRInference done (22.08s): result: NodeOutput
  [ComfyUI] [VRAM] After GVHMRInference: 3001 / 7703 MB
  [ComfyUI] [VRAM] Loaded: SubprocessModel (89 MB), SubprocessModel (1278 MB), SubprocessModel (1215 MB)
  [ComfyUI] [comfy-env] Running SMPLViewer: npz_path: '/workspaces/MotionCapture-0616/ComfyUI/output/smpl_param..., frame_skip: 1, mesh_color: '#4a9eff'
  [ComfyUI] [VRAM] Before SMPLViewer: 3001 / 7703 MB
  [ComfyUI] [VRAM] Loaded: SubprocessModel (89 MB), SubprocessModel (1278 MB), SubprocessModel (1215 MB)
  [ComfyUI] [SubprocessWorker] call_method: nodes.viewer_node.SMPLViewer.EXECUTE_NORMALIZED
  [ComfyUI] [SubprocessWorker] acquired lock, ensuring started...
  [ComfyUI] [ComfyUI-MotionCapture] Health check: ping (timeout=5.0s)...
  [ComfyUI] [ComfyUI-MotionCapture] Health check: ok
  [ComfyUI] [SubprocessWorker] worker started/confirmed
  [ComfyUI] [SubprocessWorker] serializing kwargs to shm...
  [ComfyUI] [SubprocessWorker] created 0 shm blocks
  [ComfyUI] [SubprocessWorker] sending request via socket...
  [ComfyUI] [SubprocessWorker] call_id=3 sending call_method
  [ComfyUI] [worker:ComfyUI-MotionCapture] INFO: [SMPLViewer] Generating 3D mesh data for visualization...
  [ComfyUI] [05/11 06:22:12][INFO] [SMPLViewer] Generating 3D mesh data for visualization...
  [ComfyUI] [worker:ComfyUI-MotionCapture] INFO: [SMPLViewer] Loading SMPL parameters from: /workspaces/MotionCapture-0616/ComfyUI/output/smpl_params_0001.npz
  [ComfyUI] [05/11 06:22:12][INFO] [SMPLViewer] Loading SMPL parameters from: /workspaces/MotionCapture-0616/ComfyUI/output/smpl_params_0001.npz
  [ComfyUI] [worker:ComfyUI-MotionCapture] INFO: [SMPLViewer] Processing 312 frames (skip=1)
  [ComfyUI] [05/11 06:22:12][INFO] [SMPLViewer] Processing 312 frames (skip=1)
  Frame 26 saved (frame_025.jpg, t=89.0s)
  [capture-periodic] freeze=2ms shot=163ms unfreeze=4ms saved=True
  [ComfyUI] [worker:ComfyUI-MotionCapture] INFO: [SMPLViewer] Generated mesh: 312 frames, 6890 vertices, 13776 faces
  [ComfyUI] [05/11 06:22:14][INFO] [SMPLViewer] Generated mesh: 312 frames, 6890 vertices, 13776 faces
  [ComfyUI] [worker:ComfyUI-MotionCapture] INFO: [SMPLViewer] Wrote smpl_mesh_0001.bin (24.8 MB)
  [ComfyUI] [05/11 06:22:14][INFO] [SMPLViewer] Wrote smpl_mesh_0001.bin (24.8 MB)
  [ComfyUI] [SubprocessWorker] got response: ok
  [ComfyUI] [comfy-env] Created 1 model patchers: ['SMPLX_4']
  [ComfyUI] [comfy-env] SMPLViewer done (1.91s): result: NodeOutput
  [ComfyUI] [VRAM] After SMPLViewer: 3065 / 7703 MB
  [ComfyUI] [VRAM] Loaded: SubprocessModel (65 MB), SubprocessModel (89 MB), SubprocessModel (1278 MB), SubprocessModel (1215 MB)
  [ComfyUI] Prompt executed in 89.15 seconds
  Node executed (1 total), capturing...
  Frame 27 saved (frame_026.jpg, t=89.6s)
  [capture-node] freeze=2ms shot=438ms unfreeze=2ms saved=True
  Execution complete (t=90.2s)
  Captured 27 unique frames over 90.23s
  [debug] iframes: 0
  [timing] trigger_3d_previews: 0.0s
  Saved high-quality screenshot: GVHMR_executed.png
  [timing] final_screenshot: 0.3s
    Captured 28 video frames