[   2s] CDP targets: 1
[   2s]   page: file:///C:/Users/stduser/.comfy-test-cache/desktop/ComfyUI/resources/desktop-ui/index.html#/not-supported | ComfyUI
[   3s] Main page: file:///C:/Users/stduser/.comfy-test-cache/desktop/ComfyUI/resources/desktop-ui/index.html#/not-supported | ComfyUI
[   3s] Buttons: ['Learn More', 'Report Issue', 'Continue']
[   3s]   wizard: COMFY_TEST_GPU=0 platform=win32 preferred=['CPU']
[   6s]   clicked [BTN|Continue]
[   9s]   url: file:///C:/Users/stduser/.comfy-test-cache/desktop/ComfyUI/resources/desktop-ui/index.html#/not-supported -> file:///C:/Users/stduser/.comfy-test-cache/desktop/ComfyUI/resources/desktop-ui/index.html#/install
[  10s]   clicked [TILE|CPU]
[  13s]   clicked [BTN|Next]
[  20s]   clicked [BTN|Next]
[  24s]   clicked [BTN|Install]
[  28s]   url: file:///C:/Users/stduser/.comfy-test-cache/desktop/ComfyUI/resources/desktop-ui/index.html#/install -> file:///C:/Users/stduser/.comfy-test-cache/desktop/ComfyUI/resources/desktop-ui/index.html#/server-start
[ 163s]   /system_stats up after 159s
[ 163s]   app: waiting for backend stability (continuous /system_stats up for 30s)
[ 163s]   app: /system_stats up; awaiting 30s of stability
[ 193s]   app: backend stable for 30s; proceeding
[ 193s]   capturing canvas load...
[ 201s]   post: waiting for Cloud upsell
[ 234s]   post: Cloud upsell not found, skipping
[ 234s]   post: pressed Escape (Cloud upsell fallback)
[ 237s]   post: waiting for Close Templates
[ 249s]   post: Close Templates not found, skipping
[ 249s]   post: pressed Escape (Close Templates fallback)
[ 251s]   post: waiting for Extensions
[ 251s]   post: clicked Extensions via [button[aria-label="Extensions"]:visible]
[ 254s]   ext: node meta = display='MotionCapture' publisher='pznodes' version='0.1.16'
[ 257s]   ext: searching "MotionCapture"
[ 261s]   ext: clicking MotionCapture by pznodes tile
[ 264s]   ext: scrolling to + opening version selector
[ 268s]   ext: selected 0.1.16
[ 269s]   ext: clicking right-panel Install
[ 270s]   ext: clicked Install (last of 3 visible)
[ 279s]   ext: waiting for "Apply Changes" toast
[ 279s]   ext: clicked Apply Changes
[ 284s]   app: Apply Changes already triggered in-app restart, skipping pkill
[ 289s]   app: relaunching with CDP
[ 289s]   app: waiting for CDP
[ 290s]   app: CDP up after 1s
[ 290s]   app: reconnecting Playwright
[ 291s]   app: attached to http://127.0.0.1:8000/
[ 474s]   app: server ready after 45s
[ 474s]   app: waiting for main canvas (window.app.graph)
[ 474s]   app: canvas ready after 1s (http://127.0.0.1:8000/)
[ 479s]   app: forcing renderer reload to refresh node-pack manifest
[ 481s]   app: canvas re-ready after reload in 2s
[ 484s]   ext: closing Nodes Manager dialog
[ 484s]   ext: dismissing What's New popup
[ 485s]   ext: closed What's New popup
[ 487s]   ext: dismissing Node Pack Issues modal (if present)
[ 487s]   ext: Node Pack Issues modal not present
[ 487s]   ext: opening Templates sidebar
[ 487s]   ext: clicked Templates
[ 491s]   ext: locating "comfyui-motioncapture" section in Templates panel
[ 493s]   ext: clicked comfyui-motioncapture section
[ 495s]   ext: fetching comfy-test.toml from https://raw.githubusercontent.com/PozzettiAndrea/ComfyUI-MotionCapture/main/comfy-test.toml
[ 495s]   ext: cpu spec = include ['smpl_to_bvh_pipeline', 'load_camera_traj', 'apply_motion_on_character']
[ 495s]   ext: picking first matching comfyui-motioncapture template
[ 495s]   ext: 5 visible cards
[ 497s]   ext: clicked template apply_motion_on_character
[ 503s]   ext: installing WS execution listener
[ 503s]   ext: clicking Run
[ 503s]   ext: clicked Run
[ 503s]   ext: waiting for execution_success / execution_error
[ 525s]   ext: WS events=27 elapsed=21s
[ 525s]     ws: {'type': 'progress_state', 'ts': 1779129495396}
[ 525s]     ws: {'type': 'progress_state', 'ts': 1779129495398}
[ 525s]     ws: {'type': 'executing', 'ts': 1779129495399}
[ 525s]     ws: {'type': 'progress_state', 'ts': 1779129501722}
[ 525s]     ws: {'type': 'progress_state', 'ts': 1779129501725}
[ 525s]     ws: {'type': 'executing', 'ts': 1779129501736}
[ 525s]     ws: {'type': 'executed', 'ts': 1779129513625}
[ 525s]     ws: {'type': 'progress_state', 'ts': 1779129513627}
[ 525s]     ws: {'type': 'progress_state', 'ts': 1779129513629}
[ 525s]     ws: {'type': 'executing', 'ts': 1779129513630}
[ 525s]     ws: {'type': 'executed', 'ts': 1779129513654}
[ 525s]     ws: {'type': 'progress_state', 'ts': 1779129513656}
[ 525s]     ws: {'type': 'execution_success', 'ts': 1779129513661}
[ 525s]     ws: {'type': 'status', 'ts': 1779129513661}
[ 525s]     ws: {'type': 'executing', 'ts': 1779129513662}
[ 525s]   ext: execution_success after 21s
[ 530s]   ext: fetching comfy-test.toml from https://raw.githubusercontent.com/PozzettiAndrea/ComfyUI-MotionCapture/main/comfy-test.toml
[ 530s]   ext: cpu spec = include ['smpl_to_bvh_pipeline', 'load_camera_traj', 'apply_motion_on_character']
[ 530s]   loop: spec=include items=['smpl_to_bvh_pipeline', 'load_camera_traj', 'apply_motion_on_character'] -> 3 workflow(s) ['smpl_to_bvh_pipeline', 'load_camera_traj', 'apply_motion_on_character']
[ 530s]   loop: matching=3 first_ran='apply_motion_on_character' remaining=2 -> ['smpl_to_bvh_pipeline', 'load_camera_traj']
[ 530s]   loop: full restart for workflow 2/3 (smpl_to_bvh_pipeline)
[ 530s]   loop: closing current browser
[ 530s]   loop: killing ComfyUI process
[ 536s]   loop: launching ComfyUI with --remote-debugging-port=0
[ 536s]   loop: waiting for DevToolsActivePort at C:\Users\stduser\AppData\Roaming\ComfyUI\DevToolsActivePort
[ 538s]   loop: DevToolsActivePort -> 51115 after 3s
[ 538s]   loop: reconnecting Playwright on port 51115
[ 538s]   loop: attached to file:///C:/Users/stduser/.comfy-test-cache/desktop/ComfyUI/resources/desktop-ui/index.html#/desktop-start
[ 538s]   loop: server ready after 1s
[ 565s]   loop: canvas ready after 22s
[ 565s]   loop: forcing renderer reload
[ 568s]   loop: canvas ready after 3s
[ 571s]   ext: closing Nodes Manager dialog
[ 571s]   ext: dismissing What's New popup
[ 571s]   ext: What's New popup not present
[ 571s]   ext: dismissing Node Pack Issues modal (if present)
[ 571s]   ext: Node Pack Issues modal not present
[ 571s]   ext: opening Templates sidebar
[ 572s]   ext: clicked Templates
[ 576s]   ext: locating "comfyui-motioncapture" section in Templates panel
[ 578s]   ext: clicked comfyui-motioncapture section
[ 580s]   ext: clicking template smpl_to_bvh_pipeline
[ 582s]   ext: clicked template smpl_to_bvh_pipeline
[ 587s]   ext: installing WS execution listener
[ 587s]   ext: clicking Run
[ 588s]   ext: clicked Run
[ 588s]   ext: waiting for execution_success / execution_error
[ 595s]   ext: WS events=17 elapsed=7s
[ 595s]     ws: {'type': 'execution_start', 'ts': 1779129576519}
[ 595s]     ws: {'type': 'execution_cached', 'ts': 1779129576519}
[ 595s]     ws: {'type': 'progress_state', 'ts': 1779129576522}
[ 595s]     ws: {'type': 'executing', 'ts': 1779129576536}
[ 595s]     ws: {'type': 'progress_state', 'ts': 1779129581309}
[ 595s]     ws: {'type': 'progress_state', 'ts': 1779129581311}
[ 595s]     ws: {'type': 'executing', 'ts': 1779129581313}
[ 595s]     ws: {'type': 'progress_state', 'ts': 1779129582448}
[ 595s]     ws: {'type': 'progress_state', 'ts': 1779129582450}
[ 595s]     ws: {'type': 'executing', 'ts': 1779129582451}
[ 595s]     ws: {'type': 'executed', 'ts': 1779129583304}
[ 595s]     ws: {'type': 'progress_state', 'ts': 1779129583308}
[ 595s]     ws: {'type': 'execution_success', 'ts': 1779129583313}
[ 595s]     ws: {'type': 'status', 'ts': 1779129583313}
[ 595s]     ws: {'type': 'executing', 'ts': 1779129583313}
[ 595s]   ext: execution_success after 7s
[ 600s]   loop: full restart for workflow 3/3 (load_camera_traj)
[ 600s]   loop: closing current browser
[ 600s]   loop: killing ComfyUI process
[ 606s]   loop: launching ComfyUI with --remote-debugging-port=0
[ 606s]   loop: waiting for DevToolsActivePort at C:\Users\stduser\AppData\Roaming\ComfyUI\DevToolsActivePort
[ 608s]   loop: DevToolsActivePort -> 51261 after 3s
[ 608s]   loop: reconnecting Playwright on port 51261
[ 608s]   loop: attached to file:///C:/Users/stduser/.comfy-test-cache/desktop/ComfyUI/resources/desktop-ui/index.html#/desktop-start
[ 608s]   loop: server ready after 1s
[ 631s]   loop: canvas ready after 19s
[ 631s]   loop: forcing renderer reload
[ 635s]   loop: canvas ready after 3s
[ 638s]   ext: closing Nodes Manager dialog
[ 638s]   ext: dismissing What's New popup
[ 638s]   ext: What's New popup not present
[ 638s]   ext: dismissing Node Pack Issues modal (if present)
[ 638s]   ext: Node Pack Issues modal not present
[ 638s]   ext: opening Templates sidebar
[ 639s]   ext: clicked Templates
[ 643s]   ext: locating "comfyui-motioncapture" section in Templates panel
[ 645s]   ext: clicked comfyui-motioncapture section
[ 647s]   ext: clicking template load_camera_traj
[ 649s]   ext: clicked template load_camera_traj
[ 654s]   ext: installing WS execution listener
[ 654s]   ext: clicking Run
[ 655s]   ext: clicked Run
[ 655s]   ext: waiting for execution_success / execution_error
[ 716s]   ext: WS events=35 elapsed=61s
[ 716s]     ws: {'type': 'progress', 'ts': 1779129658877}
[ 716s]     ws: {'type': 'progress_state', 'ts': 1779129660913}
[ 716s]     ws: {'type': 'progress', 'ts': 1779129660914}
[ 716s]     ws: {'type': 'progress_state', 'ts': 1779129663039}
[ 716s]     ws: {'type': 'progress', 'ts': 1779129663051}
[ 716s]     ws: {'type': 'progress_state', 'ts': 1779129663539}
[ 716s]     ws: {'type': 'progress', 'ts': 1779129663540}
[ 716s]     ws: {'type': 'progress_state', 'ts': 1779129664789}
[ 716s]     ws: {'type': 'progress', 'ts': 1779129664789}
[ 716s]     ws: {'type': 'progress_state', 'ts': 1779129665992}
[ 716s]     ws: {'type': 'progress', 'ts': 1779129665993}
[ 716s]     ws: {'type': 'executed', 'ts': 1779129704726}
[ 716s]     ws: {'type': 'progress_state', 'ts': 1779129704728}
[ 716s]     ws: {'type': 'execution_success', 'ts': 1779129704753}
[ 716s]     ws: {'type': 'status', 'ts': 1779129704754}
[ 716s]   ext: execution_success after 61s
[ 723s] Captured 672 frames
[ 724s] Wrote D:\a\comfy-gpu-ci\comfy-gpu-ci\comfy-test-logs\MotionCapture-1828\dev\windows-desktop\results.json (3 workflow(s), sha=e93d9cbaa98c)
ffmpeg version 7.1-essentials_build-www.gyan.dev Copyright (c) 2000-2024 the FFmpeg developers
  built with gcc 14.2.0 (Rev1, Built by MSYS2 project)
  configuration: --enable-gpl --enable-version3 --enable-static --disable-w32threads --disable-autodetect --enable-fontconfig --enable-iconv --enable-gnutls --enable-libxml2 --enable-gmp --enable-bzlib --enable-lzma --enable-zlib --enable-libsrt --enable-libssh --enable-libzmq --enable-avisynth --enable-sdl2 --enable-libwebp --enable-libx264 --enable-libx265 --enable-libxvid --enable-libaom --enable-libopenjpeg --enable-libvpx --enable-mediafoundation --enable-libass --enable-libfreetype --enable-libfribidi --enable-libharfbuzz --enable-libvidstab --enable-libvmaf --enable-libzimg --enable-amf --enable-cuda-llvm --enable-cuvid --enable-dxva2 --enable-d3d11va --enable-d3d12va --enable-ffnvcodec --enable-libvpl --enable-nvdec --enable-nvenc --enable-vaapi --enable-libgme --enable-libopenmpt --enable-libopencore-amrwb --enable-libmp3lame --enable-libtheora --enable-libvo-amrwbenc --enable-libgsm --enable-libopencore-amrnb --enable-libopus --enable-libspeex --enable-libvorbis --enable-librubberband
  libavutil      59. 39.100 / 59. 39.100
  libavcodec     61. 19.100 / 61. 19.100
  libavformat    61.  7.100 / 61.  7.100
  libavdevice    61.  3.100 / 61.  3.100
  libavfilter    10.  4.100 / 10.  4.100
  libswscale      8.  3.100 /  8.  3.100
  libswresample   5.  3.100 /  5.  3.100
  libpostproc    58.  3.100 / 58.  3.100
Input #0, image2, from 'D:\a\comfy-gpu-ci\comfy-gpu-ci\comfy-test-logs\MotionCapture-1828\dev\windows-desktop\debug\electron_inspect\frames\frame_%06d.png':
  Duration: 00:02:14.40, start: 0.000000, bitrate: N/A
  Stream #0:0: Video: png, rgb24(pc, gbr/bt709/iec61966-2-1), 1008x681, 5 fps, 5 tbr, 5 tbn
Stream mapping:
  Stream #0:0 -> #0:0 (png (native) -> h264 (libx264))
Press [q] to stop, [?] for help
[libx264 @ 000001a619c03300] using cpu capabilities: MMX2 SSE2Fast SSSE3 SSE4.2 AVX FMA3 BMI2 AVX2
[libx264 @ 000001a619c03300] profile High, level 3.1, 4:2:0, 8-bit
[libx264 @ 000001a619c03300] 264 - core 164 r3192 c24e06c - H.264/MPEG-4 AVC codec - Copyleft 2003-2024 - http://www.videolan.org/x264.html - options: cabac=1 ref=3 deblock=1:0:0 analyse=0x3:0x113 me=hex subme=7 psy=1 psy_rd=1.00:0.00 mixed_ref=1 me_range=16 chroma_me=1 trellis=1 8x8dct=1 cqm=0 deadzone=21,11 fast_pskip=1 chroma_qp_offset=-2 threads=6 lookahead_threads=1 sliced_threads=0 nr=0 decimate=1 interlaced=0 bluray_compat=0 constrained_intra=0 bframes=3 b_pyramid=2 b_adapt=1 b_bias=0 direct=1 weightb=1 open_gop=0 weightp=2 keyint=250 keyint_min=5 scenecut=40 intra_refresh=0 rc_lookahead=40 rc=crf mbtree=1 crf=23.0 qcomp=0.60 qpmin=0 qpmax=69 qpstep=4 ip_ratio=1.40 aq=1:1.00
Output #0, mp4, to 'D:\a\comfy-gpu-ci\comfy-gpu-ci\comfy-test-logs\MotionCapture-1828\dev\windows-desktop\debug\electron_inspect\driver.mp4':
  Metadata:
    encoder         : Lavf61.7.100
  Stream #0:0: Video: h264 (avc1 / 0x31637661), yuv420p(tv, unknown/bt709/iec61966-2-1, progressive), 1008x682, q=2-31, 5 fps, 10240 tbn
      Metadata:
        encoder         : Lavc61.19.100 libx264
      Side data:
        cpb: bitrate max/min/avg: 0/0/0 buffer size: 0 vbv_delay: N/A
frame=    0 fps=0.0 q=0.0 size=       0KiB time=N/A bitrate=N/A speed=N/A    
frame=    0 fps=0.0 q=0.0 size=       0KiB time=N/A bitrate=N/A speed=N/A    
frame=    0 fps=0.0 q=0.0 size=       0KiB time=N/A bitrate=N/A speed=N/A    
frame=    0 fps=0.0 q=0.0 size=       0KiB time=N/A bitrate=N/A speed=N/A    
frame=    0 fps=0.0 q=0.0 size=       0KiB time=N/A bitrate=N/A speed=N/A    
frame=    0 fps=0.0 q=0.0 size=       0KiB time=N/A bitrate=N/A speed=N/A    
frame=    0 fps=0.0 q=0.0 size=       0KiB time=N/A bitrate=N/A speed=N/A    
frame=    0 fps=0.0 q=0.0 size=       0KiB time=N/A bitrate=N/A speed=N/A    
frame=    0 fps=0.0 q=0.0 size=       0KiB time=N/A bitrate=N/A speed=N/A    
frame=    0 fps=0.0 q=0.0 size=       0KiB time=N/A bitrate=N/A speed=N/A    
frame=    0 fps=0.0 q=0.0 size=       0KiB time=N/A bitrate=N/A speed=N/A    
frame=    0 fps=0.0 q=0.0 size=       0KiB time=N/A bitrate=N/A speed=N/A    
frame=    0 fps=0.0 q=0.0 size=       0KiB time=N/A bitrate=N/A speed=N/A    
frame=    0 fps=0.0 q=0.0 size=       0KiB time=N/A bitrate=N/A speed=N/A    
[vf#0:0 @ 000001a619c03a80] Reconfiguring filter graph because video parameters changed to rgba(pc, gbr), 1008x681
frame=    3 fps=0.3 q=23.0 size=       0KiB time=00:00:00.20 bitrate=   1.9kbits/s speed=0.0185x    
frame=   10 fps=0.9 q=23.0 size=       0KiB time=00:00:01.60 bitrate=   0.2kbits/s speed=0.141x    
frame=   10 fps=0.8 q=23.0 size=       0KiB time=00:00:01.60 bitrate=   0.2kbits/s speed=0.134x    
frame=   10 fps=0.8 q=23.0 size=       0KiB time=00:00:01.60 bitrate=   0.2kbits/s speed=0.128x    
frame=   14 fps=1.0 q=23.0 size=       0KiB time=00:00:02.40 bitrate=   0.2kbits/s speed=0.177x    
frame=   15 fps=1.1 q=23.0 size=       0KiB time=00:00:02.60 bitrate=   0.1kbits/s speed=0.184x    
frame=   27 fps=1.8 q=23.0 size=       0KiB time=00:00:05.00 bitrate=   0.1kbits/s speed=0.325x    
frame=   27 fps=1.7 q=23.0 size=       0KiB time=00:00:05.00 bitrate=   0.1kbits/s speed=0.313x    
frame=   33 fps=1.9 q=23.0 size=       0KiB time=00:00:06.20 bitrate=   0.1kbits/s speed=0.361x    
frame=   47 fps=2.5 q=23.0 size=       0KiB time=00:00:09.00 bitrate=   0.0kbits/s speed=0.483x    
frame=   47 fps=2.4 q=23.0 size=       0KiB time=00:00:09.00 bitrate=   0.0kbits/s speed=0.469x    
frame=   50 fps=2.5 q=23.0 size=       0KiB time=00:00:09.60 bitrate=   0.0kbits/s speed=0.476x    
frame=   50 fps=2.4 q=23.0 size=       0KiB time=00:00:09.60 bitrate=   0.0kbits/s speed=0.463x    
frame=   56 fps=2.6 q=20.0 size=     256KiB time=00:00:10.80 bitrate= 194.2kbits/s speed= 0.5x    
frame=   57 fps=2.6 q=23.0 size=     256KiB time=00:00:11.00 bitrate= 190.7kbits/s speed=0.497x    
frame=   57 fps=2.5 q=23.0 size=     256KiB time=00:00:11.00 bitrate= 190.7kbits/s speed=0.485x    
[vf#0:0 @ 000001a619c03a80] Reconfiguring filter graph because video parameters changed to rgb24(pc, gbr), 1008x681
frame=   67 fps=2.9 q=23.0 size=     256KiB time=00:00:13.00 bitrate= 161.3kbits/s speed=0.553x    
frame=   70 fps=2.9 q=23.0 size=     256KiB time=00:00:13.60 bitrate= 154.2kbits/s speed=0.566x    
frame=   75 fps=3.1 q=23.0 size=     256KiB time=00:00:14.60 bitrate= 143.7kbits/s speed=0.594x    
frame=   82 fps=3.2 q=23.0 size=     256KiB time=00:00:16.00 bitrate= 131.1kbits/s speed=0.627x    
frame=   82 fps=3.2 q=23.0 size=     256KiB time=00:00:16.00 bitrate= 131.1kbits/s speed=0.615x    
frame=   90 fps=3.4 q=23.0 size=     256KiB time=00:00:17.60 bitrate= 119.2kbits/s speed=0.662x    
frame=   99 fps=3.6 q=23.0 size=     256KiB time=00:00:19.40 bitrate= 108.1kbits/s speed=0.698x    
frame=  104 fps=3.7 q=23.0 size=     256KiB time=00:00:20.40 bitrate= 102.8kbits/s speed=0.72x    
frame=  108 fps=3.7 q=23.0 size=     256KiB time=00:00:21.20 bitrate=  98.9kbits/s speed=0.734x    
frame=  116 fps=3.9 q=23.0 size=     256KiB time=00:00:22.80 bitrate=  92.0kbits/s speed=0.773x    
frame=  121 fps=4.0 q=23.0 size=     256KiB time=00:00:23.80 bitrate=  88.1kbits/s speed=0.789x    
frame=  125 fps=4.1 q=23.0 size=     256KiB time=00:00:24.60 bitrate=  85.3kbits/s speed=0.801x    
frame=  125 fps=4.0 q=23.0 size=     256KiB time=00:00:24.60 bitrate=  85.3kbits/s speed=0.787x    
frame=  134 fps=4.2 q=23.0 size=     256KiB time=00:00:26.40 bitrate=  79.5kbits/s speed=0.822x    
frame=  138 fps=4.2 q=23.0 size=     256KiB time=00:00:27.20 bitrate=  77.1kbits/s speed=0.833x    
frame=  143 fps=4.3 q=20.0 size=     256KiB time=00:00:28.20 bitrate=  74.4kbits/s speed=0.848x    
frame=  148 fps=4.4 q=23.0 size=     256KiB time=00:00:29.20 bitrate=  71.8kbits/s speed=0.864x    
frame=  148 fps=4.3 q=23.0 size=     256KiB time=00:00:29.20 bitrate=  71.8kbits/s speed=0.851x    
frame=  157 fps=4.5 q=23.0 size=     512KiB time=00:00:31.00 bitrate= 135.3kbits/s speed=0.882x    
frame=  158 fps=4.4 q=23.0 size=     512KiB time=00:00:31.20 bitrate= 134.4kbits/s speed=0.875x    
frame=  166 fps=4.6 q=23.0 size=     512KiB time=00:00:32.80 bitrate= 127.9kbits/s speed=0.905x    
frame=  166 fps=4.5 q=23.0 size=     512KiB time=00:00:32.80 bitrate= 127.9kbits/s speed=0.892x    
frame=  170 fps=4.6 q=23.0 size=     512KiB time=00:00:33.60 bitrate= 124.8kbits/s speed=0.901x    
frame=  173 fps=4.6 q=23.0 size=     512KiB time=00:00:34.20 bitrate= 122.7kbits/s speed=0.904x    
frame=  183 fps=4.7 q=23.0 size=     512KiB time=00:00:36.20 bitrate= 115.9kbits/s speed=0.931x    
frame=  186 fps=4.7 q=23.0 size=     512KiB time=00:00:36.80 bitrate= 114.0kbits/s speed=0.933x    
frame=  193 fps=4.8 q=23.0 size=     512KiB time=00:00:38.20 bitrate= 109.8kbits/s speed=0.946x    
frame=  200 fps=4.9 q=23.0 size=     512KiB time=00:00:39.60 bitrate= 105.9kbits/s speed=0.963x    
frame=  210 fps=5.0 q=23.0 size=     512KiB time=00:00:41.60 bitrate= 100.8kbits/s speed=0.988x    
frame=  212 fps=5.0 q=23.0 size=     512KiB time=00:00:42.00 bitrate=  99.9kbits/s speed=0.986x    
frame=  223 fps=5.1 q=23.0 size=     512KiB time=00:00:44.20 bitrate=  94.9kbits/s speed=1.01x    
frame=  232 fps=5.1 q=23.0 size=     512KiB time=00:00:46.00 bitrate=  91.2kbits/s speed=1.01x    
frame=  232 fps=5.0 q=23.0 size=     512KiB time=00:00:46.00 bitrate=  91.2kbits/s speed=0.998x    
frame=  232 fps=5.0 q=23.0 size=     512KiB time=00:00:46.00 bitrate=  91.2kbits/s speed=0.986x    
frame=  232 fps=4.9 q=23.0 size=     512KiB time=00:00:46.00 bitrate=  91.2kbits/s speed=0.975x    
frame=  240 fps=5.0 q=23.0 size=     512KiB time=00:00:47.60 bitrate=  88.1kbits/s speed=0.996x    
frame=  240 fps=5.0 q=23.0 size=     512KiB time=00:00:47.60 bitrate=  88.1kbits/s speed=0.985x    
frame=  252 fps=5.1 q=23.0 size=     512KiB time=00:00:50.00 bitrate=  83.9kbits/s speed=1.01x    
frame=  252 fps=5.0 q=23.0 size=     512KiB time=00:00:50.00 bitrate=  83.9kbits/s speed=0.993x    
frame=  252 fps=4.9 q=23.0 size=     512KiB time=00:00:50.00 bitrate=  83.9kbits/s speed=0.981x    
frame=  252 fps=4.9 q=23.0 size=     512KiB time=00:00:50.00 bitrate=  83.9kbits/s speed=0.97x    
frame=  252 fps=4.8 q=23.0 size=     512KiB time=00:00:50.00 bitrate=  83.9kbits/s speed=0.958x    
[vf#0:0 @ 000001a619c03a80] Reconfiguring filter graph because video parameters changed to rgba(pc, gbr), 1008x681
frame=  266 fps=4.9 q=23.0 size=     512KiB time=00:00:52.80 bitrate=  79.4kbits/s speed=0.981x    
frame=  268 fps=4.9 q=23.0 size=     512KiB time=00:00:53.20 bitrate=  78.8kbits/s speed=0.978x    
[vf#0:0 @ 000001a619c03a80] Reconfiguring filter graph because video parameters changed to rgb24(pc, gbr), 1008x681
frame=  275 fps=5.0 q=23.0 size=     512KiB time=00:00:54.60 bitrate=  76.8kbits/s speed=0.986x    
frame=  275 fps=4.9 q=23.0 size=     512KiB time=00:00:54.60 bitrate=  76.8kbits/s speed=0.976x    
frame=  275 fps=4.9 q=23.0 size=     512KiB time=00:00:54.60 bitrate=  76.8kbits/s speed=0.967x    
frame=  284 fps=4.9 q=23.0 size=     512KiB time=00:00:56.40 bitrate=  74.4kbits/s speed=0.981x    
frame=  293 fps=5.0 q=23.0 size=     512KiB time=00:00:58.20 bitrate=  72.1kbits/s speed=0.996x    
frame=  295 fps=4.9 q=20.0 size=     512KiB time=00:00:58.60 bitrate=  71.6kbits/s speed=0.982x    
frame=  298 fps=4.9 q=23.0 size=     512KiB time=00:00:59.20 bitrate=  70.9kbits/s speed=0.981x    
frame=  299 fps=4.9 q=23.0 size=     512KiB time=00:00:59.40 bitrate=  70.6kbits/s speed=0.975x    
frame=  299 fps=4.9 q=23.0 size=     512KiB time=00:00:59.40 bitrate=  70.6kbits/s speed=0.965x    
frame=  308 fps=4.9 q=23.0 size=     512KiB time=00:01:01.20 bitrate=  68.5kbits/s speed=0.978x    
frame=  314 fps=4.9 q=20.0 size=     768KiB time=00:01:02.40 bitrate= 100.8kbits/s speed=0.983x    
frame=  318 fps=5.0 q=23.0 size=     768KiB time=00:01:03.20 bitrate=  99.6kbits/s speed=0.988x    
frame=  318 fps=4.9 q=23.0 size=     768KiB time=00:01:03.20 bitrate=  99.6kbits/s speed=0.979x    
frame=  324 fps=5.0 q=23.0 size=     768KiB time=00:01:04.40 bitrate=  97.7kbits/s speed=0.989x    
frame=  324 fps=4.9 q=23.0 size=     768KiB time=00:01:04.40 bitrate=  97.7kbits/s speed=0.981x    
frame=  324 fps=4.9 q=23.0 size=     768KiB time=00:01:04.40 bitrate=  97.7kbits/s speed=0.969x    
frame=  324 fps=4.8 q=23.0 size=     768KiB time=00:01:04.40 bitrate=  97.7kbits/s speed=0.958x    
frame=  324 fps=4.8 q=23.0 size=     768KiB time=00:01:04.40 bitrate=  97.7kbits/s speed=0.951x    
frame=  324 fps=4.7 q=23.0 size=     768KiB time=00:01:04.40 bitrate=  97.7kbits/s speed=0.94x    
frame=  330 fps=4.8 q=23.0 size=     768KiB time=00:01:05.60 bitrate=  95.9kbits/s speed=0.949x    
frame=  330 fps=4.7 q=23.0 size=     768KiB time=00:01:05.60 bitrate=  95.9kbits/s speed=0.941x    
frame=  331 fps=4.7 q=23.0 size=     768KiB time=00:01:05.80 bitrate=  95.6kbits/s speed=0.936x    
frame=  337 fps=4.8 q=23.0 size=    1024KiB time=00:01:07.00 bitrate= 125.2kbits/s speed=0.945x    
frame=  337 fps=4.7 q=23.0 size=    1024KiB time=00:01:07.00 bitrate= 125.2kbits/s speed=0.938x    
frame=  337 fps=4.7 q=23.0 size=    1024KiB time=00:01:07.00 bitrate= 125.2kbits/s speed=0.929x    
frame=  337 fps=4.6 q=23.0 size=    1024KiB time=00:01:07.00 bitrate= 125.2kbits/s speed=0.922x    
frame=  355 fps=4.8 q=23.0 size=    1024KiB time=00:01:10.60 bitrate= 118.8kbits/s speed=0.955x    
frame=  355 fps=4.8 q=23.0 size=    1024KiB time=00:01:10.60 bitrate= 118.8kbits/s speed=0.948x    
frame=  370 fps=4.9 q=23.0 size=    1024KiB time=00:01:13.60 bitrate= 114.0kbits/s speed=0.967x    
frame=  374 fps=4.9 q=23.0 size=    1024KiB time=00:01:14.40 bitrate= 112.8kbits/s speed=0.97x    
frame=  374 fps=4.8 q=23.0 size=    1024KiB time=00:01:14.40 bitrate= 112.8kbits/s speed=0.96x    
frame=  378 fps=4.8 q=23.0 size=    1024KiB time=00:01:15.20 bitrate= 111.6kbits/s speed=0.962x    
[vf#0:0 @ 000001a619c03a80] Reconfiguring filter graph because video parameters changed to rgba(pc, gbr), 1008x681
frame=  382 fps=4.8 q=23.0 size=    1024KiB time=00:01:16.00 bitrate= 110.4kbits/s speed=0.954x    
frame=  386 fps=4.8 q=23.0 size=    1024KiB time=00:01:16.80 bitrate= 109.2kbits/s speed=0.956x    
frame=  388 fps=4.8 q=23.0 size=    1024KiB time=00:01:17.20 bitrate= 108.7kbits/s speed=0.954x    
frame=  388 fps=4.8 q=23.0 size=    1024KiB time=00:01:17.20 bitrate= 108.7kbits/s speed=0.946x    
frame=  388 fps=4.7 q=23.0 size=    1024KiB time=00:01:17.20 bitrate= 108.7kbits/s speed=0.939x    
[vf#0:0 @ 000001a619c03a80] Reconfiguring filter graph because video parameters changed to rgb24(pc, gbr), 1008x681
frame=  397 fps=4.8 q=23.0 size=    1024KiB time=00:01:19.00 bitrate= 106.2kbits/s speed=0.946x    
frame=  401 fps=4.8 q=20.0 size=    1024KiB time=00:01:19.80 bitrate= 105.1kbits/s speed=0.949x    
frame=  401 fps=4.7 q=20.0 size=    1024KiB time=00:01:19.80 bitrate= 105.1kbits/s speed=0.943x    
frame=  401 fps=4.7 q=20.0 size=    1024KiB time=00:01:19.80 bitrate= 105.1kbits/s speed=0.937x    
frame=  401 fps=4.7 q=20.0 size=    1024KiB time=00:01:19.80 bitrate= 105.1kbits/s speed=0.931x    
frame=  407 fps=4.7 q=23.0 size=    1024KiB time=00:01:21.00 bitrate= 103.6kbits/s speed=0.93x    
frame=  407 fps=4.6 q=23.0 size=    1024KiB time=00:01:21.00 bitrate= 103.6kbits/s speed=0.924x    
frame=  407 fps=4.6 q=23.0 size=    1024KiB time=00:01:21.00 bitrate= 103.6kbits/s speed=0.918x    
frame=  413 fps=4.6 q=23.0 size=    1024KiB time=00:01:22.20 bitrate= 102.1kbits/s speed=0.923x    
frame=  413 fps=4.6 q=23.0 size=    1024KiB time=00:01:22.20 bitrate= 102.1kbits/s speed=0.918x    
frame=  413 fps=4.6 q=23.0 size=    1024KiB time=00:01:22.20 bitrate= 102.1kbits/s speed=0.912x    
frame=  413 fps=4.6 q=23.0 size=    1024KiB time=00:01:22.20 bitrate= 102.1kbits/s speed=0.906x    
frame=  420 fps=4.6 q=23.0 size=    1024KiB time=00:01:23.60 bitrate= 100.3kbits/s speed=0.912x    
frame=  420 fps=4.6 q=23.0 size=    1024KiB time=00:01:23.60 bitrate= 100.3kbits/s speed=0.906x    
frame=  420 fps=4.5 q=23.0 size=    1024KiB time=00:01:23.60 bitrate= 100.3kbits/s speed=0.899x    
frame=  420 fps=4.5 q=23.0 size=    1024KiB time=00:01:23.60 bitrate= 100.3kbits/s speed=0.892x    
frame=  428 fps=4.5 q=23.0 size=    1280KiB time=00:01:25.20 bitrate= 123.1kbits/s speed=0.902x    
frame=  428 fps=4.5 q=23.0 size=    1280KiB time=00:01:25.20 bitrate= 123.1kbits/s speed=0.896x    
frame=  438 fps=4.6 q=23.0 size=    1280KiB time=00:01:27.20 bitrate= 120.3kbits/s speed=0.907x    
frame=  438 fps=4.5 q=23.0 size=    1280KiB time=00:01:27.20 bitrate= 120.3kbits/s speed= 0.9x    
frame=  438 fps=4.5 q=23.0 size=    1280KiB time=00:01:27.20 bitrate= 120.3kbits/s speed=0.894x    
frame=  443 fps=4.5 q=23.0 size=    1280KiB time=00:01:28.20 bitrate= 118.9kbits/s speed=0.896x    
frame=  443 fps=4.5 q=23.0 size=    1280KiB time=00:01:28.20 bitrate= 118.9kbits/s speed=0.889x    
frame=  443 fps=4.4 q=23.0 size=    1280KiB time=00:01:28.20 bitrate= 118.9kbits/s speed=0.883x    
frame=  446 fps=4.4 q=23.0 size=    1280KiB time=00:01:28.80 bitrate= 118.1kbits/s speed=0.883x    
frame=  446 fps=4.4 q=23.0 size=    1280KiB time=00:01:28.80 bitrate= 118.1kbits/s speed=0.876x    
frame=  451 fps=4.4 q=23.0 size=    1536KiB time=00:01:29.80 bitrate= 140.1kbits/s speed=0.881x    
frame=  451 fps=4.4 q=23.0 size=    1536KiB time=00:01:29.80 bitrate= 140.1kbits/s speed=0.876x    
frame=  457 fps=4.4 q=23.0 size=    1536KiB time=00:01:31.00 bitrate= 138.3kbits/s speed=0.879x    
frame=  458 fps=4.4 q=20.0 size=    1536KiB time=00:01:31.20 bitrate= 138.0kbits/s speed=0.877x    
frame=  462 fps=4.4 q=23.0 size=    1536KiB time=00:01:32.00 bitrate= 136.8kbits/s speed=0.88x    
frame=  468 fps=4.5 q=23.0 size=    1536KiB time=00:01:32.00 bitrate= 136.8kbits/s speed=0.876x    
frame=  476 fps=4.5 q=23.0 size=    1536KiB time=00:01:34.80 bitrate= 132.7kbits/s speed=0.89x    
frame=  476 fps=4.4 q=23.0 size=    1536KiB time=00:01:34.80 bitrate= 132.7kbits/s speed=0.886x    
[vf#0:0 @ 000001a619c03a80] Reconfiguring filter graph because video parameters changed to rgba(pc, gbr), 1008x681
frame=  485 fps=4.5 q=23.0 size=    1536KiB time=00:01:36.60 bitrate= 130.3kbits/s speed=0.897x    
[vf#0:0 @ 000001a619c03a80] Reconfiguring filter graph because video parameters changed to rgb24(pc, gbr), 1008x681
frame=  495 fps=4.5 q=23.0 size=    1536KiB time=00:01:38.60 bitrate= 127.6kbits/s speed=0.904x    
frame=  497 fps=4.5 q=23.0 size=    1536KiB time=00:01:39.00 bitrate= 127.1kbits/s speed=0.903x    
frame=  506 fps=4.6 q=23.0 size=    1536KiB time=00:01:40.80 bitrate= 124.8kbits/s speed=0.91x    
frame=  514 fps=4.6 q=23.0 size=    1536KiB time=00:01:42.40 bitrate= 122.9kbits/s speed=0.917x    
frame=  514 fps=4.6 q=23.0 size=    1536KiB time=00:01:42.40 bitrate= 122.9kbits/s speed=0.912x    
frame=  514 fps=4.6 q=23.0 size=    1536KiB time=00:01:42.40 bitrate= 122.9kbits/s speed=0.908x    
frame=  521 fps=4.6 q=23.0 size=    1792KiB time=00:01:43.80 bitrate= 141.4kbits/s speed=0.913x    
frame=  521 fps=4.6 q=23.0 size=    1792KiB time=00:01:43.80 bitrate= 141.4kbits/s speed=0.908x    
frame=  522 fps=4.5 q=23.0 size=    1792KiB time=00:01:44.00 bitrate= 141.2kbits/s speed=0.906x    
frame=  522 fps=4.5 q=23.0 size=    1792KiB time=00:01:44.00 bitrate= 141.2kbits/s speed=0.902x    
frame=  525 fps=4.5 q=23.0 size=    1792KiB time=00:01:44.60 bitrate= 140.3kbits/s speed=0.903x    
frame=  535 fps=4.6 q=23.0 size=    1792KiB time=00:01:46.60 bitrate= 137.7kbits/s speed=0.912x    
frame=  536 fps=4.6 q=23.0 size=    1792KiB time=00:01:46.80 bitrate= 137.5kbits/s speed=0.909x    
frame=  541 fps=4.6 q=23.0 size=    1792KiB time=00:01:47.80 bitrate= 136.2kbits/s speed=0.91x    
frame=  544 fps=4.6 q=23.0 size=    1792KiB time=00:01:48.40 bitrate= 135.4kbits/s speed=0.909x    
frame=  546 fps=4.6 q=23.0 size=    2048KiB time=00:01:48.80 bitrate= 154.2kbits/s speed=0.908x    
frame=  550 fps=4.6 q=23.0 size=    2048KiB time=00:01:49.60 bitrate= 153.1kbits/s speed=0.91x    
frame=  556 fps=4.6 q=20.0 size=    2048KiB time=00:01:50.80 bitrate= 151.4kbits/s speed=0.913x    
frame=  562 fps=4.6 q=23.0 size=    2048KiB time=00:01:52.00 bitrate= 149.8kbits/s speed=0.917x    
frame=  569 fps=4.6 q=23.0 size=    2048KiB time=00:01:53.40 bitrate= 148.0kbits/s speed=0.921x    
frame=  574 fps=4.6 q=23.0 size=    2048KiB time=00:01:54.40 bitrate= 146.7kbits/s speed=0.925x    
frame=  585 fps=4.7 q=23.0 size=    2048KiB time=00:01:56.60 bitrate= 143.9kbits/s speed=0.934x    
frame=  591 fps=4.7 q=23.0 size=    2048KiB time=00:01:57.80 bitrate= 142.4kbits/s speed=0.937x    
frame=  599 fps=4.7 q=23.0 size=    2048KiB time=00:01:59.40 bitrate= 140.5kbits/s speed=0.943x    
frame=  610 fps=4.8 q=23.0 size=    2048KiB time=00:02:01.60 bitrate= 138.0kbits/s speed=0.955x    
frame=  613 fps=4.8 q=23.0 size=    2048KiB time=00:02:02.20 bitrate= 137.3kbits/s speed=0.956x    
frame=  621 fps=4.8 q=23.0 size=    2048KiB time=00:02:03.80 bitrate= 135.5kbits/s speed=0.964x    
frame=  639 fps=4.9 q=23.0 size=    2048KiB time=00:02:07.40 bitrate= 131.7kbits/s speed=0.985x    
frame=  653 fps=5.0 q=23.0 size=    2048KiB time=00:02:10.20 bitrate= 128.9kbits/s speed=   1x    
frame=  659 fps=5.0 q=23.0 size=    2048KiB time=00:02:11.40 bitrate= 127.7kbits/s speed=1.01x    
frame=  664 fps=5.1 q=23.0 size=    2048KiB time=00:02:12.40 bitrate= 126.7kbits/s speed=1.01x    
[out#0/mp4 @ 000001a619c04200] video:2240KiB audio:0KiB subtitle:0KiB other streams:0KiB global headers:0KiB muxing overhead: 0.377191%
frame=  672 fps=5.1 q=-1.0 Lsize=    2248KiB time=00:02:14.00 bitrate= 137.4kbits/s speed=1.02x    
[libx264 @ 000001a619c03300] frame I:19    Avg QP: 7.07  size: 35182
[libx264 @ 000001a619c03300] frame P:199   Avg QP:16.53  size:  5512
[libx264 @ 000001a619c03300] frame B:454   Avg QP:22.10  size:  1162
[libx264 @ 000001a619c03300] consecutive B-frames:  7.4%  5.1%  7.1% 80.4%
[libx264 @ 000001a619c03300] mb I  I16..4: 61.5% 12.8% 25.7%
[libx264 @ 000001a619c03300] mb P  I16..4:  3.4%  3.3%  3.4%  P16..4:  2.2%  0.7%  0.5%  0.0%  0.0%    skip:86.5%
[libx264 @ 000001a619c03300] mb B  I16..4:  0.4%  0.5%  0.4%  B16..8:  3.3%  0.3%  0.1%  direct: 0.2%  skip:94.7%  L0:48.1% L1:49.8% BI: 2.2%
[libx264 @ 000001a619c03300] 8x8 transform intra:25.2% inter:45.3%
[libx264 @ 000001a619c03300] coded y,uvDC,uvAC intra: 34.5% 18.9% 13.9% inter: 0.9% 0.6% 0.2%
[libx264 @ 000001a619c03300] i16 v,h,dc,p: 70% 26%  2%  2%
[libx264 @ 000001a619c03300] i8 v,h,dc,ddl,ddr,vr,hd,vl,hu: 36% 16% 32%  2%  3%  2%  3%  2%  4%
[libx264 @ 000001a619c03300] i4 v,h,dc,ddl,ddr,vr,hd,vl,hu: 36% 30% 13%  3%  4%  4%  4%  3%  4%
[libx264 @ 000001a619c03300] i8c dc,h,v,p: 78% 12%  7%  2%
[libx264 @ 000001a619c03300] Weighted P-Frames: Y:2.5% UV:1.0%
[libx264 @ 000001a619c03300] ref P L0: 60.4%  8.5% 19.8% 11.2%
[libx264 @ 000001a619c03300] ref B L0: 75.7% 22.0%  2.3%
[libx264 @ 000001a619c03300] ref B L1: 96.8%  3.2%
[libx264 @ 000001a619c03300] kb/s:136.48
[ 858s] Wrote D:\a\comfy-gpu-ci\comfy-gpu-ci\comfy-test-logs\MotionCapture-1828\dev\windows-desktop\debug\electron_inspect\driver.mp4
ffmpeg version 7.1-essentials_build-www.gyan.dev Copyright (c) 2000-2024 the FFmpeg developers
  built with gcc 14.2.0 (Rev1, Built by MSYS2 project)
  configuration: --enable-gpl --enable-version3 --enable-static --disable-w32threads --disable-autodetect --enable-fontconfig --enable-iconv --enable-gnutls --enable-libxml2 --enable-gmp --enable-bzlib --enable-lzma --enable-zlib --enable-libsrt --enable-libssh --enable-libzmq --enable-avisynth --enable-sdl2 --enable-libwebp --enable-libx264 --enable-libx265 --enable-libxvid --enable-libaom --enable-libopenjpeg --enable-libvpx --enable-mediafoundation --enable-libass --enable-libfreetype --enable-libfribidi --enable-libharfbuzz --enable-libvidstab --enable-libvmaf --enable-libzimg --enable-amf --enable-cuda-llvm --enable-cuvid --enable-dxva2 --enable-d3d11va --enable-d3d12va --enable-ffnvcodec --enable-libvpl --enable-nvdec --enable-nvenc --enable-vaapi --enable-libgme --enable-libopenmpt --enable-libopencore-amrwb --enable-libmp3lame --enable-libtheora --enable-libvo-amrwbenc --enable-libgsm --enable-libopencore-amrnb --enable-libopus --enable-libspeex --enable-libvorbis --enable-librubberband
  libavutil      59. 39.100 / 59. 39.100
  libavcodec     61. 19.100 / 61. 19.100
  libavformat    61.  7.100 / 61.  7.100
  libavdevice    61.  3.100 / 61.  3.100
  libavfilter    10.  4.100 / 10.  4.100
  libswscale      8.  3.100 /  8.  3.100
  libswresample   5.  3.100 /  5.  3.100
  libpostproc    58.  3.100 / 58.  3.100
Input #0, image2, from 'D:\a\comfy-gpu-ci\comfy-gpu-ci\comfy-test-logs\MotionCapture-1828\dev\windows-desktop\debug\electron_inspect\frames\frame_%06d.png':
  Duration: 00:01:02.80, start: 0.000000, bitrate: N/A
  Stream #0:0: Video: png, rgb24(pc, gbr/bt709/iec61966-2-1), 1008x681, 5 fps, 5 tbr, 5 tbn
Stream mapping:
  Stream #0:0 -> #0:0 (png (native) -> h264 (libx264))
Press [q] to stop, [?] for help
[libx264 @ 000002b337f23340] using cpu capabilities: MMX2 SSE2Fast SSSE3 SSE4.2 AVX FMA3 BMI2 AVX2
[libx264 @ 000002b337f23340] profile High, level 3.1, 4:2:0, 8-bit
[libx264 @ 000002b337f23340] 264 - core 164 r3192 c24e06c - H.264/MPEG-4 AVC codec - Copyleft 2003-2024 - http://www.videolan.org/x264.html - options: cabac=1 ref=3 deblock=1:0:0 analyse=0x3:0x113 me=hex subme=7 psy=1 psy_rd=1.00:0.00 mixed_ref=1 me_range=16 chroma_me=1 trellis=1 8x8dct=1 cqm=0 deadzone=21,11 fast_pskip=1 chroma_qp_offset=-2 threads=6 lookahead_threads=1 sliced_threads=0 nr=0 decimate=1 interlaced=0 bluray_compat=0 constrained_intra=0 bframes=3 b_pyramid=2 b_adapt=1 b_bias=0 direct=1 weightb=1 open_gop=0 weightp=2 keyint=250 keyint_min=5 scenecut=40 intra_refresh=0 rc_lookahead=40 rc=crf mbtree=1 crf=23.0 qcomp=0.60 qpmin=0 qpmax=69 qpstep=4 ip_ratio=1.40 aq=1:1.00
Output #0, mp4, to 'D:\a\comfy-gpu-ci\comfy-gpu-ci\comfy-test-logs\MotionCapture-1828\dev\windows-desktop\videos\apply_motion_on_character\driver.mp4':
  Metadata:
    encoder         : Lavf61.7.100
  Stream #0:0: Video: h264 (avc1 / 0x31637661), yuv420p(tv, unknown/bt709/iec61966-2-1, progressive), 1008x682, q=2-31, 5 fps, 10240 tbn
      Metadata:
        encoder         : Lavc61.19.100 libx264
      Side data:
        cpb: bitrate max/min/avg: 0/0/0 buffer size: 0 vbv_delay: N/A
frame=    0 fps=0.0 q=0.0 size=       0KiB time=N/A bitrate=N/A speed=N/A    
frame=    0 fps=0.0 q=0.0 size=       0KiB time=N/A bitrate=N/A speed=N/A    
frame=    0 fps=0.0 q=0.0 size=       0KiB time=N/A bitrate=N/A speed=N/A    
frame=    0 fps=0.0 q=0.0 size=       0KiB time=N/A bitrate=N/A speed=N/A    
frame=    0 fps=0.0 q=0.0 size=       0KiB time=N/A bitrate=N/A speed=N/A    
frame=    0 fps=0.0 q=0.0 size=       0KiB time=N/A bitrate=N/A speed=N/A    
frame=    0 fps=0.0 q=0.0 size=       0KiB time=N/A bitrate=N/A speed=N/A    
frame=    0 fps=0.0 q=0.0 size=       0KiB time=N/A bitrate=N/A speed=N/A    
frame=    0 fps=0.0 q=0.0 size=       0KiB time=N/A bitrate=N/A speed=N/A    
frame=    0 fps=0.0 q=0.0 size=       0KiB time=N/A bitrate=N/A speed=N/A    
frame=    0 fps=0.0 q=0.0 size=       0KiB time=N/A bitrate=N/A speed=N/A    
frame=    0 fps=0.0 q=0.0 size=       0KiB time=N/A bitrate=N/A speed=N/A    
frame=    0 fps=0.0 q=0.0 size=       0KiB time=N/A bitrate=N/A speed=N/A    
frame=   13 fps=1.7 q=23.0 size=       0KiB time=N/A bitrate=N/A speed=N/A    
frame=   17 fps=2.1 q=23.0 size=       0KiB time=N/A bitrate=N/A speed=N/A    
frame=   30 fps=3.5 q=23.0 size=       0KiB time=N/A bitrate=N/A speed=N/A    
frame=   30 fps=3.3 q=23.0 size=       0KiB time=N/A bitrate=N/A speed=N/A    
frame=   38 fps=3.9 q=23.0 size=       0KiB time=N/A bitrate=N/A speed=N/A    
[out#0/mp4 @ 000002b337f28700] video:64KiB audio:0KiB subtitle:0KiB other streams:0KiB global headers:0KiB muxing overhead: 2.177263%
frame=   47 fps=4.7 q=-1.0 Lsize=      65KiB time=00:00:09.00 bitrate=  59.5kbits/s speed=0.895x    
[libx264 @ 000002b337f23340] frame I:1     Avg QP: 8.62  size: 39919
[libx264 @ 000002b337f23340] frame P:12    Avg QP:15.95  size:  1611
[libx264 @ 000002b337f23340] frame B:34    Avg QP:22.94  size:   165
[libx264 @ 000002b337f23340] consecutive B-frames:  2.1%  4.3%  0.0% 93.6%
[libx264 @ 000002b337f23340] mb I  I16..4: 61.2% 12.0% 26.8%
[libx264 @ 000002b337f23340] mb P  I16..4:  0.7%  0.2%  0.7%  P16..4:  1.3%  0.2%  0.2%  0.0%  0.0%    skip:96.8%
[libx264 @ 000002b337f23340] mb B  I16..4:  0.1%  0.1%  0.1%  B16..8:  1.4%  0.0%  0.0%  direct: 0.0%  skip:98.4%  L0:57.0% L1:41.9% BI: 1.1%
[libx264 @ 000002b337f23340] 8x8 transform intra:13.6% inter:50.7%
[libx264 @ 000002b337f23340] coded y,uvDC,uvAC intra: 23.2% 14.9% 11.4% inter: 0.2% 0.2% 0.1%
[libx264 @ 000002b337f23340] i16 v,h,dc,p: 71% 28%  0%  1%
[libx264 @ 000002b337f23340] i8 v,h,dc,ddl,ddr,vr,hd,vl,hu: 57% 19% 16%  1%  2%  1%  2%  1%  2%
[libx264 @ 000002b337f23340] i4 v,h,dc,ddl,ddr,vr,hd,vl,hu: 32% 36% 12%  3%  3%  3%  5%  2%  4%
[libx264 @ 000002b337f23340] i8c dc,h,v,p: 71% 21%  8%  1%
[libx264 @ 000002b337f23340] Weighted P-Frames: Y:0.0% UV:0.0%
[libx264 @ 000002b337f23340] ref P L0: 82.6%  5.0%  9.3%  3.1%
[libx264 @ 000002b337f23340] ref B L0: 81.1% 16.9%  1.9%
[libx264 @ 000002b337f23340] ref B L1: 95.3%  4.7%
[libx264 @ 000002b337f23340] kb/s:55.19
[ 868s]   videos/apply_motion_on_character/driver.mp4 placed (frames 359..405)
[ 868s]   screenshots/apply_motion_on_character_executed.png placed
ffmpeg version 7.1-essentials_build-www.gyan.dev Copyright (c) 2000-2024 the FFmpeg developers
  built with gcc 14.2.0 (Rev1, Built by MSYS2 project)
  configuration: --enable-gpl --enable-version3 --enable-static --disable-w32threads --disable-autodetect --enable-fontconfig --enable-iconv --enable-gnutls --enable-libxml2 --enable-gmp --enable-bzlib --enable-lzma --enable-zlib --enable-libsrt --enable-libssh --enable-libzmq --enable-avisynth --enable-sdl2 --enable-libwebp --enable-libx264 --enable-libx265 --enable-libxvid --enable-libaom --enable-libopenjpeg --enable-libvpx --enable-mediafoundation --enable-libass --enable-libfreetype --enable-libfribidi --enable-libharfbuzz --enable-libvidstab --enable-libvmaf --enable-libzimg --enable-amf --enable-cuda-llvm --enable-cuvid --enable-dxva2 --enable-d3d11va --enable-d3d12va --enable-ffnvcodec --enable-libvpl --enable-nvdec --enable-nvenc --enable-vaapi --enable-libgme --enable-libopenmpt --enable-libopencore-amrwb --enable-libmp3lame --enable-libtheora --enable-libvo-amrwbenc --enable-libgsm --enable-libopencore-amrnb --enable-libopus --enable-libspeex --enable-libvorbis --enable-librubberband
  libavutil      59. 39.100 / 59. 39.100
  libavcodec     61. 19.100 / 61. 19.100
  libavformat    61.  7.100 / 61.  7.100
  libavdevice    61.  3.100 / 61.  3.100
  libavfilter    10.  4.100 / 10.  4.100
  libswscale      8.  3.100 /  8.  3.100
  libswresample   5.  3.100 /  5.  3.100
  libpostproc    58.  3.100 / 58.  3.100
Input #0, image2, from 'D:\a\comfy-gpu-ci\comfy-gpu-ci\comfy-test-logs\MotionCapture-1828\dev\windows-desktop\debug\electron_inspect\frames\frame_%06d.png':
  Duration: 00:00:42.80, start: 0.000000, bitrate: N/A
  Stream #0:0: Video: png, rgb24(pc, gbr/bt709/iec61966-2-1), 1008x681, 5 fps, 5 tbr, 5 tbn
Stream mapping:
  Stream #0:0 -> #0:0 (png (native) -> h264 (libx264))
Press [q] to stop, [?] for help
[libx264 @ 0000024a6e053340] using cpu capabilities: MMX2 SSE2Fast SSSE3 SSE4.2 AVX FMA3 BMI2 AVX2
[libx264 @ 0000024a6e053340] profile High, level 3.1, 4:2:0, 8-bit
[libx264 @ 0000024a6e053340] 264 - core 164 r3192 c24e06c - H.264/MPEG-4 AVC codec - Copyleft 2003-2024 - http://www.videolan.org/x264.html - options: cabac=1 ref=3 deblock=1:0:0 analyse=0x3:0x113 me=hex subme=7 psy=1 psy_rd=1.00:0.00 mixed_ref=1 me_range=16 chroma_me=1 trellis=1 8x8dct=1 cqm=0 deadzone=21,11 fast_pskip=1 chroma_qp_offset=-2 threads=6 lookahead_threads=1 sliced_threads=0 nr=0 decimate=1 interlaced=0 bluray_compat=0 constrained_intra=0 bframes=3 b_pyramid=2 b_adapt=1 b_bias=0 direct=1 weightb=1 open_gop=0 weightp=2 keyint=250 keyint_min=5 scenecut=40 intra_refresh=0 rc_lookahead=40 rc=crf mbtree=1 crf=23.0 qcomp=0.60 qpmin=0 qpmax=69 qpstep=4 ip_ratio=1.40 aq=1:1.00
Output #0, mp4, to 'D:\a\comfy-gpu-ci\comfy-gpu-ci\comfy-test-logs\MotionCapture-1828\dev\windows-desktop\videos\smpl_to_bvh_pipeline\driver.mp4':
  Metadata:
    encoder         : Lavf61.7.100
  Stream #0:0: Video: h264 (avc1 / 0x31637661), yuv420p(tv, unknown/bt709/iec61966-2-1, progressive), 1008x682, q=2-31, 5 fps, 10240 tbn
      Metadata:
        encoder         : Lavc61.19.100 libx264
      Side data:
        cpb: bitrate max/min/avg: 0/0/0 buffer size: 0 vbv_delay: N/A
frame=    0 fps=0.0 q=0.0 size=       0KiB time=N/A bitrate=N/A speed=N/A    
frame=    0 fps=0.0 q=0.0 size=       0KiB time=N/A bitrate=N/A speed=N/A    
frame=    0 fps=0.0 q=0.0 size=       0KiB time=N/A bitrate=N/A speed=N/A    
frame=    0 fps=0.0 q=0.0 size=       0KiB time=N/A bitrate=N/A speed=N/A    
frame=    0 fps=0.0 q=0.0 size=       0KiB time=N/A bitrate=N/A speed=N/A    
frame=    0 fps=0.0 q=0.0 size=       0KiB time=N/A bitrate=N/A speed=N/A    
frame=    0 fps=0.0 q=0.0 size=       0KiB time=N/A bitrate=N/A speed=N/A    
frame=    0 fps=0.0 q=0.0 size=       0KiB time=N/A bitrate=N/A speed=N/A    
frame=    0 fps=0.0 q=0.0 size=       0KiB time=N/A bitrate=N/A speed=N/A    
frame=    0 fps=0.0 q=0.0 size=       0KiB time=N/A bitrate=N/A speed=N/A    
frame=    0 fps=0.0 q=0.0 size=       0KiB time=N/A bitrate=N/A speed=N/A    
frame=    0 fps=0.0 q=0.0 size=       0KiB time=N/A bitrate=N/A speed=N/A    
frame=    4 fps=0.5 q=23.0 size=       0KiB time=N/A bitrate=N/A speed=N/A    
frame=   10 fps=1.2 q=23.0 size=       0KiB time=N/A bitrate=N/A speed=N/A    
frame=   16 fps=1.7 q=23.0 size=       0KiB time=N/A bitrate=N/A speed=N/A    
frame=   28 fps=2.8 q=23.0 size=       0KiB time=N/A bitrate=N/A speed=N/A    
frame=   31 fps=3.0 q=23.0 size=       0KiB time=N/A bitrate=N/A speed=N/A    
frame=   39 fps=3.5 q=23.0 size=       0KiB time=N/A bitrate=N/A speed=N/A    
frame=   43 fps=3.6 q=-1.0 size=       0KiB time=N/A bitrate=N/A speed=N/A    
[out#0/mp4 @ 0000024a6e058700] video:112KiB audio:0KiB subtitle:0KiB other streams:0KiB global headers:0KiB muxing overhead: 1.230820%
frame=   47 fps=3.9 q=-1.0 Lsize=     113KiB time=00:00:09.00 bitrate= 103.2kbits/s speed=0.742x    
[libx264 @ 0000024a6e053340] frame I:2     Avg QP:11.61  size: 36722
[libx264 @ 0000024a6e053340] frame P:14    Avg QP:16.23  size:  2212
[libx264 @ 0000024a6e053340] frame B:31    Avg QP:22.90  size:   308
[libx264 @ 0000024a6e053340] consecutive B-frames:  8.5%  8.5%  6.4% 76.6%
[libx264 @ 0000024a6e053340] mb I  I16..4: 41.6% 31.0% 27.3%
[libx264 @ 0000024a6e053340] mb P  I16..4:  2.0%  0.6%  1.3%  P16..4:  1.7%  0.3%  0.1%  0.0%  0.0%    skip:94.0%
[libx264 @ 0000024a6e053340] mb B  I16..4:  0.1%  0.1%  0.1%  B16..8:  2.5%  0.2%  0.0%  direct: 0.0%  skip:97.1%  L0:47.5% L1:52.1% BI: 0.4%
[libx264 @ 0000024a6e053340] 8x8 transform intra:27.8% inter:35.5%
[libx264 @ 0000024a6e053340] coded y,uvDC,uvAC intra: 34.5% 16.9% 13.5% inter: 0.2% 0.3% 0.2%
[libx264 @ 0000024a6e053340] i16 v,h,dc,p: 47% 49%  0%  4%
[libx264 @ 0000024a6e053340] i8 v,h,dc,ddl,ddr,vr,hd,vl,hu: 51% 14% 33%  0%  1%  0%  0%  0%  0%
[libx264 @ 0000024a6e053340] i4 v,h,dc,ddl,ddr,vr,hd,vl,hu: 42% 34% 13%  1%  2%  2%  3%  2%  2%
[libx264 @ 0000024a6e053340] i8c dc,h,v,p: 71% 15% 11%  3%
[libx264 @ 0000024a6e053340] Weighted P-Frames: Y:0.0% UV:0.0%
[libx264 @ 0000024a6e053340] ref P L0: 63.4%  2.1% 31.4%  3.1%
[libx264 @ 0000024a6e053340] ref B L0: 68.4% 27.4%  4.2%
[libx264 @ 0000024a6e053340] ref B L1: 96.8%  3.2%
[libx264 @ 0000024a6e053340] kb/s:96.98
[ 881s]   videos/smpl_to_bvh_pipeline/driver.mp4 placed (frames 459..505)
[ 881s]   screenshots/smpl_to_bvh_pipeline_executed.png placed
ffmpeg version 7.1-essentials_build-www.gyan.dev Copyright (c) 2000-2024 the FFmpeg developers
  built with gcc 14.2.0 (Rev1, Built by MSYS2 project)
  configuration: --enable-gpl --enable-version3 --enable-static --disable-w32threads --disable-autodetect --enable-fontconfig --enable-iconv --enable-gnutls --enable-libxml2 --enable-gmp --enable-bzlib --enable-lzma --enable-zlib --enable-libsrt --enable-libssh --enable-libzmq --enable-avisynth --enable-sdl2 --enable-libwebp --enable-libx264 --enable-libx265 --enable-libxvid --enable-libaom --enable-libopenjpeg --enable-libvpx --enable-mediafoundation --enable-libass --enable-libfreetype --enable-libfribidi --enable-libharfbuzz --enable-libvidstab --enable-libvmaf --enable-libzimg --enable-amf --enable-cuda-llvm --enable-cuvid --enable-dxva2 --enable-d3d11va --enable-d3d12va --enable-ffnvcodec --enable-libvpl --enable-nvdec --enable-nvenc --enable-vaapi --enable-libgme --enable-libopenmpt --enable-libopencore-amrwb --enable-libmp3lame --enable-libtheora --enable-libvo-amrwbenc --enable-libgsm --enable-libopencore-amrnb --enable-libopus --enable-libspeex --enable-libvorbis --enable-librubberband
  libavutil      59. 39.100 / 59. 39.100
  libavcodec     61. 19.100 / 61. 19.100
  libavformat    61.  7.100 / 61.  7.100
  libavdevice    61.  3.100 / 61.  3.100
  libavfilter    10.  4.100 / 10.  4.100
  libswscale      8.  3.100 /  8.  3.100
  libswresample   5.  3.100 /  5.  3.100
  libpostproc    58.  3.100 / 58.  3.100
Input #0, image2, from 'D:\a\comfy-gpu-ci\comfy-gpu-ci\comfy-test-logs\MotionCapture-1828\dev\windows-desktop\debug\electron_inspect\frames\frame_%06d.png':
  Duration: 00:00:23.20, start: 0.000000, bitrate: N/A
  Stream #0:0: Video: png, rgb24(pc, gbr/bt709/iec61966-2-1), 1008x681, 5 fps, 5 tbr, 5 tbn
Stream mapping:
  Stream #0:0 -> #0:0 (png (native) -> h264 (libx264))
Press [q] to stop, [?] for help
[libx264 @ 000001b07de33700] using cpu capabilities: MMX2 SSE2Fast SSSE3 SSE4.2 AVX FMA3 BMI2 AVX2
[libx264 @ 000001b07de33700] profile High, level 3.1, 4:2:0, 8-bit
[libx264 @ 000001b07de33700] 264 - core 164 r3192 c24e06c - H.264/MPEG-4 AVC codec - Copyleft 2003-2024 - http://www.videolan.org/x264.html - options: cabac=1 ref=3 deblock=1:0:0 analyse=0x3:0x113 me=hex subme=7 psy=1 psy_rd=1.00:0.00 mixed_ref=1 me_range=16 chroma_me=1 trellis=1 8x8dct=1 cqm=0 deadzone=21,11 fast_pskip=1 chroma_qp_offset=-2 threads=6 lookahead_threads=1 sliced_threads=0 nr=0 decimate=1 interlaced=0 bluray_compat=0 constrained_intra=0 bframes=3 b_pyramid=2 b_adapt=1 b_bias=0 direct=1 weightb=1 open_gop=0 weightp=2 keyint=250 keyint_min=5 scenecut=40 intra_refresh=0 rc_lookahead=40 rc=crf mbtree=1 crf=23.0 qcomp=0.60 qpmin=0 qpmax=69 qpstep=4 ip_ratio=1.40 aq=1:1.00
Output #0, mp4, to 'D:\a\comfy-gpu-ci\comfy-gpu-ci\comfy-test-logs\MotionCapture-1828\dev\windows-desktop\videos\load_camera_traj\driver.mp4':
  Metadata:
    encoder         : Lavf61.7.100
  Stream #0:0: Video: h264 (avc1 / 0x31637661), yuv420p(tv, unknown/bt709/iec61966-2-1, progressive), 1008x682, q=2-31, 5 fps, 10240 tbn
      Metadata:
        encoder         : Lavc61.19.100 libx264
      Side data:
        cpb: bitrate max/min/avg: 0/0/0 buffer size: 0 vbv_delay: N/A
frame=    0 fps=0.0 q=0.0 size=       0KiB time=N/A bitrate=N/A speed=N/A    
frame=    0 fps=0.0 q=0.0 size=       0KiB time=N/A bitrate=N/A speed=N/A    
frame=    0 fps=0.0 q=0.0 size=       0KiB time=N/A bitrate=N/A speed=N/A    
frame=    0 fps=0.0 q=0.0 size=       0KiB time=N/A bitrate=N/A speed=N/A    
frame=    0 fps=0.0 q=0.0 size=       0KiB time=N/A bitrate=N/A speed=N/A    
frame=    0 fps=0.0 q=0.0 size=       0KiB time=N/A bitrate=N/A speed=N/A    
frame=    0 fps=0.0 q=0.0 size=       0KiB time=N/A bitrate=N/A speed=N/A    
frame=    0 fps=0.0 q=0.0 size=       0KiB time=N/A bitrate=N/A speed=N/A    
frame=    0 fps=0.0 q=0.0 size=       0KiB time=N/A bitrate=N/A speed=N/A    
frame=    0 fps=0.0 q=0.0 size=       0KiB time=N/A bitrate=N/A speed=N/A    
frame=    0 fps=0.0 q=0.0 size=       0KiB time=N/A bitrate=N/A speed=N/A    
frame=    0 fps=0.0 q=0.0 size=       0KiB time=N/A bitrate=N/A speed=N/A    
frame=    0 fps=0.0 q=0.0 size=       0KiB time=N/A bitrate=N/A speed=N/A    
frame=    1 fps=0.1 q=23.0 size=       0KiB time=-00:00:00.20 bitrate=N/A speed=N/A    
frame=    4 fps=0.5 q=23.0 size=       0KiB time=00:00:00.40 bitrate=   1.0kbits/s speed=0.0465x    
frame=    7 fps=0.8 q=23.0 size=       0KiB time=00:00:01.00 bitrate=   0.4kbits/s speed=0.109x    
frame=   10 fps=1.0 q=23.0 size=       0KiB time=00:00:01.60 bitrate=   0.2kbits/s speed=0.165x    
frame=   13 fps=1.3 q=23.0 size=       0KiB time=00:00:02.20 bitrate=   0.2kbits/s speed=0.214x    
frame=   17 fps=1.6 q=23.0 size=       0KiB time=00:00:03.00 bitrate=   0.1kbits/s speed=0.277x    
frame=   19 fps=1.7 q=23.0 size=       0KiB time=00:00:03.40 bitrate=   0.1kbits/s speed= 0.3x    
frame=   27 fps=2.2 q=23.0 size=       0KiB time=00:00:05.00 bitrate=   0.1kbits/s speed=0.405x    
frame=   33 fps=2.5 q=23.0 size=       0KiB time=00:00:06.20 bitrate=   0.1kbits/s speed=0.476x    
frame=   41 fps=3.0 q=23.0 size=       0KiB time=00:00:07.80 bitrate=   0.0kbits/s speed=0.565x    
frame=   44 fps=3.1 q=23.0 size=       0KiB time=00:00:08.40 bitrate=   0.0kbits/s speed=0.586x    
frame=   53 fps=3.5 q=23.0 size=       0KiB time=00:00:10.20 bitrate=   0.0kbits/s speed=0.672x    
frame=   59 fps=3.7 q=23.0 size=       0KiB time=00:00:11.40 bitrate=   0.0kbits/s speed=0.714x    
frame=   69 fps=4.1 q=23.0 size=       0KiB time=N/A bitrate=N/A speed=N/A    
frame=   81 fps=4.6 q=23.0 size=       0KiB time=N/A bitrate=N/A speed=N/A    
frame=   89 fps=4.9 q=23.0 size=       0KiB time=N/A bitrate=N/A speed=N/A    
frame=   93 fps=5.0 q=23.0 size=       0KiB time=N/A bitrate=N/A speed=N/A    
frame=  105 fps=5.4 q=23.0 size=       0KiB time=N/A bitrate=N/A speed=N/A    
frame=  105 fps=5.2 q=23.0 size=       0KiB time=N/A bitrate=N/A speed=N/A    
frame=  105 fps=5.1 q=23.0 size=       0KiB time=N/A bitrate=N/A speed=N/A    
frame=  112 fps=5.3 q=-1.0 size=       0KiB time=N/A bitrate=N/A speed=N/A    
[out#0/mp4 @ 000001b07de38700] video:123KiB audio:0KiB subtitle:0KiB other streams:0KiB global headers:0KiB muxing overhead: 1.761392%
frame=  116 fps=5.4 q=-1.0 Lsize=     125KiB time=00:00:22.80 bitrate=  45.1kbits/s speed=1.07x    
[libx264 @ 000001b07de33700] frame I:2     Avg QP:12.30  size: 32784
[libx264 @ 000001b07de33700] frame P:31    Avg QP:14.78  size:  1283
[libx264 @ 000001b07de33700] frame B:83    Avg QP:19.42  size:   243
[libx264 @ 000001b07de33700] consecutive B-frames:  2.6%  3.4%  7.8% 86.2%
[libx264 @ 000001b07de33700] mb I  I16..4: 51.2% 25.9% 23.0%
[libx264 @ 000001b07de33700] mb P  I16..4:  1.3%  0.5%  0.6%  P16..4:  1.1%  0.2%  0.1%  0.0%  0.0%    skip:96.2%
[libx264 @ 000001b07de33700] mb B  I16..4:  0.1%  0.1%  0.0%  B16..8:  6.2%  0.1%  0.0%  direct: 0.0%  skip:93.4%  L0:57.1% L1:42.6% BI: 0.3%
[libx264 @ 000001b07de33700] 8x8 transform intra:24.4% inter:51.6%
[libx264 @ 000001b07de33700] coded y,uvDC,uvAC intra: 25.6% 19.8% 15.2% inter: 0.1% 0.2% 0.1%
[libx264 @ 000001b07de33700] i16 v,h,dc,p: 41% 54%  0%  5%
[libx264 @ 000001b07de33700] i8 v,h,dc,ddl,ddr,vr,hd,vl,hu: 42% 11% 41%  0%  2%  1%  1%  0%  1%
[libx264 @ 000001b07de33700] i4 v,h,dc,ddl,ddr,vr,hd,vl,hu: 36% 37% 12%  2%  3%  2%  3%  2%  3%
[libx264 @ 000001b07de33700] i8c dc,h,v,p: 65% 21%  9%  5%
[libx264 @ 000001b07de33700] Weighted P-Frames: Y:0.0% UV:0.0%
[libx264 @ 000001b07de33700] ref P L0: 67.7%  1.6% 17.9% 12.7%
[libx264 @ 000001b07de33700] ref B L0: 57.5% 41.8%  0.7%
[libx264 @ 000001b07de33700] ref B L1: 98.3%  1.7%
[libx264 @ 000001b07de33700] kb/s:43.28
[ 904s]   videos/load_camera_traj/driver.mp4 placed (frames 557..672)
[ 904s]   screenshots/load_camera_traj_executed.png placed
[ 906s]   removed D:\a\comfy-gpu-ci\comfy-gpu-ci\comfy-test-logs\MotionCapture-1828\dev\windows-desktop\debug\electron_inspect\frames after successful encode
