Capturing execution frames: load_camera_traj.json
  Frame 1 saved (frame_000.jpg, t=0.0s)
  Validating workflow...
  Queuing workflow for execution...
  Frame 2 saved (frame_001.jpg, t=2.4s)
  [capture-periodic] freeze=6ms shot=134ms unfreeze=6ms saved=True
  Frame 3 saved (frame_002.jpg, t=4.6s)
  [capture-periodic] freeze=5ms shot=137ms unfreeze=4ms saved=True
  [capture-loop] iter=50 t=6.4s state={'complete': False, 'error': None, 'executedCount': 0, 'wsState': 1} eval_ms=15 ram=5.8/16.0GB (36%) swap=0.3/2.9GB (10%) cpu=34% browser_rss=0.80GB
  Frame 4 saved (frame_003.jpg, t=9.1s)
  [capture-periodic] freeze=5ms shot=125ms unfreeze=4ms saved=True
  [capture-loop] iter=100 t=12.7s state={'complete': False, 'error': None, 'executedCount': 0, 'wsState': 1} eval_ms=11 ram=5.7/16.0GB (36%) swap=0.4/2.9GB (16%) cpu=64% browser_rss=0.77GB
  Frame 5 saved (frame_004.jpg, t=13.5s)
  [capture-periodic] freeze=19ms shot=159ms unfreeze=7ms saved=True
  [capture-loop] iter=150 t=19.1s state={'complete': False, 'error': None, 'executedCount': 0, 'wsState': 1} eval_ms=11 ram=5.8/16.0GB (36%) swap=0.4/2.9GB (16%) cpu=81% browser_rss=0.74GB
  [capture-loop] iter=200 t=26.1s state={'complete': False, 'error': None, 'executedCount': 0, 'wsState': 1} eval_ms=10 ram=5.8/16.0GB (36%) swap=0.4/2.9GB (16%) cpu=96% browser_rss=0.68GB
  [capture-loop] iter=250 t=32.5s state={'complete': False, 'error': None, 'executedCount': 0, 'wsState': 1} eval_ms=10 ram=5.9/16.0GB (37%) swap=0.4/2.9GB (16%) cpu=99% browser_rss=0.67GB
  [capture-loop] iter=300 t=47.7s state={'complete': False, 'error': None, 'executedCount': 0, 'wsState': 1} eval_ms=12 ram=6.1/16.0GB (38%) swap=0.4/2.9GB (16%) cpu=100% browser_rss=0.67GB
  [capture-loop] iter=350 t=56.5s state={'complete': False, 'error': None, 'executedCount': 0, 'wsState': 1} eval_ms=16 ram=5.9/16.0GB (37%) swap=0.6/2.9GB (22%) cpu=100% browser_rss=0.67GB
  [capture-loop] iter=400 t=64.3s state={'complete': False, 'error': None, 'executedCount': 0, 'wsState': 1} eval_ms=17 ram=5.8/16.0GB (36%) swap=0.7/2.9GB (24%) cpu=97% browser_rss=0.67GB
  [capture-loop] iter=450 t=72.2s state={'complete': False, 'error': None, 'executedCount': 0, 'wsState': 1} eval_ms=50 ram=5.8/16.0GB (36%) swap=0.7/2.9GB (24%) cpu=97% browser_rss=0.66GB
  [capture-loop] iter=500 t=79.3s state={'complete': False, 'error': None, 'executedCount': 0, 'wsState': 1} eval_ms=31 ram=5.8/16.0GB (36%) swap=0.7/2.9GB (24%) cpu=96% browser_rss=0.66GB
  [capture-loop] iter=550 t=86.8s state={'complete': False, 'error': None, 'executedCount': 0, 'wsState': 1} eval_ms=10 ram=5.8/16.0GB (36%) swap=0.7/2.9GB (24%) cpu=97% browser_rss=0.66GB
  Node executed (1 total), capturing...
  Frame 6 saved (frame_005.jpg, t=91.1s)
  [capture-node] freeze=15ms shot=177ms unfreeze=5ms saved=True
  Execution complete (t=91.5s)
  Captured 6 unique frames over 91.57s
  [debug] iframes: 1
  [debug]   iframe[0]: src=http://127.0.0.1:8188/extensions/ComfyUI-MotionCapture/viewer_smpl_camera.html?v, canvas=413x343, rafFrozen=False
  [timing] trigger_3d_previews: 0.0s
  Saved high-quality screenshot: load_camera_traj_executed.png
  [timing] final_screenshot: 0.2s
    Captured 7 video frames