Capturing execution frames: smpl_to_bvh_pipeline.json
  [ComfyUI] Exception in callback _ProactorBasePipeTransport._call_connection_lost()
  [ComfyUI] Exception in callback _ProactorBasePipeTransport._call_connection_lost()
  [ComfyUI] Exception in callback _ProactorBasePipeTransport._call_connection_lost()
  [ComfyUI] handle: <Handle _ProactorBasePipeTransport._call_connection_lost()>
  [ComfyUI] handle: <Handle _ProactorBasePipeTransport._call_connection_lost()>
  [ComfyUI] handle: <Handle _ProactorBasePipeTransport._call_connection_lost()>
  [ComfyUI] Traceback (most recent call last):
  [ComfyUI] Traceback (most recent call last):
  [ComfyUI] Traceback (most recent call last):
  [ComfyUI]   File "asyncio\events.py", line 89, in _run
  [ComfyUI]   File "asyncio\events.py", line 89, in _run
  [ComfyUI]   File "asyncio\events.py", line 89, in _run
  [ComfyUI]   File "asyncio\proactor_events.py", line 165, in _call_connection_lost
  [ComfyUI]   File "asyncio\proactor_events.py", line 165, in _call_connection_lost
  [ComfyUI]   File "asyncio\proactor_events.py", line 165, in _call_connection_lost
  [ComfyUI] ConnectionResetError: [WinError 10054] An existing connection was forcibly closed by the remote host
  [ComfyUI] ConnectionResetError: [WinError 10054] An existing connection was forcibly closed by the remote host
  [ComfyUI] ConnectionResetError: [WinError 10054] An existing connection was forcibly closed by the remote host
  [ComfyUI] Exception in callback _ProactorBasePipeTransport._call_connection_lost()
  [ComfyUI] Exception in callback _ProactorBasePipeTransport._call_connection_lost()
  [ComfyUI] Exception in callback _ProactorBasePipeTransport._call_connection_lost()
  [ComfyUI] handle: <Handle _ProactorBasePipeTransport._call_connection_lost()>
  [ComfyUI] handle: <Handle _ProactorBasePipeTransport._call_connection_lost()>
  [ComfyUI] handle: <Handle _ProactorBasePipeTransport._call_connection_lost()>
  [ComfyUI] Traceback (most recent call last):
  [ComfyUI] Traceback (most recent call last):
  [ComfyUI] Traceback (most recent call last):
  [ComfyUI]   File "asyncio\events.py", line 89, in _run
  [ComfyUI]   File "asyncio\events.py", line 89, in _run
  [ComfyUI]   File "asyncio\events.py", line 89, in _run
  [ComfyUI]   File "asyncio\proactor_events.py", line 165, in _call_connection_lost
  [ComfyUI]   File "asyncio\proactor_events.py", line 165, in _call_connection_lost
  [ComfyUI]   File "asyncio\proactor_events.py", line 165, in _call_connection_lost
  [ComfyUI] ConnectionResetError: [WinError 10054] An existing connection was forcibly closed by the remote host
  [ComfyUI] ConnectionResetError: [WinError 10054] An existing connection was forcibly closed by the remote host
  [ComfyUI] ConnectionResetError: [WinError 10054] An existing connection was forcibly closed by the remote host
  [ComfyUI] Exception in callback _ProactorBasePipeTransport._call_connection_lost()
  [ComfyUI] Exception in callback _ProactorBasePipeTransport._call_connection_lost()
  [ComfyUI] Exception in callback _ProactorBasePipeTransport._call_connection_lost()
  [ComfyUI] handle: <Handle _ProactorBasePipeTransport._call_connection_lost()>
  [ComfyUI] handle: <Handle _ProactorBasePipeTransport._call_connection_lost()>
  [ComfyUI] handle: <Handle _ProactorBasePipeTransport._call_connection_lost()>
  [ComfyUI] Traceback (most recent call last):
  [ComfyUI] Traceback (most recent call last):
  [ComfyUI] Traceback (most recent call last):
  [ComfyUI]   File "asyncio\events.py", line 89, in _run
  [ComfyUI]   File "asyncio\events.py", line 89, in _run
  [ComfyUI]   File "asyncio\events.py", line 89, in _run
  [ComfyUI]   File "asyncio\proactor_events.py", line 165, in _call_connection_lost
  [ComfyUI]   File "asyncio\proactor_events.py", line 165, in _call_connection_lost
  [ComfyUI]   File "asyncio\proactor_events.py", line 165, in _call_connection_lost
  [ComfyUI] ConnectionResetError: [WinError 10054] An existing connection was forcibly closed by the remote host
  [ComfyUI] ConnectionResetError: [WinError 10054] An existing connection was forcibly closed by the remote host
  [ComfyUI] ConnectionResetError: [WinError 10054] An existing connection was forcibly closed by the remote host
  Frame 1 saved (frame_000.jpg, t=0.0s)
  Validating workflow...
  [ComfyUI] === /validate endpoint called ===
  [ComfyUI] === /validate endpoint called ===
  [ComfyUI] === /validate endpoint called ===
  [ComfyUI] Received JSON with keys: ['prompt']
  [ComfyUI] Received JSON with keys: ['prompt']
  [ComfyUI] Received JSON with keys: ['prompt']
  [ComfyUI] Prompt has 3 nodes
  [ComfyUI] Prompt has 3 nodes
  [ComfyUI] Prompt has 3 nodes
  Queuing workflow for execution...
  [ComfyUI]   Node 3: BVHViewer
  [ComfyUI]   Node 3: BVHViewer
  [ComfyUI]   Node 3: BVHViewer
  [ComfyUI]     Inputs: {"bvh_viewer": "", "bvh_data": ["10", 0]}
  [ComfyUI]     Inputs: {"bvh_viewer": "", "bvh_data": ["10", 0]}
  [ComfyUI]     Inputs: {"bvh_viewer": "", "bvh_data": ["10", 0]}
  [ComfyUI]   Node 10: SMPLtoBVH
  [ComfyUI]   Node 10: SMPLtoBVH
  [ComfyUI]   Node 10: SMPLtoBVH
  [ComfyUI]     Inputs: {"npz_path": ["11", 0], "filename": "output/motion.bvh", "fps": 30, "scale": 1}
  [ComfyUI]     Inputs: {"npz_path": ["11", 0], "filename": "output/motion.bvh", "fps": 30, "scale": 1}
  [ComfyUI]     Inputs: {"npz_path": ["11", 0], "filename": "output/motion.bvh", "fps": 30, "scale": 1}
  [ComfyUI]   Node 11: LoadSMPL
  [ComfyUI]   Node 11: LoadSMPL
  [ComfyUI]   Node 11: LoadSMPL
  [ComfyUI]     Inputs: {"file_path": "smpl_params_tennis.npz"}
  [ComfyUI]     Inputs: {"file_path": "smpl_params_tennis.npz"}
  [ComfyUI]     Inputs: {"file_path": "smpl_params_tennis.npz"}
  [ComfyUI] Generated prompt_id: a2091444-d7fe-4b87-a597-32bab239a569
  [ComfyUI] Generated prompt_id: a2091444-d7fe-4b87-a597-32bab239a569
  [ComfyUI] Generated prompt_id: a2091444-d7fe-4b87-a597-32bab239a569
  [ComfyUI] Calling execution.validate_prompt()...
  [ComfyUI] Calling execution.validate_prompt()...
  [ComfyUI] Calling execution.validate_prompt()...
  [ComfyUI] Validation result: valid=True
  [ComfyUI] Validation result: valid=True
  [ComfyUI] Validation result: valid=True
  [ComfyUI] === Validation PASSED ===
  [ComfyUI] === Validation PASSED ===
  [ComfyUI] === Validation PASSED ===
  [ComfyUI] got prompt
  [ComfyUI] got prompt
  [ComfyUI] got prompt
  [ComfyUI] [comfy-env] Running LoadSMPL: file_path: 'smpl_params_tennis.npz'
  [ComfyUI] [comfy-env] Running LoadSMPL: file_path: 'smpl_params_tennis.npz'
  [ComfyUI] [comfy-env] Running LoadSMPL: file_path: 'smpl_params_tennis.npz'
  [ComfyUI] [SubprocessWorker] call_method: nodes.load_smpl_node.LoadSMPLParams.EXECUTE_NORMALIZED
  [ComfyUI] [SubprocessWorker] call_method: nodes.load_smpl_node.LoadSMPLParams.EXECUTE_NORMALIZED
  [ComfyUI] [SubprocessWorker] call_method: nodes.load_smpl_node.LoadSMPLParams.EXECUTE_NORMALIZED
  [ComfyUI] [SubprocessWorker] acquired lock, ensuring started...
  [ComfyUI] [SubprocessWorker] acquired lock, ensuring started...
  [ComfyUI] [SubprocessWorker] acquired lock, ensuring started...
  [ComfyUI] [ComfyUI-MotionCapture] Health check: ping (timeout=5.0s)...
  [ComfyUI] [ComfyUI-MotionCapture] Health check: ping (timeout=5.0s)...
  [ComfyUI] [ComfyUI-MotionCapture] Health check: ping (timeout=5.0s)...
  [ComfyUI] [ComfyUI-MotionCapture] Health check: ok
  [ComfyUI] [ComfyUI-MotionCapture] Health check: ok
  [ComfyUI] [ComfyUI-MotionCapture] Health check: ok
  [ComfyUI] [SubprocessWorker] worker started/confirmed
  [ComfyUI] [SubprocessWorker] worker started/confirmed
  [ComfyUI] [SubprocessWorker] worker started/confirmed
  [ComfyUI] [SubprocessWorker] serializing kwargs to shm...
  [ComfyUI] [SubprocessWorker] serializing kwargs to shm...
  [ComfyUI] [SubprocessWorker] serializing kwargs to shm...
  [ComfyUI] [SubprocessWorker] created 0 shm blocks
  [ComfyUI] [SubprocessWorker] created 0 shm blocks
  [ComfyUI] [SubprocessWorker] created 0 shm blocks
  [ComfyUI] [SubprocessWorker] sending request via socket...
  [ComfyUI] [SubprocessWorker] sending request via socket...
  [ComfyUI] [SubprocessWorker] sending request via socket...
  [ComfyUI] [SubprocessWorker] call_id=5 sending call_method
  [ComfyUI] [SubprocessWorker] call_id=5 sending call_method
  [ComfyUI] [SubprocessWorker] call_id=5 sending call_method
  [ComfyUI] [worker:ComfyUI-MotionCapture] INFO: Selected: D:\a\comfy-gpu-ci\comfy-gpu-ci\test_workspaces\MotionCapture-0031\portable-comfyui\ComfyUI_windows_portable\ComfyUI\input\smpl_params_tennis.npz
  [ComfyUI] [worker:ComfyUI-MotionCapture] INFO: Selected: D:\a\comfy-gpu-ci\comfy-gpu-ci\test_workspaces\MotionCapture-0031\portable-comfyui\ComfyUI_windows_portable\ComfyUI\input\smpl_params_tennis.npz
  [ComfyUI] [worker:ComfyUI-MotionCapture] INFO: Selected: D:\a\comfy-gpu-ci\comfy-gpu-ci\test_workspaces\MotionCapture-0031\portable-comfyui\ComfyUI_windows_portable\ComfyUI\input\smpl_params_tennis.npz
  [ComfyUI] [05/11 00:40:16][INFO] Selected: D:\a\comfy-gpu-ci\comfy-gpu-ci\test_workspaces\MotionCapture-0031\portable-comfyui\ComfyUI_windows_portable\ComfyUI\input\smpl_params_tennis.npz
  [ComfyUI] [05/11 00:40:16][INFO] Selected: D:\a\comfy-gpu-ci\comfy-gpu-ci\test_workspaces\MotionCapture-0031\portable-comfyui\ComfyUI_windows_portable\ComfyUI\input\smpl_params_tennis.npz
  [ComfyUI] [05/11 00:40:16][INFO] Selected: D:\a\comfy-gpu-ci\comfy-gpu-ci\test_workspaces\MotionCapture-0031\portable-comfyui\ComfyUI_windows_portable\ComfyUI\input\smpl_params_tennis.npz
  [ComfyUI] [SubprocessWorker] got response: ok
  [ComfyUI] [SubprocessWorker] got response: ok
  [ComfyUI] [SubprocessWorker] got response: ok
  [ComfyUI] [comfy-env] LoadSMPL done (0.26s): result: NodeOutput
  [ComfyUI] [comfy-env] LoadSMPL done (0.26s): result: NodeOutput
  [ComfyUI] [comfy-env] LoadSMPL done (0.26s): result: NodeOutput
  [ComfyUI] [comfy-env] Running SMPLtoBVH: npz_path: 'D:\\a\\comfy-gpu-ci\\comfy-gpu-ci\\test_workspaces\\Moti..., filename: 'output/motion.bvh', fps: 30, scale: 1.0
  [ComfyUI] [comfy-env] Running SMPLtoBVH: npz_path: 'D:\\a\\comfy-gpu-ci\\comfy-gpu-ci\\test_workspaces\\Moti..., filename: 'output/motion.bvh', fps: 30, scale: 1.0
  [ComfyUI] [comfy-env] Running SMPLtoBVH: npz_path: 'D:\\a\\comfy-gpu-ci\\comfy-gpu-ci\\test_workspaces\\Moti..., filename: 'output/motion.bvh', fps: 30, scale: 1.0
  [ComfyUI] [SubprocessWorker] call_method: nodes.smpl_to_bvh_node.SMPLtoBVH.EXECUTE_NORMALIZED
  [ComfyUI] [SubprocessWorker] call_method: nodes.smpl_to_bvh_node.SMPLtoBVH.EXECUTE_NORMALIZED
  [ComfyUI] [SubprocessWorker] call_method: nodes.smpl_to_bvh_node.SMPLtoBVH.EXECUTE_NORMALIZED
  [ComfyUI] [SubprocessWorker] acquired lock, ensuring started...
  [ComfyUI] [SubprocessWorker] acquired lock, ensuring started...
  [ComfyUI] [SubprocessWorker] acquired lock, ensuring started...
  [ComfyUI] [ComfyUI-MotionCapture] Health check: ping (timeout=5.0s)...
  [ComfyUI] [ComfyUI-MotionCapture] Health check: ping (timeout=5.0s)...
  [ComfyUI] [ComfyUI-MotionCapture] Health check: ping (timeout=5.0s)...
  [ComfyUI] [ComfyUI-MotionCapture] Health check: ok
  [ComfyUI] [ComfyUI-MotionCapture] Health check: ok
  [ComfyUI] [ComfyUI-MotionCapture] Health check: ok
  [ComfyUI] [SubprocessWorker] worker started/confirmed
  [ComfyUI] [SubprocessWorker] worker started/confirmed
  [ComfyUI] [SubprocessWorker] worker started/confirmed
  [ComfyUI] [SubprocessWorker] serializing kwargs to shm...
  [ComfyUI] [SubprocessWorker] serializing kwargs to shm...
  [ComfyUI] [SubprocessWorker] serializing kwargs to shm...
  [ComfyUI] [SubprocessWorker] created 0 shm blocks
  [ComfyUI] [SubprocessWorker] created 0 shm blocks
  [ComfyUI] [SubprocessWorker] created 0 shm blocks
  [ComfyUI] [SubprocessWorker] sending request via socket...
  [ComfyUI] [SubprocessWorker] sending request via socket...
  [ComfyUI] [SubprocessWorker] sending request via socket...
  [ComfyUI] [SubprocessWorker] call_id=6 sending call_method
  [ComfyUI] [SubprocessWorker] call_id=6 sending call_method
  [ComfyUI] [SubprocessWorker] call_id=6 sending call_method
  [ComfyUI] [worker:ComfyUI-MotionCapture] INFO: [SMPLtoBVH] Converting SMPL to BVH format...
  [ComfyUI] [worker:ComfyUI-MotionCapture] INFO: [SMPLtoBVH] Converting SMPL to BVH format...
  [ComfyUI] [worker:ComfyUI-MotionCapture] INFO: [SMPLtoBVH] Converting SMPL to BVH format...
  [ComfyUI] [05/11 00:40:16][INFO] [SMPLtoBVH] Converting SMPL to BVH format...
  [ComfyUI] [05/11 00:40:16][INFO] [SMPLtoBVH] Converting SMPL to BVH format...
  [ComfyUI] [05/11 00:40:16][INFO] [SMPLtoBVH] Converting SMPL to BVH format...
  [ComfyUI] [worker:ComfyUI-MotionCapture] INFO: [SMPLtoBVH] Loading SMPL parameters from: D:\a\comfy-gpu-ci\comfy-gpu-ci\test_workspaces\MotionCapture-0031\portable-comfyui\ComfyUI_windows_portable\ComfyUI\input\smpl_params_tennis.npz
  [ComfyUI] [worker:ComfyUI-MotionCapture] INFO: [SMPLtoBVH] Loading SMPL parameters from: D:\a\comfy-gpu-ci\comfy-gpu-ci\test_workspaces\MotionCapture-0031\portable-comfyui\ComfyUI_windows_portable\ComfyUI\input\smpl_params_tennis.npz
  [ComfyUI] [worker:ComfyUI-MotionCapture] INFO: [SMPLtoBVH] Loading SMPL parameters from: D:\a\comfy-gpu-ci\comfy-gpu-ci\test_workspaces\MotionCapture-0031\portable-comfyui\ComfyUI_windows_portable\ComfyUI\input\smpl_params_tennis.npz
  [ComfyUI] [05/11 00:40:16][INFO] [SMPLtoBVH] Loading SMPL parameters from: D:\a\comfy-gpu-ci\comfy-gpu-ci\test_workspaces\MotionCapture-0031\portable-comfyui\ComfyUI_windows_portable\ComfyUI\input\smpl_params_tennis.npz
  [ComfyUI] [05/11 00:40:16][INFO] [SMPLtoBVH] Loading SMPL parameters from: D:\a\comfy-gpu-ci\comfy-gpu-ci\test_workspaces\MotionCapture-0031\portable-comfyui\ComfyUI_windows_portable\ComfyUI\input\smpl_params_tennis.npz
  [ComfyUI] [05/11 00:40:16][INFO] [SMPLtoBVH] Loading SMPL parameters from: D:\a\comfy-gpu-ci\comfy-gpu-ci\test_workspaces\MotionCapture-0031\portable-comfyui\ComfyUI_windows_portable\ComfyUI\input\smpl_params_tennis.npz
  [ComfyUI] [worker:ComfyUI-MotionCapture] INFO: [SMPLtoBVH] Detected 21-joint SMPL variant (63 parameters)
  [ComfyUI] [worker:ComfyUI-MotionCapture] INFO: [SMPLtoBVH] Detected 21-joint SMPL variant (63 parameters)
  [ComfyUI] [worker:ComfyUI-MotionCapture] INFO: [SMPLtoBVH] Detected 21-joint SMPL variant (63 parameters)
  [ComfyUI] [05/11 00:40:16][INFO] [SMPLtoBVH] Detected 21-joint SMPL variant (63 parameters)
  [ComfyUI] [05/11 00:40:16][INFO] [SMPLtoBVH] Detected 21-joint SMPL variant (63 parameters)
  [ComfyUI] [05/11 00:40:16][INFO] [SMPLtoBVH] Detected 21-joint SMPL variant (63 parameters)
  [ComfyUI] [worker:ComfyUI-MotionCapture] INFO: [SMPLtoBVH] Using 21-joint skeleton (GVHMR variant, no hands)
  [ComfyUI] [worker:ComfyUI-MotionCapture] INFO: [SMPLtoBVH] Using 21-joint skeleton (GVHMR variant, no hands)
  [ComfyUI] [worker:ComfyUI-MotionCapture] INFO: [SMPLtoBVH] Using 21-joint skeleton (GVHMR variant, no hands)
  [ComfyUI] [05/11 00:40:16][INFO] [SMPLtoBVH] Using 21-joint skeleton (GVHMR variant, no hands)
  [ComfyUI] [05/11 00:40:16][INFO] [SMPLtoBVH] Using 21-joint skeleton (GVHMR variant, no hands)
  [ComfyUI] [05/11 00:40:16][INFO] [SMPLtoBVH] Using 21-joint skeleton (GVHMR variant, no hands)
  [ComfyUI] [worker:ComfyUI-MotionCapture] INFO: [SMPLtoBVH] Rotation ranges (degrees):
  [ComfyUI] [worker:ComfyUI-MotionCapture] INFO: [SMPLtoBVH] Rotation ranges (degrees):
  [ComfyUI] [worker:ComfyUI-MotionCapture] INFO: [SMPLtoBVH] Rotation ranges (degrees):
  [ComfyUI] [05/11 00:40:17][INFO] [SMPLtoBVH] Rotation ranges (degrees):
  [ComfyUI] [05/11 00:40:17][INFO] [SMPLtoBVH] Rotation ranges (degrees):
  [ComfyUI] [05/11 00:40:17][INFO] [SMPLtoBVH] Rotation ranges (degrees):
  [ComfyUI] [worker:ComfyUI-MotionCapture] INFO:   Z: [-174.0, 169.8]
  [ComfyUI] [worker:ComfyUI-MotionCapture] INFO:   Z: [-174.0, 169.8]
  [ComfyUI] [worker:ComfyUI-MotionCapture] INFO:   Z: [-174.0, 169.8]
  [ComfyUI] [worker:ComfyUI-MotionCapture]
  [ComfyUI] [worker:ComfyUI-MotionCapture]
  [ComfyUI] [worker:ComfyUI-MotionCapture]
  [ComfyUI] === WATCHDOG TICK 1 ===
  [ComfyUI] === WATCHDOG TICK 1 ===
  [ComfyUI] === WATCHDOG TICK 1 ===
  [ComfyUI] [05/11 00:40:17][INFO]   Z: [-174.0, 169.8]
  [ComfyUI] [05/11 00:40:17][INFO]   Z: [-174.0, 169.8]
  [ComfyUI] [05/11 00:40:17][INFO]   Z: [-174.0, 169.8]
  [ComfyUI] [worker:ComfyUI-MotionCapture] INFO:   X: [-73.5, 88.9]
  [ComfyUI] [worker:ComfyUI-MotionCapture] INFO:   X: [-73.5, 88.9]
  [ComfyUI] [worker:ComfyUI-MotionCapture] INFO:   X: [-73.5, 88.9]
  [ComfyUI] [worker:ComfyUI-MotionCapture] Thread 0x00001340 (most recent call first):
  [ComfyUI] [worker:ComfyUI-MotionCapture] Thread 0x00001340 (most recent call first):
  [ComfyUI] [worker:ComfyUI-MotionCapture] Thread 0x00001340 (most recent call first):
  [ComfyUI]   File "C:\ce\.pixi\envs\motioncapture-nodes\Lib\threading.py", line 363 in wait
  [ComfyUI]   File "C:\ce\.pixi\envs\motioncapture-nodes\Lib\threading.py", line 363 in wait
  [ComfyUI]   File "C:\ce\.pixi\envs\motioncapture-nodes\Lib\threading.py", line 363 in wait
  [ComfyUI]   File "C:\ce\.pixi\envs\motioncapture-nodes\Lib\threading.py", line 660 in wait
  [ComfyUI]   File "C:\ce\.pixi\envs\motioncapture-nodes\Lib\threading.py", line 660 in wait
  [ComfyUI]   File "C:\ce\.pixi\envs\motioncapture-nodes\Lib\threading.py", line 660 in wait
  [ComfyUI]   File "C:\ce\.pixi\envs\motioncapture-nodes\Lib\site-packages\tqdm\_monitor.py", line 60 in run
  [ComfyUI]   File "C:\ce\.pixi\envs\motioncapture-nodes\Lib\site-packages\tqdm\_monitor.py", line 60 in run
  [ComfyUI]   File "C:\ce\.pixi\envs\motioncapture-nodes\Lib\site-packages\tqdm\_monitor.py", line 60 in run
  [ComfyUI]   File "C:\ce\.pixi\envs\motioncapture-nodes\Lib\threading.py", line 1044 in _bootstrap_inner
  [ComfyUI]   File "C:\ce\.pixi\envs\motioncapture-nodes\Lib\threading.py", line 1044 in _bootstrap_inner
  [ComfyUI]   File "C:\ce\.pixi\envs\motioncapture-nodes\Lib\threading.py", line 1044 in _bootstrap_inner
  [ComfyUI]   File "C:\ce\.pixi\envs\motioncapture-nodes\Lib\threading.py", line 1015 in _bootstrap
  [ComfyUI]   File "C:\ce\.pixi\envs\motioncapture-nodes\Lib\threading.py", line 1015 in _bootstrap
  [ComfyUI]   File "C:\ce\.pixi\envs\motioncapture-nodes\Lib\threading.py", line 1015 in _bootstrap
  [ComfyUI] 
  [ComfyUI] 
  [ComfyUI] 
  [ComfyUI] Thread 0x00002700 (most recent call first):
  [ComfyUI] Thread 0x00002700 (most recent call first):
  [ComfyUI] Thread 0x00002700 (most recent call first):
  [ComfyUI]   File "C:\ce\.pixi\envs\motioncapture-nodes\Lib\threading.py", line 363 in wait
  [ComfyUI]   File "C:\ce\.pixi\envs\motioncapture-nodes\Lib\threading.py", line 363 in wait
  [ComfyUI]   File "C:\ce\.pixi\envs\motioncapture-nodes\Lib\threading.py", line 363 in wait
  [ComfyUI]   File "C:\ce\.pixi\envs\motioncapture-nodes\Lib\threading.py", line 660 in wait
  [ComfyUI]   File "C:\ce\.pixi\envs\motioncapture-nodes\Lib\threading.py", line 660 in wait
  [ComfyUI]   File "C:\ce\.pixi\envs\motioncapture-nodes\Lib\threading.py", line 660 in wait
  [ComfyUI]   File "C:\ce\.pixi\envs\motioncapture-nodes\Lib\site-packages\tqdm\_monitor.py", line 60 in run
  [ComfyUI]   File "C:\ce\.pixi\envs\motioncapture-nodes\Lib\site-packages\tqdm\_monitor.py", line 60 in run
  [ComfyUI]   File "C:\ce\.pixi\envs\motioncapture-nodes\Lib\site-packages\tqdm\_monitor.py", line 60 in run
  [ComfyUI]   File "C:\ce\.pixi\envs\motioncapture-nodes\Lib\threading.py", line 1044 in _bootstrap_inner
  [ComfyUI]   File "C:\ce\.pixi\envs\motioncapture-nodes\Lib\threading.py", line 1044 in _bootstrap_inner
  [ComfyUI]   File "C:\ce\.pixi\envs\motioncapture-nodes\Lib\threading.py", line 1044 in _bootstrap_inner
  [ComfyUI]   File "C:\ce\.pixi\envs\motioncapture-nodes\Lib\threading.py", line 1015 in _bootstrap
  [ComfyUI]   File "C:\ce\.pixi\envs\motioncapture-nodes\Lib\threading.py", line 1015 in _bootstrap
  [ComfyUI]   File "C:\ce\.pixi\envs\motioncapture-nodes\Lib\threading.py", line 1015 in _bootstrap
  [ComfyUI] 
  [ComfyUI] 
  [ComfyUI] 
  [ComfyUI] Thread 0x000021b4 (most recent call first):
  [ComfyUI] Thread 0x000021b4 (most recent call first):
  [ComfyUI] Thread 0x000021b4 (most recent call first):
  [ComfyUI]   File "C:\ce\.pixi\envs\motioncapture-nodes\Lib\threading.py", line 363 in wait
  [ComfyUI]   File "C:\ce\.pixi\envs\motioncapture-nodes\Lib\threading.py", line 363 in wait
  [ComfyUI]   File "C:\ce\.pixi\envs\motioncapture-nodes\Lib\threading.py", line 363 in wait
  [ComfyUI]   File "C:\ce\.pixi\envs\motioncapture-nodes\Lib\threading.py", line 660 in wait
  [ComfyUI]   File "C:\ce\.pixi\envs\motioncapture-nodes\Lib\threading.py", line 660 in wait
  [ComfyUI]   File "C:\ce\.pixi\envs\motioncapture-nodes\Lib\threading.py", line 660 in wait
  [ComfyUI]   File "C:\ce\.pixi\envs\motioncapture-nodes\Lib\site-packages\tqdm\_monitor.py", line 60 in run
  [ComfyUI]   File "C:\ce\.pixi\envs\motioncapture-nodes\Lib\site-packages\tqdm\_monitor.py", line 60 in run
  [ComfyUI]   File "C:\ce\.pixi\envs\motioncapture-nodes\Lib\site-packages\tqdm\_monitor.py", line 60 in run
  [ComfyUI]   File "C:\ce\.pixi\envs\motioncapture-nodes\Lib\threading.py", line 1044 in _bootstrap_inner
  [ComfyUI]   File "C:\ce\.pixi\envs\motioncapture-nodes\Lib\threading.py", line 1044 in _bootstrap_inner
  [ComfyUI]   File "C:\ce\.pixi\envs\motioncapture-nodes\Lib\threading.py", line 1044 in _bootstrap_inner
  [ComfyUI]   File "C:\ce\.pixi\envs\motioncapture-nodes\Lib\threading.py", line 1015 in _bootstrap
  [ComfyUI]   File "C:\ce\.pixi\envs\motioncapture-nodes\Lib\threading.py", line 1015 in _bootstrap
  [ComfyUI]   File "C:\ce\.pixi\envs\motioncapture-nodes\Lib\threading.py", line 1015 in _bootstrap
  [ComfyUI] 
  [ComfyUI] 
  [ComfyUI] 
  [ComfyUI] Current thread 0x000021d4 (most recent call first):
  [ComfyUI] Current thread 0x000021d4 (most recent call first):
  [ComfyUI] Current thread 0x000021d4 (most recent call first):
  [ComfyUI]   File "C:\Users\RUNNER~1\AppData\Local\Temp\comfyui_pvenv_ys0efrca\persistent_worker.py", line 52 in _watchdog
  [ComfyUI]   File "C:\Users\RUNNER~1\AppData\Local\Temp\comfyui_pvenv_ys0efrca\persistent_worker.py", line 52 in _watchdog
  [ComfyUI]   File "C:\Users\RUNNER~1\AppData\Local\Temp\comfyui_pvenv_ys0efrca\persistent_worker.py", line 52 in _watchdog
  [ComfyUI]   File "C:\ce\.pixi\envs\motioncapture-nodes\Lib\threading.py", line 995 in run
  [ComfyUI]   File "C:\ce\.pixi\envs\motioncapture-nodes\Lib\threading.py", line 995 in run
  [ComfyUI]   File "C:\ce\.pixi\envs\motioncapture-nodes\Lib\threading.py", line 995 in run
  [ComfyUI]   File "C:\ce\.pixi\envs\motioncapture-nodes\Lib\threading.py", line 1044 in _bootstrap_inner
  [ComfyUI]   File "C:\ce\.pixi\envs\motioncapture-nodes\Lib\threading.py", line 1044 in _bootstrap_inner
  [ComfyUI]   File "C:\ce\.pixi\envs\motioncapture-nodes\Lib\threading.py", line 1044 in _bootstrap_inner
  [ComfyUI]   File "C:\ce\.pixi\envs\motioncapture-nodes\Lib\threading.py", line 1015 in _bootstrap
  [ComfyUI]   File "C:\ce\.pixi\envs\motioncapture-nodes\Lib\threading.py", line 1015 in _bootstrap
  [ComfyUI]   File "C:\ce\.pixi\envs\motioncapture-nodes\Lib\threading.py", line 1015 in _bootstrap
  [ComfyUI] 
  [ComfyUI] 
  [ComfyUI] 
  [ComfyUI] Thread 0x000004bc (most recent call first):
  [ComfyUI] Thread 0x000004bc (most recent call first):
  [ComfyUI] Thread 0x000004bc (most recent call first):
  [ComfyUI]   File "C:\Users\RUNNER~1\AppData\Local\Temp\comfyui_pvenv_ys0efrca\persistent_worker.py", line 86 in wlog
  [ComfyUI]   File "C:\Users\RUNNER~1\AppData\Local\Temp\comfyui_pvenv_ys0efrca\persistent_worker.py", line 86 in wlog
  [ComfyUI]   File "C:\Users\RUNNER~1\AppData\Local\Temp\comfyui_pvenv_ys0efrca\persistent_worker.py", line 86 in wlog
  [ComfyUI]   File "C:\Users\RUNNER~1\AppData\Local\Temp\comfyui_pvenv_ys0efrca\persistent_worker.py", line 1240 in emit
  [ComfyUI]   File "C:\Users\RUNNER~1\AppData\Local\Temp\comfyui_pvenv_ys0efrca\persistent_worker.py", line 1240 in emit
  [ComfyUI]   File "C:\Users\RUNNER~1\AppData\Local\Temp\comfyui_pvenv_ys0efrca\persistent_worker.py", line 1240 in emit
  [ComfyUI]   File "C:\ce\.pixi\envs\motioncapture-nodes\Lib\logging\__init__.py", line 1027 in handle
  [ComfyUI]   File "C:\ce\.pixi\envs\motioncapture-nodes\Lib\logging\__init__.py", line 1027 in handle
  [ComfyUI]   File "C:\ce\.pixi\envs\motioncapture-nodes\Lib\logging\__init__.py", line 1027 in handle
  [ComfyUI]   File "C:\ce\.pixi\envs\motioncapture-nodes\Lib\logging\__init__.py", line 1737 in callHandlers
  [ComfyUI]   File "C:\ce\.pixi\envs\motioncapture-nodes\Lib\logging\__init__.py", line 1737 in callHandlers
  [ComfyUI]   File "C:\ce\.pixi\envs\motioncapture-nodes\Lib\logging\__init__.py", line 1737 in callHandlers
  [ComfyUI]   File "C:\ce\.pixi\envs\motioncapture-nodes\Lib\logging\__init__.py", line 1681 in handle
  [ComfyUI]   File "C:\ce\.pixi\envs\motioncapture-nodes\Lib\logging\__init__.py", line 1681 in handle
  [ComfyUI]   File "C:\ce\.pixi\envs\motioncapture-nodes\Lib\logging\__init__.py", line 1681 in handle
  [ComfyUI]   File "C:\ce\.pixi\envs\motioncapture-nodes\Lib\logging\__init__.py", line 1665 in _log
  [ComfyUI]   File "C:\ce\.pixi\envs\motioncapture-nodes\Lib\logging\__init__.py", line 1665 in _log
  [ComfyUI]   File "C:\ce\.pixi\envs\motioncapture-nodes\Lib\logging\__init__.py", line 1665 in _log
  [ComfyUI]   File "C:\ce\.pixi\envs\motioncapture-nodes\Lib\logging\__init__.py", line 1520 in info
  [ComfyUI]   File "C:\ce\.pixi\envs\motioncapture-nodes\Lib\logging\__init__.py", line 1520 in info
  [ComfyUI]   File "C:\ce\.pixi\envs\motioncapture-nodes\Lib\logging\__init__.py", line 1520 in info
  [ComfyUI]   File "D:\a\comfy-gpu-ci\comfy-gpu-ci\test_workspaces\MotionCapture-0031\portable-comfyui\ComfyUI_windows_portable\ComfyUI\custom_nodes\ComfyUI-MotionCapture\nodes\smpl_to_bvh_node.py", line 284 in execute
  [ComfyUI]   File "D:\a\comfy-gpu-ci\comfy-gpu-ci\test_workspaces\MotionCapture-0031\portable-comfyui\ComfyUI_windows_portable\ComfyUI\custom_nodes\ComfyUI-MotionCapture\nodes\smpl_to_bvh_node.py", line 284 in execute
  [ComfyUI]   File "D:\a\comfy-gpu-ci\comfy-gpu-ci\test_workspaces\MotionCapture-0031\portable-comfyui\ComfyUI_windows_portable\ComfyUI\custom_nodes\ComfyUI-MotionCapture\nodes\smpl_to_bvh_node.py", line 284 in execute
  [ComfyUI]   File "D:\a\comfy-gpu-ci\comfy-gpu-ci\test_workspaces\MotionCapture-0031\portable-comfyui\ComfyUI_windows_portable\ComfyUI\comfy_api\latest\_io.py", line 1826 in EXECUTE_NORMALIZED
  [ComfyUI]   File "D:\a\comfy-gpu-ci\comfy-gpu-ci\test_workspaces\MotionCapture-0031\portable-comfyui\ComfyUI_windows_portable\ComfyUI\comfy_api\latest\_io.py", line 1826 in EXECUTE_NORMALIZED
  [ComfyUI]   File "D:\a\comfy-gpu-ci\comfy-gpu-ci\test_workspaces\MotionCapture-0031\portable-comfyui\ComfyUI_windows_portable\ComfyUI\comfy_api\latest\_io.py", line 1826 in EXECUTE_NORMALIZED
  [ComfyUI]   File "C:\Users\RUNNER~1\AppData\Local\Temp\comfyui_pvenv_ys0efrca\persistent_worker.py", line 1762 in main
  [ComfyUI]   File "C:\Users\RUNNER~1\AppData\Local\Temp\comfyui_pvenv_ys0efrca\persistent_worker.py", line 1762 in main
  [ComfyUI]   File "C:\Users\RUNNER~1\AppData\Local\Temp\comfyui_pvenv_ys0efrca\persistent_worker.py", line 1762 in main
  [ComfyUI]   File "C:\Users\RUNNER~1\AppData\Local\Temp\comfyui_pvenv_ys0efrca\persistent_worker.py", line 1807 in <module>
  [ComfyUI]   File "C:\Users\RUNNER~1\AppData\Local\Temp\comfyui_pvenv_ys0efrca\persistent_worker.py", line 1807 in <module>
  [ComfyUI]   File "C:\Users\RUNNER~1\AppData\Local\Temp\comfyui_pvenv_ys0efrca\persistent_worker.py", line 1807 in <module>
  [ComfyUI] 
  [ComfyUI] 
  [ComfyUI] 
  [ComfyUI] [05/11 00:40:17][INFO]   X: [-73.5, 88.9]
  [ComfyUI] [05/11 00:40:17][INFO]   X: [-73.5, 88.9]
  [ComfyUI] [05/11 00:40:17][INFO]   X: [-73.5, 88.9]
  [ComfyUI] [worker:ComfyUI-MotionCapture] INFO:   Y: [-179.7, 177.9]
  [ComfyUI] [worker:ComfyUI-MotionCapture] INFO:   Y: [-179.7, 177.9]
  [ComfyUI] [worker:ComfyUI-MotionCapture] INFO:   Y: [-179.7, 177.9]
  [ComfyUI] [worker:ComfyUI-MotionCapture] === END ===
  [ComfyUI] [worker:ComfyUI-MotionCapture] === END ===
  [ComfyUI] [worker:ComfyUI-MotionCapture] === END ===
  [ComfyUI] 
  [ComfyUI] 
  [ComfyUI] 
  [ComfyUI] [05/11 00:40:17][INFO]   Y: [-179.7, 177.9]
  [ComfyUI] [05/11 00:40:17][INFO]   Y: [-179.7, 177.9]
  [ComfyUI] [05/11 00:40:17][INFO]   Y: [-179.7, 177.9]
  [ComfyUI] [worker:ComfyUI-MotionCapture] INFO: [SMPLtoBVH] Converted 312 frames to D:\a\comfy-gpu-ci\comfy-gpu-ci\test_workspaces\MotionCapture-0031\portable-comfyui\ComfyUI_windows_portable\ComfyUI\output\output\motion.bvh
  [ComfyUI] [worker:ComfyUI-MotionCapture] INFO: [SMPLtoBVH] Converted 312 frames to D:\a\comfy-gpu-ci\comfy-gpu-ci\test_workspaces\MotionCapture-0031\portable-comfyui\ComfyUI_windows_portable\ComfyUI\output\output\motion.bvh
  [ComfyUI] [worker:ComfyUI-MotionCapture] INFO: [SMPLtoBVH] Converted 312 frames to D:\a\comfy-gpu-ci\comfy-gpu-ci\test_workspaces\MotionCapture-0031\portable-comfyui\ComfyUI_windows_portable\ComfyUI\output\output\motion.bvh
  [ComfyUI] [05/11 00:40:17][INFO] [SMPLtoBVH] Converted 312 frames to D:\a\comfy-gpu-ci\comfy-gpu-ci\test_workspaces\MotionCapture-0031\portable-comfyui\ComfyUI_windows_portable\ComfyUI\output\output\motion.bvh
  [ComfyUI] [05/11 00:40:17][INFO] [SMPLtoBVH] Converted 312 frames to D:\a\comfy-gpu-ci\comfy-gpu-ci\test_workspaces\MotionCapture-0031\portable-comfyui\ComfyUI_windows_portable\ComfyUI\output\output\motion.bvh
  [ComfyUI] [05/11 00:40:17][INFO] [SMPLtoBVH] Converted 312 frames to D:\a\comfy-gpu-ci\comfy-gpu-ci\test_workspaces\MotionCapture-0031\portable-comfyui\ComfyUI_windows_portable\ComfyUI\output\output\motion.bvh
  [ComfyUI] [SubprocessWorker] got response: ok
  [ComfyUI] [SubprocessWorker] got response: ok
  [ComfyUI] [SubprocessWorker] got response: ok
  [ComfyUI] [comfy-env] SMPLtoBVH done (0.95s): result: NodeOutput
  [ComfyUI] [comfy-env] SMPLtoBVH done (0.95s): result: NodeOutput
  [ComfyUI] [comfy-env] SMPLtoBVH done (0.95s): result: NodeOutput
  [ComfyUI] [comfy-env] Running BVHViewer: bvh_data: dict
  [ComfyUI] [comfy-env] Running BVHViewer: bvh_data: dict
  [ComfyUI] [comfy-env] Running BVHViewer: bvh_data: dict
  [ComfyUI] [SubprocessWorker] call_method: nodes.bvh_viewer_node.BVHViewer.EXECUTE_NORMALIZED
  [ComfyUI] [SubprocessWorker] call_method: nodes.bvh_viewer_node.BVHViewer.EXECUTE_NORMALIZED
  [ComfyUI] [SubprocessWorker] call_method: nodes.bvh_viewer_node.BVHViewer.EXECUTE_NORMALIZED
  [ComfyUI] [SubprocessWorker] acquired lock, ensuring started...
  [ComfyUI] [SubprocessWorker] acquired lock, ensuring started...
  [ComfyUI] [SubprocessWorker] acquired lock, ensuring started...
  [ComfyUI] [ComfyUI-MotionCapture] Health check: ping (timeout=5.0s)...
  [ComfyUI] [ComfyUI-MotionCapture] Health check: ping (timeout=5.0s)...
  [ComfyUI] [ComfyUI-MotionCapture] Health check: ping (timeout=5.0s)...
  [ComfyUI] [ComfyUI-MotionCapture] Health check: ok
  [ComfyUI] [ComfyUI-MotionCapture] Health check: ok
  [ComfyUI] [ComfyUI-MotionCapture] Health check: ok
  [ComfyUI] [SubprocessWorker] worker started/confirmed
  [ComfyUI] [SubprocessWorker] worker started/confirmed
  [ComfyUI] [SubprocessWorker] worker started/confirmed
  [ComfyUI] [SubprocessWorker] serializing kwargs to shm...
  [ComfyUI] [SubprocessWorker] serializing kwargs to shm...
  [ComfyUI] [SubprocessWorker] serializing kwargs to shm...
  [ComfyUI] [SubprocessWorker] created 0 shm blocks
  [ComfyUI] [SubprocessWorker] created 0 shm blocks
  [ComfyUI] [SubprocessWorker] created 0 shm blocks
  [ComfyUI] [SubprocessWorker] sending request via socket...
  [ComfyUI] [SubprocessWorker] sending request via socket...
  [ComfyUI] [SubprocessWorker] sending request via socket...
  [ComfyUI] [SubprocessWorker] call_id=7 sending call_method
  [ComfyUI] [SubprocessWorker] call_id=7 sending call_method
  [ComfyUI] [SubprocessWorker] call_id=7 sending call_method
  [ComfyUI] [worker:ComfyUI-MotionCapture] [comfy-env] _from_shm got dict with keys: ['__type__', 'strategy', 'manager_path', 'storage_key', 'storage_size']
  [ComfyUI] [worker:ComfyUI-MotionCapture] [comfy-env] _from_shm got dict with keys: ['__type__', 'strategy', 'manager_path', 'storage_key', 'storage_size']
  [ComfyUI] [worker:ComfyUI-MotionCapture] [comfy-env] _from_shm got dict with keys: ['__type__', 'strategy', 'manager_path', 'storage_key', 'storage_size']
  [ComfyUI] [worker:ComfyUI-MotionCapture] [comfy-env] DESERIALIZE TensorRef: tensor_size=[312, 22, 3]
  [ComfyUI] [worker:ComfyUI-MotionCapture] [comfy-env] DESERIALIZE TensorRef: tensor_size=[312, 22, 3]
  [ComfyUI] [worker:ComfyUI-MotionCapture] [comfy-env] DESERIALIZE TensorRef: tensor_size=[312, 22, 3]
  [ComfyUI] [worker:ComfyUI-MotionCapture] [comfy-env] DESERIALIZED tensor shape: torch.Size([312, 22, 3])
  [ComfyUI] [worker:ComfyUI-MotionCapture] [comfy-env] DESERIALIZED tensor shape: torch.Size([312, 22, 3])
  [ComfyUI] [worker:ComfyUI-MotionCapture] [comfy-env] DESERIALIZED tensor shape: torch.Size([312, 22, 3])
  [ComfyUI] [worker:ComfyUI-MotionCapture] [comfy-env] _from_shm got dict with keys: ['__type__', 'strategy', 'manager_path', 'storage_key', 'storage_size']
  [ComfyUI] [worker:ComfyUI-MotionCapture] [comfy-env] _from_shm got dict with keys: ['__type__', 'strategy', 'manager_path', 'storage_key', 'storage_size']
  [ComfyUI] [worker:ComfyUI-MotionCapture] [comfy-env] _from_shm got dict with keys: ['__type__', 'strategy', 'manager_path', 'storage_key', 'storage_size']
  [ComfyUI] [worker:ComfyUI-MotionCapture] [comfy-env] DESERIALIZE TensorRef: tensor_size=[312, 3]
  [ComfyUI] [worker:ComfyUI-MotionCapture] [comfy-env] DESERIALIZE TensorRef: tensor_size=[312, 3]
  [ComfyUI] [worker:ComfyUI-MotionCapture] [comfy-env] DESERIALIZE TensorRef: tensor_size=[312, 3]
  [ComfyUI] [worker:ComfyUI-MotionCapture] [comfy-env] DESERIALIZED tensor shape: torch.Size([312, 3])
  [ComfyUI] [worker:ComfyUI-MotionCapture] [comfy-env] DESERIALIZED tensor shape: torch.Size([312, 3])
  [ComfyUI] [worker:ComfyUI-MotionCapture] [comfy-env] DESERIALIZED tensor shape: torch.Size([312, 3])
  [ComfyUI] [worker:ComfyUI-MotionCapture] INFO: [BVHViewer] Loading BVH for visualization...
  [ComfyUI] [worker:ComfyUI-MotionCapture] INFO: [BVHViewer] Loading BVH for visualization...
  [ComfyUI] [worker:ComfyUI-MotionCapture] INFO: [BVHViewer] Loading BVH for visualization...
  [ComfyUI] [05/11 00:40:17][INFO] [BVHViewer] Loading BVH for visualization...
  [ComfyUI] [05/11 00:40:17][INFO] [BVHViewer] Loading BVH for visualization...
  [ComfyUI] [05/11 00:40:17][INFO] [BVHViewer] Loading BVH for visualization...
  [ComfyUI] [worker:ComfyUI-MotionCapture] INFO: [BVHViewer DEBUG] BVH file path: D:\a\comfy-gpu-ci\comfy-gpu-ci\test_workspaces\MotionCapture-0031\portable-comfyui\ComfyUI_windows_portable\ComfyUI\output\output\motion.bvh
  [ComfyUI] [worker:ComfyUI-MotionCapture] INFO: [BVHViewer DEBUG] BVH file path: D:\a\comfy-gpu-ci\comfy-gpu-ci\test_workspaces\MotionCapture-0031\portable-comfyui\ComfyUI_windows_portable\ComfyUI\output\output\motion.bvh
  [ComfyUI] [worker:ComfyUI-MotionCapture] INFO: [BVHViewer DEBUG] BVH file path: D:\a\comfy-gpu-ci\comfy-gpu-ci\test_workspaces\MotionCapture-0031\portable-comfyui\ComfyUI_windows_portable\ComfyUI\output\output\motion.bvh
  [ComfyUI] [05/11 00:40:17][INFO] [BVHViewer DEBUG] BVH file path: D:\a\comfy-gpu-ci\comfy-gpu-ci\test_workspaces\MotionCapture-0031\portable-comfyui\ComfyUI_windows_portable\ComfyUI\output\output\motion.bvh
  [ComfyUI] [05/11 00:40:17][INFO] [BVHViewer DEBUG] BVH file path: D:\a\comfy-gpu-ci\comfy-gpu-ci\test_workspaces\MotionCapture-0031\portable-comfyui\ComfyUI_windows_portable\ComfyUI\output\output\motion.bvh
  [ComfyUI] [05/11 00:40:17][INFO] [BVHViewer DEBUG] BVH file path: D:\a\comfy-gpu-ci\comfy-gpu-ci\test_workspaces\MotionCapture-0031\portable-comfyui\ComfyUI_windows_portable\ComfyUI\output\output\motion.bvh
  [ComfyUI] [worker:ComfyUI-MotionCapture] INFO: [BVHViewer DEBUG] Num frames: 312, FPS: 30
  [ComfyUI] [worker:ComfyUI-MotionCapture] INFO: [BVHViewer DEBUG] Num frames: 312, FPS: 30
  [ComfyUI] [worker:ComfyUI-MotionCapture] INFO: [BVHViewer DEBUG] Num frames: 312, FPS: 30
  [ComfyUI] [05/11 00:40:17][INFO] [BVHViewer DEBUG] Num frames: 312, FPS: 30
  [ComfyUI] [05/11 00:40:17][INFO] [BVHViewer DEBUG] Num frames: 312, FPS: 30
  [ComfyUI] [05/11 00:40:17][INFO] [BVHViewer DEBUG] Num frames: 312, FPS: 30
  [ComfyUI] [worker:ComfyUI-MotionCapture] INFO: [BVHViewer DEBUG] File exists: True
  [ComfyUI] [worker:ComfyUI-MotionCapture] INFO: [BVHViewer DEBUG] File exists: True
  [ComfyUI] [worker:ComfyUI-MotionCapture] INFO: [BVHViewer DEBUG] File exists: True
  [ComfyUI] [05/11 00:40:17][INFO] [BVHViewer DEBUG] File exists: True
  [ComfyUI] [05/11 00:40:17][INFO] [BVHViewer DEBUG] File exists: True
  [ComfyUI] [05/11 00:40:17][INFO] [BVHViewer DEBUG] File exists: True
  [ComfyUI] [worker:ComfyUI-MotionCapture] INFO: [BVHViewer DEBUG] BVH content length: 214444 bytes
  [ComfyUI] [worker:ComfyUI-MotionCapture] INFO: [BVHViewer DEBUG] BVH content length: 214444 bytes
  [ComfyUI] [worker:ComfyUI-MotionCapture] INFO: [BVHViewer DEBUG] BVH content length: 214444 bytes
  [ComfyUI] [05/11 00:40:17][INFO] [BVHViewer DEBUG] BVH content length: 214444 bytes
  [ComfyUI] [05/11 00:40:17][INFO] [BVHViewer DEBUG] BVH content length: 214444 bytes
  [ComfyUI] [05/11 00:40:17][INFO] [BVHViewer DEBUG] BVH content length: 214444 bytes
  [ComfyUI] [worker:ComfyUI-MotionCapture] INFO: [BVHViewer DEBUG] First 200 chars: HIERARCHY
  [ComfyUI] [worker:ComfyUI-MotionCapture] INFO: [BVHViewer DEBUG] First 200 chars: HIERARCHY
  [ComfyUI] [worker:ComfyUI-MotionCapture] INFO: [BVHViewer DEBUG] First 200 chars: HIERARCHY
  [ComfyUI] ROOT Pelvis
  [ComfyUI] ROOT Pelvis
  [ComfyUI] ROOT Pelvis
  [ComfyUI] {
  [ComfyUI] {
  [ComfyUI] {
  [ComfyUI]   OFFSET 0.000000 0.000000 0.000000
  [ComfyUI]   OFFSET 0.000000 0.000000 0.000000
  [ComfyUI]   OFFSET 0.000000 0.000000 0.000000
  [ComfyUI]   CHANNELS 6 Xposition Yposition Zposition Zrotation Xrotation Yrotation
  [ComfyUI]   CHANNELS 6 Xposition Yposition Zposition Zrotation Xrotation Yrotation
  [ComfyUI]   CHANNELS 6 Xposition Yposition Zposition Zrotation Xrotation Yrotation
  [ComfyUI]   JOINT L_Hip
  [ComfyUI]   JOINT L_Hip
  [ComfyUI]   JOINT L_Hip
  [ComfyUI]   {
  [ComfyUI]   {
  [ComfyUI]   {
  [ComfyUI]     OFFSET 0.100000 -0.040000 0.000000
  [ComfyUI]     OFFSET 0.100000 -0.040000 0.000000
  [ComfyUI]     OFFSET 0.100000 -0.040000 0.000000
  [ComfyUI]     CHANNE
  [ComfyUI]     CHANNE
  [ComfyUI]     CHANNE
  [ComfyUI] [05/11 00:40:17][INFO] [BVHViewer DEBUG] First 200 chars: HIERARCHY
  [ComfyUI] [05/11 00:40:17][INFO] [BVHViewer DEBUG] First 200 chars: HIERARCHY
  [ComfyUI] [05/11 00:40:17][INFO] [BVHViewer DEBUG] First 200 chars: HIERARCHY
  [ComfyUI] ROOT Pelvis
  [ComfyUI] ROOT Pelvis
  [ComfyUI] ROOT Pelvis
  [ComfyUI] {
  [ComfyUI] {
  [ComfyUI] {
  [ComfyUI]   OFFSET 0.000000 0.000000 0.000000
  [ComfyUI]   OFFSET 0.000000 0.000000 0.000000
  [ComfyUI]   OFFSET 0.000000 0.000000 0.000000
  [ComfyUI]   CHANNELS 6 Xposition Yposition Zposition Zrotation Xrotation Yrotation
  [ComfyUI]   CHANNELS 6 Xposition Yposition Zposition Zrotation Xrotation Yrotation
  [ComfyUI]   CHANNELS 6 Xposition Yposition Zposition Zrotation Xrotation Yrotation
  [ComfyUI]   JOINT L_Hip
  [ComfyUI]   JOINT L_Hip
  [ComfyUI]   JOINT L_Hip
  [ComfyUI]   {
  [ComfyUI]   {
  [ComfyUI]   {
  [ComfyUI]     OFFSET 0.100000 -0.040000 0.000000
  [ComfyUI]     OFFSET 0.100000 -0.040000 0.000000
  [ComfyUI]     OFFSET 0.100000 -0.040000 0.000000
  [ComfyUI]     CHANNE
  [ComfyUI]     CHANNE
  [ComfyUI]     CHANNE
  [ComfyUI] [worker:ComfyUI-MotionCapture] INFO: [BVHViewer DEBUG] Stored bvh_content (214444 bytes) and bvh_info for frontend
  [ComfyUI] [worker:ComfyUI-MotionCapture] INFO: [BVHViewer DEBUG] Stored bvh_content (214444 bytes) and bvh_info for frontend
  [ComfyUI] [worker:ComfyUI-MotionCapture] INFO: [BVHViewer DEBUG] Stored bvh_content (214444 bytes) and bvh_info for frontend
  [ComfyUI] [05/11 00:40:17][INFO] [BVHViewer DEBUG] Stored bvh_content (214444 bytes) and bvh_info for frontend
  [ComfyUI] [05/11 00:40:17][INFO] [BVHViewer DEBUG] Stored bvh_content (214444 bytes) and bvh_info for frontend
  [ComfyUI] [05/11 00:40:17][INFO] [BVHViewer DEBUG] Stored bvh_content (214444 bytes) and bvh_info for frontend
  [ComfyUI] [worker:ComfyUI-MotionCapture] INFO: [BVHViewer DEBUG] bvh_info: {'num_frames': 312, 'fps': 30, 'file_path': 'D:\\a\\comfy-gpu-ci\\comfy-gpu-ci\\test_workspaces\\MotionCapture-0031\\portable-comfyui\\ComfyUI_windows_portable\\ComfyUI\\output\\output\\motion.bvh'}
  [ComfyUI] [worker:ComfyUI-MotionCapture] INFO: [BVHViewer DEBUG] bvh_info: {'num_frames': 312, 'fps': 30, 'file_path': 'D:\\a\\comfy-gpu-ci\\comfy-gpu-ci\\test_workspaces\\MotionCapture-0031\\portable-comfyui\\ComfyUI_windows_portable\\ComfyUI\\output\\output\\motion.bvh'}
  [ComfyUI] [worker:ComfyUI-MotionCapture] INFO: [BVHViewer DEBUG] bvh_info: {'num_frames': 312, 'fps': 30, 'file_path': 'D:\\a\\comfy-gpu-ci\\comfy-gpu-ci\\test_workspaces\\MotionCapture-0031\\portable-comfyui\\ComfyUI_windows_portable\\ComfyUI\\output\\output\\motion.bvh'}
  [ComfyUI] [05/11 00:40:17][INFO] [BVHViewer DEBUG] bvh_info: {'num_frames': 312, 'fps': 30, 'file_path': 'D:\\a\\comfy-gpu-ci\\comfy-gpu-ci\\test_workspaces\\MotionCapture-0031\\portable-comfyui\\ComfyUI_windows_portable\\ComfyUI\\output\\output\\motion.bvh'}
  [ComfyUI] [05/11 00:40:17][INFO] [BVHViewer DEBUG] bvh_info: {'num_frames': 312, 'fps': 30, 'file_path': 'D:\\a\\comfy-gpu-ci\\comfy-gpu-ci\\test_workspaces\\MotionCapture-0031\\portable-comfyui\\ComfyUI_windows_portable\\ComfyUI\\output\\output\\motion.bvh'}
  [ComfyUI] [05/11 00:40:17][INFO] [BVHViewer DEBUG] bvh_info: {'num_frames': 312, 'fps': 30, 'file_path': 'D:\\a\\comfy-gpu-ci\\comfy-gpu-ci\\test_workspaces\\MotionCapture-0031\\portable-comfyui\\ComfyUI_windows_portable\\ComfyUI\\output\\output\\motion.bvh'}
  [ComfyUI] [worker:ComfyUI-MotionCapture] INFO: [BVHViewer] Loaded BVH with 312 frames
  [ComfyUI] [worker:ComfyUI-MotionCapture] INFO: [BVHViewer] Loaded BVH with 312 frames
  [ComfyUI] [worker:ComfyUI-MotionCapture] INFO: [BVHViewer] Loaded BVH with 312 frames
  [ComfyUI] [05/11 00:40:17][INFO] [BVHViewer] Loaded BVH with 312 frames
  [ComfyUI] [05/11 00:40:17][INFO] [BVHViewer] Loaded BVH with 312 frames
  [ComfyUI] [05/11 00:40:17][INFO] [BVHViewer] Loaded BVH with 312 frames
  [ComfyUI] [SubprocessWorker] got response: ok
  [ComfyUI] [SubprocessWorker] got response: ok
  [ComfyUI] [SubprocessWorker] got response: ok
  [ComfyUI] [comfy-env] BVHViewer done (0.62s): result: NodeOutput
  [ComfyUI] [comfy-env] BVHViewer done (0.62s): result: NodeOutput
  [ComfyUI] [comfy-env] BVHViewer done (0.62s): result: NodeOutput
  [ComfyUI] Prompt executed in 1.84 seconds
  [ComfyUI] Prompt executed in 1.84 seconds
  [ComfyUI] Prompt executed in 1.84 seconds
  Node executed (1 total), capturing...
  Frame 2 saved (frame_001.jpg, t=2.3s)
  [capture-node] freeze=3ms shot=101ms unfreeze=0ms saved=True
  Execution complete (t=2.3s)
  Captured 2 unique frames over 2.4s
  [debug] iframes: 1
  [debug]   iframe[0]: src=http://127.0.0.1:41882/extensions/ComfyUI-MotionCapture/viewer_bvh.html?v=177846, canvas=374x600, rafFrozen=True
  [timing] trigger_3d_previews: 0.0s
  Saved high-quality screenshot: smpl_to_bvh_pipeline_executed.png
  [timing] final_screenshot: 0.2s
    Captured 3 video frames