[00:00] Crash dump logging enabled: /home/runner/work/comfy-gpu-ci/comfy-gpu-ci/comfy-test-logs/MotionCapture-0920/dev/linux-cpu/crash_dump.log
[00:00] 
[00:00] [1/5] SYNTAX
[00:00] ----------------------------------------
[00:00] 
[DEBUG] server=None, server_url=None, api=None
[00:00] Found pyproject.toml (modern format)
[00:00] Found requirements.txt (legacy format)
[00:00] Unicode check: OK (all characters cp1252-safe)
[00:00] Forbidden patterns check: OK
[00:00] [SYNTAX] PASSED
[00:00] 
[00:00] [2/5] INSTALL
[00:00] ----------------------------------------
[00:00] 
[DEBUG] server=None, server_url=None, api=None
[00:00] 
Setting up ComfyUI...
[00:00] Creating virtual environment...
[00:00] Running: uv venv /home/runner/work/comfy-gpu-ci/comfy-gpu-ci/test_workspaces/MotionCapture-0920/.venv --python 3.10
[00:02] Cloning ComfyUI (latest)...
[00:02] Running: git clone --depth 1 https://github.com/comfyanonymous/ComfyUI.git /home/runner/work/comfy-gpu-ci/comfy-gpu-ci/test_workspaces/MotionCapture-0920/ComfyUI
[00:03] Installing ComfyUI requirements...
[00:03] Running: uv pip install --python /home/runner/work/comfy-gpu-ci/comfy-gpu-ci/test_workspaces/MotionCapture-0920/.venv/bin/python -r /home/runner/work/comfy-gpu-ci/comfy-gpu-ci/test_workspaces/MotionCapture-0920/ComfyUI/requirements.txt
[00:25] 
Installing custom node...
[00:25] Copying ComfyUI-MotionCapture to custom_nodes/...
[00:25] Installing node requirements...
[00:25] Running: uv pip install --python /home/runner/work/comfy-gpu-ci/comfy-gpu-ci/test_workspaces/MotionCapture-0920/.venv/bin/python -r /home/runner/work/comfy-gpu-ci/comfy-gpu-ci/test_workspaces/MotionCapture-0920/ComfyUI/custom_nodes/ComfyUI-MotionCapture/requirements.txt
[00:26] 
Running install.py...
[00:26] Running: /home/runner/work/comfy-gpu-ci/comfy-gpu-ci/test_workspaces/MotionCapture-0920/.venv/bin/python /home/runner/work/comfy-gpu-ci/comfy-gpu-ci/test_workspaces/MotionCapture-0920/ComfyUI/custom_nodes/ComfyUI-MotionCapture/install.py
[00:26]   
[00:26]   Installing 3 node dependencies...
[00:26]     Cloning ComfyUI-VideoHelperSuite...
[00:27]     Installing requirements for ComfyUI-VideoHelperSuite...
[00:28]     Cloning ComfyUI-CameraPack...
[00:28]     Cloning ComfyUI-HyMotion...
[00:30]     Installing requirements for ComfyUI-HyMotion...
[00:32]     Running install.py for ComfyUI-HyMotion...
[00:32]   Using uv for installation...
[00:32]   Installing fbxsdkpy==2020.1.post2...
[00:37]   Installing requirements from /home/runner/work/comfy-gpu-ci/comfy-gpu-ci/test_workspaces/MotionCapture-0920/ComfyUI/custom_nodes/ComfyUI-HyMotion/requirements.txt...
[00:37]   
[00:37]   [requirements] Re-installing main package requirements...
[00:37]     Installing requirements for ComfyUI-MotionCapture...
[00:38]   [comfy-env] _discover: scanning /home/runner/work/comfy-gpu-ci/comfy-gpu-ci/test_workspaces/MotionCapture-0920/ComfyUI/custom_nodes
[00:38]   [comfy-env] _discover: ComfyUI-CameraPack: no comfy-env.toml found
[00:38]   [comfy-env] _discover: ComfyUI-HyMotion: no comfy-env.toml found
[00:38]   [comfy-env] _discover: ComfyUI-MotionCapture -> motioncapture-nodes (custom_nodes/ComfyUI-MotionCapture/nodes/comfy-env.toml)
[00:38]   [comfy-env] _discover: ComfyUI-VideoHelperSuite: no comfy-env.toml found
[00:38]   [comfy-env] Workspace: /home/runner/.ce
[00:38]   [comfy-env] ComfyUI: /home/runner/work/comfy-gpu-ci/comfy-gpu-ci/test_workspaces/MotionCapture-0920/ComfyUI
[00:38]   [comfy-env] Found 1 node config(s):
[00:38]     - motioncapture-nodes <- custom_nodes/ComfyUI-MotionCapture/nodes/comfy-env.toml (python=host)
[00:38]   [comfy-env] Bootstrap interpreter has python 3.10 + torch 2.11.0 (cpu). Looking for cuda-only wheels matching cpu/torch2.11/cp310.
[00:40]   [comfy-env] GPU: No GPU detected
[00:40]   [comfy-env] No CUDA detected -- pinning comfyui torch to CPU index
[00:40]   [comfy-env] Host glibc 2.39 -> system-requirements
[00:40]   Generated /home/runner/.ce/pixi.toml
[00:40]   [comfy-env] Installing 1 environment(s):
[00:40]     - motioncapture-nodes (python=host, 40 pypi deps, 2 cuda wheels)
[00:40]   [comfy-env] Running `pixi install -e motioncapture-nodes`...
[00:49]      WARN Skipped running the post-link scripts because `run-post-link-scripts` = `false`
[00:49]     	- bin/.librsvg-pre-unlink.sh
[00:49]     To enable them, run:
[00:49]     	pixi config set --local run-post-link-scripts insecure
[00:49]     More info:
[00:49]     	https://pixi.sh/latest/reference/pixi_configuration/#run-post-link-scripts
[00:59]     ✔ The motioncapture-nodes environment has been installed.
[00:59]   [comfy-env] Recorded install hash ee8f0a2b4de8 -> /home/runner/.ce/install.hash
[00:59]   [comfy-env] Install log: /home/runner/.ce/install.log
[00:59]   
[00:59]   Installation complete!
[00:59] Installing 3 node dependency(ies)...
[00:59]   ComfyUI-VideoHelperSuite from Kosinkadink/ComfyUI-VideoHelperSuite
[00:59]   ComfyUI-VideoHelperSuite already exists, skipping...
[00:59]   ComfyUI-CameraPack from PozzettiAndrea/ComfyUI-CameraPack
[00:59]   ComfyUI-CameraPack already exists, skipping...
[00:59]   ComfyUI-HyMotion from PozzettiAndrea/ComfyUI-HyMotion
[00:59]   ComfyUI-HyMotion already exists, skipping...
[00:59] Installing validation endpoint...
[00:59]   Cloning PozzettiAndrea/ComfyUI-validate-endpoint...
[00:59] Running: git clone --depth 1 https://github.com/PozzettiAndrea/ComfyUI-validate-endpoint.git /home/runner/work/comfy-gpu-ci/comfy-gpu-ci/test_workspaces/MotionCapture-0920/ComfyUI/custom_nodes/ComfyUI-validate-endpoint
[00:59] CUDA packages absent (will mock): dpvo_cuda, torch_scatter
[00:59] [INSTALL] PASSED
[00:59] 
[00:59] [3/5] REGISTRATION
[00:59] ----------------------------------------
[00:59] 
[DEBUG] server=None, server_url=None, api=None
[00:59] 
Starting ComfyUI server...
[00:59] Starting ComfyUI server on port 41896...
[00:59] CUDA mock packages: dpvo_cuda, torch_scatter
[00:59] Starting ComfyUI server on port 41896...
[00:59] Waiting for server to be ready (timeout: 600s)...
[01:00]   [ComfyUI] setup plugin alembic.autogenerate.schemas
[01:00]   [ComfyUI] setup plugin alembic.autogenerate.tables
[01:00]   [ComfyUI] setup plugin alembic.autogenerate.types
[01:00]   [ComfyUI] setup plugin alembic.autogenerate.constraints
[01:00]   [ComfyUI] setup plugin alembic.autogenerate.defaults
[01:00]   [ComfyUI] setup plugin alembic.autogenerate.comments
[01:01]   [ComfyUI] [comfy-env] ComfyUI-MotionCapture: 1 isolation env(s):
[01:01]   [ComfyUI] [comfy-env]   nodes -> /home/runner/work/comfy-gpu-ci/comfy-gpu-ci/test_workspaces/MotionCapture-0920/ComfyUI/custom_nodes/ComfyUI-MotionCapture/nodes
[01:01]   [ComfyUI] [comfy-env] prestartup complete
[01:01]   [ComfyUI] 
[01:01]   [ComfyUI] Prestartup times for custom nodes:
[01:01]   [ComfyUI]    0.2 seconds: /home/runner/work/comfy-gpu-ci/comfy-gpu-ci/test_workspaces/MotionCapture-0920/ComfyUI/custom_nodes/ComfyUI-MotionCapture
[01:01]   [ComfyUI] 
[01:05]   [ComfyUI] Found comfy_kitchen backend cuda: {'available': False, 'disabled': False, 'unavailable_reason': 'CUDA not available on this system', 'capabilities': []}
[01:05]   [ComfyUI] Found comfy_kitchen backend triton: {'available': False, 'disabled': True, 'unavailable_reason': 'Neither CUDA nor XPU available on this system', 'capabilities': []}
[01:05]   [ComfyUI] Found comfy_kitchen backend eager: {'available': True, 'disabled': False, 'unavailable_reason': None, 'capabilities': ['apply_rope', 'apply_rope1', 'dequantize_mxfp8', 'dequantize_nvfp4', 'dequantize_per_tensor_fp8', 'quantize_mxfp8', 'quantize_nvfp4', 'quantize_per_tensor_fp8', 'scaled_mm_mxfp8', 'scaled_mm_nvfp4']}
[01:05]   [ComfyUI] Checkpoint files will always be loaded safely.
[01:05]   [ComfyUI] Total VRAM 15990 MB, total RAM 15990 MB
[01:05]   [ComfyUI] pytorch version: 2.11.0+cu130
[01:05]   [ComfyUI] Set vram state to: DISABLED
[01:05]   [ComfyUI] Device: cpu
[01:05]   [ComfyUI] Using sub quadratic optimization for attention, if you have memory or speed issues try using: --use-split-cross-attention
[01:09]   [ComfyUI] Python version: 3.10.20 (main, May 10 2026, 19:27:29) [Clang 22.1.3 ]
[01:09]   [ComfyUI] ComfyUI version: 0.21.0
[01:09]   [ComfyUI] comfy-aimdo version: 0.3.0
[01:09]   [ComfyUI] comfy-kitchen version: 0.2.8
[01:09]   [ComfyUI] ****** User settings have been changed to be stored on the server instead of browser storage. ******
[01:09]   [ComfyUI] ****** For multi-user setups add the --multi-user CLI argument to enable multiple user profiles. ******
[01:09]   [ComfyUI] ComfyUI frontend version: 1.43.18
[01:09]   [ComfyUI] [Prompt Server] web root: /home/runner/work/comfy-gpu-ci/comfy-gpu-ci/test_workspaces/MotionCapture-0920/.venv/lib/python3.10/site-packages/comfyui_frontend_package/static
[01:09]   [ComfyUI] Asset seeder disabled
[01:12]   [ComfyUI] loading...
[01:12]   [ComfyUI] calling register_nodes
[01:12]   [ComfyUI] [comfy-env] Version: 0.3.83
[01:12]   [ComfyUI] [comfy-env] register_nodes: ComfyUI-MotionCapture
[01:12]   [ComfyUI] [comfy-env] ComfyUI source dir: /home/runner/work/comfy-gpu-ci/comfy-gpu-ci/test_workspaces/MotionCapture-0920/ComfyUI
[01:12]   [ComfyUI] [comfy-env] Found 1 isolation env(s)
[01:12]   [ComfyUI] [comfy-env] Scanning nodes metadata (isolation root)...
[01:12]   [ComfyUI] [comfy-env] Metadata scan: /home/runner/.pixi/bin/pixi run --as-is --manifest-path /home/runner/.ce/pixi.toml -e motioncapture-nodes python /tmp/comfy_meta_hp5lsoke.py /home/runner/work/comfy-gpu-ci/comfy-gpu-ci/test_workspaces/MotionCapture-0920/ComfyUI/custom_nodes/ComfyUI-MotionCapture nodes
[01:12]   [ComfyUI] [comfy-env] Scan env PATH for nodes:
[01:12]   [ComfyUI] [comfy-env]   [0] /opt/hostedtoolcache/Python/3.12.13/x64/bin
[01:12]   [ComfyUI] [comfy-env]   [1] /opt/hostedtoolcache/Python/3.12.13/x64
[01:12]   [ComfyUI] [comfy-env]   [2] /snap/bin
[01:12]   [ComfyUI] [comfy-env]   [3] /home/runner/.local/bin
[01:12]   [ComfyUI] [comfy-env]   [4] /opt/pipx_bin
[01:12]   [ComfyUI] [comfy-env]   [5] /home/runner/.cargo/bin
[01:12]   [ComfyUI] [comfy-env]   [6] /home/runner/.config/composer/vendor/bin
[01:12]   [ComfyUI] [comfy-env]   [7] /usr/local/.ghcup/bin
[01:12]   [ComfyUI] [comfy-env]   [8] /home/runner/.dotnet/tools
[01:12]   [ComfyUI] [comfy-env]   [9] /usr/local/sbin
[01:12]   [ComfyUI] [comfy-env]   [10] /usr/local/bin
[01:12]   [ComfyUI] [comfy-env]   [11] /usr/sbin
[01:12]   [ComfyUI] [comfy-env]   [12] /usr/bin
[01:12]   [ComfyUI] [comfy-env]   [13] /sbin
[01:12]   [ComfyUI] [comfy-env]   [14] /bin
[01:12]   [ComfyUI] [comfy-env]   [15] /usr/games
[01:12]   [ComfyUI] [comfy-env]   [16] /usr/local/games
[01:12]   [ComfyUI] [comfy-env]   [17] /snap/bin
[01:15]   [ComfyUI] [comfy-env] Metadata scan stderr for nodes:
[01:15]   [ComfyUI] [comfy-env]   [meta-scan] importing nodes from /home/runner/work/comfy-gpu-ci/comfy-gpu-ci/test_workspaces/MotionCapture-0920/ComfyUI/custom_nodes/ComfyUI-MotionCapture
[01:15]   [ComfyUI] [comfy-env]   [05/11 09:21:18][ERROR] Failed to import comfy_kitchen, Error: No module named 'comfy_kitchen', fp8 and fp4 support will not be available.
[01:15]   [ComfyUI] [comfy-env]   [05/11 09:21:18][INFO] Checkpoint files will always be loaded safely.
[01:15]   [ComfyUI] [comfy-env]   [05/11 09:21:18][INFO] [GVHMRInference] DPVO not installed - only SimpleVO will be available
[01:15]   [ComfyUI] [comfy-env]   [meta-scan] import OK
[01:15]   [ComfyUI] [comfy-env] Scanned nodes: 22 nodes (3.4s)
[01:15]   [ComfyUI] [comfy-env] Scanned nodes root: 22 nodes (3.4s)
[01:15]   [ComfyUI] [comfy-env] Imported nodes root: 22 nodes (isolation)
[01:15]   [ComfyUI] [comfy-env] Registered 22 total nodes
[01:16]   [ComfyUI] Failed to extract font properties from /usr/share/fonts/truetype/noto/NotoColorEmoji.ttf: Can not load face (unknown file format; error code 0x2)
[01:16]   [ComfyUI] generated new fontManager
[01:17]   [ComfyUI] 
[01:17]   [ComfyUI] Import times for custom nodes:
[01:17]   [ComfyUI]    0.0 seconds: /home/runner/work/comfy-gpu-ci/comfy-gpu-ci/test_workspaces/MotionCapture-0920/ComfyUI/custom_nodes/websocket_image_save.py
[01:17]   [ComfyUI]    0.0 seconds: /home/runner/work/comfy-gpu-ci/comfy-gpu-ci/test_workspaces/MotionCapture-0920/ComfyUI/custom_nodes/ComfyUI-validate-endpoint
[01:17]   [ComfyUI]    0.0 seconds: /home/runner/work/comfy-gpu-ci/comfy-gpu-ci/test_workspaces/MotionCapture-0920/ComfyUI/custom_nodes/ComfyUI-CameraPack
[01:17]   [ComfyUI]    0.0 seconds: /home/runner/work/comfy-gpu-ci/comfy-gpu-ci/test_workspaces/MotionCapture-0920/ComfyUI/custom_nodes/ComfyUI-VideoHelperSuite
[01:17]   [ComfyUI]    1.5 seconds: /home/runner/work/comfy-gpu-ci/comfy-gpu-ci/test_workspaces/MotionCapture-0920/ComfyUI/custom_nodes/ComfyUI-HyMotion
[01:17]   [ComfyUI]    3.6 seconds: /home/runner/work/comfy-gpu-ci/comfy-gpu-ci/test_workspaces/MotionCapture-0920/ComfyUI/custom_nodes/ComfyUI-MotionCapture
[01:17]   [ComfyUI] 
[01:17]   [ComfyUI] Context impl SQLiteImpl.
[01:17]   [ComfyUI] Will assume non-transactional DDL.
[01:17]   [ComfyUI] Context impl SQLiteImpl.
[01:17]   [ComfyUI] Will assume non-transactional DDL.
[01:17]   [ComfyUI] Running upgrade  -> 0001_assets, Initial assets schema
[01:17]   [ComfyUI] Revision ID: 0001_assets
[01:17]   [ComfyUI] Revises: None
[01:17]   [ComfyUI] Create Date: 2025-12-10 00:00:00
[01:17]   [ComfyUI] Running upgrade 0001_assets -> 0002_merge_to_asset_references, Merge AssetInfo and AssetCacheState into unified asset_references table.
[01:17]   [ComfyUI] Running upgrade 0002_merge_to_asset_references -> 0003_add_metadata_job_id, Add system_metadata and job_id columns to asset_references.
[01:17]   [ComfyUI] Change preview_id FK from assets.id to asset_references.id.
[01:17]   [ComfyUI] Database upgraded from None to 0003_add_metadata_job_id
[01:17]   [ComfyUI] Starting server
[01:17]   [ComfyUI] 
[01:17]   [ComfyUI] To see the GUI go to: http://127.0.0.1:41896
[01:17] Server responding, waiting for nodes to load...
[01:37] Server is ready!
[01:37] Checking for import errors in server logs...
[01:37] No import errors detected
[01:38] Found 794 registered nodes
[01:38] [REGISTRATION] PASSED
[01:38] 
[01:38] [4/5] INSTANTIATION
[01:38] ----------------------------------------
[01:38] 
[DEBUG] server=<comfy_test.comfyui.server.ComfyUIServer object at 0x7f3ef76f4b00>, server_url=None, api=<comfy_test.comfyui.api.ComfyUIAPI object at 0x7f3ef7585dc0>
[01:38] Testing node constructors...
[01:39] All 22 node(s) instantiated successfully!
[01:39] [INSTANTIATION] PASSED
[01:39] 
[01:39] [5/5] EXECUTION
[01:39] ----------------------------------------
[01:39] 
[DEBUG] server=<comfy_test.comfyui.server.ComfyUIServer object at 0x7f3ef76f4b00>, server_url=None, api=<comfy_test.comfyui.api.ComfyUIAPI object at 0x7f3ef7585dc0>
[01:39] CPU runner - will execute 3 workflow(s)
[01:39] Running 5 workflow(s) (all with videos)...
[01:39] Installing screenshot dependencies (playwright, pillow)...
[01:40]   Packages installed, downloading chromium browser...
[01:49]   Screenshot dependencies installed successfully
[01:50] Starting headless browser...
[01:50]   Installing Mesa llvmpipe (apt)...
[02:01]   Mesa install failed: E: Unable to locate package libegl1-mesa

[02:01]   No GPU, no Mesa -- using SwiftShader software rendering
[02:01]   [1/5] SKIPPED (not in cpu list) GVHMR.json
[02:01]   [2/5] SKIPPED (not in cpu list) GVHMR_cameramotion.json
[02:02] Capturing execution frames: apply_motion_on_character.json
[02:03]   [ComfyUI] [DEPRECATION WARNING] Detected import of deprecated legacy API: /extensions/core/widgetInputs.js. This is likely caused by a custom node extension using outdated APIs. Please update your extensions or contact the extension author for an updated version.
[02:09]   Frame 1 saved (frame_000.jpg, t=0.0s)
[02:09]   Validating workflow...
[02:09]   [ComfyUI] === /validate endpoint called ===
[02:09]   [ComfyUI] Received JSON with keys: ['prompt']
[02:09]   [ComfyUI] Prompt has 6 nodes
[02:09]   [ComfyUI]   Node 1: HYMotionNPZToSMPLParams
[02:09]   [ComfyUI]     Inputs: {"npz_path": ["2", 0]}
[02:09]   [ComfyUI]   Node 2: LoadSMPL
[02:09]   [ComfyUI]     Inputs: {"file_path": "smpl_params_example.npz"}
[02:09]   [ComfyUI]   Node 3: HYMotionSMPLToData
[02:09]   [ComfyUI]     Inputs: {"text": "", "duration": 0, "smpl_params": ["1", 0]}
[02:09]   [ComfyUI]   Node 4: HYMotionRetargetFBX
[02:09]   Queuing workflow for execution...
[02:09]   [ComfyUI]     Inputs: {"target_fbx": ["9", 0], "output_dir": "hymotion_retarget", "filename_prefix": "retarget", "mapping_file": "", "yaw_offset": 0, "neutral_fingers": true, "unique_names": true, "in_place": false, "in_pl
[02:09]   [ComfyUI]   Node 6: Preview3D
[02:09]   [ComfyUI]     Inputs: {"model_file": ["4", 0], "image": ""}
[02:09]   [ComfyUI]   Node 9: PrimitiveString
[02:09]   [ComfyUI]     Inputs: {"value": "3d/mixamo.fbx"}
[02:09]   [ComfyUI] Generated prompt_id: 92a44ed6-ca64-4c83-a9d1-89edbc880db7
[02:09]   [ComfyUI] Calling execution.validate_prompt()...
[02:09]   [ComfyUI] Validation result: valid=True
[02:09]   [ComfyUI] === Validation PASSED ===
[02:09]   [ComfyUI] got prompt
[02:09]   [ComfyUI] [comfy-env] Running LoadSMPL: file_path: 'smpl_params_example.npz'
[02:09]   [ComfyUI] [comfy-env] SubprocessWorker: /home/runner/.ce/.pixi/envs/motioncapture-nodes/bin/python
[02:09]   [ComfyUI] [comfy-env] env_vars: {'COMFYUI_BASE': '/home/runner/work/comfy-gpu-ci/comfy-gpu-ci/test_workspaces/MotionCapture-0920/ComfyUI'}
[02:09]   [ComfyUI] [SubprocessWorker] call_method: nodes.load_smpl_node.LoadSMPLParams.EXECUTE_NORMALIZED
[02:09]   [ComfyUI] [SubprocessWorker] acquired lock, ensuring started...
[02:09]   [ComfyUI] [ComfyUI-MotionCapture] python: /home/runner/.ce/.pixi/envs/motioncapture-nodes/bin/python
[02:09]   [ComfyUI] [ComfyUI-MotionCapture] sys_path sent to worker: ['/home/runner/work/comfy-gpu-ci/comfy-gpu-ci/test_workspaces/MotionCapture-0920/ComfyUI', '/home/runner/work/comfy-gpu-ci/comfy-gpu-ci/test_workspaces/MotionCapture-0920/ComfyUI/custom_nodes/ComfyUI-MotionCapture', '/home/runner/.ce/.pixi/envs/motioncapture-nodes/lib/python3.10/site-packages', '/home/runner/work/comfy-gpu-ci/comfy-gpu-ci/test_workspaces/MotionCapture-0920/ComfyUI/custom_nodes/ComfyUI-MotionCapture']
[02:09]   [ComfyUI] [SubprocessWorker] is_pixi=True, python=/home/runner/.ce/.pixi/envs/motioncapture-nodes/bin/python
[02:09]   [ComfyUI] [SubprocessWorker] launching cmd=['/home/runner/.pixi/bin/pixi', 'run', '--as-is', '--manifest-path', '/home/runner/.ce/pixi.toml', '-e', 'motioncapture-nodes', 'python', '/tmp/comfyui_pvenv_vvryfdwm/persistent_worker.py', 'abstract://comfy_worker_6f49d53a94b4']...
[02:09]   [ComfyUI] [SubprocessWorker] socket_addr=abstract://comfy_worker_6f49d53a94b4 (abstract, no filesystem path)
[02:10]   [ComfyUI] [worker:ComfyUI-MotionCapture] ERROR: Failed to import comfy_kitchen, Error: No module named 'comfy_kitchen', fp8 and fp4 support will not be available.
[02:10]   [ComfyUI] [SubprocessWorker] worker started/confirmed
[02:10]   [ComfyUI] [SubprocessWorker] serializing kwargs to shm...
[02:10]   [ComfyUI] [SubprocessWorker] created 0 shm blocks
[02:10]   [ComfyUI] [SubprocessWorker] sending request via socket...
[02:10]   [ComfyUI] [SubprocessWorker] call_id=1 sending call_method
[02:10]   [ComfyUI] [worker:ComfyUI-MotionCapture] INFO: [GVHMRInference] DPVO not installed - only SimpleVO will be available
[02:10]   [ComfyUI] [05/11 09:22:14][INFO] [GVHMRInference] DPVO not installed - only SimpleVO will be available
[02:10]   [ComfyUI] [05/11 09:22:14][INFO] Selected: /home/runner/work/comfy-gpu-ci/comfy-gpu-ci/test_workspaces/MotionCapture-0920/ComfyUI/input/smpl_params_example.npz
[02:10]   [ComfyUI] [worker:ComfyUI-MotionCapture] INFO: Selected: /home/runner/work/comfy-gpu-ci/comfy-gpu-ci/test_workspaces/MotionCapture-0920/ComfyUI/input/smpl_params_example.npz
[02:10]   [ComfyUI] [HY-Motion] NPZ to SMPL_PARAMS: loaded /home/runner/work/comfy-gpu-ci/comfy-gpu-ci/test_workspaces/MotionCapture-0920/ComfyUI/input/smpl_params_example.npz
[02:10]   [ComfyUI] [SubprocessWorker] got response: ok
[02:10]   [ComfyUI] [HY-Motion]   keys: ['body_pose', 'betas', 'global_orient', 'transl', 'global_orient_incam', 'transl_incam', 'R_cam2world', 't_cam2world', 'K_fullimg', 'img_width', 'img_height']
[02:10]   [ComfyUI] [comfy-env] LoadSMPL done (1.70s): result: NodeOutput
[02:10]   [ComfyUI] [HY-Motion] Input has 22 joints. Auto-padding to reach 52 joints (SMPL-H).
[02:10]   [ComfyUI] [HY-Motion] Padded poses shape: torch.Size([1, 551, 52, 3])
[02:10]   [ComfyUI] [HY-Motion] Auto-calculated duration: 18.37s (551 frames @ 30.0 FPS)
[02:10]   [ComfyUI] [HY-Motion] Loading 3D body model for converter preview...
[02:10]   [ComfyUI] [WoodenMesh] Loaded model: 24256 vertices, 52 joints
[02:11]   Frame 2 saved (frame_001.jpg, t=2.3s)
[02:11]   [capture-periodic] freeze=3ms shot=139ms unfreeze=9ms saved=True
[02:13]   Frame 3 saved (frame_002.jpg, t=4.5s)
[02:13]   [capture-periodic] freeze=3ms shot=123ms unfreeze=2ms saved=True
[02:14]   [capture-loop] iter=50 t=5.9s state={'complete': False, 'error': None, 'executedCount': 0, 'wsState': 1} eval_ms=4 ram=2.8/15.6GB (18%) swap=0.0/3.0GB (0%) cpu=29% browser_rss=0.88GB
[02:15]   [ComfyUI] [HY-Motion] Successfully converted 551 frames (52 joints) from SMPL to HY-Motion format (Batch: 1).
[02:15]   [ComfyUI] [HYMotionRetargetFBX] Retargeting batch 0/1 (Native In-Memory)...
[02:15]   [ComfyUI] [Retarget] NPZ Detect: Keypoints are already animated (Travel=4.32m). Skipping Transl addition.
[02:15]   [ComfyUI] Using full 52-joint 'poses' from NPZ...
[02:17]   Frame 4 saved (frame_003.jpg, t=8.9s)
[02:17]   [capture-periodic] freeze=2ms shot=107ms unfreeze=3ms saved=True
[02:19]   [ComfyUI] [HY-Motion] Loading FBX for retargeting: /home/runner/work/comfy-gpu-ci/comfy-gpu-ci/test_workspaces/MotionCapture-0920/ComfyUI/input/3d/mixamo.fbx
[02:19]   [ComfyUI] Using hardcoded bone mappings (no JSON file needed)
[02:19]   [ComfyUI] [Retarget] load_bone_mapping: Found 62 matches via semantic names.
[02:19]   [ComfyUI] [Retarget] Found target root via name 'hips': mixamorig:Hips
[02:19]   [ComfyUI] [Retarget] Starting Structural BFS Matching from Pelvis -> mixamorig:Hips...
[02:19]   [ComfyUI] [Retarget] Structural BFS Matching complete. Total matches: 62
[02:19]   [ComfyUI] [Retarget] Final load_bone_mapping: Found 62 total matches.
[02:19]   [ComfyUI] Retargeting Animation...
[02:19]   [ComfyUI] [Retarget] Applying Neutral Finger pre-pass (Source)...
[02:19]   [ComfyUI] 
[02:19]   [ComfyUI] [Retarget] Bone Mapping Results:
[02:19]   [ComfyUI]   Total: 52 bones mapped
[02:19]   [ComfyUI]   - Head -> mixamorig:Head
[02:19]   [ComfyUI]   - Pelvis -> mixamorig:Hips
[02:19]   [ComfyUI]   - L_Shoulder -> mixamorig:LeftArm
[02:19]   [ComfyUI]   - L_Ankle -> mixamorig:LeftFoot
[02:19]   [ComfyUI]   - L_Elbow -> mixamorig:LeftForeArm
[02:19]   [ComfyUI]   - L_Wrist -> mixamorig:LeftHand
[02:19]   [ComfyUI]   - L_Index1 -> mixamorig:LeftHandIndex1
[02:19]   [ComfyUI]   - L_Index2 -> mixamorig:LeftHandIndex2
[02:19]   [ComfyUI]   - L_Index3 -> mixamorig:LeftHandIndex3
[02:19]   [ComfyUI]   - L_Middle1 -> mixamorig:LeftHandMiddle1
[02:19]   [ComfyUI]   - L_Middle2 -> mixamorig:LeftHandMiddle2
[02:19]   [ComfyUI]   - L_Middle3 -> mixamorig:LeftHandMiddle3
[02:19]   [ComfyUI]   - L_Pinky1 -> mixamorig:LeftHandPinky1
[02:19]   [ComfyUI]   - L_Pinky2 -> mixamorig:LeftHandPinky2
[02:19]   [ComfyUI]   - L_Pinky3 -> mixamorig:LeftHandPinky3
[02:19]   [ComfyUI]   - L_Ring1 -> mixamorig:LeftHandRing1
[02:19]   [ComfyUI]   - L_Ring2 -> mixamorig:LeftHandRing2
[02:19]   [ComfyUI]   - L_Ring3 -> mixamorig:LeftHandRing3
[02:19]   [ComfyUI]   - L_Thumb1 -> mixamorig:LeftHandThumb1
[02:19]   [ComfyUI]   - L_Thumb2 -> mixamorig:LeftHandThumb2
[02:19]   [ComfyUI]   - L_Thumb3 -> mixamorig:LeftHandThumb3
[02:19]   [ComfyUI]   - L_Knee -> mixamorig:LeftLeg
[02:19]   [ComfyUI]   - L_Collar -> mixamorig:LeftShoulder
[02:19]   [ComfyUI]   - L_Foot -> mixamorig:LeftToeBase
[02:19]   [ComfyUI]   - L_Hip -> mixamorig:LeftUpLeg
[02:19]   [ComfyUI]   - Neck -> mixamorig:Neck
[02:19]   [ComfyUI]   - R_Shoulder -> mixamorig:RightArm
[02:19]   [ComfyUI]   - R_Ankle -> mixamorig:RightFoot
[02:19]   [ComfyUI]   - R_Elbow -> mixamorig:RightForeArm
[02:19]   [ComfyUI]   - R_Wrist -> mixamorig:RightHand
[02:19]   [ComfyUI]   - R_Index1 -> mixamorig:RightHandIndex1
[02:19]   [ComfyUI]   - R_Index2 -> mixamorig:RightHandIndex2
[02:19]   [ComfyUI]   - R_Index3 -> mixamorig:RightHandIndex3
[02:19]   [ComfyUI]   - R_Middle1 -> mixamorig:RightHandMiddle1
[02:19]   [ComfyUI]   - R_Middle2 -> mixamorig:RightHandMiddle2
[02:19]   [ComfyUI]   - R_Middle3 -> mixamorig:RightHandMiddle3
[02:19]   [ComfyUI]   - R_Pinky1 -> mixamorig:RightHandPinky1
[02:19]   [ComfyUI]   - R_Pinky2 -> mixamorig:RightHandPinky2
[02:19]   [ComfyUI]   - R_Pinky3 -> mixamorig:RightHandPinky3
[02:19]   [ComfyUI]   - R_Ring1 -> mixamorig:RightHandRing1
[02:19]   [ComfyUI]   - R_Ring2 -> mixamorig:RightHandRing2
[02:19]   [ComfyUI]   - R_Ring3 -> mixamorig:RightHandRing3
[02:19]   [ComfyUI]   - R_Thumb1 -> mixamorig:RightHandThumb1
[02:19]   [ComfyUI]   - R_Thumb2 -> mixamorig:RightHandThumb2
[02:19]   [ComfyUI]   - R_Thumb3 -> mixamorig:RightHandThumb3
[02:19]   [ComfyUI]   - R_Knee -> mixamorig:RightLeg
[02:19]   [ComfyUI]   - R_Collar -> mixamorig:RightShoulder
[02:19]   [ComfyUI]   - R_Foot -> mixamorig:RightToeBase
[02:19]   [ComfyUI]   - R_Hip -> mixamorig:RightUpLeg
[02:19]   [ComfyUI]   - Spine1 -> mixamorig:Spine
[02:19]   [ComfyUI]   - Spine2 -> mixamorig:Spine1
[02:19]   [ComfyUI]   - Spine3 -> mixamorig:Spine2
[02:19]   [ComfyUI] [Retarget] Using Automatic Base Scale: 100.0000 (Meters to CM)
[02:19]   [ComfyUI] [Retarget] Applying Auto-Stride: Final Scale 94.1349 (Anatomical Ratio 0.9413)
[02:19]   [ComfyUI] [INFO] Height Check - Source: 165.49cm, Target: 155.78cm
[02:19]   [ComfyUI] [INFO] Final Retargeting Scale: 94.1349
[02:19]   [ComfyUI] [Retarget] Computed Alignment Matrix (Euler XYZ): [-1.76378096  0.03494695  1.13493838]
[02:20]   [ComfyUI] [Retarget] Identified Target Root for Translation: mixamorig:Hips
[02:20]   [ComfyUI] [Retarget] Target rest hip pos: [  0.   104.27   1.55]
[02:20]   [ComfyUI] [Retarget] Initial hip pos: [ 17.38 104.27  30.34]
[02:20]   [capture-loop] iter=100 t=11.7s state={'complete': False, 'error': None, 'executedCount': 0, 'wsState': 1} eval_ms=3 ram=2.2/15.6GB (14%) swap=0.0/3.0GB (0%) cpu=39% browser_rss=0.89GB
[02:21]   [ComfyUI] [Retarget] Configured FBX export with embedded materials
[02:21]   [ComfyUI] [Retarget] Saved FBX to: /home/runner/work/comfy-gpu-ci/comfy-gpu-ci/test_workspaces/MotionCapture-0920/ComfyUI/output/hymotion_retarget/retarget_20260511_092219594_048ab5d7_000.fbx
[02:21]   [ComfyUI] [HYMotionRetargetFBX] Batch 0 done: retarget_20260511_092219594_048ab5d7_000.fbx
[02:21]   [ComfyUI] [HYMotionRetargetFBX] Successfully retargeted 1 batch item(s)
[02:21]   [ComfyUI] Prompt executed in 12.74 seconds
[02:22]   Node executed (2 total), capturing...
[02:24]   Frame 5 saved (frame_004.jpg, t=13.5s)
[02:24]   [capture-node] freeze=862ms shot=896ms unfreeze=0ms saved=True
[02:24]   Execution complete (t=13.5s)
[02:24]   [3d-wait] Phase 1: Waiting for 'Loading 3D Model' text to disappear...
[03:24]   [3d-wait] Phase 1 exception after 60.0s: Page.wait_for_function: Timeout 60000ms exceeded.
[03:24]   [3d-wait] Phase 2: iframes=0
[03:24]   [3d-wait] Total 3D wait: 60.0s
[03:24]   Captured 5 unique frames over 75.37s
[03:24]   [debug] iframes: 0
[03:24]   [timing] trigger_3d_previews: 0.0s
[03:26]   Saved high-quality screenshot: apply_motion_on_character_executed.png
[03:26]   [timing] final_screenshot: 0.3s
[03:26] Capturing execution frames: load_camera_traj.json
[03:33]   Frame 1 saved (frame_000.jpg, t=0.0s)
[03:33]   Validating workflow...
[03:33]   [ComfyUI] === /validate endpoint called ===
[03:33]   [ComfyUI] Received JSON with keys: ['prompt']
[03:33]   [ComfyUI] Prompt has 4 nodes
[03:33]   [ComfyUI]   Node 2: LoadSMPL
[03:33]   [ComfyUI]     Inputs: {"file_path": "smpl_params_example.npz"}
[03:33]   [ComfyUI]   Node 3: LoadCameraTrajectory
[03:33]   [ComfyUI]     Inputs: {"file_path": "camera_trajectory_example.npz"}
[03:33]   [ComfyUI]   Node 6: LoadVideo
[03:33]   [ComfyUI]     Inputs: {"file": "dancing.mp4", "video-preview": ""}
[03:33]   [ComfyUI]   Node 8: SMPLCameraViewer
[03:33]   [ComfyUI]     Inputs: {"npz_path": ["2", 0], "camera_npz_path": ["3", 0], "mesh_color": 1, "smpl_camera_viewer": "", "video": ["6", 0]}
[03:33]   Queuing workflow for execution...
[03:33]   [ComfyUI] Generated prompt_id: 6cef0b3b-41b3-4efc-9d10-2ff7a33ea689
[03:33]   [ComfyUI] Calling execution.validate_prompt()...
[03:33]   [ComfyUI] Validation result: valid=True
[03:33]   [ComfyUI] === Validation PASSED ===
[03:33]   [ComfyUI] got prompt
[03:33]   [ComfyUI] [comfy-env] Running LoadCameraTrajectory: file_path: 'camera_trajectory_example.npz'
[03:33]   [ComfyUI] [SubprocessWorker] call_method: nodes.load_camera_trajectory_node.LoadCameraTrajectory.EXECUTE_NORMALIZED
[03:33]   [ComfyUI] [SubprocessWorker] acquired lock, ensuring started...
[03:33]   [ComfyUI] [ComfyUI-MotionCapture] Health check: ping (timeout=5.0s)...
[03:33]   [ComfyUI] [ComfyUI-MotionCapture] Health check: failed
[03:33]   [ComfyUI] [ComfyUI-MotionCapture] Socket unhealthy, restarting worker...
[03:33]   [ComfyUI] [ComfyUI-MotionCapture] python: /home/runner/.ce/.pixi/envs/motioncapture-nodes/bin/python
[03:33]   [ComfyUI] [ComfyUI-MotionCapture] sys_path sent to worker: ['/home/runner/work/comfy-gpu-ci/comfy-gpu-ci/test_workspaces/MotionCapture-0920/ComfyUI', '/home/runner/work/comfy-gpu-ci/comfy-gpu-ci/test_workspaces/MotionCapture-0920/ComfyUI/custom_nodes/ComfyUI-MotionCapture', '/home/runner/.ce/.pixi/envs/motioncapture-nodes/lib/python3.10/site-packages', '/home/runner/work/comfy-gpu-ci/comfy-gpu-ci/test_workspaces/MotionCapture-0920/ComfyUI/custom_nodes/ComfyUI-MotionCapture']
[03:33]   [ComfyUI] [SubprocessWorker] is_pixi=True, python=/home/runner/.ce/.pixi/envs/motioncapture-nodes/bin/python
[03:33]   [ComfyUI] [SubprocessWorker] launching cmd=['/home/runner/.pixi/bin/pixi', 'run', '--as-is', '--manifest-path', '/home/runner/.ce/pixi.toml', '-e', 'motioncapture-nodes', 'python', '/tmp/comfyui_pvenv_vvryfdwm/persistent_worker.py', 'abstract://comfy_worker_b0c42266202b']...
[03:33]   [ComfyUI] [SubprocessWorker] socket_addr=abstract://comfy_worker_b0c42266202b (abstract, no filesystem path)
[03:34]   [ComfyUI] [worker:ComfyUI-MotionCapture] ERROR: Failed to import comfy_kitchen, Error: No module named 'comfy_kitchen', fp8 and fp4 support will not be available.
[03:34]   [ComfyUI] [SubprocessWorker] worker started/confirmed
[03:34]   [ComfyUI] [SubprocessWorker] serializing kwargs to shm...
[03:34]   [ComfyUI] [SubprocessWorker] created 0 shm blocks
[03:34]   [ComfyUI] [SubprocessWorker] sending request via socket...
[03:34]   [ComfyUI] [SubprocessWorker] call_id=2 sending call_method
[03:35]   [ComfyUI] [worker:ComfyUI-MotionCapture] INFO: [GVHMRInference] DPVO not installed - only SimpleVO will be available
[03:35]   [ComfyUI] [05/11 09:23:38][INFO] [GVHMRInference] DPVO not installed - only SimpleVO will be available
[03:35]   [ComfyUI] [worker:ComfyUI-MotionCapture] INFO: Selected: /home/runner/work/comfy-gpu-ci/comfy-gpu-ci/test_workspaces/MotionCapture-0920/ComfyUI/input/camera_trajectory_example.npz
[03:35]   [ComfyUI] [05/11 09:23:38][INFO] Selected: /home/runner/work/comfy-gpu-ci/comfy-gpu-ci/test_workspaces/MotionCapture-0920/ComfyUI/input/camera_trajectory_example.npz
[03:35]   [ComfyUI] [SubprocessWorker] got response: ok
[03:35]   [ComfyUI] [comfy-env] LoadCameraTrajectory done (2.09s): result: NodeOutput
[03:35]   [ComfyUI] [comfy-env] Running LoadSMPL: file_path: 'smpl_params_example.npz'
[03:35]   [ComfyUI] [SubprocessWorker] call_method: nodes.load_smpl_node.LoadSMPLParams.EXECUTE_NORMALIZED
[03:35]   [ComfyUI] [SubprocessWorker] acquired lock, ensuring started...
[03:35]   [ComfyUI] [ComfyUI-MotionCapture] Health check: ping (timeout=5.0s)...
[03:35]   [ComfyUI] [ComfyUI-MotionCapture] Health check: ok
[03:35]   [ComfyUI] [SubprocessWorker] worker started/confirmed
[03:35]   [ComfyUI] [SubprocessWorker] serializing kwargs to shm...
[03:35]   [ComfyUI] [SubprocessWorker] created 0 shm blocks
[03:35]   [ComfyUI] [SubprocessWorker] sending request via socket...
[03:35]   [ComfyUI] [SubprocessWorker] call_id=3 sending call_method
[03:35]   [ComfyUI] [worker:ComfyUI-MotionCapture] INFO: Selected: /home/runner/work/comfy-gpu-ci/comfy-gpu-ci/test_workspaces/MotionCapture-0920/ComfyUI/input/smpl_params_example.npz
[03:35]   [ComfyUI] [05/11 09:23:39][INFO] Selected: /home/runner/work/comfy-gpu-ci/comfy-gpu-ci/test_workspaces/MotionCapture-0920/ComfyUI/input/smpl_params_example.npz
[03:35]   [ComfyUI] [SubprocessWorker] got response: ok
[03:35]   [ComfyUI] [comfy-env] LoadSMPL done (0.01s): result: NodeOutput
[03:35]   [ComfyUI] [comfy-env] Running SMPLCameraViewer: npz_path: '/home/runner/work/comfy-gpu-ci/comfy-gpu-ci/test_workspa..., camera_npz_path: '/home/runner/work/comfy-gpu-ci/comfy-gpu-ci/test_workspa..., mesh_color: '1', video: VideoFromFile
[03:35]   [ComfyUI] [SubprocessWorker] call_method: nodes.smpl_camera_viewer_node.SMPLCameraViewer.EXECUTE_NORMALIZED
[03:35]   [ComfyUI] [SubprocessWorker] acquired lock, ensuring started...
[03:35]   [ComfyUI] [ComfyUI-MotionCapture] Health check: ping (timeout=5.0s)...
[03:35]   [ComfyUI] [ComfyUI-MotionCapture] Health check: ok
[03:35]   [ComfyUI] [SubprocessWorker] worker started/confirmed
[03:35]   [ComfyUI] [SubprocessWorker] serializing kwargs to shm...
[03:35]   [ComfyUI] [SubprocessWorker] created 1 shm blocks
[03:35]   [ComfyUI] [SubprocessWorker] sending request via socket...
[03:35]   [ComfyUI] [SubprocessWorker] call_id=4 sending call_method
[03:35]   [ComfyUI] [worker:ComfyUI-MotionCapture] INFO: [SMPLCameraViewer] Generating 3D mesh + camera data...
[03:35]   [ComfyUI] [05/11 09:23:39][INFO] [SMPLCameraViewer] Generating 3D mesh + camera data...
[03:35]   [ComfyUI] [worker:ComfyUI-MotionCapture] INFO: [SMPLCameraViewer] Found incam params for through-camera rendering
[03:35]   [ComfyUI] [05/11 09:23:39][INFO] [SMPLCameraViewer] Found incam params for through-camera rendering
[03:35]   [ComfyUI] [worker:ComfyUI-MotionCapture] INFO: [SMPLCameraViewer] Processing 551 frames
[03:35]   [ComfyUI] [05/11 09:23:39][INFO] [SMPLCameraViewer] Processing 551 frames
[03:35]   [ComfyUI] [worker:ComfyUI-MotionCapture] INFO: [SMPLCameraViewer] Loaded camera trajectory (new format) from: /home/runner/work/comfy-gpu-ci/comfy-gpu-ci/test_workspaces/MotionCapture-0920/ComfyUI/input/camera_trajectory_example.npz
[03:35]   [ComfyUI] [05/11 09:23:39][INFO] [SMPLCameraViewer] Loaded camera trajectory (new format) from: /home/runner/work/comfy-gpu-ci/comfy-gpu-ci/test_workspaces/MotionCapture-0920/ComfyUI/input/camera_trajectory_example.npz
[03:35]   [ComfyUI] [worker:ComfyUI-MotionCapture] INFO: [SMPLCameraViewer] Video: 575 frames (SMPL: 551)
[03:35]   [ComfyUI] [05/11 09:23:39][INFO] [SMPLCameraViewer] Video: 575 frames (SMPL: 551)
[03:35]   [ComfyUI] [worker:ComfyUI-MotionCapture] INFO: [SMPLCameraViewer] SMPLX models not found, downloading from HuggingFace...
[03:35]   [ComfyUI] [05/11 09:23:39][INFO] [SMPLCameraViewer] SMPLX models not found, downloading from HuggingFace...
[03:35]   Frame 2 saved (frame_001.jpg, t=2.3s)
[03:35]   [capture-periodic] freeze=2ms shot=125ms unfreeze=4ms saved=True
[03:35]   [ComfyUI] /home/runner/.ce/.pixi/envs/motioncapture-nodes/lib/python3.10/site-packages/huggingface_hub/utils/_validators.py:205: UserWarning: The `local_dir_use_symlinks` argument is deprecated and ignored in `hf_hub_download`. Downloading to a local directory does not use symlinks anymore.
[03:35]   [ComfyUI]   warnings.warn(
[03:36]   [ComfyUI] [worker:ComfyUI-MotionCapture] INFO: HTTP Request: HEAD https://huggingface.co/lithiumice/models_hub/resolve/main/4_SMPLhub/SMPLX/X_npz/SMPLX_FEMALE.npz "HTTP/1.1 302 Found"
[03:36]   [ComfyUI] [05/11 09:23:39][INFO] HTTP Request: HEAD https://huggingface.co/lithiumice/models_hub/resolve/main/4_SMPLhub/SMPLX/X_npz/SMPLX_FEMALE.npz "HTTP/1.1 302 Found"
[03:36]   [ComfyUI] Warning: You are sending unauthenticated requests to the HF Hub. Please set a HF_TOKEN to enable higher rate limits and faster downloads.
[03:36]   [ComfyUI] [worker:ComfyUI-MotionCapture] WARNING: Warning: You are sending unauthenticated requests to the HF Hub. Please set a HF_TOKEN to enable higher rate limits and faster downloads.
[03:36]   [ComfyUI] [05/11 09:23:39][WARNING] Warning: You are sending unauthenticated requests to the HF Hub. Please set a HF_TOKEN to enable higher rate limits and faster downloads.
[03:36]   [ComfyUI] [worker:ComfyUI-MotionCapture] INFO: HTTP Request: GET https://huggingface.co/api/models/lithiumice/models_hub/xet-read-token/363972831b553e4f5b62d11d509e98830d930c97 "HTTP/1.1 200 OK"
[03:36]   [ComfyUI] [05/11 09:23:39][INFO] HTTP Request: GET https://huggingface.co/api/models/lithiumice/models_hub/xet-read-token/363972831b553e4f5b62d11d509e98830d930c97 "HTTP/1.1 200 OK"
[03:36]   [ComfyUI] 
[03:37]   [ComfyUI] 4_SMPLhub/SMPLX/X_npz/SMPLX_FEMALE.npz:   0%|          | 0.00/109M [00:00<?, ?B/s]
[03:37]   [ComfyUI] 4_SMPLhub/SMPLX/X_npz/SMPLX_FEMALE.npz: 100%|██████████| 109M/109M [00:01<00:00, 91.0MB/s][SubprocessWorker] callback 'report_progress' from call_id=4
[03:37]   [ComfyUI] 
[03:37]   [ComfyUI] 4_SMPLhub/SMPLX/X_npz/SMPLX_FEMALE.npz: 100%|██████████| 109M/109M [00:01<00:00, 90.8MB/s]
[03:37]   [ComfyUI] [worker:ComfyUI-MotionCapture] INFO: [SMPLCameraViewer] Downloaded SMPLX_FEMALE.npz
[03:37]   [ComfyUI] [05/11 09:23:41][INFO] [SMPLCameraViewer] Downloaded SMPLX_FEMALE.npz
[03:37]   [ComfyUI] [worker:ComfyUI-MotionCapture] INFO: HTTP Request: HEAD https://huggingface.co/lithiumice/models_hub/resolve/main/4_SMPLhub/SMPLX/X_npz/SMPLX_MALE.npz "HTTP/1.1 302 Found"
[03:37]   [ComfyUI] [05/11 09:23:41][INFO] HTTP Request: HEAD https://huggingface.co/lithiumice/models_hub/resolve/main/4_SMPLhub/SMPLX/X_npz/SMPLX_MALE.npz "HTTP/1.1 302 Found"
[03:37]   [ComfyUI] 
[03:37]   Frame 3 saved (frame_002.jpg, t=4.5s)
[03:37]   [capture-periodic] freeze=8ms shot=108ms unfreeze=5ms saved=True
[03:38]   [ComfyUI] 4_SMPLhub/SMPLX/X_npz/SMPLX_MALE.npz:   0%|          | 0.00/109M [00:00<?, ?B/s]
[03:38]   [ComfyUI] 4_SMPLhub/SMPLX/X_npz/SMPLX_MALE.npz: 100%|██████████| 109M/109M [00:00<00:00, 132MB/s][SubprocessWorker] callback 'report_progress' from call_id=4
[03:38]   [ComfyUI] 
[03:38]   [ComfyUI] 4_SMPLhub/SMPLX/X_npz/SMPLX_MALE.npz: 100%|██████████| 109M/109M [00:00<00:00, 132MB/s]
[03:38]   [ComfyUI] [worker:ComfyUI-MotionCapture] INFO: [SMPLCameraViewer] Downloaded SMPLX_MALE.npz
[03:38]   [ComfyUI] [05/11 09:23:41][INFO] [SMPLCameraViewer] Downloaded SMPLX_MALE.npz
[03:38]   [ComfyUI] [worker:ComfyUI-MotionCapture] INFO: HTTP Request: HEAD https://huggingface.co/lithiumice/models_hub/resolve/main/4_SMPLhub/SMPLX/X_npz/SMPLX_NEUTRAL.npz "HTTP/1.1 302 Found"
[03:38]   [ComfyUI] [05/11 09:23:42][INFO] HTTP Request: HEAD https://huggingface.co/lithiumice/models_hub/resolve/main/4_SMPLhub/SMPLX/X_npz/SMPLX_NEUTRAL.npz "HTTP/1.1 302 Found"
[03:38]   [ComfyUI] 
[03:38]   [capture-loop] iter=50 t=5.9s state={'complete': False, 'error': None, 'executedCount': 0, 'wsState': 1} eval_ms=6 ram=2.4/15.6GB (15%) swap=0.0/3.0GB (0%) cpu=11% browser_rss=1.07GB
[03:39]   [ComfyUI] 4_SMPLhub/SMPLX/X_npz/SMPLX_NEUTRAL.npz:   0%|          | 0.00/109M [00:00<?, ?B/s]
[03:39]   [ComfyUI] 4_SMPLhub/SMPLX/X_npz/SMPLX_NEUTRAL.npz: 100%|██████████| 109M/109M [00:00<00:00, 113MB/s][SubprocessWorker] callback 'report_progress' from call_id=4
[03:39]   [ComfyUI] 
[03:39]   [ComfyUI] 4_SMPLhub/SMPLX/X_npz/SMPLX_NEUTRAL.npz: 100%|██████████| 109M/109M [00:00<00:00, 113MB/s]
[03:39]   [ComfyUI] [worker:ComfyUI-MotionCapture] INFO: [SMPLCameraViewer] Downloaded SMPLX_NEUTRAL.npz
[03:39]   [ComfyUI] [05/11 09:23:43][INFO] [SMPLCameraViewer] Downloaded SMPLX_NEUTRAL.npz
[03:40]   [ComfyUI] /home/runner/work/comfy-gpu-ci/comfy-gpu-ci/test_workspaces/MotionCapture-0920/ComfyUI/custom_nodes/ComfyUI-MotionCapture/nodes/body_model/utils.py:12: UserWarning: Sparse invariant checks are implicitly disabled. Memory errors (e.g. SEGFAULT) will occur when operating on a sparse tensor which violates the invariants, but checks incur performance overhead. To silence this warning, explicitly opt in or out. See `torch.sparse.check_sparse_tensor_invariants.__doc__` for guidance.  (Triggered internally at /pytorch/aten/src/ATen/Context.cpp:760.)
[03:40]   [ComfyUI]   return torch.sparse_coo_tensor(indices, values, mat.shape)
[03:44]   [capture-loop] iter=100 t=11.6s state={'complete': False, 'error': None, 'executedCount': 0, 'wsState': 1} eval_ms=4 ram=2.5/15.6GB (16%) swap=0.0/3.0GB (0%) cpu=54% browser_rss=1.05GB
[03:50]   [capture-loop] iter=150 t=17.2s state={'complete': False, 'error': None, 'executedCount': 0, 'wsState': 1} eval_ms=3 ram=2.5/15.6GB (16%) swap=0.0/3.0GB (0%) cpu=53% browser_rss=1.01GB
[03:50]   [ComfyUI] [worker:ComfyUI-MotionCapture] INFO: [SMPLCameraViewer] Generated mesh: 551 frames, 6890 vertices, 13776 faces
[03:50]   [ComfyUI] [05/11 09:23:54][INFO] [SMPLCameraViewer] Generated mesh: 551 frames, 6890 vertices, 13776 faces
[03:50]   [ComfyUI] [worker:ComfyUI-MotionCapture] INFO: [SMPLCameraViewer] Refining camera via Procrustes alignment of vertices...
[03:50]   [ComfyUI] [05/11 09:23:54][INFO] [SMPLCameraViewer] Refining camera via Procrustes alignment of vertices...
[03:50]   [ComfyUI] [worker:ComfyUI-MotionCapture] INFO: [SMPLCameraViewer] Frame 0 camera pos: old=[-0.60348064  2.5567207  -4.2858214 ], new=[-0.61153036  1.813485   -4.3272085 ]
[03:50]   [ComfyUI] [05/11 09:23:54][INFO] [SMPLCameraViewer] Frame 0 camera pos: old=[-0.60348064  2.5567207  -4.2858214 ], new=[-0.61153036  1.813485   -4.3272085 ]
[03:50]   [ComfyUI] [worker:ComfyUI-MotionCapture] INFO: [SMPLCameraViewer] Camera refined via Procrustes alignment
[03:50]   [ComfyUI] [05/11 09:23:54][INFO] [SMPLCameraViewer] Camera refined via Procrustes alignment
[03:50]   [ComfyUI] [worker:ComfyUI-MotionCapture] INFO: [SMPLCameraViewer] Wrote 551 incam vertex frames
[03:50]   [ComfyUI] [05/11 09:23:54][INFO] [SMPLCameraViewer] Wrote 551 incam vertex frames
[03:50]   [ComfyUI] [worker:ComfyUI-MotionCapture] INFO: [SMPLCameraViewer] Wrote smpl_camera_mesh_0001.bin (87.1 MB), has_camera=True
[03:50]   [ComfyUI] [05/11 09:23:54][INFO] [SMPLCameraViewer] Wrote smpl_camera_mesh_0001.bin (87.1 MB), has_camera=True
[03:50]   [ComfyUI] [worker:ComfyUI-MotionCapture] INFO: [SMPLCameraViewer] Encoding 551 frames as all-intra H.264...
[03:50]   [ComfyUI] [05/11 09:23:54][INFO] [SMPLCameraViewer] Encoding 551 frames as all-intra H.264...
[03:56]   [capture-loop] iter=200 t=23.2s state={'complete': False, 'error': None, 'executedCount': 0, 'wsState': 1} eval_ms=4 ram=2.7/15.6GB (17%) swap=0.0/3.0GB (0%) cpu=78% browser_rss=1.02GB
[04:02]   [capture-loop] iter=250 t=29.3s state={'complete': False, 'error': None, 'executedCount': 0, 'wsState': 1} eval_ms=13 ram=2.6/15.6GB (16%) swap=0.0/3.0GB (0%) cpu=82% browser_rss=0.94GB
[04:05]   [ComfyUI] [worker:ComfyUI-MotionCapture] INFO: [SMPLCameraViewer] Wrote smpl_camera_mesh_0001_ref.mp4 (17.3 MB, 551 frames, all-intra)
[04:05]   [ComfyUI] [05/11 09:24:09][INFO] [SMPLCameraViewer] Wrote smpl_camera_mesh_0001_ref.mp4 (17.3 MB, 551 frames, all-intra)
[04:05]   [ComfyUI] [SubprocessWorker] got response: ok
[04:05]   [ComfyUI] [comfy-env] SMPLCameraViewer done (30.05s): result: NodeOutput
[04:05]   [ComfyUI] Prompt executed in 32.16 seconds
[04:05]   Node executed (1 total), capturing...
[04:05]   Frame 4 saved (frame_003.jpg, t=32.5s)
[04:05]   [capture-node] freeze=3ms shot=121ms unfreeze=0ms saved=True
[04:05]   Execution complete (t=32.5s)
[04:05]   Captured 4 unique frames over 32.74s
[04:05]   [debug] iframes: 1
[04:05]   [debug]   iframe[0]: src=http://127.0.0.1:41896/extensions/ComfyUI-MotionCapture/viewer_smpl_camera.html?, canvas=413x343, rafFrozen=True
[04:05]   [timing] trigger_3d_previews: 0.0s
[04:08]   Saved high-quality screenshot: load_camera_traj_executed.png
[04:08]   [timing] final_screenshot: 0.3s
[04:08] Capturing execution frames: smpl_to_bvh_pipeline.json
[04:14]   Frame 1 saved (frame_000.jpg, t=0.0s)
[04:14]   Validating workflow...
[04:14]   [ComfyUI] === /validate endpoint called ===
[04:14]   [ComfyUI] Received JSON with keys: ['prompt']
[04:14]   [ComfyUI] Prompt has 3 nodes
[04:14]   [ComfyUI]   Node 3: BVHViewer
[04:14]   [ComfyUI]     Inputs: {"bvh_viewer": "", "bvh_data": ["10", 0]}
[04:14]   [ComfyUI]   Node 10: SMPLtoBVH
[04:14]   [ComfyUI]     Inputs: {"npz_path": ["11", 0], "filename": "output/motion.bvh", "fps": 30, "scale": 1}
[04:14]   [ComfyUI]   Node 11: LoadSMPL
[04:14]   [ComfyUI]     Inputs: {"file_path": "smpl_params_tennis.npz"}
[04:14]   [ComfyUI] Generated prompt_id: f5241759-d934-48a2-8347-70cd0e90b2a3
[04:14]   [ComfyUI] Calling execution.validate_prompt()...
[04:14]   [ComfyUI] Validation result: valid=True
[04:14]   [ComfyUI] === Validation PASSED ===
[04:14]   Queuing workflow for execution...
[04:14]   [ComfyUI] got prompt
[04:14]   [ComfyUI] [comfy-env] Running LoadSMPL: file_path: 'smpl_params_tennis.npz'
[04:14]   [ComfyUI] [SubprocessWorker] call_method: nodes.load_smpl_node.LoadSMPLParams.EXECUTE_NORMALIZED
[04:14]   [ComfyUI] [SubprocessWorker] acquired lock, ensuring started...
[04:14]   [ComfyUI] [ComfyUI-MotionCapture] Health check: ping (timeout=5.0s)...
[04:14]   [ComfyUI] [ComfyUI-MotionCapture] Health check: ok
[04:14]   [ComfyUI] [SubprocessWorker] worker started/confirmed
[04:14]   [ComfyUI] [SubprocessWorker] serializing kwargs to shm...
[04:14]   [ComfyUI] [SubprocessWorker] created 0 shm blocks
[04:14]   [ComfyUI] [SubprocessWorker] sending request via socket...
[04:14]   [ComfyUI] [SubprocessWorker] call_id=5 sending call_method
[04:14]   [ComfyUI] [worker:ComfyUI-MotionCapture] INFO: Selected: /home/runner/work/comfy-gpu-ci/comfy-gpu-ci/test_workspaces/MotionCapture-0920/ComfyUI/input/smpl_params_tennis.npz
[04:14]   [ComfyUI] [05/11 09:24:18][INFO] Selected: /home/runner/work/comfy-gpu-ci/comfy-gpu-ci/test_workspaces/MotionCapture-0920/ComfyUI/input/smpl_params_tennis.npz
[04:14]   [ComfyUI] [SubprocessWorker] got response: ok
[04:14]   [ComfyUI] [comfy-env] LoadSMPL done (0.01s): result: NodeOutput
[04:14]   [ComfyUI] [comfy-env] Running SMPLtoBVH: npz_path: '/home/runner/work/comfy-gpu-ci/comfy-gpu-ci/test_workspa..., filename: 'output/motion.bvh', fps: 30, scale: 1.0
[04:14]   [ComfyUI] [SubprocessWorker] call_method: nodes.smpl_to_bvh_node.SMPLtoBVH.EXECUTE_NORMALIZED
[04:14]   [ComfyUI] [SubprocessWorker] acquired lock, ensuring started...
[04:14]   [ComfyUI] [ComfyUI-MotionCapture] Health check: ping (timeout=5.0s)...
[04:14]   [ComfyUI] [ComfyUI-MotionCapture] Health check: ok
[04:14]   [ComfyUI] [SubprocessWorker] worker started/confirmed
[04:14]   [ComfyUI] [SubprocessWorker] serializing kwargs to shm...
[04:14]   [ComfyUI] [SubprocessWorker] created 0 shm blocks
[04:14]   [ComfyUI] [SubprocessWorker] sending request via socket...
[04:14]   [ComfyUI] [SubprocessWorker] call_id=6 sending call_method
[04:14]   [ComfyUI] [worker:ComfyUI-MotionCapture] INFO: [SMPLtoBVH] Converting SMPL to BVH format...
[04:14]   [ComfyUI] [05/11 09:24:18][INFO] [SMPLtoBVH] Converting SMPL to BVH format...
[04:14]   [ComfyUI] [worker:ComfyUI-MotionCapture] INFO: [SMPLtoBVH] Loading SMPL parameters from: /home/runner/work/comfy-gpu-ci/comfy-gpu-ci/test_workspaces/MotionCapture-0920/ComfyUI/input/smpl_params_tennis.npz
[04:14]   [ComfyUI] [05/11 09:24:18][INFO] [SMPLtoBVH] Loading SMPL parameters from: /home/runner/work/comfy-gpu-ci/comfy-gpu-ci/test_workspaces/MotionCapture-0920/ComfyUI/input/smpl_params_tennis.npz
[04:14]   [ComfyUI] [worker:ComfyUI-MotionCapture] INFO: [SMPLtoBVH] Detected 21-joint SMPL variant (63 parameters)
[04:14]   [ComfyUI] [05/11 09:24:18][INFO] [SMPLtoBVH] Detected 21-joint SMPL variant (63 parameters)
[04:14]   [ComfyUI] [worker:ComfyUI-MotionCapture] INFO: [SMPLtoBVH] Using 21-joint skeleton (GVHMR variant, no hands)
[04:14]   [ComfyUI] [05/11 09:24:18][INFO] [SMPLtoBVH] Using 21-joint skeleton (GVHMR variant, no hands)
[04:15]   [ComfyUI] [worker:ComfyUI-MotionCapture] INFO: [SMPLtoBVH] Rotation ranges (degrees):
[04:15]   [ComfyUI] [05/11 09:24:18][INFO] [SMPLtoBVH] Rotation ranges (degrees):
[04:15]   [ComfyUI] [worker:ComfyUI-MotionCapture] INFO:   Z: [-174.0, 169.8]
[04:15]   [ComfyUI] [05/11 09:24:18][INFO]   Z: [-174.0, 169.8]
[04:15]   [ComfyUI] [worker:ComfyUI-MotionCapture] INFO:   X: [-73.5, 88.9]
[04:15]   [ComfyUI] [05/11 09:24:18][INFO]   X: [-73.5, 88.9]
[04:15]   [ComfyUI] [worker:ComfyUI-MotionCapture] INFO:   Y: [-179.7, 177.9]
[04:15]   [ComfyUI] [05/11 09:24:18][INFO]   Y: [-179.7, 177.9]
[04:15]   [ComfyUI] [worker:ComfyUI-MotionCapture] INFO: [SMPLtoBVH] Converted 312 frames to /home/runner/work/comfy-gpu-ci/comfy-gpu-ci/test_workspaces/MotionCapture-0920/ComfyUI/output/output/motion.bvh
[04:15]   [ComfyUI] [05/11 09:24:18][INFO] [SMPLtoBVH] Converted 312 frames to /home/runner/work/comfy-gpu-ci/comfy-gpu-ci/test_workspaces/MotionCapture-0920/ComfyUI/output/output/motion.bvh
[04:15]   [ComfyUI] [SubprocessWorker] got response: ok
[04:15]   [ComfyUI] [comfy-env] SMPLtoBVH done (0.29s): result: NodeOutput
[04:15]   [ComfyUI] [comfy-env] Running BVHViewer: bvh_data: dict
[04:15]   [ComfyUI] [SubprocessWorker] call_method: nodes.bvh_viewer_node.BVHViewer.EXECUTE_NORMALIZED
[04:15]   [ComfyUI] [SubprocessWorker] acquired lock, ensuring started...
[04:15]   [ComfyUI] [ComfyUI-MotionCapture] Health check: ping (timeout=5.0s)...
[04:15]   [ComfyUI] [ComfyUI-MotionCapture] Health check: ok
[04:15]   [ComfyUI] [SubprocessWorker] worker started/confirmed
[04:15]   [ComfyUI] [SubprocessWorker] serializing kwargs to shm...
[04:15]   [ComfyUI] [SubprocessWorker] created 0 shm blocks
[04:15]   [ComfyUI] [SubprocessWorker] sending request via socket...
[04:15]   [ComfyUI] [SubprocessWorker] call_id=7 sending call_method
[04:15]   [ComfyUI] [worker:ComfyUI-MotionCapture] [comfy-env] _from_shm got dict with keys: ['__type__', 'strategy', 'parent_pid', 'fd', 'storage_size']
[04:15]   [ComfyUI] [worker:ComfyUI-MotionCapture] [comfy-env] DESERIALIZE TensorRef: tensor_size=[312, 22, 3]
[04:15]   [ComfyUI] [worker:ComfyUI-MotionCapture] [comfy-env] DESERIALIZED tensor shape: torch.Size([312, 22, 3])
[04:15]   [ComfyUI] [worker:ComfyUI-MotionCapture] [comfy-env] _from_shm got dict with keys: ['__type__', 'strategy', 'parent_pid', 'fd', 'storage_size']
[04:15]   [ComfyUI] [worker:ComfyUI-MotionCapture] [comfy-env] DESERIALIZE TensorRef: tensor_size=[312, 3]
[04:15]   [ComfyUI] [worker:ComfyUI-MotionCapture] [comfy-env] DESERIALIZED tensor shape: torch.Size([312, 3])
[04:15]   [ComfyUI] [worker:ComfyUI-MotionCapture] INFO: [BVHViewer] Loading BVH for visualization...
[04:15]   [ComfyUI] [05/11 09:24:18][INFO] [BVHViewer] Loading BVH for visualization...
[04:15]   [ComfyUI] [worker:ComfyUI-MotionCapture] INFO: [BVHViewer DEBUG] BVH file path: /home/runner/work/comfy-gpu-ci/comfy-gpu-ci/test_workspaces/MotionCapture-0920/ComfyUI/output/output/motion.bvh
[04:15]   [ComfyUI] [05/11 09:24:18][INFO] [BVHViewer DEBUG] BVH file path: /home/runner/work/comfy-gpu-ci/comfy-gpu-ci/test_workspaces/MotionCapture-0920/ComfyUI/output/output/motion.bvh
[04:15]   [ComfyUI] [worker:ComfyUI-MotionCapture] INFO: [BVHViewer DEBUG] Num frames: 312, FPS: 30
[04:15]   [ComfyUI] [05/11 09:24:18][INFO] [BVHViewer DEBUG] Num frames: 312, FPS: 30
[04:15]   [ComfyUI] [worker:ComfyUI-MotionCapture] INFO: [BVHViewer DEBUG] File exists: True
[04:15]   [ComfyUI] [05/11 09:24:18][INFO] [BVHViewer DEBUG] File exists: True
[04:15]   [ComfyUI] [worker:ComfyUI-MotionCapture] INFO: [BVHViewer DEBUG] BVH content length: 214444 bytes
[04:15]   [ComfyUI] [05/11 09:24:18][INFO] [BVHViewer DEBUG] BVH content length: 214444 bytes
[04:15]   [ComfyUI] [worker:ComfyUI-MotionCapture] INFO: [BVHViewer DEBUG] First 200 chars: HIERARCHY
[04:15]   [ComfyUI] ROOT Pelvis
[04:15]   [ComfyUI] {
[04:15]   [ComfyUI]   OFFSET 0.000000 0.000000 0.000000
[04:15]   [ComfyUI]   CHANNELS 6 Xposition Yposition Zposition Zrotation Xrotation Yrotation
[04:15]   [ComfyUI]   JOINT L_Hip
[04:15]   [ComfyUI]   {
[04:15]   [ComfyUI]     OFFSET 0.100000 -0.040000 0.000000
[04:15]   [ComfyUI]     CHANNE
[04:15]   [ComfyUI] [05/11 09:24:18][INFO] [BVHViewer DEBUG] First 200 chars: HIERARCHY
[04:15]   [ComfyUI] ROOT Pelvis
[04:15]   [ComfyUI] {
[04:15]   [ComfyUI]   OFFSET 0.000000 0.000000 0.000000
[04:15]   [ComfyUI]   CHANNELS 6 Xposition Yposition Zposition Zrotation Xrotation Yrotation
[04:15]   [ComfyUI]   JOINT L_Hip
[04:15]   [ComfyUI]   {
[04:15]   [ComfyUI]     OFFSET 0.100000 -0.040000 0.000000
[04:15]   [ComfyUI]     CHANNE
[04:15]   [ComfyUI] [worker:ComfyUI-MotionCapture] INFO: [BVHViewer DEBUG] Stored bvh_content (214444 bytes) and bvh_info for frontend
[04:15]   [ComfyUI] [05/11 09:24:18][INFO] [BVHViewer DEBUG] Stored bvh_content (214444 bytes) and bvh_info for frontend
[04:15]   [ComfyUI] [worker:ComfyUI-MotionCapture] INFO: [BVHViewer DEBUG] bvh_info: {'num_frames': 312, 'fps': 30, 'file_path': '/home/runner/work/comfy-gpu-ci/comfy-gpu-ci/test_workspaces/MotionCapture-0920/ComfyUI/output/output/motion.bvh'}
[04:15]   [ComfyUI] [05/11 09:24:18][INFO] [BVHViewer DEBUG] bvh_info: {'num_frames': 312, 'fps': 30, 'file_path': '/home/runner/work/comfy-gpu-ci/comfy-gpu-ci/test_workspaces/MotionCapture-0920/ComfyUI/output/output/motion.bvh'}
[04:15]   [ComfyUI] [worker:ComfyUI-MotionCapture] INFO: [BVHViewer] Loaded BVH with 312 frames
[04:15]   [ComfyUI] [05/11 09:24:18][INFO] [BVHViewer] Loaded BVH with 312 frames
[04:15]   [ComfyUI] [SubprocessWorker] got response: ok
[04:15]   [ComfyUI] [comfy-env] BVHViewer done (0.02s): result: NodeOutput
[04:15]   [ComfyUI] Prompt executed in 0.32 seconds
[04:15]   Node executed (1 total), capturing...
[04:15]   Frame 2 saved (frame_001.jpg, t=0.8s)
[04:15]   [capture-node] freeze=3ms shot=98ms unfreeze=0ms saved=True
[04:15]   Execution complete (t=0.7s)
[04:15]   Captured 2 unique frames over 0.89s
[04:15]   [debug] iframes: 1
[04:15]   [debug]   iframe[0]: src=http://127.0.0.1:41896/extensions/ComfyUI-MotionCapture/viewer_bvh.html?v=177849, canvas=374x600, rafFrozen=True
[04:15]   [timing] trigger_3d_previews: 0.0s
[04:17]   Saved high-quality screenshot: smpl_to_bvh_pipeline_executed.png
[04:17]   [timing] final_screenshot: 0.2s
[04:17] Results saved to /home/runner/work/comfy-gpu-ci/comfy-gpu-ci/comfy-test-logs/MotionCapture-0920/dev/linux-cpu/results.json
[04:17] Model report: 3 files, 311.2 MB -> /home/runner/work/comfy-gpu-ci/comfy-gpu-ci/comfy-test-logs/MotionCapture-0920/dev/linux-cpu/models.json
[04:17] Saved: /home/runner/work/comfy-gpu-ci/comfy-gpu-ci/comfy-test-logs/MotionCapture-0920/dev/linux-cpu/index.html
[04:17] [EXECUTION] PASSED
[04:17] 
linux: PASSED
[04:17] Stopping ComfyUI server...
