Capturing execution frames: GVHMR_cameramotion.json
  Frame 1 saved (frame_000.jpg, t=0.0s)
  Validating workflow...
  Queuing workflow for execution...
  Frame 2 saved (frame_001.jpg, t=2.2s)
  [capture-periodic] freeze=2ms shot=82ms unfreeze=3ms saved=True
  Frame 3 saved (frame_002.jpg, t=4.3s)
  [capture-periodic] freeze=2ms shot=70ms unfreeze=2ms saved=True
  [capture-loop] iter=50 t=5.6s state={'complete': False, 'error': None, 'executedCount': 0, 'wsState': 1} eval_ms=2 ram=9.9/31.9GB (31%) swap=0.0/5.0GB (0%) cpu=14% browser_rss=1.06GB
  [capture-loop] iter=100 t=11.3s state={'complete': False, 'error': None, 'executedCount': 0, 'wsState': 1} eval_ms=3 ram=14.6/31.9GB (46%) swap=0.0/5.0GB (0%) cpu=34% browser_rss=0.83GB
  [capture-loop] iter=150 t=16.8s state={'complete': False, 'error': None, 'executedCount': 0, 'wsState': 1} eval_ms=3 ram=11.8/31.9GB (37%) swap=0.0/5.0GB (0%) cpu=29% browser_rss=0.75GB
  Frame 4 saved (frame_003.jpg, t=17.2s)
  [capture-periodic] freeze=2ms shot=70ms unfreeze=5ms saved=True
  [capture-loop] iter=200 t=22.6s state={'complete': False, 'error': None, 'executedCount': 0, 'wsState': 1} eval_ms=3 ram=11.9/31.9GB (37%) swap=0.0/5.0GB (0%) cpu=38% browser_rss=0.75GB
  [capture-loop] iter=250 t=28.3s state={'complete': False, 'error': None, 'executedCount': 0, 'wsState': 1} eval_ms=3 ram=12.0/31.9GB (38%) swap=0.0/5.0GB (0%) cpu=37% browser_rss=0.75GB
  Frame 5 saved (frame_004.jpg, t=32.3s)
  [capture-periodic] freeze=3ms shot=87ms unfreeze=4ms saved=True
  [capture-loop] iter=300 t=33.9s state={'complete': False, 'error': None, 'executedCount': 0, 'wsState': 1} eval_ms=3 ram=12.0/31.9GB (38%) swap=0.0/5.0GB (0%) cpu=37% browser_rss=0.75GB
  Frame 6 saved (frame_005.jpg, t=34.5s)
  [capture-periodic] freeze=2ms shot=74ms unfreeze=4ms saved=True
  Frame 7 saved (frame_006.jpg, t=36.6s)
  [capture-periodic] freeze=3ms shot=95ms unfreeze=2ms saved=True
  Frame 8 saved (frame_007.jpg, t=38.8s)
  [capture-periodic] freeze=3ms shot=82ms unfreeze=4ms saved=True
  [capture-loop] iter=350 t=39.7s state={'complete': False, 'error': None, 'executedCount': 0, 'wsState': 1} eval_ms=5 ram=10.6/31.9GB (33%) swap=0.0/5.0GB (0%) cpu=40% browser_rss=0.75GB
  Frame 9 saved (frame_008.jpg, t=41.0s)
  [capture-periodic] freeze=2ms shot=87ms unfreeze=2ms saved=True
  [capture-loop] iter=400 t=45.3s state={'complete': False, 'error': None, 'executedCount': 0, 'wsState': 1} eval_ms=4 ram=10.6/31.9GB (33%) swap=0.0/5.0GB (0%) cpu=57% browser_rss=0.75GB
  Frame 10 saved (frame_009.jpg, t=45.3s)
  [capture-periodic] freeze=2ms shot=83ms unfreeze=2ms saved=True
  Frame 11 saved (frame_010.jpg, t=47.4s)
  [capture-periodic] freeze=2ms shot=81ms unfreeze=3ms saved=True
  Frame 12 saved (frame_011.jpg, t=49.6s)
  [capture-periodic] freeze=2ms shot=87ms unfreeze=2ms saved=True
  [capture-loop] iter=450 t=51.0s state={'complete': False, 'error': None, 'executedCount': 0, 'wsState': 1} eval_ms=2 ram=10.6/31.9GB (33%) swap=0.0/5.0GB (0%) cpu=25% browser_rss=0.75GB
  Frame 13 saved (frame_012.jpg, t=51.8s)
  [capture-periodic] freeze=2ms shot=83ms unfreeze=2ms saved=True
  [capture-loop] iter=500 t=56.6s state={'complete': False, 'error': None, 'executedCount': 0, 'wsState': 1} eval_ms=3 ram=10.7/31.9GB (33%) swap=0.0/5.0GB (0%) cpu=17% browser_rss=0.76GB
  Node executed (1 total), capturing...
  Frame 14 saved (frame_013.jpg, t=58.8s)
  [capture-node] freeze=3ms shot=96ms unfreeze=0ms saved=True
  Execution complete (t=58.8s)
  Captured 14 unique frames over 58.9s
  [debug] iframes: 0
  [timing] trigger_3d_previews: 0.0s
  Saved high-quality screenshot: GVHMR_cameramotion_executed.png
  [timing] final_screenshot: 0.1s
    Captured 15 video frames