Capturing execution frames: GVHMR.json
  Frame 1 saved (frame_000.jpg, t=0.0s)
  Validating workflow...
  Queuing workflow for execution...
  Frame 2 saved (frame_001.jpg, t=2.2s)
  [capture-periodic] freeze=2ms shot=91ms unfreeze=3ms saved=True
  Frame 3 saved (frame_002.jpg, t=4.4s)
  [capture-periodic] freeze=2ms shot=82ms unfreeze=2ms saved=True
  [capture-loop] iter=50 t=5.6s state={'complete': False, 'error': None, 'executedCount': 0, 'wsState': 1} eval_ms=3 ram=9.6/31.9GB (30%) swap=0.0/5.0GB (0%) cpu=20% browser_rss=0.74GB
  Frame 4 saved (frame_003.jpg, t=8.6s)
  [capture-periodic] freeze=2ms shot=92ms unfreeze=2ms saved=True
  Frame 5 saved (frame_004.jpg, t=10.8s)
  [capture-periodic] freeze=2ms shot=91ms unfreeze=6ms saved=True
  [capture-loop] iter=100 t=11.7s state={'complete': False, 'error': None, 'executedCount': 0, 'wsState': 1} eval_ms=3 ram=9.9/31.9GB (31%) swap=0.0/5.0GB (0%) cpu=21% browser_rss=0.75GB
  Frame 6 saved (frame_005.jpg, t=15.1s)
  [capture-periodic] freeze=2ms shot=94ms unfreeze=3ms saved=True
  [capture-loop] iter=150 t=17.5s state={'complete': False, 'error': None, 'executedCount': 0, 'wsState': 1} eval_ms=3 ram=10.5/31.9GB (33%) swap=0.0/5.0GB (0%) cpu=27% browser_rss=0.73GB
  Frame 7 saved (frame_006.jpg, t=19.4s)
  [capture-periodic] freeze=3ms shot=102ms unfreeze=4ms saved=True
  Frame 8 saved (frame_007.jpg, t=21.6s)
  [capture-periodic] freeze=2ms shot=104ms unfreeze=4ms saved=True
  [capture-loop] iter=200 t=23.2s state={'complete': False, 'error': None, 'executedCount': 0, 'wsState': 1} eval_ms=3 ram=10.8/31.9GB (34%) swap=0.0/5.0GB (0%) cpu=32% browser_rss=0.74GB
  Frame 9 saved (frame_008.jpg, t=23.9s)
  [capture-periodic] freeze=2ms shot=106ms unfreeze=5ms saved=True
  Frame 10 saved (frame_009.jpg, t=26.1s)
  [capture-periodic] freeze=2ms shot=98ms unfreeze=3ms saved=True
  Frame 11 saved (frame_010.jpg, t=28.3s)
  [capture-periodic] freeze=2ms shot=92ms unfreeze=2ms saved=True
  [capture-loop] iter=250 t=29.1s state={'complete': False, 'error': None, 'executedCount': 0, 'wsState': 1} eval_ms=3 ram=10.3/31.9GB (32%) swap=0.0/5.0GB (0%) cpu=28% browser_rss=0.67GB
  Frame 12 saved (frame_011.jpg, t=30.5s)
  [capture-periodic] freeze=2ms shot=102ms unfreeze=3ms saved=True
  [capture-loop] iter=300 t=34.7s state={'complete': False, 'error': None, 'executedCount': 0, 'wsState': 1} eval_ms=3 ram=10.5/31.9GB (33%) swap=0.0/5.0GB (0%) cpu=22% browser_rss=0.67GB
  Frame 13 saved (frame_012.jpg, t=34.9s)
  [capture-periodic] freeze=2ms shot=103ms unfreeze=4ms saved=True
  Frame 14 saved (frame_013.jpg, t=37.1s)
  [capture-periodic] freeze=3ms shot=98ms unfreeze=4ms saved=True
  [capture-loop] iter=350 t=40.5s state={'complete': False, 'error': None, 'executedCount': 0, 'wsState': 1} eval_ms=3 ram=10.8/31.9GB (34%) swap=0.0/5.0GB (0%) cpu=21% browser_rss=0.67GB
  Frame 15 saved (frame_014.jpg, t=45.8s)
  [capture-periodic] freeze=3ms shot=94ms unfreeze=4ms saved=True
  [capture-loop] iter=400 t=46.3s state={'complete': False, 'error': None, 'executedCount': 0, 'wsState': 1} eval_ms=3 ram=10.9/31.9GB (34%) swap=0.0/5.0GB (0%) cpu=26% browser_rss=0.67GB
  Frame 16 saved (frame_015.jpg, t=48.0s)
  [capture-periodic] freeze=3ms shot=89ms unfreeze=7ms saved=True
  Frame 17 saved (frame_016.jpg, t=50.2s)
  [capture-periodic] freeze=3ms shot=86ms unfreeze=3ms saved=True
  [capture-loop] iter=450 t=52.0s state={'complete': False, 'error': None, 'executedCount': 0, 'wsState': 1} eval_ms=3 ram=10.3/31.9GB (32%) swap=0.0/5.0GB (0%) cpu=23% browser_rss=0.67GB
  Frame 18 saved (frame_017.jpg, t=52.4s)
  [capture-periodic] freeze=2ms shot=84ms unfreeze=2ms saved=True
  [capture-loop] iter=500 t=57.6s state={'complete': False, 'error': None, 'executedCount': 0, 'wsState': 1} eval_ms=2 ram=10.2/31.9GB (32%) swap=0.0/5.0GB (0%) cpu=6% browser_rss=0.66GB
  [capture-loop] iter=550 t=63.2s state={'complete': False, 'error': None, 'executedCount': 0, 'wsState': 1} eval_ms=2 ram=10.1/31.9GB (32%) swap=0.0/5.0GB (0%) cpu=3% browser_rss=0.65GB
  [capture-loop] iter=600 t=68.8s state={'complete': False, 'error': None, 'executedCount': 0, 'wsState': 1} eval_ms=3 ram=10.0/31.9GB (31%) swap=0.0/5.0GB (0%) cpu=7% browser_rss=0.65GB
  Frame 19 saved (frame_018.jpg, t=71.4s)
  [capture-periodic] freeze=2ms shot=89ms unfreeze=3ms saved=True
  [capture-loop] iter=650 t=74.4s state={'complete': False, 'error': None, 'executedCount': 0, 'wsState': 1} eval_ms=2 ram=10.0/31.9GB (31%) swap=0.0/5.0GB (0%) cpu=11% browser_rss=0.66GB
  [capture-loop] iter=700 t=80.0s state={'complete': False, 'error': None, 'executedCount': 0, 'wsState': 1} eval_ms=3 ram=11.2/31.9GB (35%) swap=0.0/5.0GB (0%) cpu=30% browser_rss=0.65GB
  Frame 20 saved (frame_019.jpg, t=82.1s)
  [capture-periodic] freeze=2ms shot=90ms unfreeze=2ms saved=True
  Frame 21 saved (frame_020.jpg, t=84.3s)
  [capture-periodic] freeze=2ms shot=84ms unfreeze=3ms saved=True
  [capture-loop] iter=750 t=85.7s state={'complete': False, 'error': None, 'executedCount': 0, 'wsState': 1} eval_ms=3 ram=11.8/31.9GB (37%) swap=0.0/5.0GB (0%) cpu=43% browser_rss=0.65GB
  Frame 22 saved (frame_021.jpg, t=86.5s)
  [capture-periodic] freeze=2ms shot=93ms unfreeze=3ms saved=True
  Frame 23 saved (frame_022.jpg, t=88.6s)
  [capture-periodic] freeze=2ms shot=85ms unfreeze=3ms saved=True
  Frame 24 saved (frame_023.jpg, t=90.8s)
  [capture-periodic] freeze=3ms shot=102ms unfreeze=4ms saved=True
  [capture-loop] iter=800 t=91.5s state={'complete': False, 'error': None, 'executedCount': 0, 'wsState': 1} eval_ms=3 ram=10.5/31.9GB (33%) swap=0.0/5.0GB (0%) cpu=47% browser_rss=0.66GB
  [capture-loop] iter=850 t=97.1s state={'complete': False, 'error': None, 'executedCount': 0, 'wsState': 1} eval_ms=2 ram=10.9/31.9GB (34%) swap=0.0/5.0GB (0%) cpu=33% browser_rss=0.66GB
  Frame 25 saved (frame_024.jpg, t=97.3s)
  [capture-periodic] freeze=2ms shot=135ms unfreeze=3ms saved=True
  Node executed (1 total), capturing...
  Frame 26 saved (frame_025.jpg, t=99.6s)
  [capture-node] freeze=4ms shot=187ms unfreeze=0ms saved=True
  Execution complete (t=99.6s)
  Captured 26 unique frames over 99.84s
  [debug] iframes: 0
  [timing] trigger_3d_previews: 0.0s
  Saved high-quality screenshot: GVHMR_executed.png
  [timing] final_screenshot: 0.2s
    Captured 27 video frames