[00:00] Crash dump logging enabled: D:\a\comfy-gpu-ci\comfy-gpu-ci\comfy-test-logs\MotionCapture-1120\windows-portable-cpu\crash_dump.log
[00:00] 
[00:00] [1/3] REGISTRATION
[00:00] ----------------------------------------
[00:00] 
[DEBUG] server=None, server_url=http://127.0.0.1:8188, api=None
[00:00] 
Connecting to existing server at http://127.0.0.1:8188...
[00:00] Connecting to existing server at http://127.0.0.1:8188...
[00:00] Connected to server! (attempt 1, 0.0s)
[00:00] Checking for import errors in server logs...
[00:00] No import errors detected
[00:00] Found 776 registered nodes
[00:00] [REGISTRATION] PASSED
[00:00] 
[00:00] [2/3] INSTANTIATION
[00:00] ----------------------------------------
[00:00] 
[DEBUG] server=<comfy_test.comfyui.server.ExternalComfyUIServer object at 0x0000020F76B81400>, server_url=http://127.0.0.1:8188, api=<comfy_test.comfyui.api.ComfyUIAPI object at 0x0000020F76B81550>
[00:00] Testing node constructors...
[00:04] All 22 node(s) instantiated successfully!
[00:04] [INSTANTIATION] PASSED
[00:04] 
[00:04] [3/3] EXECUTION
[00:04] ----------------------------------------
[00:04] 
[DEBUG] server=<comfy_test.comfyui.server.ExternalComfyUIServer object at 0x0000020F76B81400>, server_url=http://127.0.0.1:8188, api=<comfy_test.comfyui.api.ComfyUIAPI object at 0x0000020F76B81550>
[00:04] CPU runner - will execute 3 workflow(s)
[00:04] Running 5 workflow(s) (all with videos)...
[00:04] Starting headless browser...
[00:05]   Downloading Mesa llvmpipe for Windows...
[00:10]   Copied opengl32.dll to Chromium dir
[00:10]   Copied libgallium_wgl.dll to Chromium dir
[00:10]   Using Mesa llvmpipe (desktop GL) — multithreaded CPU rendering
[00:10] Capturing execution frames: apply_motion_on_character.json
[00:20]   Frame 1 saved (frame_000.jpg, t=0.0s)
[00:20]   Validating workflow...
[00:20]   Queuing workflow for execution...
[00:22]   Frame 2 saved (frame_001.jpg, t=2.2s)
[00:22]   [capture-periodic] freeze=4ms shot=115ms unfreeze=6ms saved=True
[00:24]   Frame 3 saved (frame_002.jpg, t=4.5s)
[00:24]   [capture-periodic] freeze=4ms shot=138ms unfreeze=6ms saved=True
[00:26]   [capture-loop] iter=50 t=5.9s state={'complete': False, 'error': None, 'executedCount': 0, 'wsState': 1} eval_ms=5 ram=5.7/16.0GB (36%) swap=0.3/2.9GB (10%) cpu=40% browser_rss=0.71GB
[00:29]   Frame 4 saved (frame_003.jpg, t=8.9s)
[00:29]   [capture-periodic] freeze=5ms shot=163ms unfreeze=6ms saved=True
[00:32]   [capture-loop] iter=100 t=12.5s state={'complete': False, 'error': None, 'executedCount': 0, 'wsState': 1} eval_ms=5 ram=6.5/16.0GB (41%) swap=0.3/2.9GB (10%) cpu=91% browser_rss=0.71GB
[00:38]   Frame 5 saved (frame_004.jpg, t=17.9s)
[00:38]   [capture-periodic] freeze=3ms shot=118ms unfreeze=10ms saved=True
[00:38]   [capture-loop] iter=150 t=18.7s state={'complete': False, 'error': None, 'executedCount': 0, 'wsState': 1} eval_ms=4 ram=5.9/16.0GB (37%) swap=0.3/2.9GB (10%) cpu=88% browser_rss=0.71GB
[00:44]   [capture-loop] iter=200 t=24.5s state={'complete': False, 'error': None, 'executedCount': 0, 'wsState': 1} eval_ms=4 ram=5.8/16.0GB (36%) swap=0.3/2.9GB (10%) cpu=65% browser_rss=0.65GB
[00:46]   Node executed (2 total), capturing...
[00:46]   Frame 6 saved (frame_005.jpg, t=26.7s)
[00:46]   [capture-node] freeze=4ms shot=113ms unfreeze=0ms saved=True
[00:46]   Execution complete (t=26.7s)
[00:46]   [3d-wait] Phase 1: Waiting for 'Loading 3D Model' text to disappear...
[01:46]   [3d-wait] Phase 1 exception after 60.0s: Page.wait_for_function: Timeout 60000ms exceeded.
[01:46]   [3d-wait] Phase 2: iframes=0
[01:46]   [3d-wait] Total 3D wait: 60.0s
[01:46]   Captured 6 unique frames over 86.9s
[01:47]   [debug] iframes: 0
[01:47]   [timing] trigger_3d_previews: 0.0s
[01:49]   Saved high-quality screenshot: apply_motion_on_character_executed.png
[01:49]   [timing] final_screenshot: 0.2s
[01:49]   [2/5] SKIPPED (not in cpu list) GVHMR.json
[01:49]   [3/5] SKIPPED (not in cpu list) GVHMR_cameramotion.json
[01:49] Capturing execution frames: load_camera_traj.json
[01:56]   Frame 1 saved (frame_000.jpg, t=0.0s)
[01:56]   Validating workflow...
[01:56]   Queuing workflow for execution...
[01:58]   Frame 2 saved (frame_001.jpg, t=2.2s)
[01:58]   [capture-periodic] freeze=4ms shot=150ms unfreeze=5ms saved=True
[02:00]   Frame 3 saved (frame_002.jpg, t=4.5s)
[02:00]   [capture-periodic] freeze=3ms shot=96ms unfreeze=5ms saved=True
[02:02]   [capture-loop] iter=50 t=6.1s state={'complete': False, 'error': None, 'executedCount': 0, 'wsState': 1} eval_ms=5 ram=6.0/16.0GB (37%) swap=0.3/2.9GB (10%) cpu=24% browser_rss=0.89GB
[02:07]   Frame 4 saved (frame_003.jpg, t=10.9s)
[02:07]   [capture-periodic] freeze=4ms shot=117ms unfreeze=7ms saved=True
[02:08]   [capture-loop] iter=100 t=12.2s state={'complete': False, 'error': None, 'executedCount': 0, 'wsState': 1} eval_ms=7 ram=6.2/16.0GB (39%) swap=0.3/2.9GB (10%) cpu=59% browser_rss=0.89GB
[02:14]   [capture-loop] iter=150 t=18.3s state={'complete': False, 'error': None, 'executedCount': 0, 'wsState': 1} eval_ms=9 ram=6.2/16.0GB (38%) swap=0.3/2.9GB (10%) cpu=75% browser_rss=0.85GB
[02:20]   [capture-loop] iter=200 t=24.5s state={'complete': False, 'error': None, 'executedCount': 0, 'wsState': 1} eval_ms=7 ram=6.1/16.0GB (38%) swap=0.3/2.9GB (10%) cpu=86% browser_rss=0.76GB
[02:26]   [capture-loop] iter=250 t=30.5s state={'complete': False, 'error': None, 'executedCount': 0, 'wsState': 1} eval_ms=5 ram=6.1/16.0GB (38%) swap=0.3/2.9GB (10%) cpu=78% browser_rss=0.75GB
[02:33]   [capture-loop] iter=300 t=36.7s state={'complete': False, 'error': None, 'executedCount': 0, 'wsState': 1} eval_ms=5 ram=6.3/16.0GB (39%) swap=0.3/2.9GB (10%) cpu=84% browser_rss=0.71GB
[02:39]   [capture-loop] iter=350 t=43.0s state={'complete': False, 'error': None, 'executedCount': 0, 'wsState': 1} eval_ms=20 ram=6.2/16.0GB (39%) swap=0.3/2.9GB (10%) cpu=80% browser_rss=0.71GB
[02:45]   [capture-loop] iter=400 t=49.3s state={'complete': False, 'error': None, 'executedCount': 0, 'wsState': 1} eval_ms=14 ram=6.1/16.0GB (38%) swap=0.4/2.9GB (15%) cpu=81% browser_rss=0.71GB
[02:45]   Node executed (1 total), capturing...
[02:46]   Frame 5 saved (frame_004.jpg, t=49.7s)
[02:46]   [capture-node] freeze=4ms shot=126ms unfreeze=0ms saved=True
[02:46]   Execution complete (t=49.7s)
[02:46]   Captured 5 unique frames over 49.91s
[02:46]   [debug] iframes: 1
[02:46]   [debug]   iframe[0]: src=http://127.0.0.1:8188/extensions/ComfyUI-MotionCapture/viewer_smpl_camera.html?v, canvas=413x343, rafFrozen=True
[02:46]   [timing] trigger_3d_previews: 0.0s
[02:48]   Saved high-quality screenshot: load_camera_traj_executed.png
[02:48]   [timing] final_screenshot: 0.2s
[02:48] Capturing execution frames: smpl_to_bvh_pipeline.json
[02:54]   Frame 1 saved (frame_000.jpg, t=0.0s)
[02:54]   Validating workflow...
[02:54]   Queuing workflow for execution...
[02:55]   Node executed (1 total), capturing...
[02:56]   Frame 2 saved (frame_001.jpg, t=1.4s)
[02:56]   [capture-node] freeze=4ms shot=101ms unfreeze=0ms saved=True
[02:56]   Execution complete (t=1.4s)
[02:56]   Captured 2 unique frames over 1.57s
[02:56]   [debug] iframes: 1
[02:56]   [debug]   iframe[0]: src=http://127.0.0.1:8188/extensions/ComfyUI-MotionCapture/viewer_bvh.html?v=1778239, canvas=374x600, rafFrozen=True
[02:56]   [timing] trigger_3d_previews: 0.0s
[02:58]   Saved high-quality screenshot: smpl_to_bvh_pipeline_executed.png
[02:58]   [timing] final_screenshot: 0.2s
[02:58] Results saved to D:\a\comfy-gpu-ci\comfy-gpu-ci\comfy-test-logs\MotionCapture-1120\windows-portable-cpu\results.json
[02:58] Model report: 11 files, 329.9 MB -> D:\a\comfy-gpu-ci\comfy-gpu-ci\comfy-test-logs\MotionCapture-1120\windows-portable-cpu\models.json
[02:58] Saved: D:\a\comfy-gpu-ci\comfy-gpu-ci\comfy-test-logs\MotionCapture-1120\windows-portable-cpu\index.html
[02:58] [EXECUTION] PASSED
[02:58] 
windows_portable: PASSED
