Capturing execution frames: apply_motion_on_character.json
  Frame 1 saved (frame_000.jpg, t=0.0s)
  Validating workflow...
  Queuing workflow for execution...
  Frame 2 saved (frame_001.jpg, t=2.4s)
  [capture-periodic] freeze=3ms shot=103ms unfreeze=3ms saved=True
  Frame 3 saved (frame_002.jpg, t=4.6s)
  [capture-periodic] freeze=3ms shot=133ms unfreeze=3ms saved=True
  [capture-loop] iter=50 t=6.0s state={'complete': False, 'error': None, 'executedCount': 0, 'wsState': 1} eval_ms=4 ram=2.9/15.6GB (19%) swap=0.0/3.0GB (0%) cpu=44% browser_rss=0.88GB
  Frame 4 saved (frame_003.jpg, t=9.0s)
  [capture-periodic] freeze=2ms shot=98ms unfreeze=4ms saved=True
  [capture-loop] iter=100 t=11.8s state={'complete': False, 'error': None, 'executedCount': 0, 'wsState': 1} eval_ms=3 ram=2.4/15.6GB (15%) swap=0.0/3.0GB (0%) cpu=45% browser_rss=0.88GB
  Node executed (1 total), capturing...
  Frame 5 saved (frame_004.jpg, t=17.2s)
  [capture-node] freeze=3ms shot=98ms unfreeze=5ms saved=True
  Node executed (2 total), capturing...
  Frame 6 saved (frame_005.jpg, t=18.6s)
  [capture-node] freeze=642ms shot=112ms unfreeze=0ms saved=True
  Execution complete (t=18.6s)
  [3d-wait] Phase 1: Waiting for 'Loading 3D Model' text to disappear...
  [3d-wait] Phase 1 done in 0.0s
  [3d-wait] Phase 2: iframes=0
  [3d-wait] Total 3D wait: 0.0s
  Captured 6 unique frames over 19.38s
  [debug] iframes: 0
  [timing] trigger_3d_previews: 0.0s
  Saved high-quality screenshot: apply_motion_on_character_executed.png
  [timing] final_screenshot: 0.2s
    Captured 7 video frames