Capturing execution frames: load_camera_traj.json
  Frame 1 saved (frame_000.jpg, t=0.0s)
  Validating workflow...
  Queuing workflow for execution...
  Frame 2 saved (frame_001.jpg, t=2.3s)
  [capture-periodic] freeze=8ms shot=149ms unfreeze=5ms saved=True
  Frame 3 saved (frame_002.jpg, t=4.6s)
  [capture-periodic] freeze=3ms shot=118ms unfreeze=4ms saved=True
  [capture-loop] iter=50 t=5.9s state={'complete': False, 'error': None, 'executedCount': 0, 'wsState': 1} eval_ms=8 ram=2.5/15.6GB (16%) swap=0.0/3.0GB (0%) cpu=38% browser_rss=0.95GB
  [capture-loop] iter=100 t=11.8s state={'complete': False, 'error': None, 'executedCount': 0, 'wsState': 1} eval_ms=3 ram=2.6/15.6GB (17%) swap=0.0/3.0GB (0%) cpu=55% browser_rss=0.95GB
  [capture-loop] iter=150 t=17.6s state={'complete': False, 'error': None, 'executedCount': 0, 'wsState': 1} eval_ms=4 ram=2.7/15.6GB (17%) swap=0.0/3.0GB (0%) cpu=69% browser_rss=0.90GB
  [capture-loop] iter=200 t=23.7s state={'complete': False, 'error': None, 'executedCount': 0, 'wsState': 1} eval_ms=5 ram=2.7/15.6GB (18%) swap=0.0/3.0GB (0%) cpu=83% browser_rss=0.90GB
  Node executed (1 total), capturing...
  Frame 4 saved (frame_003.jpg, t=29.6s)
  [capture-node] freeze=3ms shot=151ms unfreeze=141ms saved=True
  Execution complete (t=30.2s)
  Captured 4 unique frames over 30.21s
  [debug] iframes: 1
  [debug]   iframe[0]: src=http://127.0.0.1:8188/extensions/ComfyUI-MotionCapture/viewer_smpl_camera.html?v, canvas=413x343, rafFrozen=False
  [timing] trigger_3d_previews: 0.0s
  Saved high-quality screenshot: load_camera_traj_executed.png
  [timing] final_screenshot: 0.3s
    Captured 5 video frames